 pageant

 Timestamp is 51cc0b15 (Thu Jun 27 11:51:17 2013)

 Preferred load address is 00400000

 Start         Length     Name                   Class
 0001:00000000 0001f0feH .text                   CODE
 0002:00000000 00000254H .idata$5                DATA
 0002:00000254 00000004H .CRT$XCA                DATA
 0002:00000258 00000004H .CRT$XCZ                DATA
 0002:0000025c 00000004H .CRT$XIA                DATA
 0002:00000260 00000010H .CRT$XIC                DATA
 0002:00000270 00000004H .CRT$XIY                DATA
 0002:00000274 00000004H .CRT$XIZ                DATA
 0002:00000278 00000004H .CRT$XPA                DATA
 0002:0000027c 00000008H .CRT$XPX                DATA
 0002:00000284 00000004H .CRT$XPXA               DATA
 0002:00000288 00000004H .CRT$XPZ                DATA
 0002:0000028c 00000004H .CRT$XTA                DATA
 0002:00000290 00000004H .CRT$XTZ                DATA
 0002:00000298 000084f0H .rdata                  DATA
 0002:00008790 0000000cH .rdata$sxdata           DATA
 0002:0000879c 00000004H .rtc$IAA                DATA
 0002:000087a0 00000004H .rtc$IZZ                DATA
 0002:000087a4 00000004H .rtc$TAA                DATA
 0002:000087a8 00000004H .rtc$TZZ                DATA
 0002:000087b0 0000045cH .xdata$x                DATA
 0002:00008c0c 00000078H .idata$2                DATA
 0002:00008c84 00000014H .idata$3                DATA
 0002:00008c98 00000254H .idata$4                DATA
 0002:00008eec 00000a2aH .idata$6                DATA
 0002:00009916 00000000H .edata                  DATA
 0003:00000000 000014f0H .data                   DATA
 0003:00001500 00001f7cH .bss                    DATA
 0004:00000000 00000388H .rsrc$01                DATA
 0004:00000390 00002ac0H .rsrc$02                DATA

  Address         Publics by Value              Rva+Base       Lib:Object

 0000:00000000       __except_list              00000000     <absolute>
 0000:00000003       ___safe_se_handler_count   00000003     <absolute>
 0000:00000000       ___ImageBase               00400000     <linker-defined>
 0001:00000000       _burnstr                   00401000 f   misc.obj
 0001:00000021       _dupcat                    00401021 f   misc.obj
 0001:0000009e       _dupprintf                 0040109e f   misc.obj
 0001:000000af       _dupstr                    004010af f   misc.obj
 0001:000000dd       _dupvprintf                004010dd f   misc.obj
 0001:0000012c       _safefree                  0040112c f   misc.obj
 0001:00000138       _safemalloc                00401138 f   misc.obj
 0001:000001a9       _saferealloc               004011a9 f   misc.obj
 0001:00000222       _aes_make_context          00401222 f   sshaes.obj
 0001:00000231       _aes128_key                00401231 f   sshaes.obj
 0001:00000246       _aes192_key                00401246 f   sshaes.obj
 0001:0000025b       _aes256_key                0040125b f   sshaes.obj
 0001:00000270       _aes_iv                    00401270 f   sshaes.obj
 0001:000002b2       _aes_ssh2_encrypt_blk      004012b2 f   sshaes.obj
 0001:000002dc       _aes_ssh2_decrypt_blk      004012dc f   sshaes.obj
 0001:000002f1       _aes256_decrypt_pubkey     004012f1 f   sshaes.obj
 0001:000021b5       _bigadd                    004031b5 f   sshbn.obj
 0001:00002487       _bigmod                    00403487 f   sshbn.obj
 0001:000024ab       _bigmul                    004034ab f   sshbn.obj
 0001:000024be       _bigmuladd                 004034be f   sshbn.obj
 0001:0000266f       _bignum_bitcount           0040366f f   sshbn.obj
 0001:000026a9       _bignum_byte               004036a9 f   sshbn.obj
 0001:000026e7       _bignum_cmp                004036e7 f   sshbn.obj
 0001:0000273b       _bignum_from_bytes         0040373b f   sshbn.obj
 0001:000027c2       _bignum_set_bit            004037c2 f   sshbn.obj
 0001:0000280c       _bigsub                    0040380c f   sshbn.obj
 0001:000028c0       _bn_power_2                004038c0 f   sshbn.obj
 0001:000028ea       _copybn                    004038ea f   sshbn.obj
 0001:00002922       _decbn                     00403922 f   sshbn.obj
 0001:00002940       _freebn                    00403940 f   sshbn.obj
 0001:00003032       _modinv                    00404032 f   sshbn.obj
 0001:000031d9       _modmul                    004041d9 f   sshbn.obj
 0001:000034fb       _modpow                    004044fb f   sshbn.obj
 0001:000038ec       _modpow_simple             004048ec f   sshbn.obj
 0001:00003dc5       _ssh1_bignum_length        00404dc5 f   sshbn.obj
 0001:00003ddf       _ssh1_read_bignum          00404ddf f   sshbn.obj
 0001:00003e3a       _ssh1_write_bignum         00404e3a f   sshbn.obj
 0001:00003e80       _ssh2_bignum_length        00404e80 f   sshbn.obj
 0001:00004163       _filereq_free              00405163 f   winutils.obj
 0001:00004163       _hmacmd5_free_context      00405163 f   sshmd5.obj
 0001:00004163       _aes_free_context          00405163 f   sshaes.obj
 0001:000041b8       _des3_decrypt_pubkey       004051b8 f   sshdes.obj
 0001:00006c6e       _hmacmd5_make_context      00407c6e f   sshmd5.obj
 0001:00006de8       _MD5Final                  00407de8 f   sshmd5.obj
 0001:00006ed4       _MD5Init                   00407ed4 f   sshmd5.obj
 0001:00006eff       _MD5Update                 00407eff f   sshmd5.obj
 0001:00007b29       _hmacmd5_key               00408b29 f   sshmd5.obj
 0001:00007c00       _base64_decode_atom        00408c00 f   sshpubk.obj
 0001:00007cec       _find_pubkey_alg           00408cec f   sshpubk.obj
 0001:00007d25       _key_type                  00408d25 f   sshpubk.obj
 0001:00007e1d       _key_type_to_str           00408e1d f   sshpubk.obj
 0001:00007e5f       _loadrsakey                00408e5f f   sshpubk.obj
 0001:00008464       _rsakey_encrypted          00409464 f   sshpubk.obj
 0001:000084e3       _rsakey_pubblob            004094e3 f   sshpubk.obj
 0001:000085f8       _ssh2_load_userkey         004095f8 f   sshpubk.obj
 0001:00008de7       _ssh2_userkey_encrypted    00409de7 f   sshpubk.obj
 0001:00008f2f       _ssh2_userkey_loadpub      00409f2f f   sshpubk.obj
 0001:00009dc7       _crt_modpow                0040adc7 f   sshrsa.obj
 0001:00009eee       _freersakey                0040aeee f   sshrsa.obj
 0001:00009feb       _makekey                   0040afeb f   sshrsa.obj
 0001:0000a0ca       _makeprivate               0040b0ca f   sshrsa.obj
 0001:0000a0e3       _rsa_fingerprint           0040b0e3 f   sshrsa.obj
 0001:0000a479       _rsa_public_blob           0040b479 f   sshrsa.obj
 0001:0000a4fe       _rsa_public_blob_len       0040b4fe f   sshrsa.obj
 0001:0000a548       _rsa_verify                0040b548 f   sshrsa.obj
 0001:0000a655       _rsadecrypt                0040b655 f   sshrsa.obj
 0001:0000a65a       _rsastr_fmt                0040b65a f   sshrsa.obj
 0001:0000a752       _rsastr_len                0040b752 f   sshrsa.obj
 0001:0000a9cb       _SHA256_Block              0040b9cb f   sshsh256.obj
 0001:0000ae14       _SHA256_Bytes              0040be14 f   sshsh256.obj
 0001:0000aefd       _SHA256_Core_Init          0040befd f   sshsh256.obj
 0001:0000af39       _SHA256_Final              0040bf39 f   sshsh256.obj
 0001:0000b024       _SHA256_Init               0040c024 f   sshsh256.obj
 0001:0000c108       _SHA512_Bytes              0040d108 f   sshsh512.obj
 0001:0000c256       _SHA512_Final              0040d256 f   sshsh512.obj
 0001:0000c383       _SHA512_Init               0040d383 f   sshsh512.obj
 0001:0000c69c       _SHATransform              0040d69c f   sshsha.obj
 0001:0000c84c       _SHA_Bytes                 0040d84c f   sshsha.obj
 0001:0000c935       _SHA_Final                 0040d935 f   sshsha.obj
 0001:0000ca21       _SHA_Init                  0040da21 f   sshsha.obj
 0001:0000ca53       _SHA_Simple                0040da53 f   sshsha.obj
 0001:0000ca9c       _hmac_sha1_simple          0040da9c f   sshsha.obj
 0001:0000cc43       _add234                    0040dc43 f   tree234.obj
 0001:0000d162       _addpos234                 0040e162 f   tree234.obj
 0001:0000d188       _count234                  0040e188 f   tree234.obj
 0001:0000d1cb       _del234                    0040e1cb f   tree234.obj
 0001:0000d1fa       _delpos234                 0040e1fa f   tree234.obj
 0001:0000d6a9       _find234                   0040e6a9 f   tree234.obj
 0001:0000d6c2       _findrelpos234             0040e6c2 f   tree234.obj
 0001:0000d7ef       _index234                  0040e7ef f   tree234.obj
 0001:0000d869       _newtree234                0040e869 f   tree234.obj
 0001:0000d87f       _has_help                  0040e87f f   winhelp.obj
 0001:0000d898       _init_help                 0040e898 f   winhelp.obj
 0001:0000da0e       _launch_help               0040ea0e f   winhelp.obj
 0001:0000db03       _quit_help                 0040eb03 f   winhelp.obj
 0001:0000db43       _shutdown_help             0040eb43 f   winhelp.obj
 0001:0000db44       _filename_from_str         0040eb44 f   winmisc.obj
 0001:0000db62       _init_winver               0040eb62 f   winmisc.obj
 0001:0000db8a       _load_system32_dll         0040eb8a f   winmisc.obj
 0001:0000dbf8       _smemclr                   0040ebf8 f   winmisc.obj
 0001:0000e208       _WinMain@16                0040f208 f   winpgnt.obj
 0001:0000fc41       _cleanup_exit              00410c41 f   winpgnt.obj
 0001:0000fdff       _get_default_sid           00410dff f   winpgnt.obj
 0001:00010511       _modalfatalbox             00411511 f   winpgnt.obj
 0001:0001054a       _old_keyfile_warning       0041154a f   winpgnt.obj
 0001:00010662       _spawn_cmd                 00411662 f   winpgnt.obj
 0001:000106b6       _threadProc@0              004116b6 f   winpgnt.obj
 0001:00010952       _agent_exists              00411952 f   winpgntc.obj
 0001:00010966       _agent_query               00411966 f   winpgntc.obj
 0001:00010b16       _get_user_sid              00411b16 f   winpgntc.obj
 0001:00010c0e       _init_advapi               00411c0e f   winpgntc.obj
 0001:00010cce       _GetDlgItemText_alloc      00411cce f   winutils.obj
 0001:00010d1b       _filereq_new               00411d1b f   winutils.obj
 0001:00010d2d       _message_box               00411d2d f   winutils.obj
 0001:00010de2       _pgp_fingerprints          00411de2 f   winutils.obj
 0001:00010df9       _request_file              00411df9 f   winutils.obj
 0001:00010eaa       _split_into_argv           00411eaa f   winutils.obj
 0001:000110ea       __wassert                  004120ea f   LIBCMT:wassert.obj
 0001:00011790       _memchr                    00412790 f   LIBCMT:memchr.obj
 0001:00011840       _memcpy                    00412840 f   LIBCMT:memcpy.obj
 0001:00011e90       _strcmp                    00412e90 f   LIBCMT:strcmp.obj
 0001:00011f20       _strlen                    00412f20 f   LIBCMT:strlen.obj
 0001:00011fab       _fgets                     00412fab f   LIBCMT:fgets.obj
 0001:000120ea       __vsnprintf                004130ea f   LIBCMT:vsnprint.obj
 0001:00012105       __vsnprintf_l              00413105 f   LIBCMT:vsnprint.obj
 0001:000121af       ??0_LocaleUpdate@@QAE@PAUlocaleinfo_struct@@@Z 004131af f i LIBCMT:strtol.obj
 0001:0001245b       _strtol                    0041345b f   LIBCMT:strtol.obj
 0001:00012485       _free                      00413485 f   LIBCMT:free.obj
 0001:000124bd       _malloc                    004134bd f   LIBCMT:malloc.obj
 0001:0001254f       _realloc                   0041354f f   LIBCMT:realloc.obj
 0001:000125fa       __isspace_l                004135fa f i LIBCMT:_ctype.obj
 0001:0001264a       _isspace                   0041364a f i LIBCMT:_ctype.obj
 0001:00012680       _strcpy                    00413680 f   LIBCMT:strcat.obj
 0001:00012690       _strcat                    00413690 f   LIBCMT:strcat.obj
 0001:00012778       @__security_check_cookie@4 00413778 f   LIBCMT:secchk.obj
 0001:00012790       _memset                    00413790 f   LIBCMT:memset.obj
 0001:00012820       _abort                     00413820 f   LIBCMT:abort.obj
 0001:00012870       _memmove                   00413870 f   LIBCMT:memmove.obj
 0001:00012ec0       __allmul                   00413ec0 f   LIBCMT:llmul.obj
 0001:00012f00       __allshl                   00413f00 f   LIBCMT:llshl.obj
 0001:00012f20       __aulldvrm                 00413f20 f   LIBCMT:ulldvrm.obj
 0001:00012fc0       __aullrem                  00413fc0 f   LIBCMT:ullrem.obj
 0001:00013035       _sprintf                   00414035 f   LIBCMT:sprintf.obj
 0001:000130b7       _memcmp                    004140b7 f   LIBCMT:memcmp.obj
 0001:0001482f       __fclose_nolock            0041582f f   LIBCMT:fclose.obj
 0001:0001489b       _fclose                    0041589b f   LIBCMT:fclose.obj
 0001:00014912       _fgetc                     00415912 f   LIBCMT:fgetc.obj
 0001:00014a0b       __fsopen                   00415a0b f   LIBCMT:fopen.obj
 0001:00014acf       _fopen                     00415acf f   LIBCMT:fopen.obj
 0001:00014ae4       __fread_nolock_s           00415ae4 f   LIBCMT:fread.obj
 0001:00014ca7       _fread                     00415ca7 f   LIBCMT:fread.obj
 0001:00014cc2       _fread_s                   00415cc2 f   LIBCMT:fread.obj
 0001:00014d53       __ungetc_nolock            00415d53 f   LIBCMT:ungetc.obj
 0001:00014e33       _ungetc                    00415e33 f   LIBCMT:ungetc.obj
 0001:00014e9f       _atoi                      00415e9f f   LIBCMT:atox.obj
 0001:00014ea8       _atol                      00415ea8 f   LIBCMT:atox.obj
 0001:00014ec0       _strncmp                   00415ec0 f   LIBCMT:strncmp.obj
 0001:00014f40       __chkstk                   00415f40 f   LIBCMT:chkstk.obj
 0001:00014f40       __alloca_probe             00415f40     LIBCMT:chkstk.obj
 0001:00014f70       _strncpy                   00415f70 f   LIBCMT:strncpy.obj
 0001:000150a0       _strcspn                   004160a0 f   LIBCMT:strcspn.obj
 0001:000150f0       _strrchr                   004160f0 f   LIBCMT:strrchr.obj
 0001:00015230       _strchr                    00416230 f   LIBCMT:strchr.obj
 0001:0001529e       ___from_strstr_to_strchr   0041629e     LIBCMT:strchr.obj
 0001:0001535b       ___copy_path_to_wide_string 0041635b f   LIBCMT:crt0dat.obj
 0001:0001540b       ___crtCorExitProcess       0041640b f   LIBCMT:crt0dat.obj
 0001:0001543d       ___crtExitProcess          0041643d f   LIBCMT:crt0dat.obj
 0001:00015453       __amsg_exit                00416453 f   LIBCMT:crt0dat.obj
 0001:0001546f       __c_exit                   0041646f f   LIBCMT:crt0dat.obj
 0001:0001547e       __cexit                    0041647e f   LIBCMT:crt0dat.obj
 0001:0001548d       __cinit                    0041648d f   LIBCMT:crt0dat.obj
 0001:0001551e       __exit                     0041651e f   LIBCMT:crt0dat.obj
 0001:00015532       __init_pointers            00416532 f   LIBCMT:crt0dat.obj
 0001:00015586       __initterm_e               00416586 f   LIBCMT:crt0dat.obj
 0001:000155a8       __lockexit                 004165a8 f   LIBCMT:crt0dat.obj
 0001:000155b1       __unlockexit               004165b1 f   LIBCMT:crt0dat.obj
 0001:000156e9       _exit                      004166e9 f   LIBCMT:crt0dat.obj
 0001:000156fd       _WinMainCRTStartup         004166fd f   LIBCMT:wincrt0.obj
 0001:0001587e       __call_reportfault         0041687e f   LIBCMT:invarg.obj
 0001:000159a1       __initp_misc_invarg        004169a1 f   LIBCMT:invarg.obj
 0001:000159ae       __invalid_parameter        004169ae f   LIBCMT:invarg.obj
 0001:000159d9       __invalid_parameter_noinfo 004169d9 f   LIBCMT:invarg.obj
 0001:000159e9       __invoke_watson            004169e9 f   LIBCMT:invarg.obj
 0001:00015a14       _memcpy_s                  00416a14 f   LIBCMT:memcpy_s.obj
 0001:00015a93       _wcscat_s                  00416a93 f   LIBCMT:wcscat_s.obj
 0001:00015aff       _wcscpy_s                  00416aff f   LIBCMT:wcscpy_s.obj
 0001:00015b5b       _wcslen                    00416b5b f   LIBCMT:wcslen.obj
 0001:00015b74       _wcsncat_s                 00416b74 f   LIBCMT:wcsncat_s.obj
 0001:00015c42       ___set_app_type            00416c42 f   LIBCMT:errmode.obj
 0001:00015c4f       __set_error_mode           00416c4f f   LIBCMT:errmode.obj
 0001:00015c8f       __itow_s                   00416c8f f   LIBCMT:xtows.obj
 0001:00015dab       ___initstdio               00416dab f   LIBCMT:_file.obj
 0001:00015e1e       ___endstdio                00416e1e f   LIBCMT:_file.obj
 0001:00015e45       ___iob_func                00416e45 f   LIBCMT:_file.obj
 0001:00015e4b       __lock_file                00416e4b f   LIBCMT:_file.obj
 0001:00015e8a       __lock_file2               00416e8a f   LIBCMT:_file.obj
 0001:00015eba       __unlock_file              00416eba f   LIBCMT:_file.obj
 0001:00015ef4       __unlock_file2             00416ef4 f   LIBCMT:_file.obj
 0001:00015f21       __fflush_nolock            00416f21 f   LIBCMT:fflush.obj
 0001:00015f67       __flush                    00416f67 f   LIBCMT:fflush.obj
 0001:00015fcb       __flushall                 00416fcb f   LIBCMT:fflush.obj
 0001:00015fd4       _fflush                    00416fd4 f   LIBCMT:fflush.obj
 0001:0001610d       _setvbuf                   0041710d f   LIBCMT:setvbuf.obj
 0001:00016213       _fwprintf                  00417213 f   LIBCMT:fwprintf.obj
 0001:000162a4       __vswprintf_c_l            004172a4 f   LIBCMT:vswprnc.obj
 0001:000162cc       __vswprintf_helper         004172cc f   LIBCMT:vswprnc.obj
 0001:000163c5       ___get_sigabrt             004173c5 f   LIBCMT:winsig.obj
 0001:000163d2       __initp_misc_winsig        004173d2 f   LIBCMT:winsig.obj
 0001:000163ee       _raise                     004173ee f   LIBCMT:winsig.obj
 0001:000165df       ___crtMessageBoxW          004175df f   LIBCMT:crtmboxw.obj
 0001:000167c1       __FF_MSGBANNER             004177c1 f   LIBCMT:crt0msg.obj
 0001:000167fa       __GET_RTERRMSG             004177fa f   LIBCMT:crt0msg.obj
 0001:0001681e       __NMSG_WRITE               0041781e f   LIBCMT:crt0msg.obj
 0001:000169d9       ___isa_available_init      004179d9 f   LIBCMT:cpu_disp.obj
 0001:00016b12       __filbuf                   00417b12 f   LIBCMT:_filbuf.obj
 0001:00016c33       __fileno                   00417c33 f   LIBCMT:fileno.obj
 0001:00016c57       ___doserrno                00417c57 f   LIBCMT:dosmap.obj
 0001:00016c6a       __dosmaperr                00417c6a f   LIBCMT:dosmap.obj
 0001:00016c8b       __errno                    00417c8b f   LIBCMT:dosmap.obj
 0001:00016c9e       __get_errno_from_oserr     00417c9e f   LIBCMT:dosmap.obj
 0001:00016ce0       __SEH_prolog4              00417ce0 f   LIBCMT:sehprolg4.obj
 0001:00016d25       __SEH_epilog4              00417d25 f   LIBCMT:sehprolg4.obj
 0001:00016d40       __except_handler4          00417d40 f   LIBCMT:chandler4.obj
 0001:00016ed5       __ioinit                   00417ed5 f   LIBCMT:ioinit.obj
 0001:00017183       __flsbuf                   00418183 f   LIBCMT:_flsbuf.obj
 0001:000172d0       __output_l                 004182d0 f   LIBCMT:output.obj
 0001:00017f42       ___addlocaleref            00418f42 f   LIBCMT:localref.obj
 0001:00017fd2       ___freetlocinfo            00418fd2 f   LIBCMT:localref.obj
 0001:0001812c       ___removelocaleref         0041912c f   LIBCMT:localref.obj
 0001:000181c7       ___updatetlocinfo          004191c7 f   LIBCMT:localref.obj
 0001:00018243       __updatetlocinfoEx_nolock  00419243 f   LIBCMT:localref.obj
 0001:0001828e       ___initmbctable            0041928e f   LIBCMT:mbctype.obj
 0001:00018549       ___updatetmbcinfo          00419549 f   LIBCMT:mbctype.obj
 0001:000185ee       __setmbcp                  004195ee f   LIBCMT:mbctype.obj
 0001:0001879c       __setmbcp_nolock           0041979c f   LIBCMT:mbctype.obj
 0001:00018991       __isctype_l                00419991 f   LIBCMT:isctype.obj
 0001:00018a40       __freefls@4                00419a40 f   LIBCMT:tidtable.obj
 0001:00018b77       __getptd                   00419b77 f   LIBCMT:tidtable.obj
 0001:00018b8f       __getptd_noexit            00419b8f f   LIBCMT:tidtable.obj
 0001:00018bfe       __initptd                  00419bfe f   LIBCMT:tidtable.obj
 0001:00018cb1       __mtinit                   00419cb1 f   LIBCMT:tidtable.obj
 0001:00018d27       __mtterm                   00419d27 f   LIBCMT:tidtable.obj
 0001:00018d44       __locterm                  00419d44 f   LIBCMT:wsetloca.obj
 0001:00018d96       __heap_init                00419d96 f   LIBCMT:heapinit.obj
 0001:00018dab       __callnewh                 00419dab f   LIBCMT:handler.obj
 0001:00018dd1       __initp_heap_handler       00419dd1 f   LIBCMT:handler.obj
 0001:00018dde       ___raise_securityfailure   00419dde f   LIBCMT:gs_report.obj
 0001:00018e1b       ___report_gsfailure        00419e1b f   LIBCMT:gs_report.obj
 0001:00018f14       __VEC_memset               00419f14 f   LIBCMT:p4_memset.obj
 0001:00018fdc       __close                    00419fdc f   LIBCMT:close.obj
 0001:000190a6       __close_nolock             0041a0a6 f   LIBCMT:close.obj
 0001:00019140       __freebuf                  0041a140 f   LIBCMT:_freebuf.obj
 0001:00019170       __getstream                0041a170 f   LIBCMT:stream.obj
 0001:00019288       __openfile                 0041a288 f   LIBCMT:_open.obj
 0001:00019500       __local_unwind4            0041a500 f   LIBCMT:exsup4.obj
 0001:000195d6       __seh_longjmp_unwind4@4    0041a5d6 f   LIBCMT:exsup4.obj
 0001:000195f2       @_EH4_CallFilterFunc@8     0041a5f2 f   LIBCMT:exsup4.obj
 0001:00019609       @_EH4_TransferToHandler@8  0041a609 f   LIBCMT:exsup4.obj
 0001:00019622       @_EH4_GlobalUnwind2@8      0041a622 f   LIBCMT:exsup4.obj
 0001:0001963b       @_EH4_LocalUnwind@16       0041a63b f   LIBCMT:exsup4.obj
 0001:00019652       __ftbuf                    0041a652 f   LIBCMT:_sftbuf.obj
 0001:00019683       __stbuf                    0041a683 f   LIBCMT:_sftbuf.obj
 0001:00019729       __read                     0041a729 f   LIBCMT:read.obj
 0001:00019831       __read_nolock              0041a831 f   LIBCMT:read.obj
 0001:00019fc0       __write                    0041afc0 f   LIBCMT:write.obj
 0001:0001a0a2       __write_nolock             0041b0a2 f   LIBCMT:write.obj
 0001:0001a8cc       __getbuf                   0041b8cc f   LIBCMT:_getbuf.obj
 0001:0001a912       _strcpy_s                  0041b912 f   LIBCMT:strcpy_s.obj
 0001:0001a967       __lock                     0041b967 f   LIBCMT:mlock.obj
 0001:0001a99b       __mtdeletelocks            0041b99b f   LIBCMT:mlock.obj
 0001:0001a9ef       __mtinitlocknum            0041b9ef f   LIBCMT:mlock.obj
 0001:0001aa96       __mtinitlocks              0041ba96 f   LIBCMT:mlock.obj
 0001:0001aacb       __unlock                   0041bacb f   LIBCMT:mlock.obj
 0001:0001aae0       __RTC_Initialize           0041bae0 f   LIBCMT:initsect.obj
 0001:0001ab00       __RTC_Terminate            0041bb00 f   LIBCMT:initsect.obj
 0001:0001ab20       ___crtFlsAlloc             0041bb20 f   LIBCMT:winapisupp.obj
 0001:0001ab3e       ___crtFlsFree              0041bb3e f   LIBCMT:winapisupp.obj
 0001:0001ab5d       ___crtFlsGetValue          0041bb5d f   LIBCMT:winapisupp.obj
 0001:0001ab7c       ___crtFlsSetValue          0041bb7c f   LIBCMT:winapisupp.obj
 0001:0001ab9e       ___crtGetShowWindowMode    0041bb9e f   LIBCMT:winapisupp.obj
 0001:0001abbf       ___crtIsPackagedApp        0041bbbf f   LIBCMT:winapisupp.obj
 0001:0001abfd       ___crtLoadWinApiPointers   0041bbfd f   LIBCMT:winapisupp.obj
 0001:0001ae3c       ___crtSetUnhandledExceptionFilter 0041be3c f   LIBCMT:winapisupp.obj
 0001:0001ae4a       ___crtTerminateProcess     0041be4a f   LIBCMT:winapisupp.obj
 0001:0001ae5f       ___crtUnhandledException   0041be5f f   LIBCMT:winapisupp.obj
 0001:0001ae80       __FindPESection            0041be80 f   LIBCMT:pesect.obj
 0001:0001aed0       __IsNonwritableInCurrentImage 0041bed0 f   LIBCMT:pesect.obj
 0001:0001af90       __ValidateImageBase        0041bf90 f   LIBCMT:pesect.obj
 0001:0001afc1       ___onexitinit              0041bfc1 f   LIBCMT:onexit.obj
 0001:0001aff0       __onexit                   0041bff0 f   LIBCMT:onexit.obj
 0001:0001b0e6       _atexit                    0041c0e6 f   LIBCMT:onexit.obj
 0001:0001b0fb       __calloc_crt               0041c0fb f   LIBCMT:crtheap.obj
 0001:0001b145       __malloc_crt               0041c145 f   LIBCMT:crtheap.obj
 0001:0001b18e       __realloc_crt              0041c18e f   LIBCMT:crtheap.obj
 0001:0001b1da       __initp_misc_cfltcvt_tab   0041c1da f   LIBCMT:cmiscdat.obj
 0001:0001b1f9       ?terminate@@YAXXZ          0041c1f9 f   LIBCMT:hooks.obj
 0001:0001b22d       __initp_eh_hooks           0041c22d f   LIBCMT:hooks.obj
 0001:0001b23e       __initp_misc_purevirt      0041c23e f   LIBCMT:inithelp.obj
 0001:0001b24b       __initp_misc_rand_s        0041c24b f   LIBCMT:rand_s.obj
 0001:0001b258       ?__CxxUnhandledExceptionFilter@@YGJPAU_EXCEPTION_POINTERS@@@Z 0041c258 f   LIBCMT:unhandld.obj
 0001:0001b299       ___CxxSetUnhandledExceptionFilter 0041c299 f   LIBCMT:unhandld.obj
 0001:0001b2a7       __XcptFilter               0041c2a7 f   LIBCMT:winxfltr.obj
 0001:0001b402       __setargv                  0041c402 f   LIBCMT:stdargv.obj
 0001:0001b62f       __setenvp                  0041c62f f   LIBCMT:stdenvp.obj
 0001:0001b710       ___security_init_cookie    0041c710 f   LIBCMT:gs_support.obj
 0001:0001b7aa       ___crtGetEnvironmentStringsA 0041c7aa f   LIBCMT:a_env.obj
 0001:0001b835       __wincmdln                 0041c835 f   LIBCMT:wincmdln.obj
 0001:0001b894       __crt_debugger_hook        0041c894 f   LIBCMT:dbghook.obj
 0001:0001b89c       __fcloseall                0041c89c f   LIBCMT:closeall.obj
 0001:0001b939       __commit                   0041c939 f   LIBCMT:commit.obj
 0001:0001ba1f       __woutput_l                0041ca1f f   LIBCMT:woutput.obj
 0001:0001c716       _wcsncpy_s                 0041d716 f   LIBCMT:wcsncpy_s.obj
 0001:0001c7d4       __isatty                   0041d7d4 f   LIBCMT:isatty.obj
 0001:0001c828       __lseeki64                 0041d828 f   LIBCMT:lseeki64.obj
 0001:0001c924       __lseeki64_nolock          0041d924 f   LIBCMT:lseeki64.obj
 0001:0001c995       __isleadbyte_l             0041d995 f i LIBCMT:_wctype.obj
 0001:0001c9cb       _isleadbyte                0041d9cb f i LIBCMT:_wctype.obj
 0001:0001c9dc       __get_printf_count_output  0041d9dc f   LIBCMT:printf.obj
 0001:0001c9f1       __wctomb_s_l               0041d9f1 f   LIBCMT:wctomb.obj
 0001:0001cb13       _wctomb_s                  0041db13 f   LIBCMT:wctomb.obj
 0001:0001cb2e       ___free_lconv_mon          0041db2e f   LIBCMT:initmon.obj
 0001:0001cc2a       ___free_lconv_num          0041dc2a f   LIBCMT:initnum.obj
 0001:0001cc91       ___free_lc_time            0041dc91 f   LIBCMT:inittime.obj
 0001:0001d1fa       ___crtLCMapStringA         0041e1fa f   LIBCMT:a_map.obj
 0001:0001d23e       __freea                    0041e23e f i LIBCMT:a_map.obj
 0001:0001d348       ___crtGetStringTypeA       0041e348 f   LIBCMT:a_str.obj
 0001:0001d386       _GetTableIndexFromLocaleName 0041e386 f   LIBCMT:winapinls.obj
 0001:0001d3d4       ___crtDownlevelLocaleNameToLCID 0041e3d4 f   LIBCMT:winapinls.obj
 0001:0001d3fe       ___crtLCMapStringEx        0041e3fe f   LIBCMT:winapinls.obj
 0001:0001d44a       ___wcsnicmp_ascii          0041e44a f   LIBCMT:winapinls.obj
 0001:0001d4b8       ___lock_fhandle            0041e4b8 f   LIBCMT:osfinfo.obj
 0001:0001d544       __alloc_osfhnd             0041e544 f   LIBCMT:osfinfo.obj
 0001:0001d6e9       __free_osfhnd              0041e6e9 f   LIBCMT:osfinfo.obj
 0001:0001d76f       __get_osfhandle            0041e76f f   LIBCMT:osfinfo.obj
 0001:0001d7d6       __set_osfhnd               0041e7d6 f   LIBCMT:osfinfo.obj
 0001:0001d858       __unlock_fhandle           0041e858 f   LIBCMT:osfinfo.obj
 0001:0001d87e       __sopen_helper             0041e87e f   LIBCMT:open.obj
 0001:0001d945       __sopen_nolock             0041e945 f   LIBCMT:open.obj
 0001:0001d991       __sopen_s                  0041e991 f   LIBCMT:open.obj
 0001:0001d9af       __mbsnbcmp                 0041e9af f   LIBCMT:mbsnbcmp.obj
 0001:0001d9c7       __mbsnbcmp_l               0041e9c7 f   LIBCMT:mbsnbcmp.obj
 0001:0001dadc       __mbsnbicmp                0041eadc f   LIBCMT:mbsnbicm.obj
 0001:0001daf4       __mbsnbicmp_l              0041eaf4 f   LIBCMT:mbsnbicm.obj
 0001:0001dcb0       __global_unwind2           0041ecb0 f   LIBCMT:exsup.obj
 0001:0001dd15       __local_unwind2            0041ed15 f   LIBCMT:exsup.obj
 0001:0001dd99       __abnormal_termination     0041ed99 f   LIBCMT:exsup.obj
 0001:0001ddbc       __NLG_Notify1              0041edbc f   LIBCMT:exsup.obj
 0001:0001ddc5       __NLG_Notify               0041edc5 f   LIBCMT:exsup.obj
 0001:0001dddc       __NLG_Dispatch             0041eddc     LIBCMT:exsup.obj
 0001:0001dddc       __NLG_Dispatch2            0041eddc     LIBCMT:exsup.obj
 0001:0001dde4       __NLG_Call                 0041ede4 f   LIBCMT:exsup.obj
 0001:0001dde6       __NLG_Return2              0041ede6     LIBCMT:exsup.obj
 0001:0001dde7       __mbtowc_l                 0041ede7 f   LIBCMT:mbtowc.obj
 0001:0001deda       _mbtowc                    0041eeda f   LIBCMT:mbtowc.obj
 0001:0001def2       __putwch_nolock            0041eef2 f   LIBCMT:putwch.obj
 0001:0001df33       __calloc_impl              0041ef33 f   LIBCMT:calloc_impl.obj
 0001:0001dfad       __msize                    0041efad f   LIBCMT:msize.obj
 0001:0001dfde       __fptrap                   0041efde f   LIBCMT:crt0fp.obj
 0001:0001e03d       __ismbblead                0041f03d f   LIBCMT:ismbbyte.obj
 0001:0001e053       __fputwc_nolock            0041f053 f   LIBCMT:fputwc.obj
 0001:0001e1e0       __alloca_probe_16          0041f1e0 f   LIBCMT:alloca16.obj
 0001:0001e1f6       __alloca_probe_8           0041f1f6     LIBCMT:alloca16.obj
 0001:0001e29d       __wsopen_nolock            0041f29d f   LIBCMT:wopen.obj
 0001:0001e9ee       __strnicmp                 0041f9ee f   LIBCMT:strnicmp.obj
 0001:0001ea59       __strnicmp_l               0041fa59 f   LIBCMT:strnicmp.obj
 0001:0001eb08       ___termconout              0041fb08 f   LIBCMT:initcon.obj
 0001:0001eb1f       ___initconout              0041fb1f f   LIBCMT:initcon.obj
 0001:0001eb3e       __flswbuf                  0041fb3e f   LIBCMT:_flswbuf.obj
 0001:0001ec9e       __chsize_nolock            0041fc9e f   LIBCMT:chsize.obj
 0001:0001ee52       __get_fmode                0041fe52 f   LIBCMT:setmode.obj
 0001:0001ee7c       __setmode_nolock           0041fe7c f   LIBCMT:setmode.obj
 0001:0001ef50       ___ascii_strnicmp          0041ff50 f   LIBCMT:_strnicm.obj
 0001:0001efb1       __tolower_l                0041ffb1 f   LIBCMT:tolower.obj
 0001:0001f0f2       _IsProcessorFeaturePresent@4 004200f2 f   kernel32:KERNEL32.dll
 0001:0001f0f8       _RtlUnwind@16              004200f8 f   kernel32:KERNEL32.dll
 0002:00000000       __imp__CopySid@12          00421000     advapi32:ADVAPI32.dll
 0002:00000004       __imp__EqualSid@8          00421004     advapi32:ADVAPI32.dll
 0002:00000008       __imp__GetLengthSid@4      00421008     advapi32:ADVAPI32.dll
 0002:0000000c       __imp__RegCloseKey@4       0042100c     advapi32:ADVAPI32.dll
 0002:00000010       __imp__RegEnumKeyA@16      00421010     advapi32:ADVAPI32.dll
 0002:00000014       __imp__RegOpenKeyA@12      00421014     advapi32:ADVAPI32.dll
 0002:00000018       \177ADVAPI32_NULL_THUNK_DATA 00421018     advapi32:ADVAPI32.dll
 0002:0000001c       __imp__GetSaveFileNameA@4  0042101c     comdlg32:COMDLG32.dll
 0002:00000020       __imp__GetOpenFileNameA@4  00421020     comdlg32:COMDLG32.dll
 0002:00000024       \177COMDLG32_NULL_THUNK_DATA 00421024     comdlg32:COMDLG32.dll
 0002:00000028       __imp__GetStockObject@4    00421028     gdi32:GDI32.dll
 0002:0000002c       \177GDI32_NULL_THUNK_DATA  0042102c     gdi32:GDI32.dll
 0002:00000030       __imp__SetEndOfFile@4      00421030     kernel32:KERNEL32.dll
 0002:00000034       __imp__CreateFileW@28      00421034     kernel32:KERNEL32.dll
 0002:00000038       __imp__HeapSize@12         00421038     kernel32:KERNEL32.dll
 0002:0000003c       __imp__SetStdHandle@8      0042103c     kernel32:KERNEL32.dll
 0002:00000040       __imp__LCMapStringW@24     00421040     kernel32:KERNEL32.dll
 0002:00000044       __imp__GetStringTypeW@16   00421044     kernel32:KERNEL32.dll
 0002:00000048       __imp__SetFilePointerEx@20 00421048     kernel32:KERNEL32.dll
 0002:0000004c       __imp__FlushFileBuffers@4  0042104c     kernel32:KERNEL32.dll
 0002:00000050       __imp__FreeEnvironmentStringsW@4 00421050     kernel32:KERNEL32.dll
 0002:00000054       __imp__GetEnvironmentStringsW@0 00421054     kernel32:KERNEL32.dll
 0002:00000058       __imp__GetSystemTimeAsFileTime@4 00421058     kernel32:KERNEL32.dll
 0002:0000005c       __imp__QueryPerformanceCounter@4 0042105c     kernel32:KERNEL32.dll
 0002:00000060       __imp__GetModuleHandleW@4  00421060     kernel32:KERNEL32.dll
 0002:00000064       __imp__TlsFree@4           00421064     kernel32:KERNEL32.dll
 0002:00000068       __imp__TlsSetValue@8       00421068     kernel32:KERNEL32.dll
 0002:0000006c       __imp__TlsGetValue@4       0042106c     kernel32:KERNEL32.dll
 0002:00000070       __imp__TlsAlloc@0          00421070     kernel32:KERNEL32.dll
 0002:00000074       __imp__TerminateProcess@8  00421074     kernel32:KERNEL32.dll
 0002:00000078       __imp__GetCurrentProcess@0 00421078     kernel32:KERNEL32.dll
 0002:0000007c       __imp__SetUnhandledExceptionFilter@4 0042107c     kernel32:KERNEL32.dll
 0002:00000080       __imp__UnhandledExceptionFilter@4 00421080     kernel32:KERNEL32.dll
 0002:00000084       __imp__GetConsoleCP@0      00421084     kernel32:KERNEL32.dll
 0002:00000088       __imp__WideCharToMultiByte@32 00421088     kernel32:KERNEL32.dll
 0002:0000008c       __imp__ReadConsoleW@20     0042108c     kernel32:KERNEL32.dll
 0002:00000090       __imp__GetConsoleMode@8    00421090     kernel32:KERNEL32.dll
 0002:00000094       __imp__ReadFile@20         00421094     kernel32:KERNEL32.dll
 0002:00000098       __imp__RtlUnwind@16        00421098     kernel32:KERNEL32.dll
 0002:0000009c       __imp__GetProcessHeap@0    0042109c     kernel32:KERNEL32.dll
 0002:000000a0       __imp__SetLastError@4      004210a0     kernel32:KERNEL32.dll
 0002:000000a4       __imp__GetCPInfo@8         004210a4     kernel32:KERNEL32.dll
 0002:000000a8       __imp__GetOEMCP@0          004210a8     kernel32:KERNEL32.dll
 0002:000000ac       __imp__GetACP@0            004210ac     kernel32:KERNEL32.dll
 0002:000000b0       __imp__IsValidCodePage@4   004210b0     kernel32:KERNEL32.dll
 0002:000000b4       __imp__InterlockedIncrement@4 004210b4     kernel32:KERNEL32.dll
 0002:000000b8       __imp__GetStartupInfoW@4   004210b8     kernel32:KERNEL32.dll
 0002:000000bc       __imp__DeleteCriticalSection@4 004210bc     kernel32:KERNEL32.dll
 0002:000000c0       __imp__InitializeCriticalSectionAndSpinCount@8 004210c0     kernel32:KERNEL32.dll
 0002:000000c4       __imp__WriteFile@20        004210c4     kernel32:KERNEL32.dll
 0002:000000c8       __imp__LoadLibraryW@4      004210c8     kernel32:KERNEL32.dll
 0002:000000cc       __imp__LoadLibraryExW@12   004210cc     kernel32:KERNEL32.dll
 0002:000000d0       __imp__OutputDebugStringW@4 004210d0     kernel32:KERNEL32.dll
 0002:000000d4       __imp__FreeLibrary@4       004210d4     kernel32:KERNEL32.dll
 0002:000000d8       __imp__GetModuleFileNameA@12 004210d8     kernel32:KERNEL32.dll
 0002:000000dc       __imp__GetProcAddress@8    004210dc     kernel32:KERNEL32.dll
 0002:000000e0       __imp__GetSystemDirectoryA@8 004210e0     kernel32:KERNEL32.dll
 0002:000000e4       __imp__GetVersionExA@4     004210e4     kernel32:KERNEL32.dll
 0002:000000e8       __imp__LoadLibraryA@4      004210e8     kernel32:KERNEL32.dll
 0002:000000ec       __imp__CloseHandle@4       004210ec     kernel32:KERNEL32.dll
 0002:000000f0       __imp__GetLastError@0      004210f0     kernel32:KERNEL32.dll
 0002:000000f4       __imp__Sleep@4             004210f4     kernel32:KERNEL32.dll
 0002:000000f8       __imp__GetCurrentProcessId@0 004210f8     kernel32:KERNEL32.dll
 0002:000000fc       __imp__CreateThread@24     004210fc     kernel32:KERNEL32.dll
 0002:00000100       __imp__OpenProcess@12      00421100     kernel32:KERNEL32.dll
 0002:00000104       __imp__GetTickCount@0      00421104     kernel32:KERNEL32.dll
 0002:00000108       __imp__MapViewOfFile@20    00421108     kernel32:KERNEL32.dll
 0002:0000010c       __imp__UnmapViewOfFile@4   0042110c     kernel32:KERNEL32.dll
 0002:00000110       __imp__LocalFree@4         00421110     kernel32:KERNEL32.dll
 0002:00000114       __imp__OpenFileMappingA@12 00421114     kernel32:KERNEL32.dll
 0002:00000118       __imp__GetCurrentThreadId@0 00421118     kernel32:KERNEL32.dll
 0002:0000011c       __imp__LocalAlloc@8        0042111c     kernel32:KERNEL32.dll
 0002:00000120       __imp__CreateFileMappingA@24 00421120     kernel32:KERNEL32.dll
 0002:00000124       __imp__SetCurrentDirectoryA@4 00421124     kernel32:KERNEL32.dll
 0002:00000128       __imp__GetCurrentDirectoryA@8 00421128     kernel32:KERNEL32.dll
 0002:0000012c       __imp__GetStdHandle@4      0042112c     kernel32:KERNEL32.dll
 0002:00000130       __imp__GetFileType@4       00421130     kernel32:KERNEL32.dll
 0002:00000134       __imp__GetModuleFileNameW@12 00421134     kernel32:KERNEL32.dll
 0002:00000138       __imp__GetModuleHandleExW@12 00421138     kernel32:KERNEL32.dll
 0002:0000013c       __imp__WriteConsoleW@20    0042113c     kernel32:KERNEL32.dll
 0002:00000140       __imp__HeapFree@12         00421140     kernel32:KERNEL32.dll
 0002:00000144       __imp__HeapAlloc@12        00421144     kernel32:KERNEL32.dll
 0002:00000148       __imp__HeapReAlloc@16      00421148     kernel32:KERNEL32.dll
 0002:0000014c       __imp__IsProcessorFeaturePresent@4 0042114c     kernel32:KERNEL32.dll
 0002:00000150       __imp__EncodePointer@4     00421150     kernel32:KERNEL32.dll
 0002:00000154       __imp__DecodePointer@4     00421154     kernel32:KERNEL32.dll
 0002:00000158       __imp__InterlockedDecrement@4 00421158     kernel32:KERNEL32.dll
 0002:0000015c       __imp__ExitProcess@4       0042115c     kernel32:KERNEL32.dll
 0002:00000160       __imp__AreFileApisANSI@0   00421160     kernel32:KERNEL32.dll
 0002:00000164       __imp__MultiByteToWideChar@24 00421164     kernel32:KERNEL32.dll
 0002:00000168       __imp__GetCommandLineA@0   00421168     kernel32:KERNEL32.dll
 0002:0000016c       __imp__IsDebuggerPresent@0 0042116c     kernel32:KERNEL32.dll
 0002:00000170       __imp__EnterCriticalSection@4 00421170     kernel32:KERNEL32.dll
 0002:00000174       __imp__LeaveCriticalSection@4 00421174     kernel32:KERNEL32.dll
 0002:00000178       \177KERNEL32_NULL_THUNK_DATA 00421178     kernel32:KERNEL32.dll
 0002:0000017c       __imp__Shell_NotifyIconA@8 0042117c     shell32:SHELL32.dll
 0002:00000180       __imp__ShellExecuteA@24    00421180     shell32:SHELL32.dll
 0002:00000184       \177SHELL32_NULL_THUNK_DATA 00421184     shell32:SHELL32.dll
 0002:00000188       __imp__IsDialogMessageA@8  00421188     user32:USER32.dll
 0002:0000018c       __imp__DestroyIcon@4       0042118c     user32:USER32.dll
 0002:00000190       __imp__LoadIconA@8         00421190     user32:USER32.dll
 0002:00000194       __imp__LoadCursorA@8       00421194     user32:USER32.dll
 0002:00000198       __imp__GetDesktopWindow@0  00421198     user32:USER32.dll
 0002:0000019c       __imp__SetWindowLongA@12   0042119c     user32:USER32.dll
 0002:000001a0       __imp__GetWindowLongA@8    004211a0     user32:USER32.dll
 0002:000001a4       __imp__GetCursorPos@4      004211a4     user32:USER32.dll
 0002:000001a8       __imp__MessageBeep@4       004211a8     user32:USER32.dll
 0002:000001ac       __imp__MessageBoxA@16      004211ac     user32:USER32.dll
 0002:000001b0       __imp__GetWindowRect@8     004211b0     user32:USER32.dll
 0002:000001b4       __imp__SetForegroundWindow@4 004211b4     user32:USER32.dll
 0002:000001b8       __imp__SetActiveWindow@4   004211b8     user32:USER32.dll
 0002:000001bc       __imp__SetMenuDefaultItem@12 004211bc     user32:USER32.dll
 0002:000001c0       __imp__GetMenuDefaultItem@12 004211c0     user32:USER32.dll
 0002:000001c4       __imp__GetMenuItemInfoA@16 004211c4     user32:USER32.dll
 0002:000001c8       __imp__InsertMenuItemA@16  004211c8     user32:USER32.dll
 0002:000001cc       __imp__TrackPopupMenu@28   004211cc     user32:USER32.dll
 0002:000001d0       __imp__RemoveMenu@12       004211d0     user32:USER32.dll
 0002:000001d4       __imp__AppendMenuA@16      004211d4     user32:USER32.dll
 0002:000001d8       __imp__GetMenuItemCount@4  004211d8     user32:USER32.dll
 0002:000001dc       __imp__DestroyMenu@4       004211dc     user32:USER32.dll
 0002:000001e0       __imp__CreatePopupMenu@0   004211e0     user32:USER32.dll
 0002:000001e4       __imp__FindWindowA@8       004211e4     user32:USER32.dll
 0002:000001e8       __imp__EnableWindow@8      004211e8     user32:USER32.dll
 0002:000001ec       __imp__SendDlgItemMessageA@20 004211ec     user32:USER32.dll
 0002:000001f0       __imp__SetDlgItemTextA@12  004211f0     user32:USER32.dll
 0002:000001f4       __imp__GetDlgItem@8        004211f4     user32:USER32.dll
 0002:000001f8       __imp__EndDialog@8         004211f8     user32:USER32.dll
 0002:000001fc       __imp__DialogBoxParamA@20  004211fc     user32:USER32.dll
 0002:00000200       __imp__CreateDialogParamA@20 00421200     user32:USER32.dll
 0002:00000204       __imp__SetWindowPos@28     00421204     user32:USER32.dll
 0002:00000208       __imp__MoveWindow@24       00421208     user32:USER32.dll
 0002:0000020c       __imp__ShowWindow@8        0042120c     user32:USER32.dll
 0002:00000210       __imp__DestroyWindow@4     00421210     user32:USER32.dll
 0002:00000214       __imp__IsWindow@4          00421214     user32:USER32.dll
 0002:00000218       __imp__CreateWindowExA@48  00421218     user32:USER32.dll
 0002:0000021c       __imp__RegisterClassA@4    0042121c     user32:USER32.dll
 0002:00000220       __imp__PostQuitMessage@4   00421220     user32:USER32.dll
 0002:00000224       __imp__DefWindowProcA@16   00421224     user32:USER32.dll
 0002:00000228       __imp__PostMessageA@16     00421228     user32:USER32.dll
 0002:0000022c       __imp__SendMessageA@16     0042122c     user32:USER32.dll
 0002:00000230       __imp__DispatchMessageA@4  00421230     user32:USER32.dll
 0002:00000234       __imp__TranslateMessage@4  00421234     user32:USER32.dll
 0002:00000238       __imp__GetMessageA@16      00421238     user32:USER32.dll
 0002:0000023c       __imp__RegisterWindowMessageA@4 0042123c     user32:USER32.dll
 0002:00000240       __imp__WinHelpA@16         00421240     user32:USER32.dll
 0002:00000244       __imp__GetDlgItemTextA@16  00421244     user32:USER32.dll
 0002:00000248       __imp__MessageBoxIndirectA@4 00421248     user32:USER32.dll
 0002:0000024c       __imp__CreateMenu@0        0042124c     user32:USER32.dll
 0002:00000250       \177USER32_NULL_THUNK_DATA 00421250     user32:USER32.dll
 0002:00000254       ___xc_a                    00421254     LIBCMT:crt0init.obj
 0002:00000258       ___xc_z                    00421258     LIBCMT:crt0init.obj
 0002:0000025c       ___xi_a                    0042125c     LIBCMT:crt0init.obj
 0002:00000274       ___xi_z                    00421274     LIBCMT:crt0init.obj
 0002:00000278       ___xp_a                    00421278     LIBCMT:crt0init.obj
 0002:00000288       ___xp_z                    00421288     LIBCMT:crt0init.obj
 0002:0000028c       ___xt_a                    0042128c     LIBCMT:crt0init.obj
 0002:00000290       ___xt_z                    00421290     LIBCMT:crt0init.obj
 0002:00000298       ??_C@_00CNPNBAHC@?$AA@     00421298     conf.obj
 0002:000002e4       ??_C@_0P@MCKMEEL@Out?5of?5memory?$CB?$AA@ 004212e4     misc.obj
 0002:00000318       _ssh2_aes                  00421318     sshaes.obj
 0002:000026b0       ??_C@_0L@DLEDDNDH@aes128?9ctr?$AA@ 004236b0     sshaes.obj
 0002:000026bc       ??_C@_0O@HCOECJE@AES?9128?5SDCTR?$AA@ 004236bc     sshaes.obj
 0002:000026cc       ??_C@_0L@JINPEKKL@aes192?9ctr?$AA@ 004236cc     sshaes.obj
 0002:000026d8       ??_C@_0O@BELLMAIB@AES?9192?5SDCTR?$AA@ 004236d8     sshaes.obj
 0002:000026e8       ??_C@_0L@EKGBGFCK@aes256?9ctr?$AA@ 004236e8     sshaes.obj
 0002:000026f4       ??_C@_0O@JNPCIGGM@AES?9256?5SDCTR?$AA@ 004236f4     sshaes.obj
 0002:00002704       ??_C@_0L@HADBMBOF@aes128?9cbc?$AA@ 00423704     sshaes.obj
 0002:00002710       ??_C@_0M@NHPGNAPK@AES?9128?5CBC?$AA@ 00423710     sshaes.obj
 0002:0000271c       ??_C@_0L@NDKNLGHJ@aes192?9cbc?$AA@ 0042371c     sshaes.obj
 0002:00002728       ??_C@_0M@HEGKKHGG@AES?9192?5CBC?$AA@ 00423728     sshaes.obj
 0002:00002734       ??_C@_0L@BBDJJPI@aes256?9cbc?$AA@ 00423734     sshaes.obj
 0002:00002740       ??_C@_0M@KGNEIIOH@AES?9256?5CBC?$AA@ 00423740     sshaes.obj
 0002:0000274c       ??_C@_0BM@MGEJEKIP@rijndael?9cbc?$EAlysator?4liu?4se?$AA@ 0042374c     sshaes.obj
 0002:00002768       ??_C@_1BI@FNOKOHIF@?$AA?4?$AA?4?$AA?2?$AAs?$AAs?$AAh?$AAa?$AAe?$AAs?$AA?4?$AAc?$AA?$AA@ 00423768     sshaes.obj
 0002:00002780       ??_C@_1GG@KBLHJPFM@?$AAb?$AAl?$AAo?$AAc?$AAk?$AAl?$AAe?$AAn?$AA?5?$AA?$DN?$AA?$DN?$AA?5?$AA1?$AA6?$AA?5?$AA?$HM?$AA?$HM?$AA?5?$AAb?$AAl?$AAo?$AAc?$AAk?$AAl?$AAe?$AAn?$AA?5?$AA?$DN?$AA?$DN?$AA?5?$AA2?$AA4@ 00423780     sshaes.obj
 0002:000027e8       ??_C@_1FK@NLFGMJEL@?$AAk?$AAe?$AAy?$AAl?$AAe?$AAn?$AA?5?$AA?$DN?$AA?$DN?$AA?5?$AA1?$AA6?$AA?5?$AA?$HM?$AA?$HM?$AA?5?$AAk?$AAe?$AAy?$AAl?$AAe?$AAn?$AA?5?$AA?$DN?$AA?$DN?$AA?5?$AA2?$AA4?$AA?5?$AA?$HM?$AA?$HM?$AA?5@ 004237e8     sshaes.obj
 0002:00002844       ??_C@_1CA@HEBGNHHD@?$AA?$CI?$AAl?$AAe?$AAn?$AA?5?$AA?$CG?$AA?5?$AA1?$AA5?$AA?$CJ?$AA?5?$AA?$DN?$AA?$DN?$AA?5?$AA0?$AA?$AA@ 00423844     sshaes.obj
 0002:00002864       ??_C@_1BG@NFJADPKO@?$AA?4?$AA?4?$AA?2?$AAs?$AAs?$AAh?$AAb?$AAn?$AA?4?$AAc?$AA?$AA@ 00423864     sshbn.obj
 0002:0000287c       ??_C@_1O@ILILCEBJ@?$AAi?$AA?5?$AA?$DO?$AA?$DN?$AA?5?$AA0?$AA?$AA@ 0042387c     sshbn.obj
 0002:0000288c       ??_C@_1CC@CNCFMNFF@?$AAm?$AAo?$AAd?$AA?$FL?$AAm?$AAo?$AAd?$AA?$FL?$AA0?$AA?$FN?$AA?$FN?$AA?5?$AA?$CB?$AA?$DN?$AA?5?$AA0?$AA?$AA@ 0042388c     sshbn.obj
 0002:000028b0       _ssh_3des                  004238b0     sshdes.obj
 0002:000028cc       _ssh_des                   004238cc     sshdes.obj
 0002:000028e8       _ssh2_3des                 004238e8     sshdes.obj
 0002:000028f0       _ssh2_des                  004238f0     sshdes.obj
 0002:000033d8       ??_C@_08BLJCDBFI@3des?9cbc?$AA@ 004243d8     sshdes.obj
 0002:000033e4       ??_C@_0P@MNELLKGN@triple?9DES?5CBC?$AA@ 004243e4     sshdes.obj
 0002:000033f4       ??_C@_08FAOAMNIK@3des?9ctr?$AA@ 004243f4     sshdes.obj
 0002:00003400       ??_C@_0BB@JEEJMMLC@triple?9DES?5SDCTR?$AA@ 00424400     sshdes.obj
 0002:00003414       ??_C@_07IPAFAGII@des?9cbc?$AA@ 00424414     sshdes.obj
 0002:0000341c       ??_C@_0P@HKDDLANN@single?9DES?5CBC?$AA@ 0042441c     sshdes.obj
 0002:0000342c       ??_C@_0BA@IBKFJPCP@des?9cbc?$EAssh?4com?$AA@ 0042442c     sshdes.obj
 0002:0000343c       ??_C@_0BF@OCGINFLB@triple?9DES?5inner?9CBC?$AA@ 0042443c     sshdes.obj
 0002:00003454       ??_C@_1BI@MFEJJAJF@?$AA?4?$AA?4?$AA?2?$AAs?$AAs?$AAh?$AAd?$AAe?$AAs?$AA?4?$AAc?$AA?$AA@ 00424454     sshdes.obj
 0002:0000346c       ??_C@_1BO@CPHGGKB@?$AA?$CI?$AAl?$AAe?$AAn?$AA?5?$AA?$CG?$AA?5?$AA7?$AA?$CJ?$AA?5?$AA?$DN?$AA?$DN?$AA?5?$AA0?$AA?$AA@ 0042446c     sshdes.obj
 0002:0000348c       _ssh_dss                   0042448c     sshdss.obj
 0002:000034d8       ??_C@_03DIFKLMIL@dss?$AA@  004244d8     sshdss.obj
 0002:000034dc       ??_C@_07FOJFIGLJ@ssh?9dss?$AA@ 004244dc     sshdss.obj
 0002:000034e4       ??_C@_02MDDDDAID@0x?$AA@   004244e4     sshdss.obj
 0002:000034e8       ??_C@_03PHNCCGAL@?00x?$AA@ 004244e8     sshdss.obj
 0002:000034ec       ??_C@_0M@CEADPCHG@?$AA?$AA?$AA?$AHssh?9dss?$AA@ 004244ec     sshdss.obj
 0002:000034f8       ??_C@_0M@IJFAFDNI@ssh?9dss?5?$CFd?5?$AA@ 004244f8     sshdss.obj
 0002:00003504       ??_C@_01JLIPDDHJ@?3?$AA@   00424504     sshdss.obj
 0002:00003508       ??_C@_06ELKDNDAA@?$CFs?$CF02x?$AA@ 00424508     sshdss.obj
 0002:00003510       ??_C@_1BI@OPPJGBDK@?$AA?4?$AA?4?$AA?2?$AAs?$AAs?$AAh?$AAd?$AAs?$AAs?$AA?4?$AAc?$AA?$AA@ 00424510     sshdss.obj
 0002:00003528       ??_C@_1CI@EFOJPBNN@?$AAp?$AA?5?$AA?$DN?$AA?$DN?$AA?5?$AAb?$AAl?$AAo?$AAb?$AA?5?$AA?$CL?$AA?5?$AAb?$AAl?$AAo?$AAb?$AAl?$AAe?$AAn?$AA?$AA@ 00424528     sshdss.obj
 0002:00003550       ??_C@_0BO@DJMBCJHK@DSA?5deterministic?5k?5generator?$AA@ 00424550     sshdss.obj
 0002:00003570       _ssh_hmac_md5              00424570     sshmd5.obj
 0002:000035a0       ??_C@_08LPACCAD@hmac?9md5?$AA@ 004245a0     sshmd5.obj
 0002:000035ac       ??_C@_08CABJBHIC@HMAC?9MD5?$AA@ 004245ac     sshmd5.obj
 0002:000035b8       ??_C@_0BD@IONICDPN@error?5reading?5file?$AA@ 004245b8     sshpubk.obj
 0002:000035cc       ??_C@_0BC@NPBJDJGK@file?5format?5error?$AA@ 004245cc     sshpubk.obj
 0002:000035e0       ??_C@_0BB@HNDNBCMJ@wrong?5passphrase?$AA@ 004245e0     sshpubk.obj
 0002:000035f4       ??_C@_0BC@DEMJHLHP@rsa_verify?5failed?$AA@ 004245f4     sshpubk.obj
 0002:00003608       ??_C@_02JDPG@rb?$AA@       00424608     sshpubk.obj
 0002:0000360c       ??_C@_0BA@ENOJCGDH@can?8t?5open?5file?$AA@ 0042460c     sshpubk.obj
 0002:0000361c       ??_C@_0CB@KLPNCBJK@SSH?5PRIVATE?5KEY?5FILE?5FORMAT?51?41?6@ 0042461c     sshpubk.obj
 0002:00003640       ??_C@_0BG@BDKEBGIA@not?5an?5SSH?91?5RSA?5file?$AA@ 00424640     sshpubk.obj
 0002:00003658       ??_C@_07FDBDPOCJ@ssh?9rsa?$AA@ 00424658     sshpubk.obj
 0002:00003660       ??_C@_0BG@GFACEDGM@PuTTY?9User?9Key?9File?92?$AA@ 00424660     sshpubk.obj
 0002:00003678       ??_C@_0BG@EOCPBAKP@PuTTY?9User?9Key?9File?91?$AA@ 00424678     sshpubk.obj
 0002:00003690       ??_C@_0BF@HKENPLNI@PuTTY?9User?9Key?9File?9?$AA@ 00424690     sshpubk.obj
 0002:000036a8       ??_C@_0BJ@OMNPKCPH@PuTTY?5key?5format?5too?5new?$AA@ 004246a8     sshpubk.obj
 0002:000036c4       ??_C@_0BO@KKNFCICD@not?5a?5PuTTY?5SSH?92?5private?5key?$AA@ 004246c4     sshpubk.obj
 0002:000036e4       ??_C@_0L@PHIJEIHK@Encryption?$AA@ 004246e4     sshpubk.obj
 0002:000036f0       ??_C@_04CGFJFPFD@none?$AA@ 004246f0     sshpubk.obj
 0002:000036f8       ??_C@_07JABLCLAF@Comment?$AA@ 004246f8     sshpubk.obj
 0002:00003700       ??_C@_0N@PLAKAHPB@Public?9Lines?$AA@ 00424700     sshpubk.obj
 0002:00003710       ??_C@_0O@KIMPDNLC@Private?9Lines?$AA@ 00424710     sshpubk.obj
 0002:00003720       ??_C@_0M@BGCIEHNL@Private?9MAC?$AA@ 00424720     sshpubk.obj
 0002:0000372c       ??_C@_0N@PAIKAHGK@Private?9Hash?$AA@ 0042472c     sshpubk.obj
 0002:0000373c       ??_C@_04DJNNAIOC@?$AA?$AA?$AA?$AA?$AA@ 0042473c     sshpubk.obj
 0002:00003744       ??_C@_04CAMGDJKD@?$AA?$AA?$AA?$AB?$AA@ 00424744     sshpubk.obj
 0002:0000374c       ??_C@_0BP@FBPHIKLM@putty?9private?9key?9file?9mac?9key?$AA@ 0042474c     sshpubk.obj
 0002:0000376c       ??_C@_04NOJCDH@?$CF02x?$AA@ 0042476c     sshpubk.obj
 0002:00003774       ??_C@_0L@GHCEHEDO@MAC?5failed?$AA@ 00424774     sshpubk.obj
 0002:00003780       ??_C@_0BB@IEKCJKNA@createkey?5failed?$AA@ 00424780     sshpubk.obj
 0002:00003794       ??_C@_0CB@IHNFHFDO@?9?9?9?9?5BEGIN?5SSH2?5ENCRYPTED?5PRIVAT@ 00424794     sshpubk.obj
 0002:000037b8       ??_C@_0M@ILJMFDEM@?9?9?9?9?9BEGIN?5?$AA@ 004247b8     sshpubk.obj
 0002:000037c4       ??_C@_01KDCPPGHE@r?$AA@    004247c4     sshpubk.obj
 0002:000037c8       ??_C@_0BE@FNAAPKHP@unable?5to?5open?5file?$AA@ 004247c8     sshpubk.obj
 0002:000037dc       ??_C@_0BC@BPEMMLLP@not?5a?5private?5key?$AA@ 004247dc     sshpubk.obj
 0002:000037f0       ??_C@_0BC@LONHAMBA@SSH?91?5private?5key?$AA@ 004247f0     sshpubk.obj
 0002:00003804       ??_C@_0BI@FLELEAHO@PuTTY?5SSH?92?5private?5key?$AA@ 00424804     sshpubk.obj
 0002:0000381c       ??_C@_0BK@NKGNFJIN@OpenSSH?5SSH?92?5private?5key?$AA@ 0042481c     sshpubk.obj
 0002:00003838       ??_C@_0BK@HBGHADOM@ssh?4com?5SSH?92?5private?5key?$AA@ 00424838     sshpubk.obj
 0002:00003854       ??_C@_0P@CILKDAIG@INTERNAL?5ERROR?$AA@ 00424854     sshpubk.obj
 0002:00003878       _ssh_rsa_kex               00424878     sshrsa.obj
 0002:00003880       _ssh_rsa                   00424880     sshrsa.obj
 0002:00003910       ??_C@_04GHCAEBFJ@rsa2?$AA@ 00424910     sshrsa.obj
 0002:00003918       ??_C@_0N@KOPDGDGF@rsa1024?9sha1?$AA@ 00424918     sshrsa.obj
 0002:00003928       ??_C@_0P@OJIMEJLA@rsa2048?9sha256?$AA@ 00424928     sshrsa.obj
 0002:00003938       ??_C@_0BL@OLAJGFFE@RSA?5deterministic?5blinding?$AA@ 00424938     sshrsa.obj
 0002:00003954       ??_C@_03JDANDILB@?$CFd?5?$AA@ 00424954     sshrsa.obj
 0002:00003958       ??_C@_1BI@DCECBPHA@?$AA?4?$AA?4?$AA?2?$AAs?$AAs?$AAh?$AAr?$AAs?$AAa?$AA?4?$AAc?$AA?$AA@ 00424958     sshrsa.obj
 0002:00003970       ??_C@_0M@CJIFIKOG@?$AA?$AA?$AA?$AHssh?9rsa?$AA@ 00424970     sshrsa.obj
 0002:0000397c       ??_C@_0M@HNJKMIOE@ssh?9rsa?5?$CFd?5?$AA@ 0042497c     sshrsa.obj
 0002:00003988       ??_C@_1DI@JPHLNLFI@?$AA1?$AA?5?$AA?$DM?$AA?$DN?$AA?5?$AAn?$AAb?$AAy?$AAt?$AAe?$AAs?$AA?5?$AA?9?$AA?5?$AA2?$AA0?$AA?5?$AA?9?$AA?5?$AAA?$AAS?$AAN?$AA1?$AA_?$AAL?$AAE?$AAN?$AA?$AA@ 00424988     sshrsa.obj
 0002:000039c0       _ssh_sha256                004249c0     sshsh256.obj
 0002:000039d4       _ssh_hmac_sha256           004249d4     sshsh256.obj
 0002:00003b08       ??_C@_07DKFLFLPF@SHA?9256?$AA@ 00424b08     sshsh256.obj
 0002:00003b10       ??_C@_0O@HOOBDNEB@hmac?9sha2?9256?$AA@ 00424b10     sshsh256.obj
 0002:00003b20       ??_C@_0N@ILKCJLO@HMAC?9SHA?9256?$AA@ 00424b20     sshsh256.obj
 0002:00003df0       _ssh_sha1                  00424df0     sshsha.obj
 0002:00003e04       _ssh_hmac_sha1             00424e04     sshsha.obj
 0002:00003e34       _ssh_hmac_sha1_buggy       00424e34     sshsha.obj
 0002:00003e64       _ssh_hmac_sha1_96          00424e64     sshsha.obj
 0002:00003e94       _ssh_hmac_sha1_96_buggy    00424e94     sshsha.obj
 0002:00003ec4       ??_C@_05HJMENKNE@SHA?91?$AA@ 00424ec4     sshsha.obj
 0002:00003ecc       ??_C@_09KBOMLGBN@hmac?9sha1?$AA@ 00424ecc     sshsha.obj
 0002:00003ed8       ??_C@_09DDFKKHO@HMAC?9SHA1?$AA@ 00424ed8     sshsha.obj
 0002:00003ee4       ??_C@_0N@PPCDKPGG@hmac?9sha1?996?$AA@ 00424ee4     sshsha.obj
 0002:00003ef4       ??_C@_0N@KMMKONJA@HMAC?9SHA1?996?$AA@ 00424ef4     sshsha.obj
 0002:00003f04       ??_C@_0BJ@MDIAIHM@bug?9compatible?5HMAC?9SHA1?$AA@ 00424f04     sshsha.obj
 0002:00003f20       ??_C@_0BM@ENMOJLCH@bug?9compatible?5HMAC?9SHA1?996?$AA@ 00424f20     sshsha.obj
 0002:00003f3c       ??_C@_1BK@MHBNEDJA@?$AA?4?$AA?4?$AA?2?$AAt?$AAr?$AAe?$AAe?$AA2?$AA3?$AA4?$AA?4?$AAc?$AA?$AA@ 00424f3c     tree234.obj
 0002:00003f58       ??_C@_1FO@OBPIOPIL@?$AAr?$AAe?$AAl?$AAa?$AAt?$AAi?$AAo?$AAn?$AA?5?$AA?$DN?$AA?$DN?$AA?5?$AAR?$AAE?$AAL?$AA2?$AA3?$AA4?$AA_?$AAL?$AAT?$AA?5?$AA?$HM?$AA?$HM?$AA?5?$AAr?$AAe?$AAl?$AAa?$AAt?$AAi?$AAo@ 00424f58     tree234.obj
 0002:00003fb8       ??_C@_09KCIJKGOL@putty?4hlp?$AA@ 00424fb8     winhelp.obj
 0002:00003fc4       ??_C@_09BCGADAIA@putty?4cnt?$AA@ 00424fc4     winhelp.obj
 0002:00003fd0       ??_C@_09INONOFCK@putty?4chm?$AA@ 00424fd0     winhelp.obj
 0002:00003fdc       ??_C@_0L@EFKJKBHF@hhctrl?4ocx?$AA@ 00424fdc     winhelp.obj
 0002:00003fe8       ??_C@_09EFBFPPGM@HtmlHelpA?$AA@ 00424fe8     winhelp.obj
 0002:00003ff4       ??_C@_1CK@IBKCKMGM@?$AA?4?$AA?4?$AA?2?$AAw?$AAi?$AAn?$AAd?$AAo?$AAw?$AAs?$AA?2?$AAw?$AAi?$AAn?$AAh?$AAe?$AAl?$AAp?$AA?4?$AAc?$AA?$AA@ 00424ff4     winhelp.obj
 0002:00004020       ??_C@_1DA@CDMBFJDO@?$AAt?$AAo?$AAp?$AAi?$AAc?$AA?$FL?$AAc?$AAo?$AAl?$AAo?$AAn?$AAp?$AAo?$AAs?$AA?$FN?$AA?5?$AA?$CB?$AA?$DN?$AA?5?$AA?8?$AA?2?$AA0?$AA?8?$AA?$AA@ 00425020     winhelp.obj
 0002:00004050       ??_C@_0BC@CFNCKOA@?$CFs?3?3?1?$CFs?4html?$DOmain?$AA@ 00425050     winhelp.obj
 0002:00004064       ??_C@_0O@PLAIEHKO@JI?$CI?$GA?8?0?$GA?$CF?4?$CKs?8?$CJ?$AA@ 00425064     winhelp.obj
 0002:00004074       ??_C@_01KICIPPFI@?2?$AA@   00425074     winmisc.obj
 0002:000041f0       ??_C@_0BE@JBHJIKDD@Pageant?5Fatal?5Error?$AA@ 004251f0     winpgnt.obj
 0002:00004204       ??_C@_07CMJJJJGA@Pageant?$AA@ 00425204     winpgnt.obj
 0002:0000420c       ??_C@_05HHAAFACO@ssh1?7?$AA@ 0042520c     winpgnt.obj
 0002:00004214       ??_C@_0BM@FBDKLLP@Couldn?8t?5load?5this?5key?5?$CI?$CFs?$CJ?$AA@ 00425214     winpgnt.obj
 0002:00004230       ??_C@_0BP@IBKLELMH@Couldn?8t?5load?5private?5key?5?$CI?$CFs?$CJ?$AA@ 00425230     winpgnt.obj
 0002:00004250       ??_C@_0BL@GNFMMML@Received?5broken?5key?5list?$DP?$CB?$AA@ 00425250     winpgnt.obj
 0002:0000426c       ??_C@_1CK@LIMNMOGO@?$AA?4?$AA?4?$AA?2?$AAw?$AAi?$AAn?$AAd?$AAo?$AAw?$AAs?$AA?2?$AAw?$AAi?$AAn?$AAp?$AAg?$AAn?$AAt?$AA?4?$AAc?$AA?$AA@ 0042526c     winpgnt.obj
 0002:00004298       ??_C@_1CG@BIBKKIIF@?$AAp?$AAa?$AAs?$AAs?$AAp?$AAh?$AAr?$AAa?$AAs?$AAe?$AA?5?$AA?$CB?$AA?$DN?$AA?5?$AAN?$AAU?$AAL?$AAL?$AA?$AA@ 00425298     winpgnt.obj
 0002:000042c0       ??_C@_1BC@DAEMKNJI@?$AAr?$AAe?$AAt?$AA?5?$AA?$DN?$AA?$DN?$AA?5?$AA1?$AA?$AA@ 004252c0     winpgnt.obj
 0002:000042d4       ??_C@_0DE@JJJBLGL@The?5already?5running?5Pageant?5refu@ 004252d4     winpgnt.obj
 0002:00004308       ??_C@_1BO@GAGGACJH@?$AAp?$AA?5?$AA?9?$AA?5?$AAr?$AAe?$AAt?$AA?5?$AA?$DN?$AA?$DN?$AA?5?$AAl?$AAe?$AAn?$AA?$AA@ 00425308     winpgnt.obj
 0002:00004328       ??_C@_1BI@IIMJFAHG@?$AAr?$AAe?$AAt?$AAv?$AAa?$AAl?$AA?5?$AA?$DN?$AA?$DN?$AA?5?$AA1?$AA?$AA@ 00425328     winpgnt.obj
 0002:00004340       ??_C@_1BI@IIMEFJEL@?$AAp?$AA?5?$AA?$DM?$AA?$DN?$AA?5?$AAm?$AAs?$AAg?$AAe?$AAn?$AAd?$AA?$AA@ 00425340     winpgnt.obj
 0002:00004358       ??_C@_0DL@MJMBOCBO@PuTTY?5Private?5Key?5Files?5?$CI?$CK?4ppk?$CJ?$AA@ 00425358     winpgnt.obj
 0002:00004394       ??_C@_0BI@BIGOFONA@Select?5Private?5Key?5File?$AA@ 00425394     winpgnt.obj
 0002:000043ac       ??_C@_0BI@DBJCABDF@pageant?4general?3pageant?$AA@ 004253ac     winpgnt.obj
 0002:000043c4       ??_C@_0CI@IHPECOIJ@pageant?4keylist?3pageant?9mainwin?9@ 004253c4     winpgnt.obj
 0002:000043ec       ??_C@_0CG@MODBNMHK@pageant?4addkey?3pageant?9mainwin?9a@ 004253ec     winpgnt.obj
 0002:00004414       ??_C@_0CG@FBLDODG@pageant?4remkey?3pageant?9mainwin?9r@ 00425414     winpgnt.obj
 0002:0000443c       ??_C@_0CF@NPHEPPHG@Pageant?5?$CIPuTTY?5authentication?5ag@ 0042543c     winpgnt.obj
 0002:00004464       ??_C@_0CE@GEIJGKHP@Software?2SimonTatham?2PuTTY?2Sessi@ 00425464     winpgnt.obj
 0002:00004488       ??_C@_0BD@ONJGDINO@Default?$CF20Settings?$AA@ 00425488     winpgnt.obj
 0002:0000449c       ??_C@_0O@ECAMNAAK@?$CINo?5sessions?$CJ?$AA@ 0042549c     winpgnt.obj
 0002:000044ac       ??_C@_0P@HDDEAF@TaskbarCreated?$AA@ 004254ac     winpgnt.obj
 0002:000044bc       ??_C@_05NAOIJFC@Error?$AA@ 004254bc     winpgnt.obj
 0002:000044c4       ??_C@_0BJ@JCJFGNHG@Unable?5to?5execute?5PuTTY?$CB?$AA@ 004254c4     winpgnt.obj
 0002:000044e0       ??_C@_01EOFPKCAF@?$EA?$AA@ 004254e0     winpgnt.obj
 0002:000044e4       ??_C@_04PMOCAHAA@open?$AA@ 004254e4     winpgnt.obj
 0002:000044ec       ??_C@_0CC@OMMEOHKC@Failed?5to?5run?5?$CC?$CF?4100s?$CC?0?5Error?3?5?$CF@ 004254ec     winpgnt.obj
 0002:00004510       ??_C@_06KMMDPPA@user32?$AA@ 00425510     winpgnt.obj
 0002:00004518       ??_C@_07LIJFLNDM@problem?$AA@ 00425518     winpgnt.obj
 0002:00004520       ??_C@_0BG@HGPLDFMG@failed?5to?5load?5user32?$AA@ 00425520     winpgnt.obj
 0002:00004538       ??_C@_0BB@HFGCMCLE@GetLastInputInfo?$AA@ 00425538     winpgnt.obj
 0002:0000454c       ??_C@_0CD@ODPOPCKD@failed?5to?5look?5up?5GetLastInputIn@ 0042554c     winpgnt.obj
 0002:00004570       ??_C@_0CE@JLKGPOKK@Windows?5refuses?5to?5report?5a?5vers@ 00425570     winpgnt.obj
 0002:00004598       ??_C@_0FL@HNCFLDBJ@Unable?5to?5access?5security?5APIs?4?5@ 00425598     winpgnt.obj
 0002:000045f4       ??_C@_09HMHJJDIO@putty?4exe?$AA@ 004255f4     winpgnt.obj
 0002:00004600       ??_C@_06OEJDLALJ@?9pgpfp?$AA@ 00425600     winpgnt.obj
 0002:00004608       ??_C@_02HOPLMLDK@?9c?$AA@  00425608     winpgnt.obj
 0002:0000460c       ??_C@_02IEBECDLA@?9i?$AA@  0042560c     winpgnt.obj
 0002:00004610       ??_C@_0O@KJHDLFAD@Pageant?5Error?$AA@ 00425610     winpgnt.obj
 0002:00004620       ??_C@_0BL@PECFAALD@Pageant?5is?5already?5running?$AA@ 00425620     winpgnt.obj
 0002:0000463c       ??_C@_0N@ECJNGPCJ@?$CGNew?5Session?$AA@ 0042563c     winpgnt.obj
 0002:0000464c       ??_C@_0BA@OOLCEAMP@?$CGSaved?5Sessions?$AA@ 0042564c     winpgnt.obj
 0002:0000465c       ??_C@_0L@HEBKJILI@?$CGView?5Keys?$AA@ 0042565c     winpgnt.obj
 0002:00004668       ??_C@_08EOJOPBHI@Add?5?$CGKey?$AA@ 00425668     winpgnt.obj
 0002:00004674       ??_C@_05JFEBOHHM@?$CGHelp?$AA@ 00425674     winpgnt.obj
 0002:0000467c       ??_C@_06JDCECANP@?$CGAbout?$AA@ 0042567c     winpgnt.obj
 0002:00004684       ??_C@_05PNPHNLAJ@E?$CGxit?$AA@ 00425684     winpgnt.obj
 0002:0000468c       ??_C@_0N@INAGJMNN@advapi32?4dll?$AA@ 0042568c     winpgntc.obj
 0002:0000469c       ??_C@_0BA@JKIAABFB@GetSecurityInfo?$AA@ 0042569c     winpgntc.obj
 0002:000046ac       ??_C@_0BB@EANJDCJP@OpenProcessToken?$AA@ 004256ac     winpgntc.obj
 0002:000046c0       ??_C@_0BE@JIDLIKOL@GetTokenInformation?$AA@ 004256c0     winpgntc.obj
 0002:000046d4       ??_C@_0BN@FNLANPJJ@InitializeSecurityDescriptor?$AA@ 004256d4     winpgntc.obj
 0002:000046f4       ??_C@_0BL@OJAFMLIK@SetSecurityDescriptorOwner?$AA@ 004256f4     winpgntc.obj
 0002:00004710       ??_C@_0BD@BGFFBEAP@PageantRequest?$CF08x?$AA@ 00425710     winpgntc.obj
 0002:00004724       ??_C@_0CM@NGNJFNGG@errors?4hostkey?4absent?3errors?9hos@ 00425724     winutils.obj
 0002:00004750       ??_C@_0CM@DCHAOOMI@errors?4hostkey?4changed?3errors?9ho@ 00425750     winutils.obj
 0002:0000477c       ??_C@_0CI@GFKEHGA@errors?4cantloadkey?3errors?9cant?9l@ 0042577c     winutils.obj
 0002:000047a4       ??_C@_0BO@JIGOHIBD@options?4cleanup?3using?9cleanup?$AA@ 004257a4     winutils.obj
 0002:000047c4       ??_C@_0BI@PMFDGKPB@pgpfingerprints?3pgpkeys?$AA@ 004257c4     winutils.obj
 0002:000047dc       ??_C@_0BB@IMDLMANB@PGP?5fingerprints?$AA@ 004257dc     winutils.obj
 0002:000047f0       ??_C@_0BJD@PGPIMJHG@These?5are?5the?5fingerprints?5of?5th@ 004257f0     winutils.obj
 0002:00004984       ??_C@_17LGKOMLJ@?$AA?4?$AA?4?$AA?4?$AA?$AA@ 00425984     LIBCMT:wassert.obj
 0002:0000498c       ??_C@_13LBAGMAIH@?$AA?6?$AA?$AA@ 0042598c     LIBCMT:wassert.obj
 0002:00004990       ??_C@_15IABLJNFO@?$AA?6?$AA?6?$AA?$AA@ 00425990     LIBCMT:wassert.obj
 0002:00004998       ??_C@_1CE@OJBNHDMO@?$AAA?$AAs?$AAs?$AAe?$AAr?$AAt?$AAi?$AAo?$AAn?$AA?5?$AAf?$AAa?$AAi?$AAl?$AAe?$AAd?$AA?$CB?$AA?$AA@ 00425998     LIBCMT:wassert.obj
 0002:000049bc       ??_C@_1BE@PHKBBGE@?$AAP?$AAr?$AAo?$AAg?$AAr?$AAa?$AAm?$AA?3?$AA?5?$AA?$AA@ 004259bc     LIBCMT:wassert.obj
 0002:000049d0       ??_C@_1CO@EAEJAADC@?$AA?$DM?$AAp?$AAr?$AAo?$AAg?$AAr?$AAa?$AAm?$AA?5?$AAn?$AAa?$AAm?$AAe?$AA?5?$AAu?$AAn?$AAk?$AAn?$AAo?$AAw?$AAn?$AA?$DO?$AA?$AA@ 004259d0     LIBCMT:wassert.obj
 0002:00004a00       ??_C@_1O@HEMHKNDC@?$AAF?$AAi?$AAl?$AAe?$AA?3?$AA?5?$AA?$AA@ 00425a00     LIBCMT:wassert.obj
 0002:00004a10       ??_C@_1O@KCAFKHJE@?$AAL?$AAi?$AAn?$AAe?$AA?3?$AA?5?$AA?$AA@ 00425a10     LIBCMT:wassert.obj
 0002:00004a20       ??_C@_1BK@PEDCIPMA@?$AAE?$AAx?$AAp?$AAr?$AAe?$AAs?$AAs?$AAi?$AAo?$AAn?$AA?3?$AA?5?$AA?$AA@ 00425a20     LIBCMT:wassert.obj
 0002:00004a40       ??_C@_1OA@EGMLFBHJ@?$AAF?$AAo?$AAr?$AA?5?$AAi?$AAn?$AAf?$AAo?$AAr?$AAm?$AAa?$AAt?$AAi?$AAo?$AAn?$AA?5?$AAo?$AAn?$AA?5?$AAh?$AAo?$AAw?$AA?5?$AAy?$AAo?$AAu?$AAr?$AA?5?$AAp?$AAr?$AAo?$AAg@ 00425a40     LIBCMT:wassert.obj
 0002:00004b20       ??_C@_1HK@POCJMFGK@?$AA?$CI?$AAP?$AAr?$AAe?$AAs?$AAs?$AA?5?$AAR?$AAe?$AAt?$AAr?$AAy?$AA?5?$AAt?$AAo?$AA?5?$AAd?$AAe?$AAb?$AAu?$AAg?$AA?5?$AAt?$AAh?$AAe?$AA?5?$AAa?$AAp?$AAp?$AAl?$AAi?$AAc@ 00425b20     LIBCMT:wassert.obj
 0002:00004ba0       ??_C@_1EK@MBDPDCGA@?$AAM?$AAi?$AAc?$AAr?$AAo?$AAs?$AAo?$AAf?$AAt?$AA?5?$AAV?$AAi?$AAs?$AAu?$AAa?$AAl?$AA?5?$AAC?$AA?$CL?$AA?$CL?$AA?5?$AAR?$AAu?$AAn?$AAt?$AAi?$AAm?$AAe?$AA?5?$AAL?$AAi?$AAb@ 00425ba0     LIBCMT:wassert.obj
 0002:00004bec       ??_C@_1BI@BGOHAHKC@?$AAm?$AAs?$AAc?$AAo?$AAr?$AAe?$AAe?$AA?4?$AAd?$AAl?$AAl?$AA?$AA@ 00425bec     LIBCMT:crt0dat.obj
 0002:00004c04       ??_C@_0P@MIGLKIOC@CorExitProcess?$AA@ 00425c04     LIBCMT:crt0dat.obj
 0002:00004c14       ??_C@_1BG@GOEBHBDC@?$AAU?$AAS?$AAE?$AAR?$AA3?$AA2?$AA?4?$AAD?$AAL?$AAL?$AA?$AA@ 00425c14     LIBCMT:crtmboxw.obj
 0002:00004c2c       ??_C@_0M@DLDCCGNP@MessageBoxW?$AA@ 00425c2c     LIBCMT:crtmboxw.obj
 0002:00004c38       ??_C@_0BA@HNOPNCHB@GetActiveWindow?$AA@ 00425c38     LIBCMT:crtmboxw.obj
 0002:00004c48       ??_C@_0BD@HHGDFDBJ@GetLastActivePopup?$AA@ 00425c48     LIBCMT:crtmboxw.obj
 0002:00004c5c       ??_C@_0BK@DEKFELLI@GetUserObjectInformationW?$AA@ 00425c5c     LIBCMT:crtmboxw.obj
 0002:00004c78       ??_C@_0BI@DFKBFLJE@GetProcessWindowStation?$AA@ 00425c78     LIBCMT:crtmboxw.obj
 0002:00004c90       ??_C@_1FE@LLNEDJMD@?$AAR?$AA6?$AA0?$AA0?$AA8?$AA?$AN?$AA?6?$AA?9?$AA?5?$AAn?$AAo?$AAt?$AA?5?$AAe?$AAn?$AAo?$AAu?$AAg?$AAh?$AA?5?$AAs?$AAp?$AAa?$AAc?$AAe?$AA?5?$AAf?$AAo?$AAr?$AA?5?$AAa?$AAr@ 00425c90     LIBCMT:crt0msg.obj
 0002:00004ce8       ??_C@_1FI@HONFMGBI@?$AAR?$AA6?$AA0?$AA0?$AA9?$AA?$AN?$AA?6?$AA?9?$AA?5?$AAn?$AAo?$AAt?$AA?5?$AAe?$AAn?$AAo?$AAu?$AAg?$AAh?$AA?5?$AAs?$AAp?$AAa?$AAc?$AAe?$AA?5?$AAf?$AAo?$AAr?$AA?5?$AAe?$AAn@ 00425ce8     LIBCMT:crt0msg.obj
 0002:00004d40       ??_C@_1EG@BEHAGFJD@?$AAR?$AA6?$AA0?$AA1?$AA0?$AA?$AN?$AA?6?$AA?9?$AA?5?$AAa?$AAb?$AAo?$AAr?$AAt?$AA?$CI?$AA?$CJ?$AA?5?$AAh?$AAa?$AAs?$AA?5?$AAb?$AAe?$AAe?$AAn?$AA?5?$AAc?$AAa?$AAl?$AAl?$AAe?$AAd@ 00425d40     LIBCMT:crt0msg.obj
 0002:00004d88       ??_C@_1FI@LOGNIKDM@?$AAR?$AA6?$AA0?$AA1?$AA6?$AA?$AN?$AA?6?$AA?9?$AA?5?$AAn?$AAo?$AAt?$AA?5?$AAe?$AAn?$AAo?$AAu?$AAg?$AAh?$AA?5?$AAs?$AAp?$AAa?$AAc?$AAe?$AA?5?$AAf?$AAo?$AAr?$AA?5?$AAt?$AAh@ 00425d88     LIBCMT:crt0msg.obj
 0002:00004de0       ??_C@_1FK@BEOGODMC@?$AAR?$AA6?$AA0?$AA1?$AA7?$AA?$AN?$AA?6?$AA?9?$AA?5?$AAu?$AAn?$AAe?$AAx?$AAp?$AAe?$AAc?$AAt?$AAe?$AAd?$AA?5?$AAm?$AAu?$AAl?$AAt?$AAi?$AAt?$AAh?$AAr?$AAe?$AAa?$AAd?$AA?5@ 00425de0     LIBCMT:crt0msg.obj
 0002:00004e40       ??_C@_1EC@JIBHAOPH@?$AAR?$AA6?$AA0?$AA1?$AA8?$AA?$AN?$AA?6?$AA?9?$AA?5?$AAu?$AAn?$AAe?$AAx?$AAp?$AAe?$AAc?$AAt?$AAe?$AAd?$AA?5?$AAh?$AAe?$AAa?$AAp?$AA?5?$AAe?$AAr?$AAr?$AAo?$AAr?$AA?$AN?$AA?6@ 00425e40     LIBCMT:crt0msg.obj
 0002:00004e88       ??_C@_1FC@ECHBIFBC@?$AAR?$AA6?$AA0?$AA1?$AA9?$AA?$AN?$AA?6?$AA?9?$AA?5?$AAu?$AAn?$AAa?$AAb?$AAl?$AAe?$AA?5?$AAt?$AAo?$AA?5?$AAo?$AAp?$AAe?$AAn?$AA?5?$AAc?$AAo?$AAn?$AAs?$AAo?$AAl?$AAe?$AA?5@ 00425e88     LIBCMT:crt0msg.obj
 0002:00004ee0       ??_C@_1GK@FHCKBEFA@?$AAR?$AA6?$AA0?$AA2?$AA4?$AA?$AN?$AA?6?$AA?9?$AA?5?$AAn?$AAo?$AAt?$AA?5?$AAe?$AAn?$AAo?$AAu?$AAg?$AAh?$AA?5?$AAs?$AAp?$AAa?$AAc?$AAe?$AA?5?$AAf?$AAo?$AAr?$AA?5?$AA_?$AAo@ 00425ee0     LIBCMT:crt0msg.obj
 0002:00004f50       ??_C@_1EM@MAADIHMB@?$AAR?$AA6?$AA0?$AA2?$AA5?$AA?$AN?$AA?6?$AA?9?$AA?5?$AAp?$AAu?$AAr?$AAe?$AA?5?$AAv?$AAi?$AAr?$AAt?$AAu?$AAa?$AAl?$AA?5?$AAf?$AAu?$AAn?$AAc?$AAt?$AAi?$AAo?$AAn?$AA?5?$AAc@ 00425f50     LIBCMT:crt0msg.obj
 0002:00004fa0       ??_C@_1GK@MCAAGJMO@?$AAR?$AA6?$AA0?$AA2?$AA6?$AA?$AN?$AA?6?$AA?9?$AA?5?$AAn?$AAo?$AAt?$AA?5?$AAe?$AAn?$AAo?$AAu?$AAg?$AAh?$AA?5?$AAs?$AAp?$AAa?$AAc?$AAe?$AA?5?$AAf?$AAo?$AAr?$AA?5?$AAs?$AAt@ 00425fa0     LIBCMT:crt0msg.obj
 0002:00005010       ??_C@_1GK@MFGOKLAG@?$AAR?$AA6?$AA0?$AA2?$AA7?$AA?$AN?$AA?6?$AA?9?$AA?5?$AAn?$AAo?$AAt?$AA?5?$AAe?$AAn?$AAo?$AAu?$AAg?$AAh?$AA?5?$AAs?$AAp?$AAa?$AAc?$AAe?$AA?5?$AAf?$AAo?$AAr?$AA?5?$AAl?$AAo@ 00426010     LIBCMT:crt0msg.obj
 0002:00005080       ??_C@_1EK@HHFLMAOL@?$AAR?$AA6?$AA0?$AA2?$AA8?$AA?$AN?$AA?6?$AA?9?$AA?5?$AAu?$AAn?$AAa?$AAb?$AAl?$AAe?$AA?5?$AAt?$AAo?$AA?5?$AAi?$AAn?$AAi?$AAt?$AAi?$AAa?$AAl?$AAi?$AAz?$AAe?$AA?5?$AAh?$AAe@ 00426080     LIBCMT:crt0msg.obj
 0002:000050cc       ??_C@_1DO@BMFCDCD@?$AAR?$AA6?$AA0?$AA3?$AA0?$AA?$AN?$AA?6?$AA?9?$AA?5?$AAC?$AAR?$AAT?$AA?5?$AAn?$AAo?$AAt?$AA?5?$AAi?$AAn?$AAi?$AAt?$AAi?$AAa?$AAl?$AAi?$AAz?$AAe?$AAd?$AA?$AN?$AA?6?$AA?$AA@ 004260cc     LIBCMT:crt0msg.obj
 0002:00005110       ??_C@_1MG@ENCOOIDF@?$AAR?$AA6?$AA0?$AA3?$AA1?$AA?$AN?$AA?6?$AA?9?$AA?5?$AAA?$AAt?$AAt?$AAe?$AAm?$AAp?$AAt?$AA?5?$AAt?$AAo?$AA?5?$AAi?$AAn?$AAi?$AAt?$AAi?$AAa?$AAl?$AAi?$AAz?$AAe?$AA?5?$AAt@ 00426110     LIBCMT:crt0msg.obj
 0002:000051d8       ??_C@_1GG@GOPILAJP@?$AAR?$AA6?$AA0?$AA3?$AA2?$AA?$AN?$AA?6?$AA?9?$AA?5?$AAn?$AAo?$AAt?$AA?5?$AAe?$AAn?$AAo?$AAu?$AAg?$AAh?$AA?5?$AAs?$AAp?$AAa?$AAc?$AAe?$AA?5?$AAf?$AAo?$AAr?$AA?5?$AAl?$AAo@ 004261d8     LIBCMT:crt0msg.obj
 0002:00005240       ??_C@_1BOO@KGEDBGAJ@?$AAR?$AA6?$AA0?$AA3?$AA3?$AA?$AN?$AA?6?$AA?9?$AA?5?$AAA?$AAt?$AAt?$AAe?$AAm?$AAp?$AAt?$AA?5?$AAt?$AAo?$AA?5?$AAu?$AAs?$AAe?$AA?5?$AAM?$AAS?$AAI?$AAL?$AA?5?$AAc?$AAo?$AAd@ 00426240     LIBCMT:crt0msg.obj
 0002:00005430       ??_C@_1GG@MKFPEKFO@?$AAR?$AA6?$AA0?$AA3?$AA4?$AA?$AN?$AA?6?$AA?9?$AA?5?$AAi?$AAn?$AAc?$AAo?$AAn?$AAs?$AAi?$AAs?$AAt?$AAe?$AAn?$AAt?$AA?5?$AAo?$AAn?$AAe?$AAx?$AAi?$AAt?$AA?5?$AAb?$AAe?$AAg@ 00426430     LIBCMT:crt0msg.obj
 0002:00005498       ??_C@_1BO@BFCDCGC@?$AAD?$AAO?$AAM?$AAA?$AAI?$AAN?$AA?5?$AAe?$AAr?$AAr?$AAo?$AAr?$AA?$AN?$AA?6?$AA?$AA@ 00426498     LIBCMT:crt0msg.obj
 0002:000054b8       ??_C@_1BK@KMOMNAAI@?$AAS?$AAI?$AAN?$AAG?$AA?5?$AAe?$AAr?$AAr?$AAo?$AAr?$AA?$AN?$AA?6?$AA?$AA@ 004264b8     LIBCMT:crt0msg.obj
 0002:000054d4       ??_C@_1BM@JBBEPPHI@?$AAT?$AAL?$AAO?$AAS?$AAS?$AA?5?$AAe?$AAr?$AAr?$AAo?$AAr?$AA?$AN?$AA?6?$AA?$AA@ 004264d4     LIBCMT:crt0msg.obj
 0002:000054f0       ??_C@_15JNBOKNOG@?$AA?$AN?$AA?6?$AA?$AA@ 004264f0     LIBCMT:crt0msg.obj
 0002:000054f8       ??_C@_1BO@BKOMIGKJ@?$AAr?$AAu?$AAn?$AAt?$AAi?$AAm?$AAe?$AA?5?$AAe?$AAr?$AAr?$AAo?$AAr?$AA?5?$AA?$AA@ 004264f8     LIBCMT:crt0msg.obj
 0002:000055d0       ??_C@_1FK@PGACCAFB@?$AAR?$AA6?$AA0?$AA0?$AA2?$AA?$AN?$AA?6?$AA?9?$AA?5?$AAf?$AAl?$AAo?$AAa?$AAt?$AAi?$AAn?$AAg?$AA?5?$AAp?$AAo?$AAi?$AAn?$AAt?$AA?5?$AAs?$AAu?$AAp?$AAp?$AAo?$AAr?$AAt?$AA?5@ 004265d0     LIBCMT:crt0msg.obj
 0002:0000562c       ??_C@_1DE@JNGNBFGO@?$AAR?$AAu?$AAn?$AAt?$AAi?$AAm?$AAe?$AA?5?$AAE?$AAr?$AAr?$AAo?$AAr?$AA?$CB?$AA?6?$AA?6?$AAP?$AAr?$AAo?$AAg?$AAr?$AAa?$AAm?$AA?3?$AA?5?$AA?$AA@ 0042662c     LIBCMT:crt0msg.obj
 0002:00005660       ??_C@_06OJHGLDPL@?$CInull?$CJ?$AA@ 00426660     LIBCMT:output.obj
 0002:00005668       ??_C@_1O@CEDCILHN@?$AA?$CI?$AAn?$AAu?$AAl?$AAl?$AA?$CJ?$AA?$AA@ 00426668     LIBCMT:output.obj
 0002:00005678       ___lookuptable             00426678     LIBCMT:output.obj
 0002:000056e4       ??_C@_1M@HPNHIDJI@?$AAj?$AAa?$AA?9?$AAJ?$AAP?$AA?$AA@ 004266e4     LIBCMT:mbctype.obj
 0002:000056f0       ??_C@_1M@BIBDDEMK@?$AAz?$AAh?$AA?9?$AAC?$AAN?$AA?$AA@ 004266f0     LIBCMT:mbctype.obj
 0002:000056fc       ??_C@_1M@JLOOOEGK@?$AAk?$AAo?$AA?9?$AAK?$AAR?$AA?$AA@ 004266fc     LIBCMT:mbctype.obj
 0002:00005708       ??_C@_1M@CLNBBOPM@?$AAz?$AAh?$AA?9?$AAT?$AAW?$AA?$AA@ 00426708     LIBCMT:mbctype.obj
 0002:00005714       ??_C@_03KOEHGMDN@Sun?$AA@  00426714     LIBCMT:nlsdata.obj
 0002:00005718       ??_C@_03PDAGKDH@Mon?$AA@   00426718     LIBCMT:nlsdata.obj
 0002:0000571c       ??_C@_03NAGEINEP@Tue?$AA@  0042671c     LIBCMT:nlsdata.obj
 0002:00005720       ??_C@_03MHOMLAJA@Wed?$AA@  00426720     LIBCMT:nlsdata.obj
 0002:00005724       ??_C@_03IOFIKPDN@Thu?$AA@  00426724     LIBCMT:nlsdata.obj
 0002:00005728       ??_C@_03IDIOELNC@Fri?$AA@  00426728     LIBCMT:nlsdata.obj
 0002:0000572c       ??_C@_03FEFJNEK@Sat?$AA@   0042672c     LIBCMT:nlsdata.obj
 0002:00005730       ??_C@_06OOPIFAJ@Sunday?$AA@ 00426730     LIBCMT:nlsdata.obj
 0002:00005738       ??_C@_06JLEDEDGH@Monday?$AA@ 00426738     LIBCMT:nlsdata.obj
 0002:00005740       ??_C@_07BAAGCFCM@Tuesday?$AA@ 00426740     LIBCMT:nlsdata.obj
 0002:00005748       ??_C@_09DLIGFAKA@Wednesday?$AA@ 00426748     LIBCMT:nlsdata.obj
 0002:00005754       ??_C@_08HACCIKIA@Thursday?$AA@ 00426754     LIBCMT:nlsdata.obj
 0002:00005760       ??_C@_06JECMNKMI@Friday?$AA@ 00426760     LIBCMT:nlsdata.obj
 0002:00005768       ??_C@_08INBOOONO@Saturday?$AA@ 00426768     LIBCMT:nlsdata.obj
 0002:00005774       ??_C@_03JIHJHPIE@Jan?$AA@  00426774     LIBCMT:nlsdata.obj
 0002:00005778       ??_C@_03HJBDCHOM@Feb?$AA@  00426778     LIBCMT:nlsdata.obj
 0002:0000577c       ??_C@_03ODNJBKGA@Mar?$AA@  0042677c     LIBCMT:nlsdata.obj
 0002:00005780       ??_C@_03LEOLGMJP@Apr?$AA@  00426780     LIBCMT:nlsdata.obj
 0002:00005784       ??_C@_03CNMDKL@May?$AA@    00426784     LIBCMT:nlsdata.obj
 0002:00005788       ??_C@_03IDFGHECI@Jun?$AA@  00426788     LIBCMT:nlsdata.obj
 0002:0000578c       ??_C@_03LBGABGKK@Jul?$AA@  0042678c     LIBCMT:nlsdata.obj
 0002:00005790       ??_C@_03IFJFEIGA@Aug?$AA@  00426790     LIBCMT:nlsdata.obj
 0002:00005794       ??_C@_03GGCAPAJC@Sep?$AA@  00426794     LIBCMT:nlsdata.obj
 0002:00005798       ??_C@_03BMAOKBAD@Oct?$AA@  00426798     LIBCMT:nlsdata.obj
 0002:0000579c       ??_C@_03JPJOFNIA@Nov?$AA@  0042679c     LIBCMT:nlsdata.obj
 0002:000057a0       ??_C@_03MKABNOCG@Dec?$AA@  004267a0     LIBCMT:nlsdata.obj
 0002:000057a4       ??_C@_07CGJPFGJA@January?$AA@ 004267a4     LIBCMT:nlsdata.obj
 0002:000057ac       ??_C@_08GNJGEPFN@February?$AA@ 004267ac     LIBCMT:nlsdata.obj
 0002:000057b8       ??_C@_05HPCKOFNC@March?$AA@ 004267b8     LIBCMT:nlsdata.obj
 0002:000057c0       ??_C@_05DMJDNLEJ@April?$AA@ 004267c0     LIBCMT:nlsdata.obj
 0002:000057c8       ??_C@_04CNLMGBGM@June?$AA@ 004267c8     LIBCMT:nlsdata.obj
 0002:000057d0       ??_C@_04MIEPOIFP@July?$AA@ 004267d0     LIBCMT:nlsdata.obj
 0002:000057d8       ??_C@_06LBBHFDDG@August?$AA@ 004267d8     LIBCMT:nlsdata.obj
 0002:000057e0       ??_C@_09BHHEALKD@September?$AA@ 004267e0     LIBCMT:nlsdata.obj
 0002:000057ec       ??_C@_07JJNFCEND@October?$AA@ 004267ec     LIBCMT:nlsdata.obj
 0002:000057f4       ??_C@_08HCHEGEOA@November?$AA@ 004267f4     LIBCMT:nlsdata.obj
 0002:00005800       ??_C@_08EDHMEBNP@December?$AA@ 00426800     LIBCMT:nlsdata.obj
 0002:0000580c       ??_C@_02DEDBPAFC@AM?$AA@   0042680c     LIBCMT:nlsdata.obj
 0002:00005810       ??_C@_02CJNFDJBF@PM?$AA@   00426810     LIBCMT:nlsdata.obj
 0002:00005814       ??_C@_08BPBNCDIB@MM?1dd?1yy?$AA@ 00426814     LIBCMT:nlsdata.obj
 0002:00005820       ??_C@_0BE@CKGJFCPC@dddd?0?5MMMM?5dd?0?5yyyy?$AA@ 00426820     LIBCMT:nlsdata.obj
 0002:00005834       ??_C@_08JCCMCCIL@HH?3mm?3ss?$AA@ 00426834     LIBCMT:nlsdata.obj
 0002:00005840       ??_C@_17MBGCMIPB@?$AAS?$AAu?$AAn?$AA?$AA@ 00426840     LIBCMT:nlsdata.obj
 0002:00005848       ??_C@_17KBOMKBF@?$AAM?$AAo?$AAn?$AA?$AA@ 00426848     LIBCMT:nlsdata.obj
 0002:00005850       ??_C@_17BMKGEGOJ@?$AAT?$AAu?$AAe?$AA?$AA@ 00426850     LIBCMT:nlsdata.obj
 0002:00005858       ??_C@_17CJEDCEPE@?$AAW?$AAe?$AAd?$AA?$AA@ 00426858     LIBCMT:nlsdata.obj
 0002:00005860       ??_C@_17PDPHAADD@?$AAT?$AAh?$AAu?$AA?$AA@ 00426860     LIBCMT:nlsdata.obj
 0002:00005868       ??_C@_17HFOLPPLP@?$AAF?$AAr?$AAi?$AA?$AA@ 00426868     LIBCMT:nlsdata.obj
 0002:00005870       ??_C@_17GGIBDPIH@?$AAS?$AAa?$AAt?$AA?$AA@ 00426870     LIBCMT:nlsdata.obj
 0002:00005878       ??_C@_1O@IHNHDHPB@?$AAS?$AAu?$AAn?$AAd?$AAa?$AAy?$AA?$AA@ 00426878     LIBCMT:nlsdata.obj
 0002:00005888       ??_C@_1O@MMNBFLIA@?$AAM?$AAo?$AAn?$AAd?$AAa?$AAy?$AA?$AA@ 00426888     LIBCMT:nlsdata.obj
 0002:00005898       ??_C@_1BA@ENFBFFEK@?$AAT?$AAu?$AAe?$AAs?$AAd?$AAa?$AAy?$AA?$AA@ 00426898     LIBCMT:nlsdata.obj
 0002:000058a8       ??_C@_1BE@EBOGMDOH@?$AAW?$AAe?$AAd?$AAn?$AAe?$AAs?$AAd?$AAa?$AAy?$AA?$AA@ 004268a8     LIBCMT:nlsdata.obj
 0002:000058bc       ??_C@_1BC@HHMNLIHE@?$AAT?$AAh?$AAu?$AAr?$AAs?$AAd?$AAa?$AAy?$AA?$AA@ 004268bc     LIBCMT:nlsdata.obj
 0002:000058d0       ??_C@_1O@PDICJHAG@?$AAF?$AAr?$AAi?$AAd?$AAa?$AAy?$AA?$AA@ 004268d0     LIBCMT:nlsdata.obj
 0002:000058e0       ??_C@_1BC@ENMNNPAJ@?$AAS?$AAa?$AAt?$AAu?$AAr?$AAd?$AAa?$AAy?$AA?$AA@ 004268e0     LIBCMT:nlsdata.obj
 0002:000058f4       ??_C@_17DKNBKCHM@?$AAJ?$AAa?$AAn?$AA?$AA@ 004268f4     LIBCMT:nlsdata.obj
 0002:000058fc       ??_C@_17LMDJEKJN@?$AAF?$AAe?$AAb?$AA?$AA@ 004268fc     LIBCMT:nlsdata.obj
 0002:00005904       ??_C@_17CKNLEDEC@?$AAM?$AAa?$AAr?$AA?$AA@ 00426904     LIBCMT:nlsdata.obj
 0002:0000590c       ??_C@_17LFPOIHDD@?$AAA?$AAp?$AAr?$AA?$AA@ 0042690c     LIBCMT:nlsdata.obj
 0002:00005914       ??_C@_17PNNKMEED@?$AAM?$AAa?$AAy?$AA?$AA@ 00426914     LIBCMT:nlsdata.obj
 0002:0000591c       ??_C@_17KCJGOCPB@?$AAJ?$AAu?$AAn?$AA?$AA@ 0042691c     LIBCMT:nlsdata.obj
 0002:00005924       ??_C@_17IJPCKHK@?$AAJ?$AAu?$AAl?$AA?$AA@ 00426924     LIBCMT:nlsdata.obj
 0002:0000592c       ??_C@_17ICPELBCN@?$AAA?$AAu?$AAg?$AA?$AA@ 0042692c     LIBCMT:nlsdata.obj
 0002:00005934       ??_C@_17HCHCOKMG@?$AAS?$AAe?$AAp?$AA?$AA@ 00426934     LIBCMT:nlsdata.obj
 0002:0000593c       ??_C@_17FNLKOI@?$AAO?$AAc?$AAt?$AA?$AA@ 0042693c     LIBCMT:nlsdata.obj
 0002:00005944       ??_C@_17BBDMLCIG@?$AAN?$AAo?$AAv?$AA?$AA@ 00426944     LIBCMT:nlsdata.obj
 0002:0000594c       ??_C@_17EGKACKIF@?$AAD?$AAe?$AAc?$AA?$AA@ 0042694c     LIBCMT:nlsdata.obj
 0002:00005954       ??_C@_1BA@EFMEIEBA@?$AAJ?$AAa?$AAn?$AAu?$AAa?$AAr?$AAy?$AA?$AA@ 00426954     LIBCMT:nlsdata.obj
 0002:00005964       ??_C@_1BC@JGDDFFAM@?$AAF?$AAe?$AAb?$AAr?$AAu?$AAa?$AAr?$AAy?$AA?$AA@ 00426964     LIBCMT:nlsdata.obj
 0002:00005978       ??_C@_1M@IKEENEDF@?$AAM?$AAa?$AAr?$AAc?$AAh?$AA?$AA@ 00426978     LIBCMT:nlsdata.obj
 0002:00005984       ??_C@_1M@GJNLMHFD@?$AAA?$AAp?$AAr?$AAi?$AAl?$AA?$AA@ 00426984     LIBCMT:nlsdata.obj
 0002:00005990       ??_C@_19EPFLPGAP@?$AAJ?$AAu?$AAn?$AAe?$AA?$AA@ 00426990     LIBCMT:nlsdata.obj
 0002:0000599c       ??_C@_19BIFMLPCD@?$AAJ?$AAu?$AAl?$AAy?$AA?$AA@ 0042699c     LIBCMT:nlsdata.obj
 0002:000059a8       ??_C@_1O@PAHLKOAC@?$AAA?$AAu?$AAg?$AAu?$AAs?$AAt?$AA?$AA@ 004269a8     LIBCMT:nlsdata.obj
 0002:000059b8       ??_C@_1BE@DKAAMBJL@?$AAS?$AAe?$AAp?$AAt?$AAe?$AAm?$AAb?$AAe?$AAr?$AA?$AA@ 004269b8     LIBCMT:nlsdata.obj
 0002:000059cc       ??_C@_1BA@EPANDLNG@?$AAO?$AAc?$AAt?$AAo?$AAb?$AAe?$AAr?$AA?$AA@ 004269cc     LIBCMT:nlsdata.obj
 0002:000059dc       ??_C@_1BC@BGLIFPF@?$AAN?$AAo?$AAv?$AAe?$AAm?$AAb?$AAe?$AAr?$AA?$AA@ 004269dc     LIBCMT:nlsdata.obj
 0002:000059f0       ??_C@_1BC@FEMKIFH@?$AAD?$AAe?$AAc?$AAe?$AAm?$AAb?$AAe?$AAr?$AA?$AA@ 004269f0     LIBCMT:nlsdata.obj
 0002:00005a04       ??_C@_15ODEHAHHF@?$AAA?$AAM?$AA?$AA@ 00426a04     LIBCMT:nlsdata.obj
 0002:00005a0c       ??_C@_15CLMNNGEL@?$AAP?$AAM?$AA?$AA@ 00426a0c     LIBCMT:nlsdata.obj
 0002:00005a14       ??_C@_1BC@IEBCMHCM@?$AAM?$AAM?$AA?1?$AAd?$AAd?$AA?1?$AAy?$AAy?$AA?$AA@ 00426a14     LIBCMT:nlsdata.obj
 0002:00005a28       ??_C@_1CI@KNAKOEBC@?$AAd?$AAd?$AAd?$AAd?$AA?0?$AA?5?$AAM?$AAM?$AAM?$AAM?$AA?5?$AAd?$AAd?$AA?0?$AA?5?$AAy?$AAy?$AAy?$AAy?$AA?$AA@ 00426a28     LIBCMT:nlsdata.obj
 0002:00005a50       ??_C@_1BC@GDGBMEMK@?$AAH?$AAH?$AA?3?$AAm?$AAm?$AA?3?$AAs?$AAs?$AA?$AA@ 00426a50     LIBCMT:nlsdata.obj
 0002:00005a64       ??_C@_1M@BMHNFIME@?$AAe?$AAn?$AA?9?$AAU?$AAS?$AA?$AA@ 00426a64     LIBCMT:nlsdata.obj
 0002:00005b18       ??_C@_1BK@MGMFAEKH@?$AAk?$AAe?$AAr?$AAn?$AAe?$AAl?$AA3?$AA2?$AA?4?$AAd?$AAl?$AAl?$AA?$AA@ 00426b18     LIBCMT:winapisupp.obj
 0002:00005b34       ??_C@_08KNHFBNJ@FlsAlloc?$AA@ 00426b34     LIBCMT:winapisupp.obj
 0002:00005b40       ??_C@_07PEJMOBNF@FlsFree?$AA@ 00426b40     LIBCMT:winapisupp.obj
 0002:00005b48       ??_C@_0M@GDNOONDI@FlsGetValue?$AA@ 00426b48     LIBCMT:winapisupp.obj
 0002:00005b54       ??_C@_0M@JCPCPOEF@FlsSetValue?$AA@ 00426b54     LIBCMT:winapisupp.obj
 0002:00005b60       ??_C@_0BM@HCFOFFN@InitializeCriticalSectionEx?$AA@ 00426b60     LIBCMT:winapisupp.obj
[...]
 0001:00012790       $$000000                   00413790     LIBCMT:memset.obj
 0001:00012870       $$000000                   00413870     LIBCMT:memmove.obj
 0001:00012ac0       LeadUpVec                  00413ac0     LIBCMT:memmove.obj
 0001:00012b3c       UnwindUpVec                00413b3c     LIBCMT:memmove.obj
 0001:00012ba8       TrailUpVec                 00413ba8     LIBCMT:memmove.obj
 0001:00012c4c       LeadDownVec                00413c4c     LIBCMT:memmove.obj
 0001:00012cd8       UnwindDownVec              00413cd8     LIBCMT:memmove.obj
 0001:00012d44       TrailDownVec               00413d44     LIBCMT:memmove.obj
 0001:00012ec0       $$000000                   00413ec0     LIBCMT:llmul.obj
 0001:00012f00       $$000000                   00413f00     LIBCMT:llshl.obj
 0001:00012f20       $$000000                   00413f20     LIBCMT:ulldvrm.obj
 0001:00012fc0       $$000000                   00413fc0     LIBCMT:ullrem.obj
 0001:000147af       $LN1280                    004157af     LIBCMT:memcmp.obj
 0001:00014ec0       $$000000                   00415ec0     LIBCMT:strncmp.obj
 0001:00014f40       $$000000                   00415f40     LIBCMT:chkstk.obj
 0001:00014f70       $$000000                   00415f70     LIBCMT:strncpy.obj
 0001:000150a0       $$000000                   004160a0     LIBCMT:strcspn.obj
 0001:000150f0       $$000000                   004160f0     LIBCMT:strrchr.obj
 0001:00015230       $$000000                   00416230     LIBCMT:strchr.obj
 0001:0001556a       __initterm                 0041656a f   LIBCMT:crt0dat.obj
 0001:000155ba       _doexit                    004165ba f   LIBCMT:crt0dat.obj
 0001:00015707       ___tmainCRTStartup         00416707 f   LIBCMT:wincrt0.obj
 0001:00015857       _fast_error_exit           00416857 f   LIBCMT:wincrt0.obj
 0001:00015cb8       _xtow_s@20                 00416cb8 f   LIBCMT:xtows.obj
 0001:00016029       _flsall                    00417029 f   LIBCMT:fflush.obj
 0001:000165a3       _siglookup                 004175a3 f   LIBCMT:winsig.obj
 0001:00016ce0       $$000000                   00417ce0     LIBCMT:sehprolg4.obj
 0001:00017e38       $LN272                     00418e38     LIBCMT:output.obj
 0001:00017e58       _write_char                00418e58 f   LIBCMT:output.obj
 0001:00017e9e       _write_multi_char          00418e9e f   LIBCMT:output.obj
 0001:00017eca       _write_string              00418eca f   LIBCMT:output.obj
 0001:000182ac       ?CPtoLocaleName@@YAPB_WH@Z 004192ac f   LIBCMT:mbctype.obj
 0001:000182e6       ?getSystemCP@@YAHH@Z       004192e6 f   LIBCMT:mbctype.obj
 0001:00018352       ?setSBCS@@YAXPAUthreadmbcinfostruct@@@Z 00419352 f   LIBCMT:mbctype.obj
 0001:000183bb       ?setSBUpLow@@YAXPAUthreadmbcinfostruct@@@Z 004193bb f   LIBCMT:mbctype.obj
 0001:00019500       $$000000                   0041a500     LIBCMT:exsup4.obj
 0001:00019590       __unwind_handler4          0041a590 f   LIBCMT:exsup4.obj
 0001:0001b030       __onexit_nolock            0041c030 f   LIBCMT:onexit.obj
 0001:0001b4b3       _parse_cmdline             0041c4b3 f   LIBCMT:stdargv.obj
 0001:0001c61b       $LN262                     0041d61b     LIBCMT:woutput.obj
 0001:0001c63b       _write_char                0041d63b f   LIBCMT:woutput.obj
 0001:0001c671       _write_multi_char          0041d671 f   LIBCMT:woutput.obj
 0001:0001c69d       _write_string              0041d69d f   LIBCMT:woutput.obj
 0001:0001d011       ?__crtLCMapStringA_stat@@YAHPAUlocaleinfo_struct@@PB_WKPBDHPADHHH@Z 0041e011 f   LIBCMT:a_map.obj
 0001:0001d25c       ?__crtGetStringTypeA_stat@@YAHPAUlocaleinfo_struct@@KPBDHPAGHH@Z 0041e25c f   LIBCMT:a_str.obj
 0001:0001dcb0       $$000000                   0041ecb0     LIBCMT:exsup.obj
 0001:0001dcd0       __unwind_handler           0041ecd0 f   LIBCMT:exsup.obj
 0001:0001dfe7       ?x_ismbbtype_l@@YAHPAUlocaleinfo_struct@@IHH@Z 0041efe7 f   LIBCMT:ismbbyte.obj
 0001:0001e1e0       $$000000                   0041f1e0     LIBCMT:alloca16.obj
 0001:0001e20c       ___createFile              0041f20c f   LIBCMT:wopen.obj
 0001:0001ef50       $$000000                   0041ff50     LIBCMT:_strnicm.obj
 0002:00000260       _pinit                     00421260     LIBCMT:_file.obj
 0002:00000264       _pinit                     00421264     LIBCMT:cpu_disp.obj
 0002:00000268       _pinit                     00421268     LIBCMT:mbctype.obj
 0002:0000026c       _pinit                     0042126c     LIBCMT:onexit.obj
 0002:00000270       _pinit                     00421270     LIBCMT:wincrt0.obj
 0002:0000027c       _pterm                     0042127c     LIBCMT:wsetloca.obj
 0002:00000280       _pterm                     00421280     LIBCMT:initcon.obj
 0002:00000284       _pterm                     00421284     LIBCMT:_file.obj
 0002:000002a0       ?base64_chars@?1??base64_encode_atom@@9@9 004212a0     misc.obj
 0002:000002f8       ?C1@?1??aes_decrypt_nb_6@@9@9 004212f8     sshaes.obj
 0002:000002fc       ?C2@?1??aes_decrypt_nb_6@@9@9 004212fc     sshaes.obj
 0002:00000300       ?C3@?1??aes_decrypt_nb_6@@9@9 00421300     sshaes.obj
 0002:00000304       ?Nb@?1??aes_decrypt_nb_6@@9@9 00421304     sshaes.obj
 0002:00000308       ?C1@?1??aes_decrypt_nb_8@@9@9 00421308     sshaes.obj
 0002:0000030c       ?C2@?1??aes_decrypt_nb_8@@9@9 0042130c     sshaes.obj
 0002:00000310       ?C3@?1??aes_decrypt_nb_8@@9@9 00421310     sshaes.obj
 0002:00000314       ?Nb@?1??aes_decrypt_nb_8@@9@9 00421314     sshaes.obj
 0002:00000320       _ssh_aes128_ctr            00421320     sshaes.obj
 0002:0000034c       _ssh_aes192_ctr            0042134c     sshaes.obj
 0002:00000378       _ssh_aes256_ctr            00421378     sshaes.obj
 0002:000003a4       _ssh_aes128                004213a4     sshaes.obj
 0002:000003d0       _ssh_aes192                004213d0     sshaes.obj
 0002:000003fc       _ssh_aes256                004213fc     sshaes.obj
 0002:00000428       _ssh_rijndael_lysator      00421428     sshaes.obj
 0002:00000454       _aes_list                  00421454     sshaes.obj
 0002:00000470       _Sbox                      00421470     sshaes.obj
 0002:00000570       _Sboxinv                   00421570     sshaes.obj
 0002:00000670       _E0                        00421670     sshaes.obj
 0002:00000a70       _E1                        00421a70     sshaes.obj
 0002:00000e70       _E2                        00421e70     sshaes.obj
 0002:00001270       _E3                        00422270     sshaes.obj
 0002:00001670       _D0                        00422670     sshaes.obj
 0002:00001a70       _D1                        00422a70     sshaes.obj
 0002:00001e70       _D2                        00422e70     sshaes.obj
 0002:00002270       _D3                        00423270     sshaes.obj
 0002:00002670       ?C1@?1??aes_encrypt_nb_4@@9@9 00423670     sshaes.obj
 0002:00002674       ?C2@?1??aes_encrypt_nb_4@@9@9 00423674     sshaes.obj
 0002:00002678       ?C3@?1??aes_encrypt_nb_4@@9@9 00423678     sshaes.obj
 0002:0000267c       ?Nb@?1??aes_encrypt_nb_4@@9@9 0042367c     sshaes.obj
 0002:00002680       ?C1@?1??aes_encrypt_nb_6@@9@9 00423680     sshaes.obj
 0002:00002684       ?C2@?1??aes_encrypt_nb_6@@9@9 00423684     sshaes.obj
 0002:00002688       ?C3@?1??aes_encrypt_nb_6@@9@9 00423688     sshaes.obj
 0002:0000268c       ?Nb@?1??aes_encrypt_nb_6@@9@9 0042368c     sshaes.obj
 0002:00002690       ?C1@?1??aes_encrypt_nb_8@@9@9 00423690     sshaes.obj
 0002:00002694       ?C2@?1??aes_encrypt_nb_8@@9@9 00423694     sshaes.obj
 0002:00002698       ?C3@?1??aes_encrypt_nb_8@@9@9 00423698     sshaes.obj
 0002:0000269c       ?Nb@?1??aes_encrypt_nb_8@@9@9 0042369c     sshaes.obj
 0002:000026a0       ?C1@?1??aes_decrypt_nb_4@@9@9 004236a0     sshaes.obj
 0002:000026a4       ?C2@?1??aes_decrypt_nb_4@@9@9 004236a4     sshaes.obj
 0002:000026a8       ?C3@?1??aes_decrypt_nb_4@@9@9 004236a8     sshaes.obj
 0002:000026ac       ?Nb@?1??aes_decrypt_nb_4@@9@9 004236ac     sshaes.obj
 0002:000028f8       _ssh_3des_ssh2             004238f8     sshdes.obj
 0002:00002924       _ssh_3des_ssh2_ctr         00423924     sshdes.obj
 0002:00002950       _ssh_des_ssh2              00423950     sshdes.obj
 0002:0000297c       _ssh_des_sshcom_ssh2       0042397c     sshdes.obj
 0002:000029a8       _des3_list                 004239a8     sshdes.obj
 0002:000029b0       _des_list                  004239b0     sshdes.obj
 0002:000029b8       ?PC1_Cbits@?1??des_key_setup@@9@9 004239b8     sshdes.obj
 0002:00002a28       ?PC1_Dbits@?1??des_key_setup@@9@9 00423a28     sshdes.obj
 0002:00002a98       ?PC2_0246@?1??des_key_setup@@9@9 00423a98     sshdes.obj
 0002:00002b18       ?PC2_1357@?1??des_key_setup@@9@9 00423b18     sshdes.obj
 0002:00002b98       ?leftshifts@?1??des_key_setup@@9@9 00423b98     sshdes.obj
 0002:00002bd8       _SPboxes                   00423bd8     sshdes.obj
 0002:000034c4       ?hex@?1??dss_fmtkey@@9@9   004244c4     sshdss.obj
 0002:00003864       ?hex@?1??rsastr_fmt@@9@9   00424864     sshrsa.obj
 0002:000038b8       _asn1_weird_stuff          004248b8     sshrsa.obj
 0002:000038c8       _ssh_rsa_kex_sha1          004248c8     sshrsa.obj
 0002:000038e8       _ssh_rsa_kex_sha256        004248e8     sshrsa.obj
 0002:00003908       _rsa_kex_list              00424908     sshrsa.obj
 0002:00003a08       ?k@?1??SHA256_Block@@9@9   00424a08     sshsh256.obj
 0002:00003b30       ?iv@?1??SHA512_Core_Init@@9@9 00424b30     sshsh512.obj
 0002:00003b70       ?k@?1??SHA512_Block@@9@9   00424b70     sshsh512.obj
 0002:00004078       ?mbtitle@?1??old_keyfile_warning@@9@9 00425078     winpgnt.obj
 0002:00004090       ?message@?1??old_keyfile_warning@@9@9 00425090     winpgnt.obj
 0002:00005518       _rterrs                    00426518     LIBCMT:crt0msg.obj
 0002:000056d4       __mb_locale_names          004266d4     LIBCMT:mbctype.obj
 0002:00005a70       __first_127char            00426a70     LIBCMT:wsetloca.obj
 0002:00005af0       _GS_ExceptionPointers      00426af0     LIBCMT:gs_report.obj
 0002:00005af8       ?ccsField@?P@??_openfile@@9@9 00426af8     LIBCMT:_open.obj
 0002:00005afc       ?utf8encoding@?P@??_openfile@@9@9 00426afc     LIBCMT:_open.obj
 0002:00005b04       ?utf16encoding@?P@??_openfile@@9@9 00426b04     LIBCMT:_open.obj
 0002:00005b10       ?unicodeencoding@?P@??_openfile@@9@9 00426b10     LIBCMT:_open.obj
 0002:000087b0       __sehtable$_fgets          004297b0     LIBCMT:fgets.obj
 0002:000087d0       __sehtable$_fclose         004297d0     LIBCMT:fclose.obj
 0002:000087f0       __sehtable$_fgetc          004297f0     LIBCMT:fgetc.obj
 0002:00008810       __sehtable$__fsopen        00429810     LIBCMT:fopen.obj
 0002:00008830       __sehtable$_fread_s        00429830     LIBCMT:fread.obj
 0002:00008850       __sehtable$_ungetc         00429850     LIBCMT:ungetc.obj
 0002:00008870       __sehtable$_doexit         00429870     LIBCMT:crt0dat.obj
 0002:00008890       __sehtable$___tmainCRTStartup 00429890     LIBCMT:wincrt0.obj
 0002:000088b0       __sehtable$_fflush         004298b0     LIBCMT:fflush.obj
 0002:000088d0       __sehtable$_flsall         004298d0     LIBCMT:fflush.obj
 0002:000088f8       __sehtable$_setvbuf        004298f8     LIBCMT:setvbuf.obj
 0002:00008918       __sehtable$_fwprintf       00429918     LIBCMT:fwprintf.obj
 0002:00008938       __sehtable$_raise          00429938     LIBCMT:winsig.obj
 0002:00008958       __sehtable$__ioinit        00429958     LIBCMT:ioinit.obj
 0002:00008978       __sehtable$___updatetlocinfo 00429978     LIBCMT:localref.obj
 0002:00008998       __sehtable$___updatetmbcinfo 00429998     LIBCMT:mbctype.obj
 0002:000089b8       __sehtable$__setmbcp       004299b8     LIBCMT:mbctype.obj
 0002:000089d8       __sehtable$__freefls@4     004299d8     LIBCMT:tidtable.obj
 0002:00008a00       __sehtable$__initptd       00429a00     LIBCMT:tidtable.obj
 0002:00008a28       __sehtable$__locterm       00429a28     LIBCMT:wsetloca.obj
 0002:00008a48       __sehtable$__close         00429a48     LIBCMT:close.obj
 0002:00008a68       __sehtable$__getstream     00429a68     LIBCMT:stream.obj
 0002:00008a88       __sehtable$__read          00429a88     LIBCMT:read.obj
 0002:00008aa8       __sehtable$__write         00429aa8     LIBCMT:write.obj
 0002:00008ac8       __sehtable$__mtinitlocknum 00429ac8     LIBCMT:mlock.obj
 0002:00008ae8       __sehtable$__IsNonwritableInCurrentImage 00429ae8     LIBCMT:pesect.obj
 0002:00008b08       __sehtable$__onexit        00429b08     LIBCMT:onexit.obj
 0002:00008b28       __sehtable$?terminate@@YAXXZ 00429b28     LIBCMT:hooks.obj
 0002:00008b48       __sehtable$__fcloseall     00429b48     LIBCMT:closeall.obj
 0002:00008b68       __sehtable$__commit        00429b68     LIBCMT:commit.obj
 0002:00008b88       __sehtable$__lseeki64      00429b88     LIBCMT:lseeki64.obj
 0002:00008ba8       __sehtable$__alloc_osfhnd  00429ba8     LIBCMT:osfinfo.obj
 0002:00008bd0       __sehtable$___lock_fhandle 00429bd0     LIBCMT:osfinfo.obj
 0002:00008bf0       __sehtable$__sopen_helper  00429bf0     LIBCMT:open.obj
 0002:00008f3c       .idata$6                   00429f3c     advapi32:ADVAPI32.dll
 0002:00008f72       .idata$6                   00429f72     comdlg32:COMDLG32.dll
 0002:00008f92       .idata$6                   00429f92     gdi32:GDI32.dll
 0002:00008fc0       .idata$6                   00429fc0     shell32:SHELL32.dll
 0002:00009322       .idata$6                   0042a322     user32:USER32.dll
 0002:00009908       .idata$6                   0042a908     kernel32:KERNEL32.dll
 0003:00000000       _subkeytypes               0042b000     conf.obj
 0003:000002b8       _valuetypes                0042b2b8     conf.obj
 0003:000005d0       ?tabs@?5??KeyListProc@@9@9 0042b5d0     winpgnt.obj
 0003:000005dc       _max_idle_value            0042b5dc     winpgnt.obj
 0003:000005e0       __assertstring             0042b5e0     LIBCMT:wassert.obj
 0003:00000630       _dotdotdot                 0042b630     LIBCMT:wassert.obj
 0003:00000634       _newline                   0042b634     LIBCMT:wassert.obj
 0003:00000638       _dblnewline                0042b638     LIBCMT:wassert.obj
 0003:000008e8       _errtable                  0042b8e8     LIBCMT:dosmap.obj
 0003:00000a50       _ErrnoNoMem                0042ba50     LIBCMT:dosmap.obj
 0003:00000a54       _DoserrorNoMem             0042ba54     LIBCMT:dosmap.obj
 0003:00000aac       ___rgctypeflag             0042baac     LIBCMT:mbctype.obj
 0003:00000ab0       ___rgcode_page_info        0042bab0     LIBCMT:mbctype.obj
 0003:00001200       __ctype_loc_style          0042c200     LIBCMT:wsetloca.obj
 0003:00001310       __locktable                0042c310     LIBCMT:mlock.obj
 0003:00001430       ?isPackaged@?1??__crtIsPackagedApp@@9@9 0042c430     LIBCMT:winapisupp.obj
 0003:00001510       _requested_help            0042c510     winhelp.obj
 0003:00001514       _help_path                 0042c514     winhelp.obj
 0003:00001518       _help_has_contents         0042c518     winhelp.obj
 0003:0000151c       _p_HtmlHelpA               0042c51c     winhelp.obj
 0003:00001520       _chm_path                  0042c520     winhelp.obj
 0003:00001524       ?tried_usernameex@?2??get_username@@9@9 0042c524     winmisc.obj
 0003:00001528       ?sysdir@?1??load_system32_dll@@9@9 0042c528     winmisc.obj
 0003:0000152c       ?p_GetUserNameExA@?1??get_username@@9@9 0042c52c     winmisc.obj
 0003:00001530       _keypath                   0042c530     winpgnt.obj
 0003:00001534       ?msgTaskbarCreated@?1??WndProc@@9@9 0042c534     winpgnt.obj
 0003:00001538       _passphrases               0042c538     winpgnt.obj
 0003:0000153c       ?passphrase@?1??PassphraseProc@@9@9 0042c53c     winpgnt.obj
 0003:00001540       ?user32@?1??threadProc@@9@9 0042c540     winpgnt.obj
 0003:00001544       _keylist                   0042c544     winpgnt.obj
 0003:00001548       _aboutbox                  0042c548     winpgnt.obj
 0003:0000154c       _systray_menu              0042c54c     winpgnt.obj
 0003:00001550       _session_menu              0042c550     winpgnt.obj
 0003:00001554       _already_running           0042c554     winpgnt.obj
 0003:00001558       _putty_path                0042c558     winpgnt.obj
 0003:0000155c       _initial_menuitems_count   0042c55c     winpgnt.obj
 0003:00001560       _rsakeys                   0042c560     winpgnt.obj
 0003:00001564       _ssh2keys                  0042c564     winpgnt.obj
 0003:00001568       _has_security              0042c568     winpgnt.obj
 0003:0000156c       _passphrase_box            0042c56c     winpgnt.obj
 0003:00001570       ?menuinprogress@?1??WndProc@@9@9 0042c570     winpgnt.obj
 0003:00001578       _advapi                    0042c578     winpgntc.obj
 0003:0000157c       _p_OpenProcessToken        0042c57c     winpgntc.obj
 0003:00001580       _p_GetTokenInformation     0042c580     winpgntc.obj
 0003:00001584       _p_InitializeSecurityDescriptor 0042c584     winpgntc.obj
 0003:00001588       _p_SetSecurityDescriptorOwner 0042c588     winpgntc.obj
 0003:000015d4       _ctrlc_action              0042c5d4     LIBCMT:winsig.obj
 0003:000015d8       _ctrlbreak_action          0042c5d8     LIBCMT:winsig.obj
 0003:000015dc       _abort_action              0042c5dc     LIBCMT:winsig.obj
 0003:000015e0       _term_action               0042c5e0     LIBCMT:winsig.obj
 0003:000015e4       _ConsoleCtrlHandler_Installed 0042c5e4     LIBCMT:winsig.obj
 0003:000015e8       ?pfnMessageBox@?1??__crtMessageBoxW@@9@9 0042c5e8     LIBCMT:crtmboxw.obj
 0003:000015ec       ?pfnGetActiveWindow@?1??__crtMessageBoxW@@9@9 0042c5ec     LIBCMT:crtmboxw.obj
 0003:000015f0       ?pfnGetLastActivePopup@?1??__crtMessageBoxW@@9@9 0042c5f0     LIBCMT:crtmboxw.obj
 0003:000015f4       ?pfnGetProcessWindowStation@?1??__crtMessageBoxW@@9@9 0042c5f4     LIBCMT:crtmboxw.obj
 0003:000015f8       ?pfnGetUserObjectInformation@?1??__crtMessageBoxW@@9@9 0042c5f8     LIBCMT:crtmboxw.obj
 0003:00001608       ?outmsg@?8??_NMSG_WRITE@@9@9 0042c608     LIBCMT:crt0msg.obj
 0003:00001d50       _fSystemSet                0042cd50     LIBCMT:mbctype.obj
 0003:00001d68       _GS_ExceptionRecord        0042cd68     LIBCMT:gs_report.obj
 0003:00001db8       _GS_ContextRecord          0042cdb8     LIBCMT:gs_report.obj
 0003:00002084       _DebuggerWasPresent        0042d084     LIBCMT:gs_report.obj
 0003:00002090       _lclcritsects              0042d090     LIBCMT:mlock.obj
 0003:000021ec       _g_pfnRtlGenRandom         0042d1ec     LIBCMT:rand_s.obj
 0003:000021f0       ?_pgmname@?1??_setargv@@9@9 0042d1f0     LIBCMT:stdargv.obj
 0003:000022f8       ___enable_percent_n        0042d2f8     LIBCMT:printf.obj
 0003:00002304       ___crtCallProc             0042d304     LIBCMT:winapinls.obj
 0004:00000390       $R000000                   0042f390     pageant.res
 0004:000004b8       $R000128                   0042f4b8     pageant.res
 0004:000007a0       $R000410                   0042f7a0     pageant.res
 0004:00000e08       $R000A78                   0042fe08     pageant.res
 0004:00000eb8       $R000B28                   0042feb8     pageant.res
 0004:00000fe8       $R000C58                   0042ffe8     pageant.res
 0004:00001318       $R000F88                   00430318     pageant.res
 0004:00001378       $R000FE8                   00430378     pageant.res
 0004:000014a0       $R001110                   004304a0     pageant.res
 0004:00001550       $R0011C0                   00430550     pageant.res
 0004:00001578       $R0011E8                   00430578     pageant.res
 0004:000016b0       $R001320                   004306b0     pageant.res
 0004:000017c8       $R001438                   004307c8     pageant.res
 0004:00001930       $R0015A0                   00430930     pageant.res
 0004:000025f8       $R002268                   004315f8     pageant.res
 0004:00002960       $R0025D0                   00431960     pageant.res
