 pageant

 Timestamp is 51cbe75b (Thu Jun 27 09:18:51 2013)

 Preferred load address is 00400000

 Start         Length     Name                   Class
 0001:00000000 0001f14eH .text                   CODE
 0002:00000000 00000254H .idata$5                DATA
 0002:00000254 00000004H .CRT$XCA                DATA
 0002:00000258 00000004H .CRT$XCZ                DATA
 0002:0000025c 00000004H .CRT$XIA                DATA
 0002:00000260 00000010H .CRT$XIC                DATA
 0002:00000270 00000004H .CRT$XIY                DATA
 0002:00000274 00000004H .CRT$XIZ                DATA
 0002:00000278 00000004H .CRT$XPA                DATA
 0002:0000027c 00000008H .CRT$XPX                DATA
 0002:00000284 00000004H .CRT$XPXA               DATA
 0002:00000288 00000004H .CRT$XPZ                DATA
 0002:0000028c 00000004H .CRT$XTA                DATA
 0002:00000290 00000004H .CRT$XTZ                DATA
 0002:00000298 00008508H .rdata                  DATA
 0002:000087a0 0000000cH .rdata$sxdata           DATA
 0002:000087ac 00000004H .rtc$IAA                DATA
 0002:000087b0 00000004H .rtc$IZZ                DATA
 0002:000087b4 00000004H .rtc$TAA                DATA
 0002:000087b8 00000004H .rtc$TZZ                DATA
 0002:000087c0 0000045cH .xdata$x                DATA
 0002:00008c1c 00000078H .idata$2                DATA
 0002:00008c94 00000014H .idata$3                DATA
 0002:00008ca8 00000254H .idata$4                DATA
 0002:00008efc 00000a2aH .idata$6                DATA
 0002:00009926 00000000H .edata                  DATA
 0003:00000000 000014f0H .data                   DATA
 0003:00001500 00001f7cH .bss                    DATA
 0004:00000000 00000388H .rsrc$01                DATA
 0004:00000390 00002ac0H .rsrc$02                DATA

  Address         Publics by Value              Rva+Base       Lib:Object

 0000:00000000       __except_list              00000000     <absolute>
 0000:00000003       ___safe_se_handler_count   00000003     <absolute>
 0000:00000000       ___ImageBase               00400000     <linker-defined>
 0001:00000000       _burnstr                   00401000 f   misc.obj
 0001:00000021       _dupcat                    00401021 f   misc.obj
 0001:0000009e       _dupprintf                 0040109e f   misc.obj
 0001:000000af       _dupstr                    004010af f   misc.obj
 0001:000000dd       _dupvprintf                004010dd f   misc.obj
 0001:0000012c       _safefree                  0040112c f   misc.obj
 0001:00000138       _safemalloc                00401138 f   misc.obj
 0001:000001a9       _saferealloc               004011a9 f   misc.obj
 0001:00000222       _aes_make_context          00401222 f   sshaes.obj
 0001:00000231       _aes128_key                00401231 f   sshaes.obj
 0001:00000246       _aes192_key                00401246 f   sshaes.obj
 0001:0000025b       _aes256_key                0040125b f   sshaes.obj
 0001:00000270       _aes_iv                    00401270 f   sshaes.obj
 0001:000002b2       _aes_ssh2_encrypt_blk      004012b2 f   sshaes.obj
 0001:000002dc       _aes_ssh2_decrypt_blk      004012dc f   sshaes.obj
 0001:000002f1       _aes256_decrypt_pubkey     004012f1 f   sshaes.obj
 0001:000021b5       _bigadd                    004031b5 f   sshbn.obj
 0001:00002487       _bigmod                    00403487 f   sshbn.obj
 0001:000024ab       _bigmul                    004034ab f   sshbn.obj
 0001:000024be       _bigmuladd                 004034be f   sshbn.obj
 0001:0000266f       _bignum_bitcount           0040366f f   sshbn.obj
 0001:000026a9       _bignum_byte               004036a9 f   sshbn.obj
 0001:000026e7       _bignum_cmp                004036e7 f   sshbn.obj
 0001:0000273b       _bignum_from_bytes         0040373b f   sshbn.obj
 0001:000027c2       _bignum_set_bit            004037c2 f   sshbn.obj
 0001:0000280c       _bigsub                    0040380c f   sshbn.obj
 0001:000028c0       _bn_power_2                004038c0 f   sshbn.obj
 0001:000028ea       _copybn                    004038ea f   sshbn.obj
 0001:00002922       _decbn                     00403922 f   sshbn.obj
 0001:00002940       _freebn                    00403940 f   sshbn.obj
 0001:00003032       _modinv                    00404032 f   sshbn.obj
 0001:000031d9       _modmul                    004041d9 f   sshbn.obj
 0001:000034fb       _modpow                    004044fb f   sshbn.obj
 0001:000038ec       _modpow_simple             004048ec f   sshbn.obj
 0001:00003dc5       _ssh1_bignum_length        00404dc5 f   sshbn.obj
 0001:00003ddf       _ssh1_read_bignum          00404ddf f   sshbn.obj
 0001:00003e3a       _ssh1_write_bignum         00404e3a f   sshbn.obj
 0001:00003e80       _ssh2_bignum_length        00404e80 f   sshbn.obj
 0001:000041b3       _des3_decrypt_pubkey       004051b3 f   sshdes.obj
 0001:00006cc2       _hmacmd5_make_context      00407cc2 f   sshmd5.obj
 0001:00006e3c       _MD5Final                  00407e3c f   sshmd5.obj
 0001:00006f28       _MD5Init                   00407f28 f   sshmd5.obj
 0001:00006f53       _MD5Update                 00407f53 f   sshmd5.obj
 0001:00007b7d       _hmacmd5_key               00408b7d f   sshmd5.obj
 0001:00007c54       _base64_decode_atom        00408c54 f   sshpubk.obj
 0001:00007d40       _find_pubkey_alg           00408d40 f   sshpubk.obj
 0001:00007d79       _key_type                  00408d79 f   sshpubk.obj
 0001:00007e71       _key_type_to_str           00408e71 f   sshpubk.obj
 0001:00007eb3       _loadrsakey                00408eb3 f   sshpubk.obj
 0001:000084b8       _rsakey_encrypted          004094b8 f   sshpubk.obj
 0001:00008537       _rsakey_pubblob            00409537 f   sshpubk.obj
 0001:0000864c       _ssh2_load_userkey         0040964c f   sshpubk.obj
 0001:00008e3b       _ssh2_userkey_encrypted    00409e3b f   sshpubk.obj
 0001:00008f83       _ssh2_userkey_loadpub      00409f83 f   sshpubk.obj
 0001:00009e1b       _crt_modpow                0040ae1b f   sshrsa.obj
 0001:00009f42       _freersakey                0040af42 f   sshrsa.obj
 0001:00009fe6       _makekey                   0040afe6 f   sshrsa.obj
 0001:0000a0c5       _makeprivate               0040b0c5 f   sshrsa.obj
 0001:0000a0de       _rsa_fingerprint           0040b0de f   sshrsa.obj
 0001:0000a474       _rsa_public_blob           0040b474 f   sshrsa.obj
 0001:0000a4f9       _rsa_public_blob_len       0040b4f9 f   sshrsa.obj
 0001:0000a543       _rsa_verify                0040b543 f   sshrsa.obj
 0001:0000a650       _rsadecrypt                0040b650 f   sshrsa.obj
 0001:0000a655       _rsastr_fmt                0040b655 f   sshrsa.obj
 0001:0000a74d       _rsastr_len                0040b74d f   sshrsa.obj
 0001:0000a9c6       _SHA256_Block              0040b9c6 f   sshsh256.obj
 0001:0000ae0f       _SHA256_Bytes              0040be0f f   sshsh256.obj
 0001:0000aef8       _SHA256_Core_Init          0040bef8 f   sshsh256.obj
 0001:0000af34       _SHA256_Final              0040bf34 f   sshsh256.obj
 0001:0000b01f       _SHA256_Init               0040c01f f   sshsh256.obj
 0001:0000c103       _SHA512_Bytes              0040d103 f   sshsh512.obj
 0001:0000c251       _SHA512_Final              0040d251 f   sshsh512.obj
 0001:0000c37e       _SHA512_Init               0040d37e f   sshsh512.obj
 0001:0000c697       _SHATransform              0040d697 f   sshsha.obj
 0001:0000c847       _SHA_Bytes                 0040d847 f   sshsha.obj
 0001:0000c930       _SHA_Final                 0040d930 f   sshsha.obj
 0001:0000ca1c       _SHA_Init                  0040da1c f   sshsha.obj
 0001:0000ca4e       _SHA_Simple                0040da4e f   sshsha.obj
 0001:0000ca97       _hmac_sha1_simple          0040da97 f   sshsha.obj
 0001:0000cc3e       _add234                    0040dc3e f   tree234.obj
 0001:0000d15d       _addpos234                 0040e15d f   tree234.obj
 0001:0000d183       _count234                  0040e183 f   tree234.obj
 0001:0000d1c6       _del234                    0040e1c6 f   tree234.obj
 0001:0000d1f5       _delpos234                 0040e1f5 f   tree234.obj
 0001:0000d6a4       _find234                   0040e6a4 f   tree234.obj
 0001:0000d6bd       _findrelpos234             0040e6bd f   tree234.obj
 0001:0000d7ea       _index234                  0040e7ea f   tree234.obj
 0001:0000d864       _newtree234                0040e864 f   tree234.obj
 0001:0000d87a       _has_help                  0040e87a f   winhelp.obj
 0001:0000d893       _init_help                 0040e893 f   winhelp.obj
 0001:0000da09       _launch_help               0040ea09 f   winhelp.obj
 0001:0000dafe       _quit_help                 0040eafe f   winhelp.obj
 0001:0000db3e       _shutdown_help             0040eb3e f   winhelp.obj
 0001:0000db3f       _filename_from_str         0040eb3f f   winmisc.obj
 0001:0000db5d       _init_winver               0040eb5d f   winmisc.obj
 0001:0000db85       _load_system32_dll         0040eb85 f   winmisc.obj
 0001:0000dbf3       _smemclr                   0040ebf3 f   winmisc.obj
 0001:0000e203       _WinMain@16                0040f203 f   winpgnt.obj
 0001:0000fc3c       _cleanup_exit              00410c3c f   winpgnt.obj
 0001:0000fdfa       _get_default_sid           00410dfa f   winpgnt.obj
 0001:0001050c       _modalfatalbox             0041150c f   winpgnt.obj
 0001:00010545       _old_keyfile_warning       00411545 f   winpgnt.obj
 0001:0001065d       _spawn_cmd                 0041165d f   winpgnt.obj
 0001:000106b1       _threadProc@0              004116b1 f   winpgnt.obj
 0001:00010997       _agent_exists              00411997 f   winpgntc.obj
 0001:000109ab       _agent_query               004119ab f   winpgntc.obj
 0001:00010b5b       _get_user_sid              00411b5b f   winpgntc.obj
 0001:00010c53       _init_advapi               00411c53 f   winpgntc.obj
 0001:00010d13       _GetDlgItemText_alloc      00411d13 f   winutils.obj
 0001:00010d60       _filereq_free              00411d60 f   winutils.obj
 0001:00010d60       _aes_free_context          00411d60 f   sshaes.obj
 0001:00010d60       _hmacmd5_free_context      00411d60 f   sshmd5.obj
 0001:00010d65       _filereq_new               00411d65 f   winutils.obj
 0001:00010d77       _message_box               00411d77 f   winutils.obj
 0001:00010e2c       _pgp_fingerprints          00411e2c f   winutils.obj
 0001:00010e43       _request_file              00411e43 f   winutils.obj
 0001:00010ef4       _split_into_argv           00411ef4 f   winutils.obj
 0001:00011134       __wassert                  00412134 f   LIBCMT:wassert.obj
 0001:000117e0       _memchr                    004127e0 f   LIBCMT:memchr.obj
 0001:00011890       _memcpy                    00412890 f   LIBCMT:memcpy.obj
 0001:00011ee0       _strcmp                    00412ee0 f   LIBCMT:strcmp.obj
 0001:00011f70       _strlen                    00412f70 f   LIBCMT:strlen.obj
 0001:00011ffb       _fgets                     00412ffb f   LIBCMT:fgets.obj
 0001:0001213a       __vsnprintf                0041313a f   LIBCMT:vsnprint.obj
 0001:00012155       __vsnprintf_l              00413155 f   LIBCMT:vsnprint.obj
 0001:000121ff       ??0_LocaleUpdate@@QAE@PAUlocaleinfo_struct@@@Z 004131ff f i LIBCMT:strtol.obj
 0001:000124ab       _strtol                    004134ab f   LIBCMT:strtol.obj
 0001:000124d5       _free                      004134d5 f   LIBCMT:free.obj
 0001:0001250d       _malloc                    0041350d f   LIBCMT:malloc.obj
 0001:0001259f       _realloc                   0041359f f   LIBCMT:realloc.obj
 0001:0001264a       __isspace_l                0041364a f i LIBCMT:_ctype.obj
 0001:0001269a       _isspace                   0041369a f i LIBCMT:_ctype.obj
 0001:000126d0       _strcpy                    004136d0 f   LIBCMT:strcat.obj
 0001:000126e0       _strcat                    004136e0 f   LIBCMT:strcat.obj
 0001:000127c8       @__security_check_cookie@4 004137c8 f   LIBCMT:secchk.obj
 0001:000127e0       _memset                    004137e0 f   LIBCMT:memset.obj
 0001:00012870       _abort                     00413870 f   LIBCMT:abort.obj
 0001:000128c0       _memmove                   004138c0 f   LIBCMT:memmove.obj
 0001:00012f10       __allmul                   00413f10 f   LIBCMT:llmul.obj
 0001:00012f50       __allshl                   00413f50 f   LIBCMT:llshl.obj
 0001:00012f70       __aulldvrm                 00413f70 f   LIBCMT:ulldvrm.obj
 0001:00013010       __aullrem                  00414010 f   LIBCMT:ullrem.obj
 0001:00013085       _sprintf                   00414085 f   LIBCMT:sprintf.obj
 0001:00013107       _memcmp                    00414107 f   LIBCMT:memcmp.obj
 0001:0001487f       __fclose_nolock            0041587f f   LIBCMT:fclose.obj
 0001:000148eb       _fclose                    004158eb f   LIBCMT:fclose.obj
 0001:00014962       _fgetc                     00415962 f   LIBCMT:fgetc.obj
 0001:00014a5b       __fsopen                   00415a5b f   LIBCMT:fopen.obj
 0001:00014b1f       _fopen                     00415b1f f   LIBCMT:fopen.obj
 0001:00014b34       __fread_nolock_s           00415b34 f   LIBCMT:fread.obj
 0001:00014cf7       _fread                     00415cf7 f   LIBCMT:fread.obj
 0001:00014d12       _fread_s                   00415d12 f   LIBCMT:fread.obj
 0001:00014da3       __ungetc_nolock            00415da3 f   LIBCMT:ungetc.obj
 0001:00014e83       _ungetc                    00415e83 f   LIBCMT:ungetc.obj
 0001:00014eef       _atoi                      00415eef f   LIBCMT:atox.obj
 0001:00014ef8       _atol                      00415ef8 f   LIBCMT:atox.obj
 0001:00014f10       _strncmp                   00415f10 f   LIBCMT:strncmp.obj
 0001:00014f90       __alloca_probe             00415f90     LIBCMT:chkstk.obj
 0001:00014f90       __chkstk                   00415f90 f   LIBCMT:chkstk.obj
 0001:00014fc0       _strncpy                   00415fc0 f   LIBCMT:strncpy.obj
 0001:000150f0       _strcspn                   004160f0 f   LIBCMT:strcspn.obj
 0001:00015140       _strrchr                   00416140 f   LIBCMT:strrchr.obj
 0001:00015280       _strchr                    00416280 f   LIBCMT:strchr.obj
 0001:000152ee       ___from_strstr_to_strchr   004162ee     LIBCMT:strchr.obj
 0001:000153ab       ___copy_path_to_wide_string 004163ab f   LIBCMT:crt0dat.obj
 0001:0001545b       ___crtCorExitProcess       0041645b f   LIBCMT:crt0dat.obj
 0001:0001548d       ___crtExitProcess          0041648d f   LIBCMT:crt0dat.obj
 0001:000154a3       __amsg_exit                004164a3 f   LIBCMT:crt0dat.obj
 0001:000154bf       __c_exit                   004164bf f   LIBCMT:crt0dat.obj
 0001:000154ce       __cexit                    004164ce f   LIBCMT:crt0dat.obj
 0001:000154dd       __cinit                    004164dd f   LIBCMT:crt0dat.obj
 0001:0001556e       __exit                     0041656e f   LIBCMT:crt0dat.obj
 0001:00015582       __init_pointers            00416582 f   LIBCMT:crt0dat.obj
 0001:000155d6       __initterm_e               004165d6 f   LIBCMT:crt0dat.obj
 0001:000155f8       __lockexit                 004165f8 f   LIBCMT:crt0dat.obj
 0001:00015601       __unlockexit               00416601 f   LIBCMT:crt0dat.obj
 0001:00015739       _exit                      00416739 f   LIBCMT:crt0dat.obj
 0001:0001574d       _WinMainCRTStartup         0041674d f   LIBCMT:wincrt0.obj
 0001:000158ce       __call_reportfault         004168ce f   LIBCMT:invarg.obj
 0001:000159f1       __initp_misc_invarg        004169f1 f   LIBCMT:invarg.obj
 0001:000159fe       __invalid_parameter        004169fe f   LIBCMT:invarg.obj
 0001:00015a29       __invalid_parameter_noinfo 00416a29 f   LIBCMT:invarg.obj
 0001:00015a39       __invoke_watson            00416a39 f   LIBCMT:invarg.obj
 0001:00015a64       _memcpy_s                  00416a64 f   LIBCMT:memcpy_s.obj
 0001:00015ae3       _wcscat_s                  00416ae3 f   LIBCMT:wcscat_s.obj
 0001:00015b4f       _wcscpy_s                  00416b4f f   LIBCMT:wcscpy_s.obj
 0001:00015bab       _wcslen                    00416bab f   LIBCMT:wcslen.obj
 0001:00015bc4       _wcsncat_s                 00416bc4 f   LIBCMT:wcsncat_s.obj
 0001:00015c92       ___set_app_type            00416c92 f   LIBCMT:errmode.obj
 0001:00015c9f       __set_error_mode           00416c9f f   LIBCMT:errmode.obj
 0001:00015cdf       __itow_s                   00416cdf f   LIBCMT:xtows.obj
 0001:00015dfb       ___initstdio               00416dfb f   LIBCMT:_file.obj
 0001:00015e6e       ___endstdio                00416e6e f   LIBCMT:_file.obj
 0001:00015e95       ___iob_func                00416e95 f   LIBCMT:_file.obj
 0001:00015e9b       __lock_file                00416e9b f   LIBCMT:_file.obj
 0001:00015eda       __lock_file2               00416eda f   LIBCMT:_file.obj
 0001:00015f0a       __unlock_file              00416f0a f   LIBCMT:_file.obj
 0001:00015f44       __unlock_file2             00416f44 f   LIBCMT:_file.obj
 0001:00015f71       __fflush_nolock            00416f71 f   LIBCMT:fflush.obj
 0001:00015fb7       __flush                    00416fb7 f   LIBCMT:fflush.obj
 0001:0001601b       __flushall                 0041701b f   LIBCMT:fflush.obj
 0001:00016024       _fflush                    00417024 f   LIBCMT:fflush.obj
 0001:0001615d       _setvbuf                   0041715d f   LIBCMT:setvbuf.obj
 0001:00016263       _fwprintf                  00417263 f   LIBCMT:fwprintf.obj
 0001:000162f4       __vswprintf_c_l            004172f4 f   LIBCMT:vswprnc.obj
 0001:0001631c       __vswprintf_helper         0041731c f   LIBCMT:vswprnc.obj
 0001:00016415       ___get_sigabrt             00417415 f   LIBCMT:winsig.obj
 0001:00016422       __initp_misc_winsig        00417422 f   LIBCMT:winsig.obj
 0001:0001643e       _raise                     0041743e f   LIBCMT:winsig.obj
 0001:0001662f       ___crtMessageBoxW          0041762f f   LIBCMT:crtmboxw.obj
 0001:00016811       __FF_MSGBANNER             00417811 f   LIBCMT:crt0msg.obj
 0001:0001684a       __GET_RTERRMSG             0041784a f   LIBCMT:crt0msg.obj
 0001:0001686e       __NMSG_WRITE               0041786e f   LIBCMT:crt0msg.obj
 0001:00016a29       ___isa_available_init      00417a29 f   LIBCMT:cpu_disp.obj
 0001:00016b62       __filbuf                   00417b62 f   LIBCMT:_filbuf.obj
 0001:00016c83       __fileno                   00417c83 f   LIBCMT:fileno.obj
 0001:00016ca7       ___doserrno                00417ca7 f   LIBCMT:dosmap.obj
 0001:00016cba       __dosmaperr                00417cba f   LIBCMT:dosmap.obj
 0001:00016cdb       __errno                    00417cdb f   LIBCMT:dosmap.obj
 0001:00016cee       __get_errno_from_oserr     00417cee f   LIBCMT:dosmap.obj
 0001:00016d30       __SEH_prolog4              00417d30 f   LIBCMT:sehprolg4.obj
 0001:00016d75       __SEH_epilog4              00417d75 f   LIBCMT:sehprolg4.obj
 0001:00016d90       __except_handler4          00417d90 f   LIBCMT:chandler4.obj
 0001:00016f25       __ioinit                   00417f25 f   LIBCMT:ioinit.obj
 0001:000171d3       __flsbuf                   004181d3 f   LIBCMT:_flsbuf.obj
 0001:00017320       __output_l                 00418320 f   LIBCMT:output.obj
 0001:00017f92       ___addlocaleref            00418f92 f   LIBCMT:localref.obj
 0001:00018022       ___freetlocinfo            00419022 f   LIBCMT:localref.obj
 0001:0001817c       ___removelocaleref         0041917c f   LIBCMT:localref.obj
 0001:00018217       ___updatetlocinfo          00419217 f   LIBCMT:localref.obj
 0001:00018293       __updatetlocinfoEx_nolock  00419293 f   LIBCMT:localref.obj
 0001:000182de       ___initmbctable            004192de f   LIBCMT:mbctype.obj
 0001:00018599       ___updatetmbcinfo          00419599 f   LIBCMT:mbctype.obj
 0001:0001863e       __setmbcp                  0041963e f   LIBCMT:mbctype.obj
 0001:000187ec       __setmbcp_nolock           004197ec f   LIBCMT:mbctype.obj
 0001:000189e1       __isctype_l                004199e1 f   LIBCMT:isctype.obj
 0001:00018a90       __freefls@4                00419a90 f   LIBCMT:tidtable.obj
 0001:00018bc7       __getptd                   00419bc7 f   LIBCMT:tidtable.obj
 0001:00018bdf       __getptd_noexit            00419bdf f   LIBCMT:tidtable.obj
 0001:00018c4e       __initptd                  00419c4e f   LIBCMT:tidtable.obj
 0001:00018d01       __mtinit                   00419d01 f   LIBCMT:tidtable.obj
 0001:00018d77       __mtterm                   00419d77 f   LIBCMT:tidtable.obj
 0001:00018d94       __locterm                  00419d94 f   LIBCMT:wsetloca.obj
 0001:00018de6       __heap_init                00419de6 f   LIBCMT:heapinit.obj
 0001:00018dfb       __callnewh                 00419dfb f   LIBCMT:handler.obj
 0001:00018e21       __initp_heap_handler       00419e21 f   LIBCMT:handler.obj
 0001:00018e2e       ___raise_securityfailure   00419e2e f   LIBCMT:gs_report.obj
 0001:00018e6b       ___report_gsfailure        00419e6b f   LIBCMT:gs_report.obj
 0001:00018f64       __VEC_memset               00419f64 f   LIBCMT:p4_memset.obj
 0001:0001902c       __close                    0041a02c f   LIBCMT:close.obj
 0001:000190f6       __close_nolock             0041a0f6 f   LIBCMT:close.obj
 0001:00019190       __freebuf                  0041a190 f   LIBCMT:_freebuf.obj
 0001:000191c0       __getstream                0041a1c0 f   LIBCMT:stream.obj
 0001:000192d8       __openfile                 0041a2d8 f   LIBCMT:_open.obj
 0001:00019550       __local_unwind4            0041a550 f   LIBCMT:exsup4.obj
 0001:00019626       __seh_longjmp_unwind4@4    0041a626 f   LIBCMT:exsup4.obj
 0001:00019642       @_EH4_CallFilterFunc@8     0041a642 f   LIBCMT:exsup4.obj
 0001:00019659       @_EH4_TransferToHandler@8  0041a659 f   LIBCMT:exsup4.obj
 0001:00019672       @_EH4_GlobalUnwind2@8      0041a672 f   LIBCMT:exsup4.obj
 0001:0001968b       @_EH4_LocalUnwind@16       0041a68b f   LIBCMT:exsup4.obj
 0001:000196a2       __ftbuf                    0041a6a2 f   LIBCMT:_sftbuf.obj
 0001:000196d3       __stbuf                    0041a6d3 f   LIBCMT:_sftbuf.obj
 0001:00019779       __read                     0041a779 f   LIBCMT:read.obj
 0001:00019881       __read_nolock              0041a881 f   LIBCMT:read.obj
 0001:0001a010       __write                    0041b010 f   LIBCMT:write.obj
 0001:0001a0f2       __write_nolock             0041b0f2 f   LIBCMT:write.obj
 0001:0001a91c       __getbuf                   0041b91c f   LIBCMT:_getbuf.obj
 0001:0001a962       _strcpy_s                  0041b962 f   LIBCMT:strcpy_s.obj
 0001:0001a9b7       __lock                     0041b9b7 f   LIBCMT:mlock.obj
 0001:0001a9eb       __mtdeletelocks            0041b9eb f   LIBCMT:mlock.obj
 0001:0001aa3f       __mtinitlocknum            0041ba3f f   LIBCMT:mlock.obj
 0001:0001aae6       __mtinitlocks              0041bae6 f   LIBCMT:mlock.obj
 0001:0001ab1b       __unlock                   0041bb1b f   LIBCMT:mlock.obj
 0001:0001ab30       __RTC_Initialize           0041bb30 f   LIBCMT:initsect.obj
 0001:0001ab50       __RTC_Terminate            0041bb50 f   LIBCMT:initsect.obj
 0001:0001ab70       ___crtFlsAlloc             0041bb70 f   LIBCMT:winapisupp.obj
 0001:0001ab8e       ___crtFlsFree              0041bb8e f   LIBCMT:winapisupp.obj
 0001:0001abad       ___crtFlsGetValue          0041bbad f   LIBCMT:winapisupp.obj
 0001:0001abcc       ___crtFlsSetValue          0041bbcc f   LIBCMT:winapisupp.obj
 0001:0001abee       ___crtGetShowWindowMode    0041bbee f   LIBCMT:winapisupp.obj
 0001:0001ac0f       ___crtIsPackagedApp        0041bc0f f   LIBCMT:winapisupp.obj
 0001:0001ac4d       ___crtLoadWinApiPointers   0041bc4d f   LIBCMT:winapisupp.obj
 0001:0001ae8c       ___crtSetUnhandledExceptionFilter 0041be8c f   LIBCMT:winapisupp.obj
 0001:0001ae9a       ___crtTerminateProcess     0041be9a f   LIBCMT:winapisupp.obj
 0001:0001aeaf       ___crtUnhandledException   0041beaf f   LIBCMT:winapisupp.obj
 0001:0001aed0       __FindPESection            0041bed0 f   LIBCMT:pesect.obj
 0001:0001af20       __IsNonwritableInCurrentImage 0041bf20 f   LIBCMT:pesect.obj
 0001:0001afe0       __ValidateImageBase        0041bfe0 f   LIBCMT:pesect.obj
 0001:0001b011       ___onexitinit              0041c011 f   LIBCMT:onexit.obj
 0001:0001b040       __onexit                   0041c040 f   LIBCMT:onexit.obj
 0001:0001b136       _atexit                    0041c136 f   LIBCMT:onexit.obj
 0001:0001b14b       __calloc_crt               0041c14b f   LIBCMT:crtheap.obj
 0001:0001b195       __malloc_crt               0041c195 f   LIBCMT:crtheap.obj
 0001:0001b1de       __realloc_crt              0041c1de f   LIBCMT:crtheap.obj
 0001:0001b22a       __initp_misc_cfltcvt_tab   0041c22a f   LIBCMT:cmiscdat.obj
 0001:0001b249       ?terminate@@YAXXZ          0041c249 f   LIBCMT:hooks.obj
 0001:0001b27d       __initp_eh_hooks           0041c27d f   LIBCMT:hooks.obj
 0001:0001b28e       __initp_misc_purevirt      0041c28e f   LIBCMT:inithelp.obj
 0001:0001b29b       __initp_misc_rand_s        0041c29b f   LIBCMT:rand_s.obj
 0001:0001b2a8       ?__CxxUnhandledExceptionFilter@@YGJPAU_EXCEPTION_POINTERS@@@Z 0041c2a8 f   LIBCMT:unhandld.obj
 0001:0001b2e9       ___CxxSetUnhandledExceptionFilter 0041c2e9 f   LIBCMT:unhandld.obj
 0001:0001b2f7       __XcptFilter               0041c2f7 f   LIBCMT:winxfltr.obj
 0001:0001b452       __setargv                  0041c452 f   LIBCMT:stdargv.obj
 0001:0001b67f       __setenvp                  0041c67f f   LIBCMT:stdenvp.obj
 0001:0001b760       ___security_init_cookie    0041c760 f   LIBCMT:gs_support.obj
 0001:0001b7fa       ___crtGetEnvironmentStringsA 0041c7fa f   LIBCMT:a_env.obj
 0001:0001b885       __wincmdln                 0041c885 f   LIBCMT:wincmdln.obj
 0001:0001b8e4       __crt_debugger_hook        0041c8e4 f   LIBCMT:dbghook.obj
 0001:0001b8ec       __fcloseall                0041c8ec f   LIBCMT:closeall.obj
 0001:0001b989       __commit                   0041c989 f   LIBCMT:commit.obj
 0001:0001ba6f       __woutput_l                0041ca6f f   LIBCMT:woutput.obj
 0001:0001c766       _wcsncpy_s                 0041d766 f   LIBCMT:wcsncpy_s.obj
 0001:0001c824       __isatty                   0041d824 f   LIBCMT:isatty.obj
 0001:0001c878       __lseeki64                 0041d878 f   LIBCMT:lseeki64.obj
 0001:0001c974       __lseeki64_nolock          0041d974 f   LIBCMT:lseeki64.obj
 0001:0001c9e5       __isleadbyte_l             0041d9e5 f i LIBCMT:_wctype.obj
 0001:0001ca1b       _isleadbyte                0041da1b f i LIBCMT:_wctype.obj
 0001:0001ca2c       __get_printf_count_output  0041da2c f   LIBCMT:printf.obj
 0001:0001ca41       __wctomb_s_l               0041da41 f   LIBCMT:wctomb.obj
 0001:0001cb63       _wctomb_s                  0041db63 f   LIBCMT:wctomb.obj
 0001:0001cb7e       ___free_lconv_mon          0041db7e f   LIBCMT:initmon.obj
 0001:0001cc7a       ___free_lconv_num          0041dc7a f   LIBCMT:initnum.obj
 0001:0001cce1       ___free_lc_time            0041dce1 f   LIBCMT:inittime.obj
 0001:0001d24a       ___crtLCMapStringA         0041e24a f   LIBCMT:a_map.obj
 0001:0001d28e       __freea                    0041e28e f i LIBCMT:a_map.obj
 0001:0001d398       ___crtGetStringTypeA       0041e398 f   LIBCMT:a_str.obj
 0001:0001d3d6       _GetTableIndexFromLocaleName 0041e3d6 f   LIBCMT:winapinls.obj
 0001:0001d424       ___crtDownlevelLocaleNameToLCID 0041e424 f   LIBCMT:winapinls.obj
 0001:0001d44e       ___crtLCMapStringEx        0041e44e f   LIBCMT:winapinls.obj
 0001:0001d49a       ___wcsnicmp_ascii          0041e49a f   LIBCMT:winapinls.obj
 0001:0001d508       ___lock_fhandle            0041e508 f   LIBCMT:osfinfo.obj
 0001:0001d594       __alloc_osfhnd             0041e594 f   LIBCMT:osfinfo.obj
 0001:0001d739       __free_osfhnd              0041e739 f   LIBCMT:osfinfo.obj
 0001:0001d7bf       __get_osfhandle            0041e7bf f   LIBCMT:osfinfo.obj
 0001:0001d826       __set_osfhnd               0041e826 f   LIBCMT:osfinfo.obj
 0001:0001d8a8       __unlock_fhandle           0041e8a8 f   LIBCMT:osfinfo.obj
 0001:0001d8ce       __sopen_helper             0041e8ce f   LIBCMT:open.obj
 0001:0001d995       __sopen_nolock             0041e995 f   LIBCMT:open.obj
 0001:0001d9e1       __sopen_s                  0041e9e1 f   LIBCMT:open.obj
 0001:0001d9ff       __mbsnbcmp                 0041e9ff f   LIBCMT:mbsnbcmp.obj
 0001:0001da17       __mbsnbcmp_l               0041ea17 f   LIBCMT:mbsnbcmp.obj
 0001:0001db2c       __mbsnbicmp                0041eb2c f   LIBCMT:mbsnbicm.obj
 0001:0001db44       __mbsnbicmp_l              0041eb44 f   LIBCMT:mbsnbicm.obj
 0001:0001dd00       __global_unwind2           0041ed00 f   LIBCMT:exsup.obj
 0001:0001dd65       __local_unwind2            0041ed65 f   LIBCMT:exsup.obj
 0001:0001dde9       __abnormal_termination     0041ede9 f   LIBCMT:exsup.obj
 0001:0001de0c       __NLG_Notify1              0041ee0c f   LIBCMT:exsup.obj
 0001:0001de15       __NLG_Notify               0041ee15 f   LIBCMT:exsup.obj
 0001:0001de2c       __NLG_Dispatch2            0041ee2c     LIBCMT:exsup.obj
 0001:0001de2c       __NLG_Dispatch             0041ee2c     LIBCMT:exsup.obj
 0001:0001de34       __NLG_Call                 0041ee34 f   LIBCMT:exsup.obj
 0001:0001de36       __NLG_Return2              0041ee36     LIBCMT:exsup.obj
 0001:0001de37       __mbtowc_l                 0041ee37 f   LIBCMT:mbtowc.obj
 0001:0001df2a       _mbtowc                    0041ef2a f   LIBCMT:mbtowc.obj
 0001:0001df42       __putwch_nolock            0041ef42 f   LIBCMT:putwch.obj
 0001:0001df83       __calloc_impl              0041ef83 f   LIBCMT:calloc_impl.obj
 0001:0001dffd       __msize                    0041effd f   LIBCMT:msize.obj
 0001:0001e02e       __fptrap                   0041f02e f   LIBCMT:crt0fp.obj
 0001:0001e08d       __ismbblead                0041f08d f   LIBCMT:ismbbyte.obj
 0001:0001e0a3       __fputwc_nolock            0041f0a3 f   LIBCMT:fputwc.obj
 0001:0001e230       __alloca_probe_16          0041f230 f   LIBCMT:alloca16.obj
 0001:0001e246       __alloca_probe_8           0041f246     LIBCMT:alloca16.obj
 0001:0001e2ed       __wsopen_nolock            0041f2ed f   LIBCMT:wopen.obj
 0001:0001ea3e       __strnicmp                 0041fa3e f   LIBCMT:strnicmp.obj
 0001:0001eaa9       __strnicmp_l               0041faa9 f   LIBCMT:strnicmp.obj
 0001:0001eb58       ___termconout              0041fb58 f   LIBCMT:initcon.obj
 0001:0001eb6f       ___initconout              0041fb6f f   LIBCMT:initcon.obj
 0001:0001eb8e       __flswbuf                  0041fb8e f   LIBCMT:_flswbuf.obj
 0001:0001ecee       __chsize_nolock            0041fcee f   LIBCMT:chsize.obj
 0001:0001eea2       __get_fmode                0041fea2 f   LIBCMT:setmode.obj
 0001:0001eecc       __setmode_nolock           0041fecc f   LIBCMT:setmode.obj
 0001:0001efa0       ___ascii_strnicmp          0041ffa0 f   LIBCMT:_strnicm.obj
 0001:0001f001       __tolower_l                00420001 f   LIBCMT:tolower.obj
 0001:0001f142       _IsProcessorFeaturePresent@4 00420142 f   kernel32:KERNEL32.dll
 0001:0001f148       _RtlUnwind@16              00420148 f   kernel32:KERNEL32.dll
 0002:00000000       __imp__CopySid@12          00421000     advapi32:ADVAPI32.dll
 0002:00000004       __imp__EqualSid@8          00421004     advapi32:ADVAPI32.dll
 0002:00000008       __imp__GetLengthSid@4      00421008     advapi32:ADVAPI32.dll
 0002:0000000c       __imp__RegCloseKey@4       0042100c     advapi32:ADVAPI32.dll
 0002:00000010       __imp__RegEnumKeyA@16      00421010     advapi32:ADVAPI32.dll
 0002:00000014       __imp__RegOpenKeyA@12      00421014     advapi32:ADVAPI32.dll
 0002:00000018       \177ADVAPI32_NULL_THUNK_DATA 00421018     advapi32:ADVAPI32.dll
 0002:0000001c       __imp__GetSaveFileNameA@4  0042101c     comdlg32:COMDLG32.dll
 0002:00000020       __imp__GetOpenFileNameA@4  00421020     comdlg32:COMDLG32.dll
 0002:00000024       \177COMDLG32_NULL_THUNK_DATA 00421024     comdlg32:COMDLG32.dll
 0002:00000028       __imp__GetStockObject@4    00421028     gdi32:GDI32.dll
 0002:0000002c       \177GDI32_NULL_THUNK_DATA  0042102c     gdi32:GDI32.dll
 0002:00000030       __imp__SetEndOfFile@4      00421030     kernel32:KERNEL32.dll
 0002:00000034       __imp__CreateFileW@28      00421034     kernel32:KERNEL32.dll
 0002:00000038       __imp__HeapSize@12         00421038     kernel32:KERNEL32.dll
 0002:0000003c       __imp__SetStdHandle@8      0042103c     kernel32:KERNEL32.dll
 0002:00000040       __imp__LCMapStringW@24     00421040     kernel32:KERNEL32.dll
 0002:00000044       __imp__GetStringTypeW@16   00421044     kernel32:KERNEL32.dll
 0002:00000048       __imp__SetFilePointerEx@20 00421048     kernel32:KERNEL32.dll
 0002:0000004c       __imp__FlushFileBuffers@4  0042104c     kernel32:KERNEL32.dll
 0002:00000050       __imp__FreeEnvironmentStringsW@4 00421050     kernel32:KERNEL32.dll
 0002:00000054       __imp__GetEnvironmentStringsW@0 00421054     kernel32:KERNEL32.dll
 0002:00000058       __imp__GetSystemTimeAsFileTime@4 00421058     kernel32:KERNEL32.dll
 0002:0000005c       __imp__QueryPerformanceCounter@4 0042105c     kernel32:KERNEL32.dll
 0002:00000060       __imp__GetModuleHandleW@4  00421060     kernel32:KERNEL32.dll
 0002:00000064       __imp__TlsFree@4           00421064     kernel32:KERNEL32.dll
 0002:00000068       __imp__TlsSetValue@8       00421068     kernel32:KERNEL32.dll
 0002:0000006c       __imp__TlsGetValue@4       0042106c     kernel32:KERNEL32.dll
 0002:00000070       __imp__TlsAlloc@0          00421070     kernel32:KERNEL32.dll
 0002:00000074       __imp__TerminateProcess@8  00421074     kernel32:KERNEL32.dll
 0002:00000078       __imp__GetCurrentProcess@0 00421078     kernel32:KERNEL32.dll
 0002:0000007c       __imp__SetUnhandledExceptionFilter@4 0042107c     kernel32:KERNEL32.dll
 0002:00000080       __imp__UnhandledExceptionFilter@4 00421080     kernel32:KERNEL32.dll
 0002:00000084       __imp__GetConsoleCP@0      00421084     kernel32:KERNEL32.dll
 0002:00000088       __imp__WideCharToMultiByte@32 00421088     kernel32:KERNEL32.dll
 0002:0000008c       __imp__ReadConsoleW@20     0042108c     kernel32:KERNEL32.dll
 0002:00000090       __imp__GetConsoleMode@8    00421090     kernel32:KERNEL32.dll
 0002:00000094       __imp__ReadFile@20         00421094     kernel32:KERNEL32.dll
 0002:00000098       __imp__RtlUnwind@16        00421098     kernel32:KERNEL32.dll
 0002:0000009c       __imp__GetProcessHeap@0    0042109c     kernel32:KERNEL32.dll
 0002:000000a0       __imp__SetLastError@4      004210a0     kernel32:KERNEL32.dll
 0002:000000a4       __imp__GetCPInfo@8         004210a4     kernel32:KERNEL32.dll
 0002:000000a8       __imp__GetOEMCP@0          004210a8     kernel32:KERNEL32.dll
 0002:000000ac       __imp__GetACP@0            004210ac     kernel32:KERNEL32.dll
 0002:000000b0       __imp__IsValidCodePage@4   004210b0     kernel32:KERNEL32.dll
 0002:000000b4       __imp__InterlockedIncrement@4 004210b4     kernel32:KERNEL32.dll
 0002:000000b8       __imp__GetStartupInfoW@4   004210b8     kernel32:KERNEL32.dll
 0002:000000bc       __imp__DeleteCriticalSection@4 004210bc     kernel32:KERNEL32.dll
 0002:000000c0       __imp__InitializeCriticalSectionAndSpinCount@8 004210c0     kernel32:KERNEL32.dll
 0002:000000c4       __imp__WriteFile@20        004210c4     kernel32:KERNEL32.dll
 0002:000000c8       __imp__LoadLibraryW@4      004210c8     kernel32:KERNEL32.dll
 0002:000000cc       __imp__LoadLibraryExW@12   004210cc     kernel32:KERNEL32.dll
 0002:000000d0       __imp__OutputDebugStringW@4 004210d0     kernel32:KERNEL32.dll
 0002:000000d4       __imp__FreeLibrary@4       004210d4     kernel32:KERNEL32.dll
 0002:000000d8       __imp__GetModuleFileNameA@12 004210d8     kernel32:KERNEL32.dll
 0002:000000dc       __imp__GetProcAddress@8    004210dc     kernel32:KERNEL32.dll
 0002:000000e0       __imp__GetSystemDirectoryA@8 004210e0     kernel32:KERNEL32.dll
 0002:000000e4       __imp__GetVersionExA@4     004210e4     kernel32:KERNEL32.dll
 0002:000000e8       __imp__LoadLibraryA@4      004210e8     kernel32:KERNEL32.dll
 0002:000000ec       __imp__CloseHandle@4       004210ec     kernel32:KERNEL32.dll
 0002:000000f0       __imp__GetLastError@0      004210f0     kernel32:KERNEL32.dll
 0002:000000f4       __imp__Sleep@4             004210f4     kernel32:KERNEL32.dll
 0002:000000f8       __imp__GetCurrentProcessId@0 004210f8     kernel32:KERNEL32.dll
 0002:000000fc       __imp__CreateThread@24     004210fc     kernel32:KERNEL32.dll
 0002:00000100       __imp__OpenProcess@12      00421100     kernel32:KERNEL32.dll
 0002:00000104       __imp__GetTickCount@0      00421104     kernel32:KERNEL32.dll
 0002:00000108       __imp__MapViewOfFile@20    00421108     kernel32:KERNEL32.dll
 0002:0000010c       __imp__UnmapViewOfFile@4   0042110c     kernel32:KERNEL32.dll
 0002:00000110       __imp__LocalFree@4         00421110     kernel32:KERNEL32.dll
 0002:00000114       __imp__OpenFileMappingA@12 00421114     kernel32:KERNEL32.dll
 0002:00000118       __imp__GetCurrentThreadId@0 00421118     kernel32:KERNEL32.dll
 0002:0000011c       __imp__LocalAlloc@8        0042111c     kernel32:KERNEL32.dll
 0002:00000120       __imp__CreateFileMappingA@24 00421120     kernel32:KERNEL32.dll
 0002:00000124       __imp__SetCurrentDirectoryA@4 00421124     kernel32:KERNEL32.dll
 0002:00000128       __imp__GetCurrentDirectoryA@8 00421128     kernel32:KERNEL32.dll
 0002:0000012c       __imp__GetStdHandle@4      0042112c     kernel32:KERNEL32.dll
 0002:00000130       __imp__GetFileType@4       00421130     kernel32:KERNEL32.dll
 0002:00000134       __imp__GetModuleFileNameW@12 00421134     kernel32:KERNEL32.dll
 0002:00000138       __imp__GetModuleHandleExW@12 00421138     kernel32:KERNEL32.dll
 0002:0000013c       __imp__WriteConsoleW@20    0042113c     kernel32:KERNEL32.dll
 0002:00000140       __imp__HeapFree@12         00421140     kernel32:KERNEL32.dll
 0002:00000144       __imp__HeapAlloc@12        00421144     kernel32:KERNEL32.dll
 0002:00000148       __imp__HeapReAlloc@16      00421148     kernel32:KERNEL32.dll
 0002:0000014c       __imp__IsProcessorFeaturePresent@4 0042114c     kernel32:KERNEL32.dll
 0002:00000150       __imp__EncodePointer@4     00421150     kernel32:KERNEL32.dll
 0002:00000154       __imp__DecodePointer@4     00421154     kernel32:KERNEL32.dll
 0002:00000158       __imp__InterlockedDecrement@4 00421158     kernel32:KERNEL32.dll
 0002:0000015c       __imp__ExitProcess@4       0042115c     kernel32:KERNEL32.dll
 0002:00000160       __imp__AreFileApisANSI@0   00421160     kernel32:KERNEL32.dll
 0002:00000164       __imp__MultiByteToWideChar@24 00421164     kernel32:KERNEL32.dll
 0002:00000168       __imp__GetCommandLineA@0   00421168     kernel32:KERNEL32.dll
 0002:0000016c       __imp__IsDebuggerPresent@0 0042116c     kernel32:KERNEL32.dll
 0002:00000170       __imp__EnterCriticalSection@4 00421170     kernel32:KERNEL32.dll
 0002:00000174       __imp__LeaveCriticalSection@4 00421174     kernel32:KERNEL32.dll
 0002:00000178       \177KERNEL32_NULL_THUNK_DATA 00421178     kernel32:KERNEL32.dll
 0002:0000017c       __imp__Shell_NotifyIconA@8 0042117c     shell32:SHELL32.dll
 0002:00000180       __imp__ShellExecuteA@24    00421180     shell32:SHELL32.dll
 0002:00000184       \177SHELL32_NULL_THUNK_DATA 00421184     shell32:SHELL32.dll
 0002:00000188       __imp__IsDialogMessageA@8  00421188     user32:USER32.dll
 0002:0000018c       __imp__DestroyIcon@4       0042118c     user32:USER32.dll
 0002:00000190       __imp__LoadIconA@8         00421190     user32:USER32.dll
 0002:00000194       __imp__LoadCursorA@8       00421194     user32:USER32.dll
 0002:00000198       __imp__GetDesktopWindow@0  00421198     user32:USER32.dll
 0002:0000019c       __imp__SetWindowLongA@12   0042119c     user32:USER32.dll
 0002:000001a0       __imp__GetWindowLongA@8    004211a0     user32:USER32.dll
 0002:000001a4       __imp__GetCursorPos@4      004211a4     user32:USER32.dll
 0002:000001a8       __imp__MessageBeep@4       004211a8     user32:USER32.dll
 0002:000001ac       __imp__MessageBoxA@16      004211ac     user32:USER32.dll
 0002:000001b0       __imp__GetWindowRect@8     004211b0     user32:USER32.dll
 0002:000001b4       __imp__SetForegroundWindow@4 004211b4     user32:USER32.dll
 0002:000001b8       __imp__SetActiveWindow@4   004211b8     user32:USER32.dll
 0002:000001bc       __imp__SetMenuDefaultItem@12 004211bc     user32:USER32.dll
 0002:000001c0       __imp__GetMenuDefaultItem@12 004211c0     user32:USER32.dll
 0002:000001c4       __imp__GetMenuItemInfoA@16 004211c4     user32:USER32.dll
 0002:000001c8       __imp__InsertMenuItemA@16  004211c8     user32:USER32.dll
 0002:000001cc       __imp__TrackPopupMenu@28   004211cc     user32:USER32.dll
 0002:000001d0       __imp__RemoveMenu@12       004211d0     user32:USER32.dll
 0002:000001d4       __imp__AppendMenuA@16      004211d4     user32:USER32.dll
 0002:000001d8       __imp__GetMenuItemCount@4  004211d8     user32:USER32.dll
 0002:000001dc       __imp__DestroyMenu@4       004211dc     user32:USER32.dll
 0002:000001e0       __imp__CreatePopupMenu@0   004211e0     user32:USER32.dll
 0002:000001e4       __imp__FindWindowA@8       004211e4     user32:USER32.dll
 0002:000001e8       __imp__EnableWindow@8      004211e8     user32:USER32.dll
 0002:000001ec       __imp__SendDlgItemMessageA@20 004211ec     user32:USER32.dll
 0002:000001f0       __imp__SetDlgItemTextA@12  004211f0     user32:USER32.dll
 0002:000001f4       __imp__GetDlgItem@8        004211f4     user32:USER32.dll
 0002:000001f8       __imp__EndDialog@8         004211f8     user32:USER32.dll
 0002:000001fc       __imp__DialogBoxParamA@20  004211fc     user32:USER32.dll
 0002:00000200       __imp__CreateDialogParamA@20 00421200     user32:USER32.dll
 0002:00000204       __imp__SetWindowPos@28     00421204     user32:USER32.dll
 0002:00000208       __imp__MoveWindow@24       00421208     user32:USER32.dll
 0002:0000020c       __imp__ShowWindow@8        0042120c     user32:USER32.dll
 0002:00000210       __imp__DestroyWindow@4     00421210     user32:USER32.dll
 0002:00000214       __imp__IsWindow@4          00421214     user32:USER32.dll
 0002:00000218       __imp__CreateWindowExA@48  00421218     user32:USER32.dll
 0002:0000021c       __imp__RegisterClassA@4    0042121c     user32:USER32.dll
 0002:00000220       __imp__PostQuitMessage@4   00421220     user32:USER32.dll
 0002:00000224       __imp__DefWindowProcA@16   00421224     user32:USER32.dll
 0002:00000228       __imp__PostMessageA@16     00421228     user32:USER32.dll
 0002:0000022c       __imp__SendMessageA@16     0042122c     user32:USER32.dll
 0002:00000230       __imp__DispatchMessageA@4  00421230     user32:USER32.dll
 0002:00000234       __imp__TranslateMessage@4  00421234     user32:USER32.dll
 0002:00000238       __imp__GetMessageA@16      00421238     user32:USER32.dll
 0002:0000023c       __imp__RegisterWindowMessageA@4 0042123c     user32:USER32.dll
 0002:00000240       __imp__WinHelpA@16         00421240     user32:USER32.dll
 0002:00000244       __imp__GetDlgItemTextA@16  00421244     user32:USER32.dll
 0002:00000248       __imp__MessageBoxIndirectA@4 00421248     user32:USER32.dll
 0002:0000024c       __imp__CreateMenu@0        0042124c     user32:USER32.dll
 0002:00000250       \177USER32_NULL_THUNK_DATA 00421250     user32:USER32.dll
 0002:00000254       ___xc_a                    00421254     LIBCMT:crt0init.obj
 0002:00000258       ___xc_z                    00421258     LIBCMT:crt0init.obj
 0002:0000025c       ___xi_a                    0042125c     LIBCMT:crt0init.obj
 0002:00000274       ___xi_z                    00421274     LIBCMT:crt0init.obj
 0002:00000278       ___xp_a                    00421278     LIBCMT:crt0init.obj
 0002:00000288       ___xp_z                    00421288     LIBCMT:crt0init.obj
 0002:0000028c       ___xt_a                    0042128c     LIBCMT:crt0init.obj
 0002:00000290       ___xt_z                    00421290     LIBCMT:crt0init.obj
 0002:00000298       ??_C@_00CNPNBAHC@?$AA@     00421298     conf.obj
 0002:000002e4       ??_C@_0P@MCKMEEL@Out?5of?5memory?$CB?$AA@ 004212e4     misc.obj
 0002:00000318       _ssh2_aes                  00421318     sshaes.obj
 0002:000026b0       ??_C@_0L@DLEDDNDH@aes128?9ctr?$AA@ 004236b0     sshaes.obj
 0002:000026bc       ??_C@_0O@HCOECJE@AES?9128?5SDCTR?$AA@ 004236bc     sshaes.obj
 0002:000026cc       ??_C@_0L@JINPEKKL@aes192?9ctr?$AA@ 004236cc     sshaes.obj
 0002:000026d8       ??_C@_0O@BELLMAIB@AES?9192?5SDCTR?$AA@ 004236d8     sshaes.obj
 0002:000026e8       ??_C@_0L@EKGBGFCK@aes256?9ctr?$AA@ 004236e8     sshaes.obj
 0002:000026f4       ??_C@_0O@JNPCIGGM@AES?9256?5SDCTR?$AA@ 004236f4     sshaes.obj
 0002:00002704       ??_C@_0L@HADBMBOF@aes128?9cbc?$AA@ 00423704     sshaes.obj
 0002:00002710       ??_C@_0M@NHPGNAPK@AES?9128?5CBC?$AA@ 00423710     sshaes.obj
 0002:0000271c       ??_C@_0L@NDKNLGHJ@aes192?9cbc?$AA@ 0042371c     sshaes.obj
 0002:00002728       ??_C@_0M@HEGKKHGG@AES?9192?5CBC?$AA@ 00423728     sshaes.obj
 0002:00002734       ??_C@_0L@BBDJJPI@aes256?9cbc?$AA@ 00423734     sshaes.obj
 0002:00002740       ??_C@_0M@KGNEIIOH@AES?9256?5CBC?$AA@ 00423740     sshaes.obj
 0002:0000274c       ??_C@_0BM@MGEJEKIP@rijndael?9cbc?$EAlysator?4liu?4se?$AA@ 0042374c     sshaes.obj
 0002:00002768       ??_C@_1BI@FNOKOHIF@?$AA?4?$AA?4?$AA?2?$AAs?$AAs?$AAh?$AAa?$AAe?$AAs?$AA?4?$AAc?$AA?$AA@ 00423768     sshaes.obj
 0002:00002780       ??_C@_1GG@KBLHJPFM@?$AAb?$AAl?$AAo?$AAc?$AAk?$AAl?$AAe?$AAn?$AA?5?$AA?$DN?$AA?$DN?$AA?5?$AA1?$AA6?$AA?5?$AA?$HM?$AA?$HM?$AA?5?$AAb?$AAl?$AAo?$AAc?$AAk?$AAl?$AAe?$AAn?$AA?5?$AA?$DN?$AA?$DN?$AA?5?$AA2?$AA4@ 00423780     sshaes.obj
 0002:000027e8       ??_C@_1FK@NLFGMJEL@?$AAk?$AAe?$AAy?$AAl?$AAe?$AAn?$AA?5?$AA?$DN?$AA?$DN?$AA?5?$AA1?$AA6?$AA?5?$AA?$HM?$AA?$HM?$AA?5?$AAk?$AAe?$AAy?$AAl?$AAe?$AAn?$AA?5?$AA?$DN?$AA?$DN?$AA?5?$AA2?$AA4?$AA?5?$AA?$HM?$AA?$HM?$AA?5@ 004237e8     sshaes.obj
 0002:00002844       ??_C@_1CA@HEBGNHHD@?$AA?$CI?$AAl?$AAe?$AAn?$AA?5?$AA?$CG?$AA?5?$AA1?$AA5?$AA?$CJ?$AA?5?$AA?$DN?$AA?$DN?$AA?5?$AA0?$AA?$AA@ 00423844     sshaes.obj
 0002:00002864       ??_C@_1BG@NFJADPKO@?$AA?4?$AA?4?$AA?2?$AAs?$AAs?$AAh?$AAb?$AAn?$AA?4?$AAc?$AA?$AA@ 00423864     sshbn.obj
 0002:0000287c       ??_C@_1O@ILILCEBJ@?$AAi?$AA?5?$AA?$DO?$AA?$DN?$AA?5?$AA0?$AA?$AA@ 0042387c     sshbn.obj
 0002:0000288c       ??_C@_1CC@CNCFMNFF@?$AAm?$AAo?$AAd?$AA?$FL?$AAm?$AAo?$AAd?$AA?$FL?$AA0?$AA?$FN?$AA?$FN?$AA?5?$AA?$CB?$AA?$DN?$AA?5?$AA0?$AA?$AA@ 0042388c     sshbn.obj
 0002:000028b0       _ssh_3des                  004238b0     sshdes.obj
 0002:000028cc       _ssh_des                   004238cc     sshdes.obj
 0002:000028e8       _ssh2_3des                 004238e8     sshdes.obj
 0002:000028f0       _ssh2_des                  004238f0     sshdes.obj
 0002:000033d8       ??_C@_08BLJCDBFI@3des?9cbc?$AA@ 004243d8     sshdes.obj
 0002:000033e4       ??_C@_0P@MNELLKGN@triple?9DES?5CBC?$AA@ 004243e4     sshdes.obj
 0002:000033f4       ??_C@_08FAOAMNIK@3des?9ctr?$AA@ 004243f4     sshdes.obj
 0002:00003400       ??_C@_0BB@JEEJMMLC@triple?9DES?5SDCTR?$AA@ 00424400     sshdes.obj
 0002:00003414       ??_C@_07IPAFAGII@des?9cbc?$AA@ 00424414     sshdes.obj
 0002:0000341c       ??_C@_0P@HKDDLANN@single?9DES?5CBC?$AA@ 0042441c     sshdes.obj
 0002:0000342c       ??_C@_0BA@IBKFJPCP@des?9cbc?$EAssh?4com?$AA@ 0042442c     sshdes.obj
 0002:0000343c       ??_C@_0BF@OCGINFLB@triple?9DES?5inner?9CBC?$AA@ 0042443c     sshdes.obj
 0002:00003454       ??_C@_1BI@MFEJJAJF@?$AA?4?$AA?4?$AA?2?$AAs?$AAs?$AAh?$AAd?$AAe?$AAs?$AA?4?$AAc?$AA?$AA@ 00424454     sshdes.obj
 0002:0000346c       ??_C@_1BO@CPHGGKB@?$AA?$CI?$AAl?$AAe?$AAn?$AA?5?$AA?$CG?$AA?5?$AA7?$AA?$CJ?$AA?5?$AA?$DN?$AA?$DN?$AA?5?$AA0?$AA?$AA@ 0042446c     sshdes.obj
 0002:0000348c       _ssh_dss                   0042448c     sshdss.obj
 0002:000034d8       ??_C@_03DIFKLMIL@dss?$AA@  004244d8     sshdss.obj
 0002:000034dc       ??_C@_07FOJFIGLJ@ssh?9dss?$AA@ 004244dc     sshdss.obj
 0002:000034e4       ??_C@_02MDDDDAID@0x?$AA@   004244e4     sshdss.obj
 0002:000034e8       ??_C@_03PHNCCGAL@?00x?$AA@ 004244e8     sshdss.obj
 0002:000034ec       ??_C@_0M@CEADPCHG@?$AA?$AA?$AA?$AHssh?9dss?$AA@ 004244ec     sshdss.obj
 0002:000034f8       ??_C@_0M@IJFAFDNI@ssh?9dss?5?$CFd?5?$AA@ 004244f8     sshdss.obj
 0002:00003504       ??_C@_01JLIPDDHJ@?3?$AA@   00424504     sshdss.obj
 0002:00003508       ??_C@_06ELKDNDAA@?$CFs?$CF02x?$AA@ 00424508     sshdss.obj
 0002:00003510       ??_C@_1BI@OPPJGBDK@?$AA?4?$AA?4?$AA?2?$AAs?$AAs?$AAh?$AAd?$AAs?$AAs?$AA?4?$AAc?$AA?$AA@ 00424510     sshdss.obj
 0002:00003528       ??_C@_1CI@EFOJPBNN@?$AAp?$AA?5?$AA?$DN?$AA?$DN?$AA?5?$AAb?$AAl?$AAo?$AAb?$AA?5?$AA?$CL?$AA?5?$AAb?$AAl?$AAo?$AAb?$AAl?$AAe?$AAn?$AA?$AA@ 00424528     sshdss.obj
 0002:00003550       ??_C@_0BO@DJMBCJHK@DSA?5deterministic?5k?5generator?$AA@ 00424550     sshdss.obj
 0002:00003570       _ssh_hmac_md5              00424570     sshmd5.obj
 0002:000035a0       ??_C@_08LPACCAD@hmac?9md5?$AA@ 004245a0     sshmd5.obj
 0002:000035ac       ??_C@_08CABJBHIC@HMAC?9MD5?$AA@ 004245ac     sshmd5.obj
 0002:000035b8       ??_C@_0BD@IONICDPN@error?5reading?5file?$AA@ 004245b8     sshpubk.obj
 0002:000035cc       ??_C@_0BC@NPBJDJGK@file?5format?5error?$AA@ 004245cc     sshpubk.obj
 0002:000035e0       ??_C@_0BB@HNDNBCMJ@wrong?5passphrase?$AA@ 004245e0     sshpubk.obj
 0002:000035f4       ??_C@_0BC@DEMJHLHP@rsa_verify?5failed?$AA@ 004245f4     sshpubk.obj
 0002:00003608       ??_C@_02JDPG@rb?$AA@       00424608     sshpubk.obj
 0002:0000360c       ??_C@_0BA@ENOJCGDH@can?8t?5open?5file?$AA@ 0042460c     sshpubk.obj
 0002:0000361c       ??_C@_0CB@KLPNCBJK@SSH?5PRIVATE?5KEY?5FILE?5FORMAT?51?41?6@ 0042461c     sshpubk.obj
 0002:00003640       ??_C@_0BG@BDKEBGIA@not?5an?5SSH?91?5RSA?5file?$AA@ 00424640     sshpubk.obj
 0002:00003658       ??_C@_07FDBDPOCJ@ssh?9rsa?$AA@ 00424658     sshpubk.obj
 0002:00003660       ??_C@_0BG@GFACEDGM@PuTTY?9User?9Key?9File?92?$AA@ 00424660     sshpubk.obj
 0002:00003678       ??_C@_0BG@EOCPBAKP@PuTTY?9User?9Key?9File?91?$AA@ 00424678     sshpubk.obj
 0002:00003690       ??_C@_0BF@HKENPLNI@PuTTY?9User?9Key?9File?9?$AA@ 00424690     sshpubk.obj
 0002:000036a8       ??_C@_0BJ@OMNPKCPH@PuTTY?5key?5format?5too?5new?$AA@ 004246a8     sshpubk.obj
 0002:000036c4       ??_C@_0BO@KKNFCICD@not?5a?5PuTTY?5SSH?92?5private?5key?$AA@ 004246c4     sshpubk.obj
 0002:000036e4       ??_C@_0L@PHIJEIHK@Encryption?$AA@ 004246e4     sshpubk.obj
 0002:000036f0       ??_C@_04CGFJFPFD@none?$AA@ 004246f0     sshpubk.obj
 0002:000036f8       ??_C@_07JABLCLAF@Comment?$AA@ 004246f8     sshpubk.obj
 0002:00003700       ??_C@_0N@PLAKAHPB@Public?9Lines?$AA@ 00424700     sshpubk.obj
 0002:00003710       ??_C@_0O@KIMPDNLC@Private?9Lines?$AA@ 00424710     sshpubk.obj
 0002:00003720       ??_C@_0M@BGCIEHNL@Private?9MAC?$AA@ 00424720     sshpubk.obj
 0002:0000372c       ??_C@_0N@PAIKAHGK@Private?9Hash?$AA@ 0042472c     sshpubk.obj
 0002:0000373c       ??_C@_04DJNNAIOC@?$AA?$AA?$AA?$AA?$AA@ 0042473c     sshpubk.obj
 0002:00003744       ??_C@_04CAMGDJKD@?$AA?$AA?$AA?$AB?$AA@ 00424744     sshpubk.obj
 0002:0000374c       ??_C@_0BP@FBPHIKLM@putty?9private?9key?9file?9mac?9key?$AA@ 0042474c     sshpubk.obj
 0002:0000376c       ??_C@_04NOJCDH@?$CF02x?$AA@ 0042476c     sshpubk.obj
 0002:00003774       ??_C@_0L@GHCEHEDO@MAC?5failed?$AA@ 00424774     sshpubk.obj
 0002:00003780       ??_C@_0BB@IEKCJKNA@createkey?5failed?$AA@ 00424780     sshpubk.obj
 0002:00003794       ??_C@_0CB@IHNFHFDO@?9?9?9?9?5BEGIN?5SSH2?5ENCRYPTED?5PRIVAT@ 00424794     sshpubk.obj
 0002:000037b8       ??_C@_0M@ILJMFDEM@?9?9?9?9?9BEGIN?5?$AA@ 004247b8     sshpubk.obj
 0002:000037c4       ??_C@_01KDCPPGHE@r?$AA@    004247c4     sshpubk.obj
 0002:000037c8       ??_C@_0BE@FNAAPKHP@unable?5to?5open?5file?$AA@ 004247c8     sshpubk.obj
 0002:000037dc       ??_C@_0BC@BPEMMLLP@not?5a?5private?5key?$AA@ 004247dc     sshpubk.obj
 0002:000037f0       ??_C@_0BC@LONHAMBA@SSH?91?5private?5key?$AA@ 004247f0     sshpubk.obj
 0002:00003804       ??_C@_0BI@FLELEAHO@PuTTY?5SSH?92?5private?5key?$AA@ 00424804     sshpubk.obj
 0002:0000381c       ??_C@_0BK@NKGNFJIN@OpenSSH?5SSH?92?5private?5key?$AA@ 0042481c     sshpubk.obj
 0002:00003838       ??_C@_0BK@HBGHADOM@ssh?4com?5SSH?92?5private?5key?$AA@ 00424838     sshpubk.obj
 0002:00003854       ??_C@_0P@CILKDAIG@INTERNAL?5ERROR?$AA@ 00424854     sshpubk.obj
 0002:00003878       _ssh_rsa_kex               00424878     sshrsa.obj
 0002:00003880       _ssh_rsa                   00424880     sshrsa.obj
 0002:00003910       ??_C@_04GHCAEBFJ@rsa2?$AA@ 00424910     sshrsa.obj
 0002:00003918       ??_C@_0N@KOPDGDGF@rsa1024?9sha1?$AA@ 00424918     sshrsa.obj
 0002:00003928       ??_C@_0P@OJIMEJLA@rsa2048?9sha256?$AA@ 00424928     sshrsa.obj
 0002:00003938       ??_C@_0BL@OLAJGFFE@RSA?5deterministic?5blinding?$AA@ 00424938     sshrsa.obj
 0002:00003954       ??_C@_03JDANDILB@?$CFd?5?$AA@ 00424954     sshrsa.obj
 0002:00003958       ??_C@_1BI@DCECBPHA@?$AA?4?$AA?4?$AA?2?$AAs?$AAs?$AAh?$AAr?$AAs?$AAa?$AA?4?$AAc?$AA?$AA@ 00424958     sshrsa.obj
 0002:00003970       ??_C@_0M@CJIFIKOG@?$AA?$AA?$AA?$AHssh?9rsa?$AA@ 00424970     sshrsa.obj
 0002:0000397c       ??_C@_0M@HNJKMIOE@ssh?9rsa?5?$CFd?5?$AA@ 0042497c     sshrsa.obj
 0002:00003988       ??_C@_1DI@JPHLNLFI@?$AA1?$AA?5?$AA?$DM?$AA?$DN?$AA?5?$AAn?$AAb?$AAy?$AAt?$AAe?$AAs?$AA?5?$AA?9?$AA?5?$AA2?$AA0?$AA?5?$AA?9?$AA?5?$AAA?$AAS?$AAN?$AA1?$AA_?$AAL?$AAE?$AAN?$AA?$AA@ 00424988     sshrsa.obj
 0002:000039c0       _ssh_sha256                004249c0     sshsh256.obj
 0002:000039d4       _ssh_hmac_sha256           004249d4     sshsh256.obj
 0002:00003b08       ??_C@_07DKFLFLPF@SHA?9256?$AA@ 00424b08     sshsh256.obj
 0002:00003b10       ??_C@_0O@HOOBDNEB@hmac?9sha2?9256?$AA@ 00424b10     sshsh256.obj
 0002:00003b20       ??_C@_0N@ILKCJLO@HMAC?9SHA?9256?$AA@ 00424b20     sshsh256.obj
 0002:00003df0       _ssh_sha1                  00424df0     sshsha.obj
 0002:00003e04       _ssh_hmac_sha1             00424e04     sshsha.obj
 0002:00003e34       _ssh_hmac_sha1_buggy       00424e34     sshsha.obj
 0002:00003e64       _ssh_hmac_sha1_96          00424e64     sshsha.obj
 0002:00003e94       _ssh_hmac_sha1_96_buggy    00424e94     sshsha.obj
 0002:00003ec4       ??_C@_05HJMENKNE@SHA?91?$AA@ 00424ec4     sshsha.obj
 0002:00003ecc       ??_C@_09KBOMLGBN@hmac?9sha1?$AA@ 00424ecc     sshsha.obj
 0002:00003ed8       ??_C@_09DDFKKHO@HMAC?9SHA1?$AA@ 00424ed8     sshsha.obj
 0002:00003ee4       ??_C@_0N@PPCDKPGG@hmac?9sha1?996?$AA@ 00424ee4     sshsha.obj
 0002:00003ef4       ??_C@_0N@KMMKONJA@HMAC?9SHA1?996?$AA@ 00424ef4     sshsha.obj
 0002:00003f04       ??_C@_0BJ@MDIAIHM@bug?9compatible?5HMAC?9SHA1?$AA@ 00424f04     sshsha.obj
 0002:00003f20       ??_C@_0BM@ENMOJLCH@bug?9compatible?5HMAC?9SHA1?996?$AA@ 00424f20     sshsha.obj
 0002:00003f3c       ??_C@_1BK@MHBNEDJA@?$AA?4?$AA?4?$AA?2?$AAt?$AAr?$AAe?$AAe?$AA2?$AA3?$AA4?$AA?4?$AAc?$AA?$AA@ 00424f3c     tree234.obj
 0002:00003f58       ??_C@_1FO@OBPIOPIL@?$AAr?$AAe?$AAl?$AAa?$AAt?$AAi?$AAo?$AAn?$AA?5?$AA?$DN?$AA?$DN?$AA?5?$AAR?$AAE?$AAL?$AA2?$AA3?$AA4?$AA_?$AAL?$AAT?$AA?5?$AA?$HM?$AA?$HM?$AA?5?$AAr?$AAe?$AAl?$AAa?$AAt?$AAi?$AAo@ 00424f58     tree234.obj
 0002:00003fb8       ??_C@_09KCIJKGOL@putty?4hlp?$AA@ 00424fb8     winhelp.obj
 0002:00003fc4       ??_C@_09BCGADAIA@putty?4cnt?$AA@ 00424fc4     winhelp.obj
 0002:00003fd0       ??_C@_09INONOFCK@putty?4chm?$AA@ 00424fd0     winhelp.obj
 0002:00003fdc       ??_C@_0L@EFKJKBHF@hhctrl?4ocx?$AA@ 00424fdc     winhelp.obj
 0002:00003fe8       ??_C@_09EFBFPPGM@HtmlHelpA?$AA@ 00424fe8     winhelp.obj
 0002:00003ff4       ??_C@_1CK@IBKCKMGM@?$AA?4?$AA?4?$AA?2?$AAw?$AAi?$AAn?$AAd?$AAo?$AAw?$AAs?$AA?2?$AAw?$AAi?$AAn?$AAh?$AAe?$AAl?$AAp?$AA?4?$AAc?$AA?$AA@ 00424ff4     winhelp.obj
 0002:00004020       ??_C@_1DA@CDMBFJDO@?$AAt?$AAo?$AAp?$AAi?$AAc?$AA?$FL?$AAc?$AAo?$AAl?$AAo?$AAn?$AAp?$AAo?$AAs?$AA?$FN?$AA?5?$AA?$CB?$AA?$DN?$AA?5?$AA?8?$AA?2?$AA0?$AA?8?$AA?$AA@ 00425020     winhelp.obj
 0002:00004050       ??_C@_0BC@CFNCKOA@?$CFs?3?3?1?$CFs?4html?$DOmain?$AA@ 00425050     winhelp.obj
 0002:00004064       ??_C@_0O@PLAIEHKO@JI?$CI?$GA?8?0?$GA?$CF?4?$CKs?8?$CJ?$AA@ 00425064     winhelp.obj
 0002:00004074       ??_C@_01KICIPPFI@?2?$AA@   00425074     winmisc.obj
 0002:000041f0       ??_C@_0BE@JBHJIKDD@Pageant?5Fatal?5Error?$AA@ 004251f0     winpgnt.obj
 0002:00004204       ??_C@_07CMJJJJGA@Pageant?$AA@ 00425204     winpgnt.obj
 0002:0000420c       ??_C@_05HHAAFACO@ssh1?7?$AA@ 0042520c     winpgnt.obj
 0002:00004214       ??_C@_0BM@FBDKLLP@Couldn?8t?5load?5this?5key?5?$CI?$CFs?$CJ?$AA@ 00425214     winpgnt.obj
 0002:00004230       ??_C@_0BP@IBKLELMH@Couldn?8t?5load?5private?5key?5?$CI?$CFs?$CJ?$AA@ 00425230     winpgnt.obj
 0002:00004250       ??_C@_0BL@GNFMMML@Received?5broken?5key?5list?$DP?$CB?$AA@ 00425250     winpgnt.obj
 0002:0000426c       ??_C@_1CK@LIMNMOGO@?$AA?4?$AA?4?$AA?2?$AAw?$AAi?$AAn?$AAd?$AAo?$AAw?$AAs?$AA?2?$AAw?$AAi?$AAn?$AAp?$AAg?$AAn?$AAt?$AA?4?$AAc?$AA?$AA@ 0042526c     winpgnt.obj
 0002:00004298       ??_C@_1CG@BIBKKIIF@?$AAp?$AAa?$AAs?$AAs?$AAp?$AAh?$AAr?$AAa?$AAs?$AAe?$AA?5?$AA?$CB?$AA?$DN?$AA?5?$AAN?$AAU?$AAL?$AAL?$AA?$AA@ 00425298     winpgnt.obj
 0002:000042c0       ??_C@_1BC@DAEMKNJI@?$AAr?$AAe?$AAt?$AA?5?$AA?$DN?$AA?$DN?$AA?5?$AA1?$AA?$AA@ 004252c0     winpgnt.obj
 0002:000042d4       ??_C@_0DE@JJJBLGL@The?5already?5running?5Pageant?5refu@ 004252d4     winpgnt.obj
 0002:00004308       ??_C@_1BO@GAGGACJH@?$AAp?$AA?5?$AA?9?$AA?5?$AAr?$AAe?$AAt?$AA?5?$AA?$DN?$AA?$DN?$AA?5?$AAl?$AAe?$AAn?$AA?$AA@ 00425308     winpgnt.obj
 0002:00004328       ??_C@_1BI@IIMJFAHG@?$AAr?$AAe?$AAt?$AAv?$AAa?$AAl?$AA?5?$AA?$DN?$AA?$DN?$AA?5?$AA1?$AA?$AA@ 00425328     winpgnt.obj
 0002:00004340       ??_C@_1BI@IIMEFJEL@?$AAp?$AA?5?$AA?$DM?$AA?$DN?$AA?5?$AAm?$AAs?$AAg?$AAe?$AAn?$AAd?$AA?$AA@ 00425340     winpgnt.obj
 0002:00004358       ??_C@_0DL@MJMBOCBO@PuTTY?5Private?5Key?5Files?5?$CI?$CK?4ppk?$CJ?$AA@ 00425358     winpgnt.obj
 0002:00004394       ??_C@_0BI@BIGOFONA@Select?5Private?5Key?5File?$AA@ 00425394     winpgnt.obj
 0002:000043ac       ??_C@_0BI@DBJCABDF@pageant?4general?3pageant?$AA@ 004253ac     winpgnt.obj
 0002:000043c4       ??_C@_0CI@IHPECOIJ@pageant?4keylist?3pageant?9mainwin?9@ 004253c4     winpgnt.obj
 0002:000043ec       ??_C@_0CG@MODBNMHK@pageant?4addkey?3pageant?9mainwin?9a@ 004253ec     winpgnt.obj
 0002:00004414       ??_C@_0CG@FBLDODG@pageant?4remkey?3pageant?9mainwin?9r@ 00425414     winpgnt.obj
 0002:0000443c       ??_C@_0CF@NPHEPPHG@Pageant?5?$CIPuTTY?5authentication?5ag@ 0042543c     winpgnt.obj
 0002:00004464       ??_C@_0CE@GEIJGKHP@Software?2SimonTatham?2PuTTY?2Sessi@ 00425464     winpgnt.obj
 0002:00004488       ??_C@_0BD@ONJGDINO@Default?$CF20Settings?$AA@ 00425488     winpgnt.obj
 0002:0000449c       ??_C@_0O@ECAMNAAK@?$CINo?5sessions?$CJ?$AA@ 0042549c     winpgnt.obj
 0002:000044ac       ??_C@_0P@HDDEAF@TaskbarCreated?$AA@ 004254ac     winpgnt.obj
 0002:000044bc       ??_C@_05NAOIJFC@Error?$AA@ 004254bc     winpgnt.obj
 0002:000044c4       ??_C@_0BJ@JCJFGNHG@Unable?5to?5execute?5PuTTY?$CB?$AA@ 004254c4     winpgnt.obj
 0002:000044e0       ??_C@_01EOFPKCAF@?$EA?$AA@ 004254e0     winpgnt.obj
 0002:000044e4       ??_C@_04PMOCAHAA@open?$AA@ 004254e4     winpgnt.obj
 0002:000044ec       ??_C@_0CC@OMMEOHKC@Failed?5to?5run?5?$CC?$CF?4100s?$CC?0?5Error?3?5?$CF@ 004254ec     winpgnt.obj
 0002:00004510       ??_C@_06KMMDPPA@user32?$AA@ 00425510     winpgnt.obj
 0002:00004518       ??_C@_07LIJFLNDM@problem?$AA@ 00425518     winpgnt.obj
 0002:00004520       ??_C@_0BG@HGPLDFMG@failed?5to?5load?5user32?$AA@ 00425520     winpgnt.obj
 0002:00004538       ??_C@_0BB@HFGCMCLE@GetLastInputInfo?$AA@ 00425538     winpgnt.obj
 0002:0000454c       ??_C@_0CD@ODPOPCKD@failed?5to?5look?5up?5GetLastInputIn@ 0042554c     winpgnt.obj
 0002:00004570       ??_C@_0BB@IDGEFJNK@current?5value?5?$CFd?$AA@ 00425570     winpgnt.obj
 0002:00004584       ??_C@_04NIDJFNBE@info?$AA@ 00425584     winpgnt.obj
 0002:0000458c       ??_C@_0CE@JLKGPOKK@Windows?5refuses?5to?5report?5a?5vers@ 0042558c     winpgnt.obj
 0002:000045b0       ??_C@_0FL@HNCFLDBJ@Unable?5to?5access?5security?5APIs?4?5@ 004255b0     winpgnt.obj
 0002:0000460c       ??_C@_09HMHJJDIO@putty?4exe?$AA@ 0042560c     winpgnt.obj
 0002:00004618       ??_C@_06OEJDLALJ@?9pgpfp?$AA@ 00425618     winpgnt.obj
 0002:00004620       ??_C@_02HOPLMLDK@?9c?$AA@  00425620     winpgnt.obj
 0002:00004624       ??_C@_02IEBECDLA@?9i?$AA@  00425624     winpgnt.obj
 0002:00004628       ??_C@_0O@KJHDLFAD@Pageant?5Error?$AA@ 00425628     winpgnt.obj
 0002:00004638       ??_C@_0BL@PECFAALD@Pageant?5is?5already?5running?$AA@ 00425638     winpgnt.obj
 0002:00004654       ??_C@_0N@ECJNGPCJ@?$CGNew?5Session?$AA@ 00425654     winpgnt.obj
 0002:00004664       ??_C@_0BA@OOLCEAMP@?$CGSaved?5Sessions?$AA@ 00425664     winpgnt.obj
 0002:00004674       ??_C@_0L@HEBKJILI@?$CGView?5Keys?$AA@ 00425674     winpgnt.obj
 0002:00004680       ??_C@_08EOJOPBHI@Add?5?$CGKey?$AA@ 00425680     winpgnt.obj
 0002:0000468c       ??_C@_05JFEBOHHM@?$CGHelp?$AA@ 0042568c     winpgnt.obj
 0002:00004694       ??_C@_06JDCECANP@?$CGAbout?$AA@ 00425694     winpgnt.obj
 0002:0000469c       ??_C@_05PNPHNLAJ@E?$CGxit?$AA@ 0042569c     winpgnt.obj
 0002:000046a4       ??_C@_0N@INAGJMNN@advapi32?4dll?$AA@ 004256a4     winpgntc.obj
 0002:000046b4       ??_C@_0BA@JKIAABFB@GetSecurityInfo?$AA@ 004256b4     winpgntc.obj
 0002:000046c4       ??_C@_0BB@EANJDCJP@OpenProcessToken?$AA@ 004256c4     winpgntc.obj
 0002:000046d8       ??_C@_0BE@JIDLIKOL@GetTokenInformation?$AA@ 004256d8     winpgntc.obj
 0002:000046ec       ??_C@_0BN@FNLANPJJ@InitializeSecurityDescriptor?$AA@ 004256ec     winpgntc.obj
 0002:0000470c       ??_C@_0BL@OJAFMLIK@SetSecurityDescriptorOwner?$AA@ 0042570c     winpgntc.obj
 0002:00004728       ??_C@_0BD@BGFFBEAP@PageantRequest?$CF08x?$AA@ 00425728     winpgntc.obj
 0002:0000473c       ??_C@_0CM@NGNJFNGG@errors?4hostkey?4absent?3errors?9hos@ 0042573c     winutils.obj
 0002:00004768       ??_C@_0CM@DCHAOOMI@errors?4hostkey?4changed?3errors?9ho@ 00425768     winutils.obj
 0002:00004794       ??_C@_0CI@GFKEHGA@errors?4cantloadkey?3errors?9cant?9l@ 00425794     winutils.obj
 0002:000047bc       ??_C@_0BO@JIGOHIBD@options?4cleanup?3using?9cleanup?$AA@ 004257bc     winutils.obj
 0002:000047dc       ??_C@_0BI@PMFDGKPB@pgpfingerprints?3pgpkeys?$AA@ 004257dc     winutils.obj
 0002:000047f4       ??_C@_0BB@IMDLMANB@PGP?5fingerprints?$AA@ 004257f4     winutils.obj
 0002:00004808       ??_C@_0BJD@PGPIMJHG@These?5are?5the?5fingerprints?5of?5th@ 00425808     winutils.obj
 0002:0000499c       ??_C@_17LGKOMLJ@?$AA?4?$AA?4?$AA?4?$AA?$AA@ 0042599c     LIBCMT:wassert.obj
 0002:000049a4       ??_C@_13LBAGMAIH@?$AA?6?$AA?$AA@ 004259a4     LIBCMT:wassert.obj
 0002:000049a8       ??_C@_15IABLJNFO@?$AA?6?$AA?6?$AA?$AA@ 004259a8     LIBCMT:wassert.obj
 0002:000049b0       ??_C@_1CE@OJBNHDMO@?$AAA?$AAs?$AAs?$AAe?$AAr?$AAt?$AAi?$AAo?$AAn?$AA?5?$AAf?$AAa?$AAi?$AAl?$AAe?$AAd?$AA?$CB?$AA?$AA@ 004259b0     LIBCMT:wassert.obj
 0002:000049d4       ??_C@_1BE@PHKBBGE@?$AAP?$AAr?$AAo?$AAg?$AAr?$AAa?$AAm?$AA?3?$AA?5?$AA?$AA@ 004259d4     LIBCMT:wassert.obj
 0002:000049e8       ??_C@_1CO@EAEJAADC@?$AA?$DM?$AAp?$AAr?$AAo?$AAg?$AAr?$AAa?$AAm?$AA?5?$AAn?$AAa?$AAm?$AAe?$AA?5?$AAu?$AAn?$AAk?$AAn?$AAo?$AAw?$AAn?$AA?$DO?$AA?$AA@ 004259e8     LIBCMT:wassert.obj
 0002:00004a18       ??_C@_1O@HEMHKNDC@?$AAF?$AAi?$AAl?$AAe?$AA?3?$AA?5?$AA?$AA@ 00425a18     LIBCMT:wassert.obj
 0002:00004a28       ??_C@_1O@KCAFKHJE@?$AAL?$AAi?$AAn?$AAe?$AA?3?$AA?5?$AA?$AA@ 00425a28     LIBCMT:wassert.obj
 0002:00004a38       ??_C@_1BK@PEDCIPMA@?$AAE?$AAx?$AAp?$AAr?$AAe?$AAs?$AAs?$AAi?$AAo?$AAn?$AA?3?$AA?5?$AA?$AA@ 00425a38     LIBCMT:wassert.obj
 0002:00004a58       ??_C@_1OA@EGMLFBHJ@?$AAF?$AAo?$AAr?$AA?5?$AAi?$AAn?$AAf?$AAo?$AAr?$AAm?$AAa?$AAt?$AAi?$AAo?$AAn?$AA?5?$AAo?$AAn?$AA?5?$AAh?$AAo?$AAw?$AA?5?$AAy?$AAo?$AAu?$AAr?$AA?5?$AAp?$AAr?$AAo?$AAg@ 00425a58     LIBCMT:wassert.obj
 0002:00004b38       ??_C@_1HK@POCJMFGK@?$AA?$CI?$AAP?$AAr?$AAe?$AAs?$AAs?$AA?5?$AAR?$AAe?$AAt?$AAr?$AAy?$AA?5?$AAt?$AAo?$AA?5?$AAd?$AAe?$AAb?$AAu?$AAg?$AA?5?$AAt?$AAh?$AAe?$AA?5?$AAa?$AAp?$AAp?$AAl?$AAi?$AAc@ 00425b38     LIBCMT:wassert.obj
 0002:00004bb8       ??_C@_1EK@MBDPDCGA@?$AAM?$AAi?$AAc?$AAr?$AAo?$AAs?$AAo?$AAf?$AAt?$AA?5?$AAV?$AAi?$AAs?$AAu?$AAa?$AAl?$AA?5?$AAC?$AA?$CL?$AA?$CL?$AA?5?$AAR?$AAu?$AAn?$AAt?$AAi?$AAm?$AAe?$AA?5?$AAL?$AAi?$AAb@ 00425bb8     LIBCMT:wassert.obj
 0002:00004c04       ??_C@_1BI@BGOHAHKC@?$AAm?$AAs?$AAc?$AAo?$AAr?$AAe?$AAe?$AA?4?$AAd?$AAl?$AAl?$AA?$AA@ 00425c04     LIBCMT:crt0dat.obj
 0002:00004c1c       ??_C@_0P@MIGLKIOC@CorExitProcess?$AA@ 00425c1c     LIBCMT:crt0dat.obj
 0002:00004c2c       ??_C@_1BG@GOEBHBDC@?$AAU?$AAS?$AAE?$AAR?$AA3?$AA2?$AA?4?$AAD?$AAL?$AAL?$AA?$AA@ 00425c2c     LIBCMT:crtmboxw.obj
 0002:00004c44       ??_C@_0M@DLDCCGNP@MessageBoxW?$AA@ 00425c44     LIBCMT:crtmboxw.obj
 0002:00004c50       ??_C@_0BA@HNOPNCHB@GetActiveWindow?$AA@ 00425c50     LIBCMT:crtmboxw.obj
 0002:00004c60       ??_C@_0BD@HHGDFDBJ@GetLastActivePopup?$AA@ 00425c60     LIBCMT:crtmboxw.obj
 0002:00004c74       ??_C@_0BK@DEKFELLI@GetUserObjectInformationW?$AA@ 00425c74     LIBCMT:crtmboxw.obj
 0002:00004c90       ??_C@_0BI@DFKBFLJE@GetProcessWindowStation?$AA@ 00425c90     LIBCMT:crtmboxw.obj
 0002:00004ca8       ??_C@_1FE@LLNEDJMD@?$AAR?$AA6?$AA0?$AA0?$AA8?$AA?$AN?$AA?6?$AA?9?$AA?5?$AAn?$AAo?$AAt?$AA?5?$AAe?$AAn?$AAo?$AAu?$AAg?$AAh?$AA?5?$AAs?$AAp?$AAa?$AAc?$AAe?$AA?5?$AAf?$AAo?$AAr?$AA?5?$AAa?$AAr@ 00425ca8     LIBCMT:crt0msg.obj
 0002:00004d00       ??_C@_1FI@HONFMGBI@?$AAR?$AA6?$AA0?$AA0?$AA9?$AA?$AN?$AA?6?$AA?9?$AA?5?$AAn?$AAo?$AAt?$AA?5?$AAe?$AAn?$AAo?$AAu?$AAg?$AAh?$AA?5?$AAs?$AAp?$AAa?$AAc?$AAe?$AA?5?$AAf?$AAo?$AAr?$AA?5?$AAe?$AAn@ 00425d00     LIBCMT:crt0msg.obj
 0002:00004d58       ??_C@_1EG@BEHAGFJD@?$AAR?$AA6?$AA0?$AA1?$AA0?$AA?$AN?$AA?6?$AA?9?$AA?5?$AAa?$AAb?$AAo?$AAr?$AAt?$AA?$CI?$AA?$CJ?$AA?5?$AAh?$AAa?$AAs?$AA?5?$AAb?$AAe?$AAe?$AAn?$AA?5?$AAc?$AAa?$AAl?$AAl?$AAe?$AAd@ 00425d58     LIBCMT:crt0msg.obj
 0002:00004da0       ??_C@_1FI@LOGNIKDM@?$AAR?$AA6?$AA0?$AA1?$AA6?$AA?$AN?$AA?6?$AA?9?$AA?5?$AAn?$AAo?$AAt?$AA?5?$AAe?$AAn?$AAo?$AAu?$AAg?$AAh?$AA?5?$AAs?$AAp?$AAa?$AAc?$AAe?$AA?5?$AAf?$AAo?$AAr?$AA?5?$AAt?$AAh@ 00425da0     LIBCMT:crt0msg.obj
 0002:00004df8       ??_C@_1FK@BEOGODMC@?$AAR?$AA6?$AA0?$AA1?$AA7?$AA?$AN?$AA?6?$AA?9?$AA?5?$AAu?$AAn?$AAe?$AAx?$AAp?$AAe?$AAc?$AAt?$AAe?$AAd?$AA?5?$AAm?$AAu?$AAl?$AAt?$AAi?$AAt?$AAh?$AAr?$AAe?$AAa?$AAd?$AA?5@ 00425df8     LIBCMT:crt0msg.obj
 0002:00004e58       ??_C@_1EC@JIBHAOPH@?$AAR?$AA6?$AA0?$AA1?$AA8?$AA?$AN?$AA?6?$AA?9?$AA?5?$AAu?$AAn?$AAe?$AAx?$AAp?$AAe?$AAc?$AAt?$AAe?$AAd?$AA?5?$AAh?$AAe?$AAa?$AAp?$AA?5?$AAe?$AAr?$AAr?$AAo?$AAr?$AA?$AN?$AA?6@ 00425e58     LIBCMT:crt0msg.obj
 0002:00004ea0       ??_C@_1FC@ECHBIFBC@?$AAR?$AA6?$AA0?$AA1?$AA9?$AA?$AN?$AA?6?$AA?9?$AA?5?$AAu?$AAn?$AAa?$AAb?$AAl?$AAe?$AA?5?$AAt?$AAo?$AA?5?$AAo?$AAp?$AAe?$AAn?$AA?5?$AAc?$AAo?$AAn?$AAs?$AAo?$AAl?$AAe?$AA?5@ 00425ea0     LIBCMT:crt0msg.obj
 0002:00004ef8       ??_C@_1GK@FHCKBEFA@?$AAR?$AA6?$AA0?$AA2?$AA4?$AA?$AN?$AA?6?$AA?9?$AA?5?$AAn?$AAo?$AAt?$AA?5?$AAe?$AAn?$AAo?$AAu?$AAg?$AAh?$AA?5?$AAs?$AAp?$AAa?$AAc?$AAe?$AA?5?$AAf?$AAo?$AAr?$AA?5?$AA_?$AAo@ 00425ef8     LIBCMT:crt0msg.obj
 0002:00004f68       ??_C@_1EM@MAADIHMB@?$AAR?$AA6?$AA0?$AA2?$AA5?$AA?$AN?$AA?6?$AA?9?$AA?5?$AAp?$AAu?$AAr?$AAe?$AA?5?$AAv?$AAi?$AAr?$AAt?$AAu?$AAa?$AAl?$AA?5?$AAf?$AAu?$AAn?$AAc?$AAt?$AAi?$AAo?$AAn?$AA?5?$AAc@ 00425f68     LIBCMT:crt0msg.obj
 0002:00004fb8       ??_C@_1GK@MCAAGJMO@?$AAR?$AA6?$AA0?$AA2?$AA6?$AA?$AN?$AA?6?$AA?9?$AA?5?$AAn?$AAo?$AAt?$AA?5?$AAe?$AAn?$AAo?$AAu?$AAg?$AAh?$AA?5?$AAs?$AAp?$AAa?$AAc?$AAe?$AA?5?$AAf?$AAo?$AAr?$AA?5?$AAs?$AAt@ 00425fb8     LIBCMT:crt0msg.obj
 0002:00005028       ??_C@_1GK@MFGOKLAG@?$AAR?$AA6?$AA0?$AA2?$AA7?$AA?$AN?$AA?6?$AA?9?$AA?5?$AAn?$AAo?$AAt?$AA?5?$AAe?$AAn?$AAo?$AAu?$AAg?$AAh?$AA?5?$AAs?$AAp?$AAa?$AAc?$AAe?$AA?5?$AAf?$AAo?$AAr?$AA?5?$AAl?$AAo@ 00426028     LIBCMT:crt0msg.obj
 0002:00005098       ??_C@_1EK@HHFLMAOL@?$AAR?$AA6?$AA0?$AA2?$AA8?$AA?$AN?$AA?6?$AA?9?$AA?5?$AAu?$AAn?$AAa?$AAb?$AAl?$AAe?$AA?5?$AAt?$AAo?$AA?5?$AAi?$AAn?$AAi?$AAt?$AAi?$AAa?$AAl?$AAi?$AAz?$AAe?$AA?5?$AAh?$AAe@ 00426098     LIBCMT:crt0msg.obj
 0002:000050e4       ??_C@_1DO@BMFCDCD@?$AAR?$AA6?$AA0?$AA3?$AA0?$AA?$AN?$AA?6?$AA?9?$AA?5?$AAC?$AAR?$AAT?$AA?5?$AAn?$AAo?$AAt?$AA?5?$AAi?$AAn?$AAi?$AAt?$AAi?$AAa?$AAl?$AAi?$AAz?$AAe?$AAd?$AA?$AN?$AA?6?$AA?$AA@ 004260e4     LIBCMT:crt0msg.obj
 0002:00005128       ??_C@_1MG@ENCOOIDF@?$AAR?$AA6?$AA0?$AA3?$AA1?$AA?$AN?$AA?6?$AA?9?$AA?5?$AAA?$AAt?$AAt?$AAe?$AAm?$AAp?$AAt?$AA?5?$AAt?$AAo?$AA?5?$AAi?$AAn?$AAi?$AAt?$AAi?$AAa?$AAl?$AAi?$AAz?$AAe?$AA?5?$AAt@ 00426128     LIBCMT:crt0msg.obj
 0002:000051f0       ??_C@_1GG@GOPILAJP@?$AAR?$AA6?$AA0?$AA3?$AA2?$AA?$AN?$AA?6?$AA?9?$AA?5?$AAn?$AAo?$AAt?$AA?5?$AAe?$AAn?$AAo?$AAu?$AAg?$AAh?$AA?5?$AAs?$AAp?$AAa?$AAc?$AAe?$AA?5?$AAf?$AAo?$AAr?$AA?5?$AAl?$AAo@ 004261f0     LIBCMT:crt0msg.obj
 0002:00005258       ??_C@_1BOO@KGEDBGAJ@?$AAR?$AA6?$AA0?$AA3?$AA3?$AA?$AN?$AA?6?$AA?9?$AA?5?$AAA?$AAt?$AAt?$AAe?$AAm?$AAp?$AAt?$AA?5?$AAt?$AAo?$AA?5?$AAu?$AAs?$AAe?$AA?5?$AAM?$AAS?$AAI?$AAL?$AA?5?$AAc?$AAo?$AAd@ 00426258     LIBCMT:crt0msg.obj
 0002:00005448       ??_C@_1GG@MKFPEKFO@?$AAR?$AA6?$AA0?$AA3?$AA4?$AA?$AN?$AA?6?$AA?9?$AA?5?$AAi?$AAn?$AAc?$AAo?$AAn?$AAs?$AAi?$AAs?$AAt?$AAe?$AAn?$AAt?$AA?5?$AAo?$AAn?$AAe?$AAx?$AAi?$AAt?$AA?5?$AAb?$AAe?$AAg@ 00426448     LIBCMT:crt0msg.obj
 0002:000054b0       ??_C@_1BO@BFCDCGC@?$AAD?$AAO?$AAM?$AAA?$AAI?$AAN?$AA?5?$AAe?$AAr?$AAr?$AAo?$AAr?$AA?$AN?$AA?6?$AA?$AA@ 004264b0     LIBCMT:crt0msg.obj
 0002:000054d0       ??_C@_1BK@KMOMNAAI@?$AAS?$AAI?$AAN?$AAG?$AA?5?$AAe?$AAr?$AAr?$AAo?$AAr?$AA?$AN?$AA?6?$AA?$AA@ 004264d0     LIBCMT:crt0msg.obj
 0002:000054ec       ??_C@_1BM@JBBEPPHI@?$AAT?$AAL?$AAO?$AAS?$AAS?$AA?5?$AAe?$AAr?$AAr?$AAo?$AAr?$AA?$AN?$AA?6?$AA?$AA@ 004264ec     LIBCMT:crt0msg.obj
 0002:00005508       ??_C@_15JNBOKNOG@?$AA?$AN?$AA?6?$AA?$AA@ 00426508     LIBCMT:crt0msg.obj
 0002:00005510       ??_C@_1BO@BKOMIGKJ@?$AAr?$AAu?$AAn?$AAt?$AAi?$AAm?$AAe?$AA?5?$AAe?$AAr?$AAr?$AAo?$AAr?$AA?5?$AA?$AA@ 00426510     LIBCMT:crt0msg.obj
 0002:000055e8       ??_C@_1FK@PGACCAFB@?$AAR?$AA6?$AA0?$AA0?$AA2?$AA?$AN?$AA?6?$AA?9?$AA?5?$AAf?$AAl?$AAo?$AAa?$AAt?$AAi?$AAn?$AAg?$AA?5?$AAp?$AAo?$AAi?$AAn?$AAt?$AA?5?$AAs?$AAu?$AAp?$AAp?$AAo?$AAr?$AAt?$AA?5@ 004265e8     LIBCMT:crt0msg.obj
 0002:00005644       ??_C@_1DE@JNGNBFGO@?$AAR?$AAu?$AAn?$AAt?$AAi?$AAm?$AAe?$AA?5?$AAE?$AAr?$AAr?$AAo?$AAr?$AA?$CB?$AA?6?$AA?6?$AAP?$AAr?$AAo?$AAg?$AAr?$AAa?$AAm?$AA?3?$AA?5?$AA?$AA@ 00426644     LIBCMT:crt0msg.obj
 0002:00005678       ??_C@_06OJHGLDPL@?$CInull?$CJ?$AA@ 00426678     LIBCMT:output.obj
 0002:00005680       ??_C@_1O@CEDCILHN@?$AA?$CI?$AAn?$AAu?$AAl?$AAl?$AA?$CJ?$AA?$AA@ 00426680     LIBCMT:output.obj
 0002:00005690       ___lookuptable             00426690     LIBCMT:output.obj
 0002:000056fc       ??_C@_1M@HPNHIDJI@?$AAj?$AAa?$AA?9?$AAJ?$AAP?$AA?$AA@ 004266fc     LIBCMT:mbctype.obj
 0002:00005708       ??_C@_1M@BIBDDEMK@?$AAz?$AAh?$AA?9?$AAC?$AAN?$AA?$AA@ 00426708     LIBCMT:mbctype.obj
 0002:00005714       ??_C@_1M@JLOOOEGK@?$AAk?$AAo?$AA?9?$AAK?$AAR?$AA?$AA@ 00426714     LIBCMT:mbctype.obj
 0002:00005720       ??_C@_1M@CLNBBOPM@?$AAz?$AAh?$AA?9?$AAT?$AAW?$AA?$AA@ 00426720     LIBCMT:mbctype.obj
 0002:0000572c       ??_C@_03KOEHGMDN@Sun?$AA@  0042672c     LIBCMT:nlsdata.obj
 0002:00005730       ??_C@_03PDAGKDH@Mon?$AA@   00426730     LIBCMT:nlsdata.obj
 0002:00005734       ??_C@_03NAGEINEP@Tue?$AA@  00426734     LIBCMT:nlsdata.obj
 0002:00005738       ??_C@_03MHOMLAJA@Wed?$AA@  00426738     LIBCMT:nlsdata.obj
 0002:0000573c       ??_C@_03IOFIKPDN@Thu?$AA@  0042673c     LIBCMT:nlsdata.obj
 0002:00005740       ??_C@_03IDIOELNC@Fri?$AA@  00426740     LIBCMT:nlsdata.obj
 0002:00005744       ??_C@_03FEFJNEK@Sat?$AA@   00426744     LIBCMT:nlsdata.obj
 0002:00005748       ??_C@_06OOPIFAJ@Sunday?$AA@ 00426748     LIBCMT:nlsdata.obj
 0002:00005750       ??_C@_06JLEDEDGH@Monday?$AA@ 00426750     LIBCMT:nlsdata.obj
 0002:00005758       ??_C@_07BAAGCFCM@Tuesday?$AA@ 00426758     LIBCMT:nlsdata.obj
 0002:00005760       ??_C@_09DLIGFAKA@Wednesday?$AA@ 00426760     LIBCMT:nlsdata.obj
 0002:0000576c       ??_C@_08HACCIKIA@Thursday?$AA@ 0042676c     LIBCMT:nlsdata.obj
 0002:00005778       ??_C@_06JECMNKMI@Friday?$AA@ 00426778     LIBCMT:nlsdata.obj
 0002:00005780       ??_C@_08INBOOONO@Saturday?$AA@ 00426780     LIBCMT:nlsdata.obj
 0002:0000578c       ??_C@_03JIHJHPIE@Jan?$AA@  0042678c     LIBCMT:nlsdata.obj
 0002:00005790       ??_C@_03HJBDCHOM@Feb?$AA@  00426790     LIBCMT:nlsdata.obj
 0002:00005794       ??_C@_03ODNJBKGA@Mar?$AA@  00426794     LIBCMT:nlsdata.obj
 0002:00005798       ??_C@_03LEOLGMJP@Apr?$AA@  00426798     LIBCMT:nlsdata.obj
 0002:0000579c       ??_C@_03CNMDKL@May?$AA@    0042679c     LIBCMT:nlsdata.obj
 0002:000057a0       ??_C@_03IDFGHECI@Jun?$AA@  004267a0     LIBCMT:nlsdata.obj
 0002:000057a4       ??_C@_03LBGABGKK@Jul?$AA@  004267a4     LIBCMT:nlsdata.obj
 0002:000057a8       ??_C@_03IFJFEIGA@Aug?$AA@  004267a8     LIBCMT:nlsdata.obj
 0002:000057ac       ??_C@_03GGCAPAJC@Sep?$AA@  004267ac     LIBCMT:nlsdata.obj
 0002:000057b0       ??_C@_03BMAOKBAD@Oct?$AA@  004267b0     LIBCMT:nlsdata.obj
 0002:000057b4       ??_C@_03JPJOFNIA@Nov?$AA@  004267b4     LIBCMT:nlsdata.obj
 0002:000057b8       ??_C@_03MKABNOCG@Dec?$AA@  004267b8     LIBCMT:nlsdata.obj
 0002:000057bc       ??_C@_07CGJPFGJA@January?$AA@ 004267bc     LIBCMT:nlsdata.obj
 0002:000057c4       ??_C@_08GNJGEPFN@February?$AA@ 004267c4     LIBCMT:nlsdata.obj
 0002:000057d0       ??_C@_05HPCKOFNC@March?$AA@ 004267d0     LIBCMT:nlsdata.obj
 0002:000057d8       ??_C@_05DMJDNLEJ@April?$AA@ 004267d8     LIBCMT:nlsdata.obj
 0002:000057e0       ??_C@_04CNLMGBGM@June?$AA@ 004267e0     LIBCMT:nlsdata.obj
 0002:000057e8       ??_C@_04MIEPOIFP@July?$AA@ 004267e8     LIBCMT:nlsdata.obj
 0002:000057f0       ??_C@_06LBBHFDDG@August?$AA@ 004267f0     LIBCMT:nlsdata.obj
 0002:000057f8       ??_C@_09BHHEALKD@September?$AA@ 004267f8     LIBCMT:nlsdata.obj
 0002:00005804       ??_C@_07JJNFCEND@October?$AA@ 00426804     LIBCMT:nlsdata.obj
 0002:0000580c       ??_C@_08HCHEGEOA@November?$AA@ 0042680c     LIBCMT:nlsdata.obj
 0002:00005818       ??_C@_08EDHMEBNP@December?$AA@ 00426818     LIBCMT:nlsdata.obj
 0002:00005824       ??_C@_02DEDBPAFC@AM?$AA@   00426824     LIBCMT:nlsdata.obj
 0002:00005828       ??_C@_02CJNFDJBF@PM?$AA@   00426828     LIBCMT:nlsdata.obj
 0002:0000582c       ??_C@_08BPBNCDIB@MM?1dd?1yy?$AA@ 0042682c     LIBCMT:nlsdata.obj
 0002:00005838       ??_C@_0BE@CKGJFCPC@dddd?0?5MMMM?5dd?0?5yyyy?$AA@ 00426838     LIBCMT:nlsdata.obj
 0002:0000584c       ??_C@_08JCCMCCIL@HH?3mm?3ss?$AA@ 0042684c     LIBCMT:nlsdata.obj
 0002:00005858       ??_C@_17MBGCMIPB@?$AAS?$AAu?$AAn?$AA?$AA@ 00426858     LIBCMT:nlsdata.obj
 0002:00005860       ??_C@_17KBOMKBF@?$AAM?$AAo?$AAn?$AA?$AA@ 00426860     LIBCMT:nlsdata.obj
 0002:00005868       ??_C@_17BMKGEGOJ@?$AAT?$AAu?$AAe?$AA?$AA@ 00426868     LIBCMT:nlsdata.obj
 0002:00005870       ??_C@_17CJEDCEPE@?$AAW?$AAe?$AAd?$AA?$AA@ 00426870     LIBCMT:nlsdata.obj
 0002:00005878       ??_C@_17PDPHAADD@?$AAT?$AAh?$AAu?$AA?$AA@ 00426878     LIBCMT:nlsdata.obj
 0002:00005880       ??_C@_17HFOLPPLP@?$AAF?$AAr?$AAi?$AA?$AA@ 00426880     LIBCMT:nlsdata.obj
 0002:00005888       ??_C@_17GGIBDPIH@?$AAS?$AAa?$AAt?$AA?$AA@ 00426888     LIBCMT:nlsdata.obj
 0002:00005890       ??_C@_1O@IHNHDHPB@?$AAS?$AAu?$AAn?$AAd?$AAa?$AAy?$AA?$AA@ 00426890     LIBCMT:nlsdata.obj
 0002:000058a0       ??_C@_1O@MMNBFLIA@?$AAM?$AAo?$AAn?$AAd?$AAa?$AAy?$AA?$AA@ 004268a0     LIBCMT:nlsdata.obj
 0002:000058b0       ??_C@_1BA@ENFBFFEK@?$AAT?$AAu?$AAe?$AAs?$AAd?$AAa?$AAy?$AA?$AA@ 004268b0     LIBCMT:nlsdata.obj
 0002:000058c0       ??_C@_1BE@EBOGMDOH@?$AAW?$AAe?$AAd?$AAn?$AAe?$AAs?$AAd?$AAa?$AAy?$AA?$AA@ 004268c0     LIBCMT:nlsdata.obj
 0002:000058d4       ??_C@_1BC@HHMNLIHE@?$AAT?$AAh?$AAu?$AAr?$AAs?$AAd?$AAa?$AAy?$AA?$AA@ 004268d4     LIBCMT:nlsdata.obj
 0002:000058e8       ??_C@_1O@PDICJHAG@?$AAF?$AAr?$AAi?$AAd?$AAa?$AAy?$AA?$AA@ 004268e8     LIBCMT:nlsdata.obj
 0002:000058f8       ??_C@_1BC@ENMNNPAJ@?$AAS?$AAa?$AAt?$AAu?$AAr?$AAd?$AAa?$AAy?$AA?$AA@ 004268f8     LIBCMT:nlsdata.obj
 0002:0000590c       ??_C@_17DKNBKCHM@?$AAJ?$AAa?$AAn?$AA?$AA@ 0042690c     LIBCMT:nlsdata.obj
 0002:00005914       ??_C@_17LMDJEKJN@?$AAF?$AAe?$AAb?$AA?$AA@ 00426914     LIBCMT:nlsdata.obj
 0002:0000591c       ??_C@_17CKNLEDEC@?$AAM?$AAa?$AAr?$AA?$AA@ 0042691c     LIBCMT:nlsdata.obj
 0002:00005924       ??_C@_17LFPOIHDD@?$AAA?$AAp?$AAr?$AA?$AA@ 00426924     LIBCMT:nlsdata.obj
 0002:0000592c       ??_C@_17PNNKMEED@?$AAM?$AAa?$AAy?$AA?$AA@ 0042692c     LIBCMT:nlsdata.obj
 0002:00005934       ??_C@_17KCJGOCPB@?$AAJ?$AAu?$AAn?$AA?$AA@ 00426934     LIBCMT:nlsdata.obj
 0002:0000593c       ??_C@_17IJPCKHK@?$AAJ?$AAu?$AAl?$AA?$AA@ 0042693c     LIBCMT:nlsdata.obj
 0002:00005944       ??_C@_17ICPELBCN@?$AAA?$AAu?$AAg?$AA?$AA@ 00426944     LIBCMT:nlsdata.obj
 0002:0000594c       ??_C@_17HCHCOKMG@?$AAS?$AAe?$AAp?$AA?$AA@ 0042694c     LIBCMT:nlsdata.obj
 0002:00005954       ??_C@_17FNLKOI@?$AAO?$AAc?$AAt?$AA?$AA@ 00426954     LIBCMT:nlsdata.obj
 0002:0000595c       ??_C@_17BBDMLCIG@?$AAN?$AAo?$AAv?$AA?$AA@ 0042695c     LIBCMT:nlsdata.obj
 0002:00005964       ??_C@_17EGKACKIF@?$AAD?$AAe?$AAc?$AA?$AA@ 00426964     LIBCMT:nlsdata.obj
 0002:0000596c       ??_C@_1BA@EFMEIEBA@?$AAJ?$AAa?$AAn?$AAu?$AAa?$AAr?$AAy?$AA?$AA@ 0042696c     LIBCMT:nlsdata.obj
 0002:0000597c       ??_C@_1BC@JGDDFFAM@?$AAF?$AAe?$AAb?$AAr?$AAu?$AAa?$AAr?$AAy?$AA?$AA@ 0042697c     LIBCMT:nlsdata.obj
 0002:00005990       ??_C@_1M@IKEENEDF@?$AAM?$AAa?$AAr?$AAc?$AAh?$AA?$AA@ 00426990     LIBCMT:nlsdata.obj
 0002:0000599c       ??_C@_1M@GJNLMHFD@?$AAA?$AAp?$AAr?$AAi?$AAl?$AA?$AA@ 0042699c     LIBCMT:nlsdata.obj
 0002:000059a8       ??_C@_19EPFLPGAP@?$AAJ?$AAu?$AAn?$AAe?$AA?$AA@ 004269a8     LIBCMT:nlsdata.obj
 0002:000059b4       ??_C@_19BIFMLPCD@?$AAJ?$AAu?$AAl?$AAy?$AA?$AA@ 004269b4     LIBCMT:nlsdata.obj
 0002:000059c0       ??_C@_1O@PAHLKOAC@?$AAA?$AAu?$AAg?$AAu?$AAs?$AAt?$AA?$AA@ 004269c0     LIBCMT:nlsdata.obj
 0002:000059d0       ??_C@_1BE@DKAAMBJL@?$AAS?$AAe?$AAp?$AAt?$AAe?$AAm?$AAb?$AAe?$AAr?$AA?$AA@ 004269d0     LIBCMT:nlsdata.obj
 0002:000059e4       ??_C@_1BA@EPANDLNG@?$AAO?$AAc?$AAt?$AAo?$AAb?$AAe?$AAr?$AA?$AA@ 004269e4     LIBCMT:nlsdata.obj
 0002:000059f4       ??_C@_1BC@BGLIFPF@?$AAN?$AAo?$AAv?$AAe?$AAm?$AAb?$AAe?$AAr?$AA?$AA@ 004269f4     LIBCMT:nlsdata.obj
 0002:00005a08       ??_C@_1BC@FEMKIFH@?$AAD?$AAe?$AAc?$AAe?$AAm?$AAb?$AAe?$AAr?$AA?$AA@ 00426a08     LIBCMT:nlsdata.obj
 0002:00005a1c       ??_C@_15ODEHAHHF@?$AAA?$AAM?$AA?$AA@ 00426a1c     LIBCMT:nlsdata.obj
 0002:00005a24       ??_C@_15CLMNNGEL@?$AAP?$AAM?$AA?$AA@ 00426a24     LIBCMT:nlsdata.obj
 0002:00005a2c       ??_C@_1BC@IEBCMHCM@?$AAM?$AAM?$AA?1?$AAd?$AAd?$AA?1?$AAy?$AAy?$AA?$AA@ 00426a2c     LIBCMT:nlsdata.obj
 0002:00005a40       ??_C@_1CI@KNAKOEBC@?$AAd?$AAd?$AAd?$AAd?$AA?0?$AA?5?$AAM?$AAM?$AAM?$AAM?$AA?5?$AAd?$AAd?$AA?0?$AA?5?$AAy?$AAy?$AAy?$AAy?$AA?$AA@ 00426a40     LIBCMT:nlsdata.obj
 0002:00005a68       ??_C@_1BC@GDGBMEMK@?$AAH?$AAH?$AA?3?$AAm?$AAm?$AA?3?$AAs?$AAs?$AA?$AA@ 00426a68     LIBCMT:nlsdata.obj
 0002:00005a7c       ??_C@_1M@BMHNFIME@?$AAe?$AAn?$AA?9?$AAU?$AAS?$AA?$AA@ 00426a7c     LIBCMT:nlsdata.obj
 0002:00005b30       ??_C@_1BK@MGMFAEKH@?$AAk?$AAe?$AAr?$AAn?$AAe?$AAl?$AA3?$AA2?$AA?4?$AAd?$AAl?$AAl?$AA?$AA@ 00426b30     LIBCMT:winapisupp.obj
 0002:00005b4c       ??_C@_08KNHFBNJ@FlsAlloc?$AA@ 00426b4c     LIBCMT:winapisupp.obj
 0002:00005b58       ??_C@_07PEJMOBNF@FlsFree?$AA@ 00426b58     LIBCMT:winapisupp.obj
 0002:00005b60       ??_C@_0M@GDNOONDI@FlsGetValue?$AA@ 00426b60     LIBCMT:winapisupp.obj
 0002:00005b6c       ??_C@_0M@JCPCPOEF@FlsSetValue?$AA@ 00426b6c     LIBCMT:winapisupp.obj
[...]
 0001:000127e0       $$000000                   004137e0     LIBCMT:memset.obj
 0001:000128c0       $$000000                   004138c0     LIBCMT:memmove.obj
 0001:00012b10       LeadUpVec                  00413b10     LIBCMT:memmove.obj
 0001:00012b8c       UnwindUpVec                00413b8c     LIBCMT:memmove.obj
 0001:00012bf8       TrailUpVec                 00413bf8     LIBCMT:memmove.obj
 0001:00012c9c       LeadDownVec                00413c9c     LIBCMT:memmove.obj
 0001:00012d28       UnwindDownVec              00413d28     LIBCMT:memmove.obj
 0001:00012d94       TrailDownVec               00413d94     LIBCMT:memmove.obj
 0001:00012f10       $$000000                   00413f10     LIBCMT:llmul.obj
 0001:00012f50       $$000000                   00413f50     LIBCMT:llshl.obj
 0001:00012f70       $$000000                   00413f70     LIBCMT:ulldvrm.obj
 0001:00013010       $$000000                   00414010     LIBCMT:ullrem.obj
 0001:000147ff       $LN1280                    004157ff     LIBCMT:memcmp.obj
 0001:00014f10       $$000000                   00415f10     LIBCMT:strncmp.obj
 0001:00014f90       $$000000                   00415f90     LIBCMT:chkstk.obj
 0001:00014fc0       $$000000                   00415fc0     LIBCMT:strncpy.obj
 0001:000150f0       $$000000                   004160f0     LIBCMT:strcspn.obj
 0001:00015140       $$000000                   00416140     LIBCMT:strrchr.obj
 0001:00015280       $$000000                   00416280     LIBCMT:strchr.obj
 0001:000155ba       __initterm                 004165ba f   LIBCMT:crt0dat.obj
 0001:0001560a       _doexit                    0041660a f   LIBCMT:crt0dat.obj
 0001:00015757       ___tmainCRTStartup         00416757 f   LIBCMT:wincrt0.obj
 0001:000158a7       _fast_error_exit           004168a7 f   LIBCMT:wincrt0.obj
 0001:00015d08       _xtow_s@20                 00416d08 f   LIBCMT:xtows.obj
 0001:00016079       _flsall                    00417079 f   LIBCMT:fflush.obj
 0001:000165f3       _siglookup                 004175f3 f   LIBCMT:winsig.obj
 0001:00016d30       $$000000                   00417d30     LIBCMT:sehprolg4.obj
 0001:00017e88       $LN272                     00418e88     LIBCMT:output.obj
 0001:00017ea8       _write_char                00418ea8 f   LIBCMT:output.obj
 0001:00017eee       _write_multi_char          00418eee f   LIBCMT:output.obj
 0001:00017f1a       _write_string              00418f1a f   LIBCMT:output.obj
 0001:000182fc       ?CPtoLocaleName@@YAPB_WH@Z 004192fc f   LIBCMT:mbctype.obj
 0001:00018336       ?getSystemCP@@YAHH@Z       00419336 f   LIBCMT:mbctype.obj
 0001:000183a2       ?setSBCS@@YAXPAUthreadmbcinfostruct@@@Z 004193a2 f   LIBCMT:mbctype.obj
 0001:0001840b       ?setSBUpLow@@YAXPAUthreadmbcinfostruct@@@Z 0041940b f   LIBCMT:mbctype.obj
 0001:00019550       $$000000                   0041a550     LIBCMT:exsup4.obj
 0001:000195e0       __unwind_handler4          0041a5e0 f   LIBCMT:exsup4.obj
 0001:0001b080       __onexit_nolock            0041c080 f   LIBCMT:onexit.obj
 0001:0001b503       _parse_cmdline             0041c503 f   LIBCMT:stdargv.obj
 0001:0001c66b       $LN262                     0041d66b     LIBCMT:woutput.obj
 0001:0001c68b       _write_char                0041d68b f   LIBCMT:woutput.obj
 0001:0001c6c1       _write_multi_char          0041d6c1 f   LIBCMT:woutput.obj
 0001:0001c6ed       _write_string              0041d6ed f   LIBCMT:woutput.obj
 0001:0001d061       ?__crtLCMapStringA_stat@@YAHPAUlocaleinfo_struct@@PB_WKPBDHPADHHH@Z 0041e061 f   LIBCMT:a_map.obj
 0001:0001d2ac       ?__crtGetStringTypeA_stat@@YAHPAUlocaleinfo_struct@@KPBDHPAGHH@Z 0041e2ac f   LIBCMT:a_str.obj
 0001:0001dd00       $$000000                   0041ed00     LIBCMT:exsup.obj
 0001:0001dd20       __unwind_handler           0041ed20 f   LIBCMT:exsup.obj
 0001:0001e037       ?x_ismbbtype_l@@YAHPAUlocaleinfo_struct@@IHH@Z 0041f037 f   LIBCMT:ismbbyte.obj
 0001:0001e230       $$000000                   0041f230     LIBCMT:alloca16.obj
 0001:0001e25c       ___createFile              0041f25c f   LIBCMT:wopen.obj
 0001:0001efa0       $$000000                   0041ffa0     LIBCMT:_strnicm.obj
 0002:00000260       _pinit                     00421260     LIBCMT:_file.obj
 0002:00000264       _pinit                     00421264     LIBCMT:cpu_disp.obj
 0002:00000268       _pinit                     00421268     LIBCMT:mbctype.obj
 0002:0000026c       _pinit                     0042126c     LIBCMT:onexit.obj
 0002:00000270       _pinit                     00421270     LIBCMT:wincrt0.obj
 0002:0000027c       _pterm                     0042127c     LIBCMT:wsetloca.obj
 0002:00000280       _pterm                     00421280     LIBCMT:initcon.obj
 0002:00000284       _pterm                     00421284     LIBCMT:_file.obj
 0002:000002a0       ?base64_chars@?1??base64_encode_atom@@9@9 004212a0     misc.obj
 0002:000002f8       ?C1@?1??aes_decrypt_nb_6@@9@9 004212f8     sshaes.obj
 0002:000002fc       ?C2@?1??aes_decrypt_nb_6@@9@9 004212fc     sshaes.obj
 0002:00000300       ?C3@?1??aes_decrypt_nb_6@@9@9 00421300     sshaes.obj
 0002:00000304       ?Nb@?1??aes_decrypt_nb_6@@9@9 00421304     sshaes.obj
 0002:00000308       ?C1@?1??aes_decrypt_nb_8@@9@9 00421308     sshaes.obj
 0002:0000030c       ?C2@?1??aes_decrypt_nb_8@@9@9 0042130c     sshaes.obj
 0002:00000310       ?C3@?1??aes_decrypt_nb_8@@9@9 00421310     sshaes.obj
 0002:00000314       ?Nb@?1??aes_decrypt_nb_8@@9@9 00421314     sshaes.obj
 0002:00000320       _ssh_aes128_ctr            00421320     sshaes.obj
 0002:0000034c       _ssh_aes192_ctr            0042134c     sshaes.obj
 0002:00000378       _ssh_aes256_ctr            00421378     sshaes.obj
 0002:000003a4       _ssh_aes128                004213a4     sshaes.obj
 0002:000003d0       _ssh_aes192                004213d0     sshaes.obj
 0002:000003fc       _ssh_aes256                004213fc     sshaes.obj
 0002:00000428       _ssh_rijndael_lysator      00421428     sshaes.obj
 0002:00000454       _aes_list                  00421454     sshaes.obj
 0002:00000470       _Sbox                      00421470     sshaes.obj
 0002:00000570       _Sboxinv                   00421570     sshaes.obj
 0002:00000670       _E0                        00421670     sshaes.obj
 0002:00000a70       _E1                        00421a70     sshaes.obj
 0002:00000e70       _E2                        00421e70     sshaes.obj
 0002:00001270       _E3                        00422270     sshaes.obj
 0002:00001670       _D0                        00422670     sshaes.obj
 0002:00001a70       _D1                        00422a70     sshaes.obj
 0002:00001e70       _D2                        00422e70     sshaes.obj
 0002:00002270       _D3                        00423270     sshaes.obj
 0002:00002670       ?C1@?1??aes_encrypt_nb_4@@9@9 00423670     sshaes.obj
 0002:00002674       ?C2@?1??aes_encrypt_nb_4@@9@9 00423674     sshaes.obj
 0002:00002678       ?C3@?1??aes_encrypt_nb_4@@9@9 00423678     sshaes.obj
 0002:0000267c       ?Nb@?1??aes_encrypt_nb_4@@9@9 0042367c     sshaes.obj
 0002:00002680       ?C1@?1??aes_encrypt_nb_6@@9@9 00423680     sshaes.obj
 0002:00002684       ?C2@?1??aes_encrypt_nb_6@@9@9 00423684     sshaes.obj
 0002:00002688       ?C3@?1??aes_encrypt_nb_6@@9@9 00423688     sshaes.obj
 0002:0000268c       ?Nb@?1??aes_encrypt_nb_6@@9@9 0042368c     sshaes.obj
 0002:00002690       ?C1@?1??aes_encrypt_nb_8@@9@9 00423690     sshaes.obj
 0002:00002694       ?C2@?1??aes_encrypt_nb_8@@9@9 00423694     sshaes.obj
 0002:00002698       ?C3@?1??aes_encrypt_nb_8@@9@9 00423698     sshaes.obj
 0002:0000269c       ?Nb@?1??aes_encrypt_nb_8@@9@9 0042369c     sshaes.obj
 0002:000026a0       ?C1@?1??aes_decrypt_nb_4@@9@9 004236a0     sshaes.obj
 0002:000026a4       ?C2@?1??aes_decrypt_nb_4@@9@9 004236a4     sshaes.obj
 0002:000026a8       ?C3@?1??aes_decrypt_nb_4@@9@9 004236a8     sshaes.obj
 0002:000026ac       ?Nb@?1??aes_decrypt_nb_4@@9@9 004236ac     sshaes.obj
 0002:000028f8       _ssh_3des_ssh2             004238f8     sshdes.obj
 0002:00002924       _ssh_3des_ssh2_ctr         00423924     sshdes.obj
 0002:00002950       _ssh_des_ssh2              00423950     sshdes.obj
 0002:0000297c       _ssh_des_sshcom_ssh2       0042397c     sshdes.obj
 0002:000029a8       _des3_list                 004239a8     sshdes.obj
 0002:000029b0       _des_list                  004239b0     sshdes.obj
 0002:000029b8       ?PC1_Cbits@?1??des_key_setup@@9@9 004239b8     sshdes.obj
 0002:00002a28       ?PC1_Dbits@?1??des_key_setup@@9@9 00423a28     sshdes.obj
 0002:00002a98       ?PC2_0246@?1??des_key_setup@@9@9 00423a98     sshdes.obj
 0002:00002b18       ?PC2_1357@?1??des_key_setup@@9@9 00423b18     sshdes.obj
 0002:00002b98       ?leftshifts@?1??des_key_setup@@9@9 00423b98     sshdes.obj
 0002:00002bd8       _SPboxes                   00423bd8     sshdes.obj
 0002:000034c4       ?hex@?1??dss_fmtkey@@9@9   004244c4     sshdss.obj
 0002:00003864       ?hex@?1??rsastr_fmt@@9@9   00424864     sshrsa.obj
 0002:000038b8       _asn1_weird_stuff          004248b8     sshrsa.obj
 0002:000038c8       _ssh_rsa_kex_sha1          004248c8     sshrsa.obj
 0002:000038e8       _ssh_rsa_kex_sha256        004248e8     sshrsa.obj
 0002:00003908       _rsa_kex_list              00424908     sshrsa.obj
 0002:00003a08       ?k@?1??SHA256_Block@@9@9   00424a08     sshsh256.obj
 0002:00003b30       ?iv@?1??SHA512_Core_Init@@9@9 00424b30     sshsh512.obj
 0002:00003b70       ?k@?1??SHA512_Block@@9@9   00424b70     sshsh512.obj
 0002:00004078       ?mbtitle@?1??old_keyfile_warning@@9@9 00425078     winpgnt.obj
 0002:00004090       ?message@?1??old_keyfile_warning@@9@9 00425090     winpgnt.obj
 0002:00005530       _rterrs                    00426530     LIBCMT:crt0msg.obj
 0002:000056ec       __mb_locale_names          004266ec     LIBCMT:mbctype.obj
 0002:00005a88       __first_127char            00426a88     LIBCMT:wsetloca.obj
 0002:00005b08       _GS_ExceptionPointers      00426b08     LIBCMT:gs_report.obj
 0002:00005b10       ?ccsField@?P@??_openfile@@9@9 00426b10     LIBCMT:_open.obj
 0002:00005b14       ?utf8encoding@?P@??_openfile@@9@9 00426b14     LIBCMT:_open.obj
 0002:00005b1c       ?utf16encoding@?P@??_openfile@@9@9 00426b1c     LIBCMT:_open.obj
 0002:00005b28       ?unicodeencoding@?P@??_openfile@@9@9 00426b28     LIBCMT:_open.obj
 0002:000087c0       __sehtable$_fgets          004297c0     LIBCMT:fgets.obj
 0002:000087e0       __sehtable$_fclose         004297e0     LIBCMT:fclose.obj
 0002:00008800       __sehtable$_fgetc          00429800     LIBCMT:fgetc.obj
 0002:00008820       __sehtable$__fsopen        00429820     LIBCMT:fopen.obj
 0002:00008840       __sehtable$_fread_s        00429840     LIBCMT:fread.obj
 0002:00008860       __sehtable$_ungetc         00429860     LIBCMT:ungetc.obj
 0002:00008880       __sehtable$_doexit         00429880     LIBCMT:crt0dat.obj
 0002:000088a0       __sehtable$___tmainCRTStartup 004298a0     LIBCMT:wincrt0.obj
 0002:000088c0       __sehtable$_fflush         004298c0     LIBCMT:fflush.obj
 0002:000088e0       __sehtable$_flsall         004298e0     LIBCMT:fflush.obj
 0002:00008908       __sehtable$_setvbuf        00429908     LIBCMT:setvbuf.obj
 0002:00008928       __sehtable$_fwprintf       00429928     LIBCMT:fwprintf.obj
 0002:00008948       __sehtable$_raise          00429948     LIBCMT:winsig.obj
 0002:00008968       __sehtable$__ioinit        00429968     LIBCMT:ioinit.obj
 0002:00008988       __sehtable$___updatetlocinfo 00429988     LIBCMT:localref.obj
 0002:000089a8       __sehtable$___updatetmbcinfo 004299a8     LIBCMT:mbctype.obj
 0002:000089c8       __sehtable$__setmbcp       004299c8     LIBCMT:mbctype.obj
 0002:000089e8       __sehtable$__freefls@4     004299e8     LIBCMT:tidtable.obj
 0002:00008a10       __sehtable$__initptd       00429a10     LIBCMT:tidtable.obj
 0002:00008a38       __sehtable$__locterm       00429a38     LIBCMT:wsetloca.obj
 0002:00008a58       __sehtable$__close         00429a58     LIBCMT:close.obj
 0002:00008a78       __sehtable$__getstream     00429a78     LIBCMT:stream.obj
 0002:00008a98       __sehtable$__read          00429a98     LIBCMT:read.obj
 0002:00008ab8       __sehtable$__write         00429ab8     LIBCMT:write.obj
 0002:00008ad8       __sehtable$__mtinitlocknum 00429ad8     LIBCMT:mlock.obj
 0002:00008af8       __sehtable$__IsNonwritableInCurrentImage 00429af8     LIBCMT:pesect.obj
 0002:00008b18       __sehtable$__onexit        00429b18     LIBCMT:onexit.obj
 0002:00008b38       __sehtable$?terminate@@YAXXZ 00429b38     LIBCMT:hooks.obj
 0002:00008b58       __sehtable$__fcloseall     00429b58     LIBCMT:closeall.obj
 0002:00008b78       __sehtable$__commit        00429b78     LIBCMT:commit.obj
 0002:00008b98       __sehtable$__lseeki64      00429b98     LIBCMT:lseeki64.obj
 0002:00008bb8       __sehtable$__alloc_osfhnd  00429bb8     LIBCMT:osfinfo.obj
 0002:00008be0       __sehtable$___lock_fhandle 00429be0     LIBCMT:osfinfo.obj
 0002:00008c00       __sehtable$__sopen_helper  00429c00     LIBCMT:open.obj
 0002:00008f4c       .idata$6                   00429f4c     advapi32:ADVAPI32.dll
 0002:00008f82       .idata$6                   00429f82     comdlg32:COMDLG32.dll
 0002:00008fa2       .idata$6                   00429fa2     gdi32:GDI32.dll
 0002:00008fd0       .idata$6                   00429fd0     shell32:SHELL32.dll
 0002:00009332       .idata$6                   0042a332     user32:USER32.dll
 0002:00009918       .idata$6                   0042a918     kernel32:KERNEL32.dll
 0003:00000000       _subkeytypes               0042b000     conf.obj
 0003:000002b8       _valuetypes                0042b2b8     conf.obj
 0003:000005d0       ?tabs@?5??KeyListProc@@9@9 0042b5d0     winpgnt.obj
 0003:000005dc       _max_idle_value            0042b5dc     winpgnt.obj
 0003:000005e0       __assertstring             0042b5e0     LIBCMT:wassert.obj
 0003:00000630       _dotdotdot                 0042b630     LIBCMT:wassert.obj
 0003:00000634       _newline                   0042b634     LIBCMT:wassert.obj
 0003:00000638       _dblnewline                0042b638     LIBCMT:wassert.obj
 0003:000008e8       _errtable                  0042b8e8     LIBCMT:dosmap.obj
 0003:00000a50       _ErrnoNoMem                0042ba50     LIBCMT:dosmap.obj
 0003:00000a54       _DoserrorNoMem             0042ba54     LIBCMT:dosmap.obj
 0003:00000aac       ___rgctypeflag             0042baac     LIBCMT:mbctype.obj
 0003:00000ab0       ___rgcode_page_info        0042bab0     LIBCMT:mbctype.obj
 0003:00001200       __ctype_loc_style          0042c200     LIBCMT:wsetloca.obj
 0003:00001310       __locktable                0042c310     LIBCMT:mlock.obj
 0003:00001430       ?isPackaged@?1??__crtIsPackagedApp@@9@9 0042c430     LIBCMT:winapisupp.obj
 0003:00001510       _requested_help            0042c510     winhelp.obj
 0003:00001514       _help_path                 0042c514     winhelp.obj
 0003:00001518       _help_has_contents         0042c518     winhelp.obj
 0003:0000151c       _p_HtmlHelpA               0042c51c     winhelp.obj
 0003:00001520       _chm_path                  0042c520     winhelp.obj
 0003:00001524       ?tried_usernameex@?2??get_username@@9@9 0042c524     winmisc.obj
 0003:00001528       ?sysdir@?1??load_system32_dll@@9@9 0042c528     winmisc.obj
 0003:0000152c       ?p_GetUserNameExA@?1??get_username@@9@9 0042c52c     winmisc.obj
 0003:00001530       _keypath                   0042c530     winpgnt.obj
 0003:00001534       ?msgTaskbarCreated@?1??WndProc@@9@9 0042c534     winpgnt.obj
 0003:00001538       _passphrases               0042c538     winpgnt.obj
 0003:0000153c       ?passphrase@?1??PassphraseProc@@9@9 0042c53c     winpgnt.obj
 0003:00001540       ?user32@?1??threadProc@@9@9 0042c540     winpgnt.obj
 0003:00001544       _keylist                   0042c544     winpgnt.obj
 0003:00001548       _aboutbox                  0042c548     winpgnt.obj
 0003:0000154c       _systray_menu              0042c54c     winpgnt.obj
 0003:00001550       _session_menu              0042c550     winpgnt.obj
 0003:00001554       _already_running           0042c554     winpgnt.obj
 0003:00001558       _putty_path                0042c558     winpgnt.obj
 0003:0000155c       _initial_menuitems_count   0042c55c     winpgnt.obj
 0003:00001560       _rsakeys                   0042c560     winpgnt.obj
 0003:00001564       _ssh2keys                  0042c564     winpgnt.obj
 0003:00001568       _has_security              0042c568     winpgnt.obj
 0003:0000156c       _passphrase_box            0042c56c     winpgnt.obj
 0003:00001570       ?menuinprogress@?1??WndProc@@9@9 0042c570     winpgnt.obj
 0003:00001578       _advapi                    0042c578     winpgntc.obj
 0003:0000157c       _p_OpenProcessToken        0042c57c     winpgntc.obj
 0003:00001580       _p_GetTokenInformation     0042c580     winpgntc.obj
 0003:00001584       _p_InitializeSecurityDescriptor 0042c584     winpgntc.obj
 0003:00001588       _p_SetSecurityDescriptorOwner 0042c588     winpgntc.obj
 0003:000015d4       _ctrlc_action              0042c5d4     LIBCMT:winsig.obj
 0003:000015d8       _ctrlbreak_action          0042c5d8     LIBCMT:winsig.obj
 0003:000015dc       _abort_action              0042c5dc     LIBCMT:winsig.obj
 0003:000015e0       _term_action               0042c5e0     LIBCMT:winsig.obj
 0003:000015e4       _ConsoleCtrlHandler_Installed 0042c5e4     LIBCMT:winsig.obj
 0003:000015e8       ?pfnMessageBox@?1??__crtMessageBoxW@@9@9 0042c5e8     LIBCMT:crtmboxw.obj
 0003:000015ec       ?pfnGetActiveWindow@?1??__crtMessageBoxW@@9@9 0042c5ec     LIBCMT:crtmboxw.obj
 0003:000015f0       ?pfnGetLastActivePopup@?1??__crtMessageBoxW@@9@9 0042c5f0     LIBCMT:crtmboxw.obj
 0003:000015f4       ?pfnGetProcessWindowStation@?1??__crtMessageBoxW@@9@9 0042c5f4     LIBCMT:crtmboxw.obj
 0003:000015f8       ?pfnGetUserObjectInformation@?1??__crtMessageBoxW@@9@9 0042c5f8     LIBCMT:crtmboxw.obj
 0003:00001608       ?outmsg@?8??_NMSG_WRITE@@9@9 0042c608     LIBCMT:crt0msg.obj
 0003:00001d50       _fSystemSet                0042cd50     LIBCMT:mbctype.obj
 0003:00001d68       _GS_ExceptionRecord        0042cd68     LIBCMT:gs_report.obj
 0003:00001db8       _GS_ContextRecord          0042cdb8     LIBCMT:gs_report.obj
 0003:00002084       _DebuggerWasPresent        0042d084     LIBCMT:gs_report.obj
 0003:00002090       _lclcritsects              0042d090     LIBCMT:mlock.obj
 0003:000021ec       _g_pfnRtlGenRandom         0042d1ec     LIBCMT:rand_s.obj
 0003:000021f0       ?_pgmname@?1??_setargv@@9@9 0042d1f0     LIBCMT:stdargv.obj
 0003:000022f8       ___enable_percent_n        0042d2f8     LIBCMT:printf.obj
 0003:00002304       ___crtCallProc             0042d304     LIBCMT:winapinls.obj
 0004:00000390       $R000000                   0042f390     pageant.res
 0004:000004b8       $R000128                   0042f4b8     pageant.res
 0004:000007a0       $R000410                   0042f7a0     pageant.res
 0004:00000e08       $R000A78                   0042fe08     pageant.res
 0004:00000eb8       $R000B28                   0042feb8     pageant.res
 0004:00000fe8       $R000C58                   0042ffe8     pageant.res
 0004:00001318       $R000F88                   00430318     pageant.res
 0004:00001378       $R000FE8                   00430378     pageant.res
 0004:000014a0       $R001110                   004304a0     pageant.res
 0004:00001550       $R0011C0                   00430550     pageant.res
 0004:00001578       $R0011E8                   00430578     pageant.res
 0004:000016b0       $R001320                   004306b0     pageant.res
 0004:000017c8       $R001438                   004307c8     pageant.res
 0004:00001930       $R0015A0                   00430930     pageant.res
 0004:000025f8       $R002268                   004315f8     pageant.res
 0004:00002960       $R0025D0                   00431960     pageant.res
