 pageant

 Timestamp is 5204c871 (Fri Aug 09 12:46:09 2013)

 Preferred load address is 00400000

 Start         Length     Name                   Class
 0001:00000000 0001f59eH .text                   CODE
 0002:00000000 00000254H .idata$5                DATA
 0002:00000254 00000004H .CRT$XCA                DATA
 0002:00000258 00000004H .CRT$XCZ                DATA
 0002:0000025c 00000004H .CRT$XIA                DATA
 0002:00000260 00000010H .CRT$XIC                DATA
 0002:00000270 00000004H .CRT$XIY                DATA
 0002:00000274 00000004H .CRT$XIZ                DATA
 0002:00000278 00000004H .CRT$XPA                DATA
 0002:0000027c 00000008H .CRT$XPX                DATA
 0002:00000284 00000004H .CRT$XPXA               DATA
 0002:00000288 00000004H .CRT$XPZ                DATA
 0002:0000028c 00000004H .CRT$XTA                DATA
 0002:00000290 00000004H .CRT$XTZ                DATA
 0002:00000298 000086f8H .rdata                  DATA
 0002:00008990 0000000cH .rdata$sxdata           DATA
 0002:0000899c 00000004H .rtc$IAA                DATA
 0002:000089a0 00000004H .rtc$IZZ                DATA
 0002:000089a4 00000004H .rtc$TAA                DATA
 0002:000089a8 00000004H .rtc$TZZ                DATA
 0002:000089b0 0000045cH .xdata$x                DATA
 0002:00008e0c 00000078H .idata$2                DATA
 0002:00008e84 00000014H .idata$3                DATA
 0002:00008e98 00000254H .idata$4                DATA
 0002:000090ec 00000a2aH .idata$6                DATA
 0002:00009b16 00000000H .edata                  DATA
 0003:00000000 000014f0H .data                   DATA
 0003:00001500 00001f7cH .bss                    DATA
 0004:00000000 00000388H .rsrc$01                DATA
 0004:00000390 00002ac0H .rsrc$02                DATA

  Address         Publics by Value              Rva+Base       Lib:Object

 0000:00000000       __except_list              00000000     <absolute>
 0000:00000003       ___safe_se_handler_count   00000003     <absolute>
 0000:00000000       ___ImageBase               00400000     <linker-defined>
 0001:00000000       _burnstr                   00401000 f   misc.obj
 0001:00000021       _dupcat                    00401021 f   misc.obj
 0001:0000009e       _dupprintf                 0040109e f   misc.obj
 0001:000000af       _dupstr                    004010af f   misc.obj
 0001:000000dd       _dupvprintf                004010dd f   misc.obj
 0001:0000012c       _safefree                  0040112c f   misc.obj
 0001:00000138       _safemalloc                00401138 f   misc.obj
 0001:000001a9       _saferealloc               004011a9 f   misc.obj
 0001:00000222       _toint                     00401222 f   misc.obj
 0001:0000023c       _aes_make_context          0040123c f   sshaes.obj
 0001:0000024b       _aes128_key                0040124b f   sshaes.obj
 0001:00000260       _aes192_key                00401260 f   sshaes.obj
 0001:00000275       _aes256_key                00401275 f   sshaes.obj
 0001:0000028a       _aes_iv                    0040128a f   sshaes.obj
 0001:000002cc       _aes_ssh2_encrypt_blk      004012cc f   sshaes.obj
 0001:000002f6       _aes_ssh2_decrypt_blk      004012f6 f   sshaes.obj
 0001:0000030b       _aes256_decrypt_pubkey     0040130b f   sshaes.obj
 0001:000021cf       _bigadd                    004031cf f   sshbn.obj
 0001:000024bb       _bigmod                    004034bb f   sshbn.obj
 0001:000024df       _bigmul                    004034df f   sshbn.obj
 0001:000024f2       _bigmuladd                 004034f2 f   sshbn.obj
 0001:000026a5       _bignum_bitcount           004036a5 f   sshbn.obj
 0001:000026df       _bignum_byte               004036df f   sshbn.obj
 0001:00002721       _bignum_cmp                00403721 f   sshbn.obj
 0001:000027d3       _bignum_from_bytes         004037d3 f   sshbn.obj
 0001:0000287d       _bignum_set_bit            0040387d f   sshbn.obj
 0001:000028cb       _bigsub                    004038cb f   sshbn.obj
 0001:0000297f       _bn_power_2                0040397f f   sshbn.obj
 0001:000029c7       _copybn                    004039c7 f   sshbn.obj
 0001:000029ff       _decbn                     004039ff f   sshbn.obj
 0001:00002a1d       _freebn                    00403a1d f   sshbn.obj
 0001:0000314e       _modinv                    0040414e f   sshbn.obj
 0001:00003370       _modmul                    00404370 f   sshbn.obj
 0001:000036c0       _modpow                    004046c0 f   sshbn.obj
 0001:00003aad       _modpow_simple             00404aad f   sshbn.obj
 0001:00003f83       _ssh1_bignum_length        00404f83 f   sshbn.obj
 0001:00003f9d       _ssh1_read_bignum          00404f9d f   sshbn.obj
 0001:00003ff8       _ssh1_write_bignum         00404ff8 f   sshbn.obj
 0001:0000403e       _ssh2_bignum_length        0040503e f   sshbn.obj
 0001:00004371       _des3_decrypt_pubkey       00405371 f   sshdes.obj
 0001:00006fd0       _hmacmd5_make_context      00407fd0 f   sshmd5.obj
 0001:00006fdc       _filereq_free              00407fdc f   winutils.obj
 0001:00006fdc       _hmacmd5_free_context      00407fdc f   sshmd5.obj
 0001:00006fdc       _aes_free_context          00407fdc f   sshaes.obj
 0001:0000714f       _MD5Final                  0040814f f   sshmd5.obj
 0001:0000723b       _MD5Init                   0040823b f   sshmd5.obj
 0001:00007266       _MD5Update                 00408266 f   sshmd5.obj
 0001:00007e90       _hmacmd5_key               00408e90 f   sshmd5.obj
 0001:00007f67       _base64_decode_atom        00408f67 f   sshpubk.obj
 0001:00008053       _find_pubkey_alg           00409053 f   sshpubk.obj
 0001:0000808c       _key_type                  0040908c f   sshpubk.obj
 0001:00008184       _key_type_to_str           00409184 f   sshpubk.obj
 0001:000081c6       _loadrsakey                004091c6 f   sshpubk.obj
 0001:000087f1       _rsakey_encrypted          004097f1 f   sshpubk.obj
 0001:00008870       _rsakey_pubblob            00409870 f   sshpubk.obj
 0001:00008979       _ssh2_load_userkey         00409979 f   sshpubk.obj
 0001:00009162       _ssh2_userkey_encrypted    0040a162 f   sshpubk.obj
 0001:000092b7       _ssh2_userkey_loadpub      0040a2b7 f   sshpubk.obj
 0001:0000a135       _crt_modpow                0040b135 f   sshrsa.obj
 0001:0000a25c       _freersakey                0040b25c f   sshrsa.obj
 0001:0000a364       _makekey                   0040b364 f   sshrsa.obj
 0001:0000a443       _makeprivate               0040b443 f   sshrsa.obj
 0001:0000a45c       _rsa_fingerprint           0040b45c f   sshrsa.obj
 0001:0000a7f9       _rsa_public_blob           0040b7f9 f   sshrsa.obj
 0001:0000a87e       _rsa_public_blob_len       0040b87e f   sshrsa.obj
 0001:0000a8c8       _rsa_verify                0040b8c8 f   sshrsa.obj
 0001:0000a9ed       _rsadecrypt                0040b9ed f   sshrsa.obj
 0001:0000a9f2       _rsastr_fmt                0040b9f2 f   sshrsa.obj
 0001:0000aaea       _rsastr_len                0040baea f   sshrsa.obj
 0001:0000ad63       _SHA256_Block              0040bd63 f   sshsh256.obj
 0001:0000b1ac       _SHA256_Bytes              0040c1ac f   sshsh256.obj
 0001:0000b295       _SHA256_Core_Init          0040c295 f   sshsh256.obj
 0001:0000b2d1       _SHA256_Final              0040c2d1 f   sshsh256.obj
 0001:0000b3bc       _SHA256_Init               0040c3bc f   sshsh256.obj
 0001:0000c4a0       _SHA512_Bytes              0040d4a0 f   sshsh512.obj
 0001:0000c5ee       _SHA512_Final              0040d5ee f   sshsh512.obj
 0001:0000c71b       _SHA512_Init               0040d71b f   sshsh512.obj
 0001:0000ca34       _SHATransform              0040da34 f   sshsha.obj
 0001:0000cbe4       _SHA_Bytes                 0040dbe4 f   sshsha.obj
 0001:0000cccd       _SHA_Final                 0040dccd f   sshsha.obj
 0001:0000cdb9       _SHA_Init                  0040ddb9 f   sshsha.obj
 0001:0000cdeb       _SHA_Simple                0040ddeb f   sshsha.obj
 0001:0000ce34       _hmac_sha1_simple          0040de34 f   sshsha.obj
 0001:0000cfdb       _add234                    0040dfdb f   tree234.obj
 0001:0000d4fa       _addpos234                 0040e4fa f   tree234.obj
 0001:0000d520       _count234                  0040e520 f   tree234.obj
 0001:0000d563       _del234                    0040e563 f   tree234.obj
 0001:0000d592       _delpos234                 0040e592 f   tree234.obj
 0001:0000da41       _find234                   0040ea41 f   tree234.obj
 0001:0000da5a       _findrelpos234             0040ea5a f   tree234.obj
 0001:0000db87       _index234                  0040eb87 f   tree234.obj
 0001:0000dc01       _newtree234                0040ec01 f   tree234.obj
 0001:0000dc17       _has_help                  0040ec17 f   winhelp.obj
 0001:0000dc30       _init_help                 0040ec30 f   winhelp.obj
 0001:0000dda6       _launch_help               0040eda6 f   winhelp.obj
 0001:0000de9b       _quit_help                 0040ee9b f   winhelp.obj
 0001:0000dedb       _shutdown_help             0040eedb f   winhelp.obj
 0001:0000dedc       _filename_free             0040eedc f   winmisc.obj
 0001:0000def2       _filename_from_str         0040eef2 f   winmisc.obj
 0001:0000df10       _init_winver               0040ef10 f   winmisc.obj
 0001:0000df38       _load_system32_dll         0040ef38 f   winmisc.obj
 0001:0000dfa6       _smemclr                   0040efa6 f   winmisc.obj
 0001:0000e5b6       _WinMain@16                0040f5b6 f   winpgnt.obj
 0001:000100bb       _cleanup_exit              004110bb f   winpgnt.obj
 0001:00010279       _get_default_sid           00411279 f   winpgnt.obj
 0001:00010994       _modalfatalbox             00411994 f   winpgnt.obj
 0001:000109cd       _old_keyfile_warning       004119cd f   winpgnt.obj
 0001:00010af9       _spawn_cmd                 00411af9 f   winpgnt.obj
 0001:00010b4d       _threadProc@0              00411b4d f   winpgnt.obj
 0001:00010de9       _agent_exists              00411de9 f   winpgntc.obj
 0001:00010dfd       _agent_query               00411dfd f   winpgntc.obj
 0001:00010fb3       _get_user_sid              00411fb3 f   winpgntc.obj
 0001:000110ab       _init_advapi               004120ab f   winpgntc.obj
 0001:0001116b       _GetDlgItemText_alloc      0041216b f   winutils.obj
 0001:000111b8       _filereq_new               004121b8 f   winutils.obj
 0001:000111ca       _message_box               004121ca f   winutils.obj
 0001:0001127f       _pgp_fingerprints          0041227f f   winutils.obj
 0001:00011296       _request_file              00412296 f   winutils.obj
 0001:00011347       _split_into_argv           00412347 f   winutils.obj
 0001:00011587       __wassert                  00412587 f   LIBCMT:wassert.obj
 0001:00011c30       _memchr                    00412c30 f   LIBCMT:memchr.obj
 0001:00011ce0       _memcpy                    00412ce0 f   LIBCMT:memcpy.obj
 0001:00012330       _strcmp                    00413330 f   LIBCMT:strcmp.obj
 0001:000123c0       _strlen                    004133c0 f   LIBCMT:strlen.obj
 0001:0001244b       _fgets                     0041344b f   LIBCMT:fgets.obj
 0001:0001258a       __vsnprintf                0041358a f   LIBCMT:vsnprint.obj
 0001:000125a5       __vsnprintf_l              004135a5 f   LIBCMT:vsnprint.obj
 0001:0001264f       ??0_LocaleUpdate@@QAE@PAUlocaleinfo_struct@@@Z 0041364f f i LIBCMT:strtol.obj
 0001:000128fb       _strtol                    004138fb f   LIBCMT:strtol.obj
 0001:00012925       _free                      00413925 f   LIBCMT:free.obj
 0001:0001295d       _malloc                    0041395d f   LIBCMT:malloc.obj
 0001:000129ef       _realloc                   004139ef f   LIBCMT:realloc.obj
 0001:00012a9a       __isspace_l                00413a9a f i LIBCMT:_ctype.obj
 0001:00012aea       _isspace                   00413aea f i LIBCMT:_ctype.obj
 0001:00012b20       _strcpy                    00413b20 f   LIBCMT:strcat.obj
 0001:00012b30       _strcat                    00413b30 f   LIBCMT:strcat.obj
 0001:00012c18       @__security_check_cookie@4 00413c18 f   LIBCMT:secchk.obj
 0001:00012c30       _memset                    00413c30 f   LIBCMT:memset.obj
 0001:00012cc0       _abort                     00413cc0 f   LIBCMT:abort.obj
 0001:00012d10       _memmove                   00413d10 f   LIBCMT:memmove.obj
 0001:00013360       __allmul                   00414360 f   LIBCMT:llmul.obj
 0001:000133a0       __allshl                   004143a0 f   LIBCMT:llshl.obj
 0001:000133c0       __aulldvrm                 004143c0 f   LIBCMT:ulldvrm.obj
 0001:00013460       __aullrem                  00414460 f   LIBCMT:ullrem.obj
 0001:000134d5       _sprintf                   004144d5 f   LIBCMT:sprintf.obj
 0001:00013557       _memcmp                    00414557 f   LIBCMT:memcmp.obj
 0001:00014ccf       __fclose_nolock            00415ccf f   LIBCMT:fclose.obj
 0001:00014d3b       _fclose                    00415d3b f   LIBCMT:fclose.obj
 0001:00014db2       _fgetc                     00415db2 f   LIBCMT:fgetc.obj
 0001:00014eab       __fsopen                   00415eab f   LIBCMT:fopen.obj
 0001:00014f6f       _fopen                     00415f6f f   LIBCMT:fopen.obj
 0001:00014f84       __fread_nolock_s           00415f84 f   LIBCMT:fread.obj
 0001:00015147       _fread                     00416147 f   LIBCMT:fread.obj
 0001:00015162       _fread_s                   00416162 f   LIBCMT:fread.obj
 0001:000151f3       __ungetc_nolock            004161f3 f   LIBCMT:ungetc.obj
 0001:000152d3       _ungetc                    004162d3 f   LIBCMT:ungetc.obj
 0001:0001533f       _atoi                      0041633f f   LIBCMT:atox.obj
 0001:00015348       _atol                      00416348 f   LIBCMT:atox.obj
 0001:00015360       _strncmp                   00416360 f   LIBCMT:strncmp.obj
 0001:000153e0       __alloca_probe             004163e0     LIBCMT:chkstk.obj
 0001:000153e0       __chkstk                   004163e0 f   LIBCMT:chkstk.obj
 0001:00015410       _strncpy                   00416410 f   LIBCMT:strncpy.obj
 0001:00015540       _strcspn                   00416540 f   LIBCMT:strcspn.obj
 0001:00015590       _strrchr                   00416590 f   LIBCMT:strrchr.obj
 0001:000156d0       _strchr                    004166d0 f   LIBCMT:strchr.obj
 0001:0001573e       ___from_strstr_to_strchr   0041673e     LIBCMT:strchr.obj
 0001:000157fb       ___copy_path_to_wide_string 004167fb f   LIBCMT:crt0dat.obj
 0001:000158ab       ___crtCorExitProcess       004168ab f   LIBCMT:crt0dat.obj
 0001:000158dd       ___crtExitProcess          004168dd f   LIBCMT:crt0dat.obj
 0001:000158f3       __amsg_exit                004168f3 f   LIBCMT:crt0dat.obj
 0001:0001590f       __c_exit                   0041690f f   LIBCMT:crt0dat.obj
 0001:0001591e       __cexit                    0041691e f   LIBCMT:crt0dat.obj
 0001:0001592d       __cinit                    0041692d f   LIBCMT:crt0dat.obj
 0001:000159be       __exit                     004169be f   LIBCMT:crt0dat.obj
 0001:000159d2       __init_pointers            004169d2 f   LIBCMT:crt0dat.obj
 0001:00015a26       __initterm_e               00416a26 f   LIBCMT:crt0dat.obj
 0001:00015a48       __lockexit                 00416a48 f   LIBCMT:crt0dat.obj
 0001:00015a51       __unlockexit               00416a51 f   LIBCMT:crt0dat.obj
 0001:00015b89       _exit                      00416b89 f   LIBCMT:crt0dat.obj
 0001:00015b9d       _WinMainCRTStartup         00416b9d f   LIBCMT:wincrt0.obj
 0001:00015d1e       __call_reportfault         00416d1e f   LIBCMT:invarg.obj
 0001:00015e41       __initp_misc_invarg        00416e41 f   LIBCMT:invarg.obj
 0001:00015e4e       __invalid_parameter        00416e4e f   LIBCMT:invarg.obj
 0001:00015e79       __invalid_parameter_noinfo 00416e79 f   LIBCMT:invarg.obj
 0001:00015e89       __invoke_watson            00416e89 f   LIBCMT:invarg.obj
 0001:00015eb4       _memcpy_s                  00416eb4 f   LIBCMT:memcpy_s.obj
 0001:00015f33       _wcscat_s                  00416f33 f   LIBCMT:wcscat_s.obj
 0001:00015f9f       _wcscpy_s                  00416f9f f   LIBCMT:wcscpy_s.obj
 0001:00015ffb       _wcslen                    00416ffb f   LIBCMT:wcslen.obj
 0001:00016014       _wcsncat_s                 00417014 f   LIBCMT:wcsncat_s.obj
 0001:000160e2       ___set_app_type            004170e2 f   LIBCMT:errmode.obj
 0001:000160ef       __set_error_mode           004170ef f   LIBCMT:errmode.obj
 0001:0001612f       __itow_s                   0041712f f   LIBCMT:xtows.obj
 0001:0001624b       ___initstdio               0041724b f   LIBCMT:_file.obj
 0001:000162be       ___endstdio                004172be f   LIBCMT:_file.obj
 0001:000162e5       ___iob_func                004172e5 f   LIBCMT:_file.obj
 0001:000162eb       __lock_file                004172eb f   LIBCMT:_file.obj
 0001:0001632a       __lock_file2               0041732a f   LIBCMT:_file.obj
 0001:0001635a       __unlock_file              0041735a f   LIBCMT:_file.obj
 0001:00016394       __unlock_file2             00417394 f   LIBCMT:_file.obj
 0001:000163c1       __fflush_nolock            004173c1 f   LIBCMT:fflush.obj
 0001:00016407       __flush                    00417407 f   LIBCMT:fflush.obj
 0001:0001646b       __flushall                 0041746b f   LIBCMT:fflush.obj
 0001:00016474       _fflush                    00417474 f   LIBCMT:fflush.obj
 0001:000165ad       _setvbuf                   004175ad f   LIBCMT:setvbuf.obj
 0001:000166b3       _fwprintf                  004176b3 f   LIBCMT:fwprintf.obj
 0001:00016744       __vswprintf_c_l            00417744 f   LIBCMT:vswprnc.obj
 0001:0001676c       __vswprintf_helper         0041776c f   LIBCMT:vswprnc.obj
 0001:00016865       ___get_sigabrt             00417865 f   LIBCMT:winsig.obj
 0001:00016872       __initp_misc_winsig        00417872 f   LIBCMT:winsig.obj
 0001:0001688e       _raise                     0041788e f   LIBCMT:winsig.obj
 0001:00016a7f       ___crtMessageBoxW          00417a7f f   LIBCMT:crtmboxw.obj
 0001:00016c61       __FF_MSGBANNER             00417c61 f   LIBCMT:crt0msg.obj
 0001:00016c9a       __GET_RTERRMSG             00417c9a f   LIBCMT:crt0msg.obj
 0001:00016cbe       __NMSG_WRITE               00417cbe f   LIBCMT:crt0msg.obj
 0001:00016e79       ___isa_available_init      00417e79 f   LIBCMT:cpu_disp.obj
 0001:00016fb2       __filbuf                   00417fb2 f   LIBCMT:_filbuf.obj
 0001:000170d3       __fileno                   004180d3 f   LIBCMT:fileno.obj
 0001:000170f7       ___doserrno                004180f7 f   LIBCMT:dosmap.obj
 0001:0001710a       __dosmaperr                0041810a f   LIBCMT:dosmap.obj
 0001:0001712b       __errno                    0041812b f   LIBCMT:dosmap.obj
 0001:0001713e       __get_errno_from_oserr     0041813e f   LIBCMT:dosmap.obj
 0001:00017180       __SEH_prolog4              00418180 f   LIBCMT:sehprolg4.obj
 0001:000171c5       __SEH_epilog4              004181c5 f   LIBCMT:sehprolg4.obj
 0001:000171e0       __except_handler4          004181e0 f   LIBCMT:chandler4.obj
 0001:00017375       __ioinit                   00418375 f   LIBCMT:ioinit.obj
 0001:00017623       __flsbuf                   00418623 f   LIBCMT:_flsbuf.obj
 0001:00017770       __output_l                 00418770 f   LIBCMT:output.obj
 0001:000183e2       ___addlocaleref            004193e2 f   LIBCMT:localref.obj
 0001:00018472       ___freetlocinfo            00419472 f   LIBCMT:localref.obj
 0001:000185cc       ___removelocaleref         004195cc f   LIBCMT:localref.obj
 0001:00018667       ___updatetlocinfo          00419667 f   LIBCMT:localref.obj
 0001:000186e3       __updatetlocinfoEx_nolock  004196e3 f   LIBCMT:localref.obj
 0001:0001872e       ___initmbctable            0041972e f   LIBCMT:mbctype.obj
 0001:000189e9       ___updatetmbcinfo          004199e9 f   LIBCMT:mbctype.obj
 0001:00018a8e       __setmbcp                  00419a8e f   LIBCMT:mbctype.obj
 0001:00018c3c       __setmbcp_nolock           00419c3c f   LIBCMT:mbctype.obj
 0001:00018e31       __isctype_l                00419e31 f   LIBCMT:isctype.obj
 0001:00018ee0       __freefls@4                00419ee0 f   LIBCMT:tidtable.obj
 0001:00019017       __getptd                   0041a017 f   LIBCMT:tidtable.obj
 0001:0001902f       __getptd_noexit            0041a02f f   LIBCMT:tidtable.obj
 0001:0001909e       __initptd                  0041a09e f   LIBCMT:tidtable.obj
 0001:00019151       __mtinit                   0041a151 f   LIBCMT:tidtable.obj
 0001:000191c7       __mtterm                   0041a1c7 f   LIBCMT:tidtable.obj
 0001:000191e4       __locterm                  0041a1e4 f   LIBCMT:wsetloca.obj
 0001:00019236       __heap_init                0041a236 f   LIBCMT:heapinit.obj
 0001:0001924b       __callnewh                 0041a24b f   LIBCMT:handler.obj
 0001:00019271       __initp_heap_handler       0041a271 f   LIBCMT:handler.obj
 0001:0001927e       ___raise_securityfailure   0041a27e f   LIBCMT:gs_report.obj
 0001:000192bb       ___report_gsfailure        0041a2bb f   LIBCMT:gs_report.obj
 0001:000193b4       __VEC_memset               0041a3b4 f   LIBCMT:p4_memset.obj
 0001:0001947c       __close                    0041a47c f   LIBCMT:close.obj
 0001:00019546       __close_nolock             0041a546 f   LIBCMT:close.obj
 0001:000195e0       __freebuf                  0041a5e0 f   LIBCMT:_freebuf.obj
 0001:00019610       __getstream                0041a610 f   LIBCMT:stream.obj
 0001:00019728       __openfile                 0041a728 f   LIBCMT:_open.obj
 0001:000199a0       __local_unwind4            0041a9a0 f   LIBCMT:exsup4.obj
 0001:00019a76       __seh_longjmp_unwind4@4    0041aa76 f   LIBCMT:exsup4.obj
 0001:00019a92       @_EH4_CallFilterFunc@8     0041aa92 f   LIBCMT:exsup4.obj
 0001:00019aa9       @_EH4_TransferToHandler@8  0041aaa9 f   LIBCMT:exsup4.obj
 0001:00019ac2       @_EH4_GlobalUnwind2@8      0041aac2 f   LIBCMT:exsup4.obj
 0001:00019adb       @_EH4_LocalUnwind@16       0041aadb f   LIBCMT:exsup4.obj
 0001:00019af2       __ftbuf                    0041aaf2 f   LIBCMT:_sftbuf.obj
 0001:00019b23       __stbuf                    0041ab23 f   LIBCMT:_sftbuf.obj
 0001:00019bc9       __read                     0041abc9 f   LIBCMT:read.obj
 0001:00019cd1       __read_nolock              0041acd1 f   LIBCMT:read.obj
 0001:0001a460       __write                    0041b460 f   LIBCMT:write.obj
 0001:0001a542       __write_nolock             0041b542 f   LIBCMT:write.obj
 0001:0001ad6c       __getbuf                   0041bd6c f   LIBCMT:_getbuf.obj
 0001:0001adb2       _strcpy_s                  0041bdb2 f   LIBCMT:strcpy_s.obj
 0001:0001ae07       __lock                     0041be07 f   LIBCMT:mlock.obj
 0001:0001ae3b       __mtdeletelocks            0041be3b f   LIBCMT:mlock.obj
 0001:0001ae8f       __mtinitlocknum            0041be8f f   LIBCMT:mlock.obj
 0001:0001af36       __mtinitlocks              0041bf36 f   LIBCMT:mlock.obj
 0001:0001af6b       __unlock                   0041bf6b f   LIBCMT:mlock.obj
 0001:0001af80       __RTC_Initialize           0041bf80 f   LIBCMT:initsect.obj
 0001:0001afa0       __RTC_Terminate            0041bfa0 f   LIBCMT:initsect.obj
 0001:0001afc0       ___crtFlsAlloc             0041bfc0 f   LIBCMT:winapisupp.obj
 0001:0001afde       ___crtFlsFree              0041bfde f   LIBCMT:winapisupp.obj
 0001:0001affd       ___crtFlsGetValue          0041bffd f   LIBCMT:winapisupp.obj
 0001:0001b01c       ___crtFlsSetValue          0041c01c f   LIBCMT:winapisupp.obj
 0001:0001b03e       ___crtGetShowWindowMode    0041c03e f   LIBCMT:winapisupp.obj
 0001:0001b05f       ___crtIsPackagedApp        0041c05f f   LIBCMT:winapisupp.obj
 0001:0001b09d       ___crtLoadWinApiPointers   0041c09d f   LIBCMT:winapisupp.obj
 0001:0001b2dc       ___crtSetUnhandledExceptionFilter 0041c2dc f   LIBCMT:winapisupp.obj
 0001:0001b2ea       ___crtTerminateProcess     0041c2ea f   LIBCMT:winapisupp.obj
 0001:0001b2ff       ___crtUnhandledException   0041c2ff f   LIBCMT:winapisupp.obj
 0001:0001b320       __FindPESection            0041c320 f   LIBCMT:pesect.obj
 0001:0001b370       __IsNonwritableInCurrentImage 0041c370 f   LIBCMT:pesect.obj
 0001:0001b430       __ValidateImageBase        0041c430 f   LIBCMT:pesect.obj
 0001:0001b461       ___onexitinit              0041c461 f   LIBCMT:onexit.obj
 0001:0001b490       __onexit                   0041c490 f   LIBCMT:onexit.obj
 0001:0001b586       _atexit                    0041c586 f   LIBCMT:onexit.obj
 0001:0001b59b       __calloc_crt               0041c59b f   LIBCMT:crtheap.obj
 0001:0001b5e5       __malloc_crt               0041c5e5 f   LIBCMT:crtheap.obj
 0001:0001b62e       __realloc_crt              0041c62e f   LIBCMT:crtheap.obj
 0001:0001b67a       __initp_misc_cfltcvt_tab   0041c67a f   LIBCMT:cmiscdat.obj
 0001:0001b699       ?terminate@@YAXXZ          0041c699 f   LIBCMT:hooks.obj
 0001:0001b6cd       __initp_eh_hooks           0041c6cd f   LIBCMT:hooks.obj
 0001:0001b6de       __initp_misc_purevirt      0041c6de f   LIBCMT:inithelp.obj
 0001:0001b6eb       __initp_misc_rand_s        0041c6eb f   LIBCMT:rand_s.obj
 0001:0001b6f8       ?__CxxUnhandledExceptionFilter@@YGJPAU_EXCEPTION_POINTERS@@@Z 0041c6f8 f   LIBCMT:unhandld.obj
 0001:0001b739       ___CxxSetUnhandledExceptionFilter 0041c739 f   LIBCMT:unhandld.obj
 0001:0001b747       __XcptFilter               0041c747 f   LIBCMT:winxfltr.obj
 0001:0001b8a2       __setargv                  0041c8a2 f   LIBCMT:stdargv.obj
 0001:0001bacf       __setenvp                  0041cacf f   LIBCMT:stdenvp.obj
 0001:0001bbb0       ___security_init_cookie    0041cbb0 f   LIBCMT:gs_support.obj
 0001:0001bc4a       ___crtGetEnvironmentStringsA 0041cc4a f   LIBCMT:a_env.obj
 0001:0001bcd5       __wincmdln                 0041ccd5 f   LIBCMT:wincmdln.obj
 0001:0001bd34       __crt_debugger_hook        0041cd34 f   LIBCMT:dbghook.obj
 0001:0001bd3c       __fcloseall                0041cd3c f   LIBCMT:closeall.obj
 0001:0001bdd9       __commit                   0041cdd9 f   LIBCMT:commit.obj
 0001:0001bebf       __woutput_l                0041cebf f   LIBCMT:woutput.obj
 0001:0001cbb6       _wcsncpy_s                 0041dbb6 f   LIBCMT:wcsncpy_s.obj
 0001:0001cc74       __isatty                   0041dc74 f   LIBCMT:isatty.obj
 0001:0001ccc8       __lseeki64                 0041dcc8 f   LIBCMT:lseeki64.obj
 0001:0001cdc4       __lseeki64_nolock          0041ddc4 f   LIBCMT:lseeki64.obj
 0001:0001ce35       __isleadbyte_l             0041de35 f i LIBCMT:_wctype.obj
 0001:0001ce6b       _isleadbyte                0041de6b f i LIBCMT:_wctype.obj
 0001:0001ce7c       __get_printf_count_output  0041de7c f   LIBCMT:printf.obj
 0001:0001ce91       __wctomb_s_l               0041de91 f   LIBCMT:wctomb.obj
 0001:0001cfb3       _wctomb_s                  0041dfb3 f   LIBCMT:wctomb.obj
 0001:0001cfce       ___free_lconv_mon          0041dfce f   LIBCMT:initmon.obj
 0001:0001d0ca       ___free_lconv_num          0041e0ca f   LIBCMT:initnum.obj
 0001:0001d131       ___free_lc_time            0041e131 f   LIBCMT:inittime.obj
 0001:0001d69a       ___crtLCMapStringA         0041e69a f   LIBCMT:a_map.obj
 0001:0001d6de       __freea                    0041e6de f i LIBCMT:a_map.obj
 0001:0001d7e8       ___crtGetStringTypeA       0041e7e8 f   LIBCMT:a_str.obj
 0001:0001d826       _GetTableIndexFromLocaleName 0041e826 f   LIBCMT:winapinls.obj
 0001:0001d874       ___crtDownlevelLocaleNameToLCID 0041e874 f   LIBCMT:winapinls.obj
 0001:0001d89e       ___crtLCMapStringEx        0041e89e f   LIBCMT:winapinls.obj
 0001:0001d8ea       ___wcsnicmp_ascii          0041e8ea f   LIBCMT:winapinls.obj
 0001:0001d958       ___lock_fhandle            0041e958 f   LIBCMT:osfinfo.obj
 0001:0001d9e4       __alloc_osfhnd             0041e9e4 f   LIBCMT:osfinfo.obj
 0001:0001db89       __free_osfhnd              0041eb89 f   LIBCMT:osfinfo.obj
 0001:0001dc0f       __get_osfhandle            0041ec0f f   LIBCMT:osfinfo.obj
 0001:0001dc76       __set_osfhnd               0041ec76 f   LIBCMT:osfinfo.obj
 0001:0001dcf8       __unlock_fhandle           0041ecf8 f   LIBCMT:osfinfo.obj
 0001:0001dd1e       __sopen_helper             0041ed1e f   LIBCMT:open.obj
 0001:0001dde5       __sopen_nolock             0041ede5 f   LIBCMT:open.obj
 0001:0001de31       __sopen_s                  0041ee31 f   LIBCMT:open.obj
 0001:0001de4f       __mbsnbcmp                 0041ee4f f   LIBCMT:mbsnbcmp.obj
 0001:0001de67       __mbsnbcmp_l               0041ee67 f   LIBCMT:mbsnbcmp.obj
 0001:0001df7c       __mbsnbicmp                0041ef7c f   LIBCMT:mbsnbicm.obj
 0001:0001df94       __mbsnbicmp_l              0041ef94 f   LIBCMT:mbsnbicm.obj
 0001:0001e150       __global_unwind2           0041f150 f   LIBCMT:exsup.obj
 0001:0001e1b5       __local_unwind2            0041f1b5 f   LIBCMT:exsup.obj
 0001:0001e239       __abnormal_termination     0041f239 f   LIBCMT:exsup.obj
 0001:0001e25c       __NLG_Notify1              0041f25c f   LIBCMT:exsup.obj
 0001:0001e265       __NLG_Notify               0041f265 f   LIBCMT:exsup.obj
 0001:0001e27c       __NLG_Dispatch             0041f27c     LIBCMT:exsup.obj
 0001:0001e27c       __NLG_Dispatch2            0041f27c     LIBCMT:exsup.obj
 0001:0001e284       __NLG_Call                 0041f284 f   LIBCMT:exsup.obj
 0001:0001e286       __NLG_Return2              0041f286     LIBCMT:exsup.obj
 0001:0001e287       __mbtowc_l                 0041f287 f   LIBCMT:mbtowc.obj
 0001:0001e37a       _mbtowc                    0041f37a f   LIBCMT:mbtowc.obj
 0001:0001e392       __putwch_nolock            0041f392 f   LIBCMT:putwch.obj
 0001:0001e3d3       __calloc_impl              0041f3d3 f   LIBCMT:calloc_impl.obj
 0001:0001e44d       __msize                    0041f44d f   LIBCMT:msize.obj
 0001:0001e47e       __fptrap                   0041f47e f   LIBCMT:crt0fp.obj
 0001:0001e4dd       __ismbblead                0041f4dd f   LIBCMT:ismbbyte.obj
 0001:0001e4f3       __fputwc_nolock            0041f4f3 f   LIBCMT:fputwc.obj
 0001:0001e680       __alloca_probe_16          0041f680 f   LIBCMT:alloca16.obj
 0001:0001e696       __alloca_probe_8           0041f696     LIBCMT:alloca16.obj
 0001:0001e73d       __wsopen_nolock            0041f73d f   LIBCMT:wopen.obj
 0001:0001ee8e       __strnicmp                 0041fe8e f   LIBCMT:strnicmp.obj
 0001:0001eef9       __strnicmp_l               0041fef9 f   LIBCMT:strnicmp.obj
 0001:0001efa8       ___termconout              0041ffa8 f   LIBCMT:initcon.obj
 0001:0001efbf       ___initconout              0041ffbf f   LIBCMT:initcon.obj
 0001:0001efde       __flswbuf                  0041ffde f   LIBCMT:_flswbuf.obj
 0001:0001f13e       __chsize_nolock            0042013e f   LIBCMT:chsize.obj
 0001:0001f2f2       __get_fmode                004202f2 f   LIBCMT:setmode.obj
 0001:0001f31c       __setmode_nolock           0042031c f   LIBCMT:setmode.obj
 0001:0001f3f0       ___ascii_strnicmp          004203f0 f   LIBCMT:_strnicm.obj
 0001:0001f451       __tolower_l                00420451 f   LIBCMT:tolower.obj
 0001:0001f592       _IsProcessorFeaturePresent@4 00420592 f   kernel32:KERNEL32.dll
 0001:0001f598       _RtlUnwind@16              00420598 f   kernel32:KERNEL32.dll
 0002:00000000       __imp__CopySid@12          00421000     advapi32:ADVAPI32.dll
 0002:00000004       __imp__EqualSid@8          00421004     advapi32:ADVAPI32.dll
 0002:00000008       __imp__GetLengthSid@4      00421008     advapi32:ADVAPI32.dll
 0002:0000000c       __imp__RegCloseKey@4       0042100c     advapi32:ADVAPI32.dll
 0002:00000010       __imp__RegEnumKeyA@16      00421010     advapi32:ADVAPI32.dll
 0002:00000014       __imp__RegOpenKeyA@12      00421014     advapi32:ADVAPI32.dll
 0002:00000018       \177ADVAPI32_NULL_THUNK_DATA 00421018     advapi32:ADVAPI32.dll
 0002:0000001c       __imp__GetSaveFileNameA@4  0042101c     comdlg32:COMDLG32.dll
 0002:00000020       __imp__GetOpenFileNameA@4  00421020     comdlg32:COMDLG32.dll
 0002:00000024       \177COMDLG32_NULL_THUNK_DATA 00421024     comdlg32:COMDLG32.dll
 0002:00000028       __imp__GetStockObject@4    00421028     gdi32:GDI32.dll
 0002:0000002c       \177GDI32_NULL_THUNK_DATA  0042102c     gdi32:GDI32.dll
 0002:00000030       __imp__SetEndOfFile@4      00421030     kernel32:KERNEL32.dll
 0002:00000034       __imp__CreateFileW@28      00421034     kernel32:KERNEL32.dll
 0002:00000038       __imp__HeapSize@12         00421038     kernel32:KERNEL32.dll
 0002:0000003c       __imp__SetStdHandle@8      0042103c     kernel32:KERNEL32.dll
 0002:00000040       __imp__LCMapStringW@24     00421040     kernel32:KERNEL32.dll
 0002:00000044       __imp__GetStringTypeW@16   00421044     kernel32:KERNEL32.dll
 0002:00000048       __imp__SetFilePointerEx@20 00421048     kernel32:KERNEL32.dll
 0002:0000004c       __imp__FlushFileBuffers@4  0042104c     kernel32:KERNEL32.dll
 0002:00000050       __imp__FreeEnvironmentStringsW@4 00421050     kernel32:KERNEL32.dll
 0002:00000054       __imp__GetEnvironmentStringsW@0 00421054     kernel32:KERNEL32.dll
 0002:00000058       __imp__GetSystemTimeAsFileTime@4 00421058     kernel32:KERNEL32.dll
 0002:0000005c       __imp__QueryPerformanceCounter@4 0042105c     kernel32:KERNEL32.dll
 0002:00000060       __imp__GetModuleHandleW@4  00421060     kernel32:KERNEL32.dll
 0002:00000064       __imp__TlsFree@4           00421064     kernel32:KERNEL32.dll
 0002:00000068       __imp__TlsSetValue@8       00421068     kernel32:KERNEL32.dll
 0002:0000006c       __imp__TlsGetValue@4       0042106c     kernel32:KERNEL32.dll
 0002:00000070       __imp__TlsAlloc@0          00421070     kernel32:KERNEL32.dll
 0002:00000074       __imp__TerminateProcess@8  00421074     kernel32:KERNEL32.dll
 0002:00000078       __imp__GetCurrentProcess@0 00421078     kernel32:KERNEL32.dll
 0002:0000007c       __imp__SetUnhandledExceptionFilter@4 0042107c     kernel32:KERNEL32.dll
 0002:00000080       __imp__UnhandledExceptionFilter@4 00421080     kernel32:KERNEL32.dll
 0002:00000084       __imp__GetConsoleCP@0      00421084     kernel32:KERNEL32.dll
 0002:00000088       __imp__WideCharToMultiByte@32 00421088     kernel32:KERNEL32.dll
 0002:0000008c       __imp__ReadConsoleW@20     0042108c     kernel32:KERNEL32.dll
 0002:00000090       __imp__GetConsoleMode@8    00421090     kernel32:KERNEL32.dll
 0002:00000094       __imp__ReadFile@20         00421094     kernel32:KERNEL32.dll
 0002:00000098       __imp__RtlUnwind@16        00421098     kernel32:KERNEL32.dll
 0002:0000009c       __imp__GetProcessHeap@0    0042109c     kernel32:KERNEL32.dll
 0002:000000a0       __imp__SetLastError@4      004210a0     kernel32:KERNEL32.dll
 0002:000000a4       __imp__GetCPInfo@8         004210a4     kernel32:KERNEL32.dll
 0002:000000a8       __imp__GetOEMCP@0          004210a8     kernel32:KERNEL32.dll
 0002:000000ac       __imp__GetACP@0            004210ac     kernel32:KERNEL32.dll
 0002:000000b0       __imp__IsValidCodePage@4   004210b0     kernel32:KERNEL32.dll
 0002:000000b4       __imp__InterlockedIncrement@4 004210b4     kernel32:KERNEL32.dll
 0002:000000b8       __imp__GetStartupInfoW@4   004210b8     kernel32:KERNEL32.dll
 0002:000000bc       __imp__DeleteCriticalSection@4 004210bc     kernel32:KERNEL32.dll
 0002:000000c0       __imp__InitializeCriticalSectionAndSpinCount@8 004210c0     kernel32:KERNEL32.dll
 0002:000000c4       __imp__WriteFile@20        004210c4     kernel32:KERNEL32.dll
 0002:000000c8       __imp__LoadLibraryW@4      004210c8     kernel32:KERNEL32.dll
 0002:000000cc       __imp__LoadLibraryExW@12   004210cc     kernel32:KERNEL32.dll
 0002:000000d0       __imp__OutputDebugStringW@4 004210d0     kernel32:KERNEL32.dll
 0002:000000d4       __imp__FreeLibrary@4       004210d4     kernel32:KERNEL32.dll
 0002:000000d8       __imp__GetModuleFileNameA@12 004210d8     kernel32:KERNEL32.dll
 0002:000000dc       __imp__GetProcAddress@8    004210dc     kernel32:KERNEL32.dll
 0002:000000e0       __imp__GetLastError@0      004210e0     kernel32:KERNEL32.dll
 0002:000000e4       __imp__GetSystemDirectoryA@8 004210e4     kernel32:KERNEL32.dll
 0002:000000e8       __imp__GetVersionExA@4     004210e8     kernel32:KERNEL32.dll
 0002:000000ec       __imp__LoadLibraryA@4      004210ec     kernel32:KERNEL32.dll
 0002:000000f0       __imp__CloseHandle@4       004210f0     kernel32:KERNEL32.dll
 0002:000000f4       __imp__Sleep@4             004210f4     kernel32:KERNEL32.dll
 0002:000000f8       __imp__GetCurrentProcessId@0 004210f8     kernel32:KERNEL32.dll
 0002:000000fc       __imp__CreateThread@24     004210fc     kernel32:KERNEL32.dll
 0002:00000100       __imp__OpenProcess@12      00421100     kernel32:KERNEL32.dll
 0002:00000104       __imp__GetTickCount@0      00421104     kernel32:KERNEL32.dll
 0002:00000108       __imp__MapViewOfFile@20    00421108     kernel32:KERNEL32.dll
 0002:0000010c       __imp__UnmapViewOfFile@4   0042110c     kernel32:KERNEL32.dll
 0002:00000110       __imp__LocalFree@4         00421110     kernel32:KERNEL32.dll
 0002:00000114       __imp__OpenFileMappingA@12 00421114     kernel32:KERNEL32.dll
 0002:00000118       __imp__GetCurrentThreadId@0 00421118     kernel32:KERNEL32.dll
 0002:0000011c       __imp__LocalAlloc@8        0042111c     kernel32:KERNEL32.dll
 0002:00000120       __imp__CreateFileMappingA@24 00421120     kernel32:KERNEL32.dll
 0002:00000124       __imp__SetCurrentDirectoryA@4 00421124     kernel32:KERNEL32.dll
 0002:00000128       __imp__GetCurrentDirectoryA@8 00421128     kernel32:KERNEL32.dll
 0002:0000012c       __imp__GetStdHandle@4      0042112c     kernel32:KERNEL32.dll
 0002:00000130       __imp__GetFileType@4       00421130     kernel32:KERNEL32.dll
 0002:00000134       __imp__GetModuleFileNameW@12 00421134     kernel32:KERNEL32.dll
 0002:00000138       __imp__GetModuleHandleExW@12 00421138     kernel32:KERNEL32.dll
 0002:0000013c       __imp__WriteConsoleW@20    0042113c     kernel32:KERNEL32.dll
 0002:00000140       __imp__HeapFree@12         00421140     kernel32:KERNEL32.dll
 0002:00000144       __imp__HeapAlloc@12        00421144     kernel32:KERNEL32.dll
 0002:00000148       __imp__HeapReAlloc@16      00421148     kernel32:KERNEL32.dll
 0002:0000014c       __imp__IsProcessorFeaturePresent@4 0042114c     kernel32:KERNEL32.dll
 0002:00000150       __imp__EncodePointer@4     00421150     kernel32:KERNEL32.dll
 0002:00000154       __imp__DecodePointer@4     00421154     kernel32:KERNEL32.dll
 0002:00000158       __imp__InterlockedDecrement@4 00421158     kernel32:KERNEL32.dll
 0002:0000015c       __imp__ExitProcess@4       0042115c     kernel32:KERNEL32.dll
 0002:00000160       __imp__AreFileApisANSI@0   00421160     kernel32:KERNEL32.dll
 0002:00000164       __imp__MultiByteToWideChar@24 00421164     kernel32:KERNEL32.dll
 0002:00000168       __imp__GetCommandLineA@0   00421168     kernel32:KERNEL32.dll
 0002:0000016c       __imp__IsDebuggerPresent@0 0042116c     kernel32:KERNEL32.dll
 0002:00000170       __imp__EnterCriticalSection@4 00421170     kernel32:KERNEL32.dll
 0002:00000174       __imp__LeaveCriticalSection@4 00421174     kernel32:KERNEL32.dll
 0002:00000178       \177KERNEL32_NULL_THUNK_DATA 00421178     kernel32:KERNEL32.dll
 0002:0000017c       __imp__Shell_NotifyIconA@8 0042117c     shell32:SHELL32.dll
 0002:00000180       __imp__ShellExecuteA@24    00421180     shell32:SHELL32.dll
 0002:00000184       \177SHELL32_NULL_THUNK_DATA 00421184     shell32:SHELL32.dll
 0002:00000188       __imp__IsDialogMessageA@8  00421188     user32:USER32.dll
 0002:0000018c       __imp__DestroyIcon@4       0042118c     user32:USER32.dll
 0002:00000190       __imp__LoadIconA@8         00421190     user32:USER32.dll
 0002:00000194       __imp__LoadCursorA@8       00421194     user32:USER32.dll
 0002:00000198       __imp__GetDesktopWindow@0  00421198     user32:USER32.dll
 0002:0000019c       __imp__SetWindowLongA@12   0042119c     user32:USER32.dll
 0002:000001a0       __imp__GetWindowLongA@8    004211a0     user32:USER32.dll
 0002:000001a4       __imp__GetCursorPos@4      004211a4     user32:USER32.dll
 0002:000001a8       __imp__MessageBeep@4       004211a8     user32:USER32.dll
 0002:000001ac       __imp__MessageBoxA@16      004211ac     user32:USER32.dll
 0002:000001b0       __imp__GetWindowRect@8     004211b0     user32:USER32.dll
 0002:000001b4       __imp__SetForegroundWindow@4 004211b4     user32:USER32.dll
 0002:000001b8       __imp__SetActiveWindow@4   004211b8     user32:USER32.dll
 0002:000001bc       __imp__SetMenuDefaultItem@12 004211bc     user32:USER32.dll
 0002:000001c0       __imp__GetMenuDefaultItem@12 004211c0     user32:USER32.dll
 0002:000001c4       __imp__GetMenuItemInfoA@16 004211c4     user32:USER32.dll
 0002:000001c8       __imp__InsertMenuItemA@16  004211c8     user32:USER32.dll
 0002:000001cc       __imp__TrackPopupMenu@28   004211cc     user32:USER32.dll
 0002:000001d0       __imp__RemoveMenu@12       004211d0     user32:USER32.dll
 0002:000001d4       __imp__AppendMenuA@16      004211d4     user32:USER32.dll
 0002:000001d8       __imp__GetMenuItemCount@4  004211d8     user32:USER32.dll
 0002:000001dc       __imp__DestroyMenu@4       004211dc     user32:USER32.dll
 0002:000001e0       __imp__CreatePopupMenu@0   004211e0     user32:USER32.dll
 0002:000001e4       __imp__FindWindowA@8       004211e4     user32:USER32.dll
 0002:000001e8       __imp__EnableWindow@8      004211e8     user32:USER32.dll
 0002:000001ec       __imp__SendDlgItemMessageA@20 004211ec     user32:USER32.dll
 0002:000001f0       __imp__SetDlgItemTextA@12  004211f0     user32:USER32.dll
 0002:000001f4       __imp__GetDlgItem@8        004211f4     user32:USER32.dll
 0002:000001f8       __imp__EndDialog@8         004211f8     user32:USER32.dll
 0002:000001fc       __imp__DialogBoxParamA@20  004211fc     user32:USER32.dll
 0002:00000200       __imp__CreateDialogParamA@20 00421200     user32:USER32.dll
 0002:00000204       __imp__SetWindowPos@28     00421204     user32:USER32.dll
 0002:00000208       __imp__MoveWindow@24       00421208     user32:USER32.dll
 0002:0000020c       __imp__ShowWindow@8        0042120c     user32:USER32.dll
 0002:00000210       __imp__DestroyWindow@4     00421210     user32:USER32.dll
 0002:00000214       __imp__IsWindow@4          00421214     user32:USER32.dll
 0002:00000218       __imp__CreateWindowExA@48  00421218     user32:USER32.dll
 0002:0000021c       __imp__RegisterClassA@4    0042121c     user32:USER32.dll
 0002:00000220       __imp__PostQuitMessage@4   00421220     user32:USER32.dll
 0002:00000224       __imp__DefWindowProcA@16   00421224     user32:USER32.dll
 0002:00000228       __imp__PostMessageA@16     00421228     user32:USER32.dll
 0002:0000022c       __imp__SendMessageA@16     0042122c     user32:USER32.dll
 0002:00000230       __imp__DispatchMessageA@4  00421230     user32:USER32.dll
 0002:00000234       __imp__TranslateMessage@4  00421234     user32:USER32.dll
 0002:00000238       __imp__GetMessageA@16      00421238     user32:USER32.dll
 0002:0000023c       __imp__RegisterWindowMessageA@4 0042123c     user32:USER32.dll
 0002:00000240       __imp__WinHelpA@16         00421240     user32:USER32.dll
 0002:00000244       __imp__GetDlgItemTextA@16  00421244     user32:USER32.dll
 0002:00000248       __imp__MessageBoxIndirectA@4 00421248     user32:USER32.dll
 0002:0000024c       __imp__CreateMenu@0        0042124c     user32:USER32.dll
 0002:00000250       \177USER32_NULL_THUNK_DATA 00421250     user32:USER32.dll
 0002:00000254       ___xc_a                    00421254     LIBCMT:crt0init.obj
 0002:00000258       ___xc_z                    00421258     LIBCMT:crt0init.obj
 0002:0000025c       ___xi_a                    0042125c     LIBCMT:crt0init.obj
 0002:00000274       ___xi_z                    00421274     LIBCMT:crt0init.obj
 0002:00000278       ___xp_a                    00421278     LIBCMT:crt0init.obj
 0002:00000288       ___xp_z                    00421288     LIBCMT:crt0init.obj
 0002:0000028c       ___xt_a                    0042128c     LIBCMT:crt0init.obj
 0002:00000290       ___xt_z                    00421290     LIBCMT:crt0init.obj
 0002:00000298       ??_C@_00CNPNBAHC@?$AA@     00421298     conf.obj
 0002:000002e4       ??_C@_0P@MCKMEEL@Out?5of?5memory?$CB?$AA@ 004212e4     misc.obj
 0002:00000318       _ssh2_aes                  00421318     sshaes.obj
 0002:000026b0       ??_C@_0L@DLEDDNDH@aes128?9ctr?$AA@ 004236b0     sshaes.obj
 0002:000026bc       ??_C@_0O@HCOECJE@AES?9128?5SDCTR?$AA@ 004236bc     sshaes.obj
 0002:000026cc       ??_C@_0L@JINPEKKL@aes192?9ctr?$AA@ 004236cc     sshaes.obj
 0002:000026d8       ??_C@_0O@BELLMAIB@AES?9192?5SDCTR?$AA@ 004236d8     sshaes.obj
 0002:000026e8       ??_C@_0L@EKGBGFCK@aes256?9ctr?$AA@ 004236e8     sshaes.obj
 0002:000026f4       ??_C@_0O@JNPCIGGM@AES?9256?5SDCTR?$AA@ 004236f4     sshaes.obj
 0002:00002704       ??_C@_0L@HADBMBOF@aes128?9cbc?$AA@ 00423704     sshaes.obj
 0002:00002710       ??_C@_0M@NHPGNAPK@AES?9128?5CBC?$AA@ 00423710     sshaes.obj
 0002:0000271c       ??_C@_0L@NDKNLGHJ@aes192?9cbc?$AA@ 0042371c     sshaes.obj
 0002:00002728       ??_C@_0M@HEGKKHGG@AES?9192?5CBC?$AA@ 00423728     sshaes.obj
 0002:00002734       ??_C@_0L@BBDJJPI@aes256?9cbc?$AA@ 00423734     sshaes.obj
 0002:00002740       ??_C@_0M@KGNEIIOH@AES?9256?5CBC?$AA@ 00423740     sshaes.obj
 0002:0000274c       ??_C@_0BM@MGEJEKIP@rijndael?9cbc?$EAlysator?4liu?4se?$AA@ 0042374c     sshaes.obj
 0002:00002768       ??_C@_1BI@FNOKOHIF@?$AA?4?$AA?4?$AA?2?$AAs?$AAs?$AAh?$AAa?$AAe?$AAs?$AA?4?$AAc?$AA?$AA@ 00423768     sshaes.obj
 0002:00002780       ??_C@_1GG@KBLHJPFM@?$AAb?$AAl?$AAo?$AAc?$AAk?$AAl?$AAe?$AAn?$AA?5?$AA?$DN?$AA?$DN?$AA?5?$AA1?$AA6?$AA?5?$AA?$HM?$AA?$HM?$AA?5?$AAb?$AAl?$AAo?$AAc?$AAk?$AAl?$AAe?$AAn?$AA?5?$AA?$DN?$AA?$DN?$AA?5?$AA2?$AA4@ 00423780     sshaes.obj
 0002:000027e8       ??_C@_1FK@NLFGMJEL@?$AAk?$AAe?$AAy?$AAl?$AAe?$AAn?$AA?5?$AA?$DN?$AA?$DN?$AA?5?$AA1?$AA6?$AA?5?$AA?$HM?$AA?$HM?$AA?5?$AAk?$AAe?$AAy?$AAl?$AAe?$AAn?$AA?5?$AA?$DN?$AA?$DN?$AA?5?$AA2?$AA4?$AA?5?$AA?$HM?$AA?$HM?$AA?5@ 004237e8     sshaes.obj
 0002:00002844       ??_C@_1CA@HEBGNHHD@?$AA?$CI?$AAl?$AAe?$AAn?$AA?5?$AA?$CG?$AA?5?$AA1?$AA5?$AA?$CJ?$AA?5?$AA?$DN?$AA?$DN?$AA?5?$AA0?$AA?$AA@ 00423844     sshaes.obj
 0002:00002864       ??_C@_1BG@NFJADPKO@?$AA?4?$AA?4?$AA?2?$AAs?$AAs?$AAh?$AAb?$AAn?$AA?4?$AAc?$AA?$AA@ 00423864     sshbn.obj
 0002:00002880       ??_C@_1GE@GMBBHOCC@?$AAl?$AAe?$AAn?$AAg?$AAt?$AAh?$AA?5?$AA?$DO?$AA?$DN?$AA?5?$AA0?$AA?5?$AA?$CG?$AA?$CG?$AA?5?$AAl?$AAe?$AAn?$AAg?$AAt?$AAh?$AA?5?$AA?$DM?$AA?5?$AAI?$AAN?$AAT?$AA_?$AAM?$AAA?$AAX?$AA?5@ 00423880     sshbn.obj
 0002:000028e4       ??_C@_1O@OOEGIONJ@?$AAn?$AA?5?$AA?$DO?$AA?$DN?$AA?5?$AA0?$AA?$AA@ 004238e4     sshbn.obj
 0002:000028f4       ??_C@_1O@ILILCEBJ@?$AAi?$AA?5?$AA?$DO?$AA?$DN?$AA?5?$AA0?$AA?$AA@ 004238f4     sshbn.obj
 0002:00002904       ??_C@_1CE@NDGGLNHD@?$AAw?$AAo?$AAr?$AAd?$AA?5?$AA?$DM?$AA?$DN?$AA?5?$AAn?$AAu?$AAm?$AAb?$AAe?$AAr?$AA?$FL?$AA0?$AA?$FN?$AA?$AA@ 00423904     sshbn.obj
 0002:00002928       ??_C@_1DO@LCFDJOFD@?$AAm?$AA0?$AA?5?$AA?$DO?$AA?$DO?$AA?5?$AA?$CI?$AAB?$AAI?$AAG?$AAN?$AAU?$AAM?$AA_?$AAI?$AAN?$AAT?$AA_?$AAB?$AAI?$AAT?$AAS?$AA?9?$AA1?$AA?$CJ?$AA?5?$AA?$DN?$AA?$DN?$AA?5?$AA1?$AA?$AA@ 00423928     sshbn.obj
 0002:00002968       ??_C@_1CC@CNCFMNFF@?$AAm?$AAo?$AAd?$AA?$FL?$AAm?$AAo?$AAd?$AA?$FL?$AA0?$AA?$FN?$AA?$FN?$AA?5?$AA?$CB?$AA?$DN?$AA?5?$AA0?$AA?$AA@ 00423968     sshbn.obj
 0002:0000298c       ??_C@_17CJNDAKGM@?$AAi?$AAn?$AAv?$AA?$AA@ 0042398c     sshbn.obj
 0002:00002998       ??_C@_1EE@GKNKIJAG@?$AAn?$AAb?$AAy?$AAt?$AAe?$AAs?$AA?5?$AA?$DO?$AA?$DN?$AA?5?$AA0?$AA?5?$AA?$CG?$AA?$CG?$AA?5?$AAn?$AAb?$AAy?$AAt?$AAe?$AAs?$AA?5?$AA?$DM?$AA?5?$AAI?$AAN?$AAT?$AA_?$AAM?$AAA?$AAX?$AA?1@ 00423998     sshbn.obj
 0002:000029dc       ??_C@_1DE@FDIDDFAI@?$AAa?$AAm?$AAa?$AAx?$AA?5?$AA?$DN?$AA?$DN?$AA?5?$AA0?$AA?5?$AA?$HM?$AA?$HM?$AA?5?$AAa?$AA?$FL?$AAa?$AAm?$AAa?$AAx?$AA?$FN?$AA?5?$AA?$CB?$AA?$DN?$AA?5?$AA0?$AA?$AA@ 004239dc     sshbn.obj
 0002:00002a10       ??_C@_1DE@CCPJHBKH@?$AAb?$AAm?$AAa?$AAx?$AA?5?$AA?$DN?$AA?$DN?$AA?5?$AA0?$AA?5?$AA?$HM?$AA?$HM?$AA?5?$AAb?$AA?$FL?$AAb?$AAm?$AAa?$AAx?$AA?$FN?$AA?5?$AA?$CB?$AA?$DN?$AA?5?$AA0?$AA?$AA@ 00423a10     sshbn.obj
 0002:00002a44       ??_C@_1CO@MMOLBAAN@?$AAn?$AAu?$AAm?$AAb?$AAe?$AAr?$AA?$FL?$AAn?$AAu?$AAm?$AAb?$AAe?$AAr?$AA?$FL?$AA0?$AA?$FN?$AA?$FN?$AA?5?$AA?$CB?$AA?$DN?$AA?5?$AA0?$AA?$AA@ 00423a44     sshbn.obj
 0002:00002a74       ??_C@_1DC@NAPKADBF@?$AAm?$AAo?$AAd?$AAu?$AAl?$AAu?$AAs?$AA?$FL?$AAm?$AAo?$AAd?$AAu?$AAl?$AAu?$AAs?$AA?$FL?$AA0?$AA?$FN?$AA?$FN?$AA?5?$AA?$CB?$AA?$DN?$AA?5?$AA0?$AA?$AA@ 00423a74     sshbn.obj
 0002:00002aa8       _ssh_3des                  00423aa8     sshdes.obj
 0002:00002ac4       _ssh_des                   00423ac4     sshdes.obj
 0002:00002ae0       _ssh2_3des                 00423ae0     sshdes.obj
 0002:00002ae8       _ssh2_des                  00423ae8     sshdes.obj
 0002:000035d0       ??_C@_08BLJCDBFI@3des?9cbc?$AA@ 004245d0     sshdes.obj
 0002:000035dc       ??_C@_0P@MNELLKGN@triple?9DES?5CBC?$AA@ 004245dc     sshdes.obj
 0002:000035ec       ??_C@_08FAOAMNIK@3des?9ctr?$AA@ 004245ec     sshdes.obj
 0002:000035f8       ??_C@_0BB@JEEJMMLC@triple?9DES?5SDCTR?$AA@ 004245f8     sshdes.obj
 0002:0000360c       ??_C@_07IPAFAGII@des?9cbc?$AA@ 0042460c     sshdes.obj
 0002:00003614       ??_C@_0P@HKDDLANN@single?9DES?5CBC?$AA@ 00424614     sshdes.obj
 0002:00003624       ??_C@_0BA@IBKFJPCP@des?9cbc?$EAssh?4com?$AA@ 00424624     sshdes.obj
 0002:00003634       ??_C@_0BF@OCGINFLB@triple?9DES?5inner?9CBC?$AA@ 00424634     sshdes.obj
 0002:0000364c       ??_C@_1BI@MFEJJAJF@?$AA?4?$AA?4?$AA?2?$AAs?$AAs?$AAh?$AAd?$AAe?$AAs?$AA?4?$AAc?$AA?$AA@ 0042464c     sshdes.obj
 0002:00003664       ??_C@_1BO@CPHGGKB@?$AA?$CI?$AAl?$AAe?$AAn?$AA?5?$AA?$CG?$AA?5?$AA7?$AA?$CJ?$AA?5?$AA?$DN?$AA?$DN?$AA?5?$AA0?$AA?$AA@ 00424664     sshdes.obj
 0002:00003698       _ssh_dss                   00424698     sshdss.obj
 0002:000036d0       ??_C@_03DIFKLMIL@dss?$AA@  004246d0     sshdss.obj
 0002:000036d4       ??_C@_07FOJFIGLJ@ssh?9dss?$AA@ 004246d4     sshdss.obj
 0002:000036dc       ??_C@_02MDDDDAID@0x?$AA@   004246dc     sshdss.obj
 0002:000036e0       ??_C@_03PHNCCGAL@?00x?$AA@ 004246e0     sshdss.obj
 0002:000036e4       ??_C@_0M@CEADPCHG@?$AA?$AA?$AA?$AHssh?9dss?$AA@ 004246e4     sshdss.obj
 0002:000036f0       ??_C@_0M@IJFAFDNI@ssh?9dss?5?$CFd?5?$AA@ 004246f0     sshdss.obj
 0002:000036fc       ??_C@_01JLIPDDHJ@?3?$AA@   004246fc     sshdss.obj
 0002:00003700       ??_C@_06ELKDNDAA@?$CFs?$CF02x?$AA@ 00424700     sshdss.obj
 0002:00003708       ??_C@_1BI@OPPJGBDK@?$AA?4?$AA?4?$AA?2?$AAs?$AAs?$AAh?$AAd?$AAs?$AAs?$AA?4?$AAc?$AA?$AA@ 00424708     sshdss.obj
 0002:00003720       ??_C@_1CI@EFOJPBNN@?$AAp?$AA?5?$AA?$DN?$AA?$DN?$AA?5?$AAb?$AAl?$AAo?$AAb?$AA?5?$AA?$CL?$AA?5?$AAb?$AAl?$AAo?$AAb?$AAl?$AAe?$AAn?$AA?$AA@ 00424720     sshdss.obj
 0002:00003748       ??_C@_0BO@DJMBCJHK@DSA?5deterministic?5k?5generator?$AA@ 00424748     sshdss.obj
 0002:00003768       ??_C@_01FJMABOPO@x?$AA@    00424768     sshdss.obj
 0002:0000376c       _ssh_hmac_md5              0042476c     sshmd5.obj
 0002:0000379c       ??_C@_08LPACCAD@hmac?9md5?$AA@ 0042479c     sshmd5.obj
 0002:000037a8       ??_C@_08CABJBHIC@HMAC?9MD5?$AA@ 004247a8     sshmd5.obj
 0002:000037b4       ??_C@_0BD@IONICDPN@error?5reading?5file?$AA@ 004247b4     sshpubk.obj
 0002:000037c8       ??_C@_0BC@NPBJDJGK@file?5format?5error?$AA@ 004247c8     sshpubk.obj
 0002:000037dc       ??_C@_0BB@HNDNBCMJ@wrong?5passphrase?$AA@ 004247dc     sshpubk.obj
 0002:000037f0       ??_C@_0BC@DEMJHLHP@rsa_verify?5failed?$AA@ 004247f0     sshpubk.obj
 0002:00003804       ??_C@_02JDPG@rb?$AA@       00424804     sshpubk.obj
 0002:00003808       ??_C@_0BA@ENOJCGDH@can?8t?5open?5file?$AA@ 00424808     sshpubk.obj
 0002:00003818       ??_C@_0CB@KLPNCBJK@SSH?5PRIVATE?5KEY?5FILE?5FORMAT?51?41?6@ 00424818     sshpubk.obj
 0002:0000383c       ??_C@_0BG@BDKEBGIA@not?5an?5SSH?91?5RSA?5file?$AA@ 0042483c     sshpubk.obj
 0002:00003854       ??_C@_07FDBDPOCJ@ssh?9rsa?$AA@ 00424854     sshpubk.obj
 0002:0000385c       ??_C@_0BG@GFACEDGM@PuTTY?9User?9Key?9File?92?$AA@ 0042485c     sshpubk.obj
 0002:00003874       ??_C@_0BG@EOCPBAKP@PuTTY?9User?9Key?9File?91?$AA@ 00424874     sshpubk.obj
 0002:0000388c       ??_C@_0BF@HKENPLNI@PuTTY?9User?9Key?9File?9?$AA@ 0042488c     sshpubk.obj
 0002:000038a4       ??_C@_0BJ@OMNPKCPH@PuTTY?5key?5format?5too?5new?$AA@ 004248a4     sshpubk.obj
 0002:000038c0       ??_C@_0BO@KKNFCICD@not?5a?5PuTTY?5SSH?92?5private?5key?$AA@ 004248c0     sshpubk.obj
 0002:000038e0       ??_C@_0L@PHIJEIHK@Encryption?$AA@ 004248e0     sshpubk.obj
 0002:000038ec       ??_C@_04CGFJFPFD@none?$AA@ 004248ec     sshpubk.obj
 0002:000038f4       ??_C@_07JABLCLAF@Comment?$AA@ 004248f4     sshpubk.obj
 0002:000038fc       ??_C@_0N@PLAKAHPB@Public?9Lines?$AA@ 004248fc     sshpubk.obj
 0002:0000390c       ??_C@_0O@KIMPDNLC@Private?9Lines?$AA@ 0042490c     sshpubk.obj
 0002:0000391c       ??_C@_0M@BGCIEHNL@Private?9MAC?$AA@ 0042491c     sshpubk.obj
 0002:00003928       ??_C@_0N@PAIKAHGK@Private?9Hash?$AA@ 00424928     sshpubk.obj
 0002:00003938       ??_C@_04DJNNAIOC@?$AA?$AA?$AA?$AA?$AA@ 00424938     sshpubk.obj
 0002:00003940       ??_C@_04CAMGDJKD@?$AA?$AA?$AA?$AB?$AA@ 00424940     sshpubk.obj
 0002:00003948       ??_C@_0BP@FBPHIKLM@putty?9private?9key?9file?9mac?9key?$AA@ 00424948     sshpubk.obj
 0002:00003968       ??_C@_04NOJCDH@?$CF02x?$AA@ 00424968     sshpubk.obj
 0002:00003970       ??_C@_0L@GHCEHEDO@MAC?5failed?$AA@ 00424970     sshpubk.obj
 0002:0000397c       ??_C@_0BB@IEKCJKNA@createkey?5failed?$AA@ 0042497c     sshpubk.obj
 0002:00003990       ??_C@_0CB@IHNFHFDO@?9?9?9?9?5BEGIN?5SSH2?5ENCRYPTED?5PRIVAT@ 00424990     sshpubk.obj
 0002:000039b4       ??_C@_0M@ILJMFDEM@?9?9?9?9?9BEGIN?5?$AA@ 004249b4     sshpubk.obj
 0002:000039c0       ??_C@_01KDCPPGHE@r?$AA@    004249c0     sshpubk.obj
 0002:000039c4       ??_C@_0BE@FNAAPKHP@unable?5to?5open?5file?$AA@ 004249c4     sshpubk.obj
 0002:000039d8       ??_C@_0BC@BPEMMLLP@not?5a?5private?5key?$AA@ 004249d8     sshpubk.obj
 0002:000039ec       ??_C@_0BC@LONHAMBA@SSH?91?5private?5key?$AA@ 004249ec     sshpubk.obj
 0002:00003a00       ??_C@_0BI@FLELEAHO@PuTTY?5SSH?92?5private?5key?$AA@ 00424a00     sshpubk.obj
 0002:00003a18       ??_C@_0BK@NKGNFJIN@OpenSSH?5SSH?92?5private?5key?$AA@ 00424a18     sshpubk.obj
 0002:00003a34       ??_C@_0BK@HBGHADOM@ssh?4com?5SSH?92?5private?5key?$AA@ 00424a34     sshpubk.obj
 0002:00003a50       ??_C@_0P@CILKDAIG@INTERNAL?5ERROR?$AA@ 00424a50     sshpubk.obj
 0002:00003a74       _ssh_rsa_kex               00424a74     sshrsa.obj
 0002:00003a7c       _ssh_rsa                   00424a7c     sshrsa.obj
 0002:00003b0c       ??_C@_04GHCAEBFJ@rsa2?$AA@ 00424b0c     sshrsa.obj
 0002:00003b14       ??_C@_0N@KOPDGDGF@rsa1024?9sha1?$AA@ 00424b14     sshrsa.obj
 0002:00003b24       ??_C@_0P@OJIMEJLA@rsa2048?9sha256?$AA@ 00424b24     sshrsa.obj
 0002:00003b34       ??_C@_0BL@OLAJGFFE@RSA?5deterministic?5blinding?$AA@ 00424b34     sshrsa.obj
 0002:00003b50       ??_C@_03JDANDILB@?$CFd?5?$AA@ 00424b50     sshrsa.obj
 0002:00003b54       ??_C@_1BI@DCECBPHA@?$AA?4?$AA?4?$AA?2?$AAs?$AAs?$AAh?$AAr?$AAs?$AAa?$AA?4?$AAc?$AA?$AA@ 00424b54     sshrsa.obj
 0002:00003b6c       ??_C@_0M@CJIFIKOG@?$AA?$AA?$AA?$AHssh?9rsa?$AA@ 00424b6c     sshrsa.obj
 0002:00003b78       ??_C@_0M@HNJKMIOE@ssh?9rsa?5?$CFd?5?$AA@ 00424b78     sshrsa.obj
 0002:00003b84       ??_C@_1DI@JPHLNLFI@?$AA1?$AA?5?$AA?$DM?$AA?$DN?$AA?5?$AAn?$AAb?$AAy?$AAt?$AAe?$AAs?$AA?5?$AA?9?$AA?5?$AA2?$AA0?$AA?5?$AA?9?$AA?5?$AAA?$AAS?$AAN?$AA1?$AA_?$AAL?$AAE?$AAN?$AA?$AA@ 00424b84     sshrsa.obj
 0002:00003bc0       _ssh_sha256                00424bc0     sshsh256.obj
 0002:00003bd4       _ssh_hmac_sha256           00424bd4     sshsh256.obj
 0002:00003d08       ??_C@_07DKFLFLPF@SHA?9256?$AA@ 00424d08     sshsh256.obj
 0002:00003d10       ??_C@_0O@HOOBDNEB@hmac?9sha2?9256?$AA@ 00424d10     sshsh256.obj
 0002:00003d20       ??_C@_0N@ILKCJLO@HMAC?9SHA?9256?$AA@ 00424d20     sshsh256.obj
 0002:00003ff0       _ssh_sha1                  00424ff0     sshsha.obj
 0002:00004004       _ssh_hmac_sha1             00425004     sshsha.obj
 0002:00004034       _ssh_hmac_sha1_buggy       00425034     sshsha.obj
 0002:00004064       _ssh_hmac_sha1_96          00425064     sshsha.obj
 0002:00004094       _ssh_hmac_sha1_96_buggy    00425094     sshsha.obj
 0002:000040c4       ??_C@_05HJMENKNE@SHA?91?$AA@ 004250c4     sshsha.obj
 0002:000040cc       ??_C@_09KBOMLGBN@hmac?9sha1?$AA@ 004250cc     sshsha.obj
 0002:000040d8       ??_C@_09DDFKKHO@HMAC?9SHA1?$AA@ 004250d8     sshsha.obj
 0002:000040e4       ??_C@_0N@PPCDKPGG@hmac?9sha1?996?$AA@ 004250e4     sshsha.obj
 0002:000040f4       ??_C@_0N@KMMKONJA@HMAC?9SHA1?996?$AA@ 004250f4     sshsha.obj
 0002:00004104       ??_C@_0BJ@MDIAIHM@bug?9compatible?5HMAC?9SHA1?$AA@ 00425104     sshsha.obj
 0002:00004120       ??_C@_0BM@ENMOJLCH@bug?9compatible?5HMAC?9SHA1?996?$AA@ 00425120     sshsha.obj
 0002:0000413c       ??_C@_1BK@MHBNEDJA@?$AA?4?$AA?4?$AA?2?$AAt?$AAr?$AAe?$AAe?$AA2?$AA3?$AA4?$AA?4?$AAc?$AA?$AA@ 0042513c     tree234.obj
 0002:00004158       ??_C@_1FO@OBPIOPIL@?$AAr?$AAe?$AAl?$AAa?$AAt?$AAi?$AAo?$AAn?$AA?5?$AA?$DN?$AA?$DN?$AA?5?$AAR?$AAE?$AAL?$AA2?$AA3?$AA4?$AA_?$AAL?$AAT?$AA?5?$AA?$HM?$AA?$HM?$AA?5?$AAr?$AAe?$AAl?$AAa?$AAt?$AAi?$AAo@ 00425158     tree234.obj
 0002:000041b8       ??_C@_09KCIJKGOL@putty?4hlp?$AA@ 004251b8     winhelp.obj
 0002:000041c4       ??_C@_09BCGADAIA@putty?4cnt?$AA@ 004251c4     winhelp.obj
 0002:000041d0       ??_C@_09INONOFCK@putty?4chm?$AA@ 004251d0     winhelp.obj
 0002:000041dc       ??_C@_0L@EFKJKBHF@hhctrl?4ocx?$AA@ 004251dc     winhelp.obj
 0002:000041e8       ??_C@_09EFBFPPGM@HtmlHelpA?$AA@ 004251e8     winhelp.obj
 0002:000041f4       ??_C@_1CK@IBKCKMGM@?$AA?4?$AA?4?$AA?2?$AAw?$AAi?$AAn?$AAd?$AAo?$AAw?$AAs?$AA?2?$AAw?$AAi?$AAn?$AAh?$AAe?$AAl?$AAp?$AA?4?$AAc?$AA?$AA@ 004251f4     winhelp.obj
 0002:00004220       ??_C@_1DA@CDMBFJDO@?$AAt?$AAo?$AAp?$AAi?$AAc?$AA?$FL?$AAc?$AAo?$AAl?$AAo?$AAn?$AAp?$AAo?$AAs?$AA?$FN?$AA?5?$AA?$CB?$AA?$DN?$AA?5?$AA?8?$AA?2?$AA0?$AA?8?$AA?$AA@ 00425220     winhelp.obj
 0002:00004250       ??_C@_0BC@CFNCKOA@?$CFs?3?3?1?$CFs?4html?$DOmain?$AA@ 00425250     winhelp.obj
 0002:00004264       ??_C@_0O@PLAIEHKO@JI?$CI?$GA?8?0?$GA?$CF?4?$CKs?8?$CJ?$AA@ 00425264     winhelp.obj
 0002:00004274       ??_C@_01KICIPPFI@?2?$AA@   00425274     winmisc.obj
 0002:000043f0       ??_C@_0BE@JBHJIKDD@Pageant?5Fatal?5Error?$AA@ 004253f0     winpgnt.obj
 0002:00004404       ??_C@_07CMJJJJGA@Pageant?$AA@ 00425404     winpgnt.obj
 0002:0000440c       ??_C@_05HHAAFACO@ssh1?7?$AA@ 0042540c     winpgnt.obj
 0002:00004414       ??_C@_05OALCLBHC@?$CFs?7?$CFs?$AA@ 00425414     winpgnt.obj
 0002:0000441c       ??_C@_0BM@FBDKLLP@Couldn?8t?5load?5this?5key?5?$CI?$CFs?$CJ?$AA@ 0042541c     winpgnt.obj
 0002:00004438       ??_C@_0BP@IBKLELMH@Couldn?8t?5load?5private?5key?5?$CI?$CFs?$CJ?$AA@ 00425438     winpgnt.obj
 0002:00004458       ??_C@_0BL@GNFMMML@Received?5broken?5key?5list?$DP?$CB?$AA@ 00425458     winpgnt.obj
 0002:00004474       ??_C@_1CK@LIMNMOGO@?$AA?4?$AA?4?$AA?2?$AAw?$AAi?$AAn?$AAd?$AAo?$AAw?$AAs?$AA?2?$AAw?$AAi?$AAn?$AAp?$AAg?$AAn?$AAt?$AA?4?$AAc?$AA?$AA@ 00425474     winpgnt.obj
 0002:000044a0       ??_C@_1CG@BIBKKIIF@?$AAp?$AAa?$AAs?$AAs?$AAp?$AAh?$AAr?$AAa?$AAs?$AAe?$AA?5?$AA?$CB?$AA?$DN?$AA?5?$AAN?$AAU?$AAL?$AAL?$AA?$AA@ 004254a0     winpgnt.obj
 0002:000044c8       ??_C@_1BC@DAEMKNJI@?$AAr?$AAe?$AAt?$AA?5?$AA?$DN?$AA?$DN?$AA?5?$AA1?$AA?$AA@ 004254c8     winpgnt.obj
 0002:000044dc       ??_C@_0DE@JJJBLGL@The?5already?5running?5Pageant?5refu@ 004254dc     winpgnt.obj
 0002:00004510       ??_C@_1BO@GAGGACJH@?$AAp?$AA?5?$AA?9?$AA?5?$AAr?$AAe?$AAt?$AA?5?$AA?$DN?$AA?$DN?$AA?5?$AAl?$AAe?$AAn?$AA?$AA@ 00425510     winpgnt.obj
 0002:00004530       ??_C@_1BI@IIMJFAHG@?$AAr?$AAe?$AAt?$AAv?$AAa?$AAl?$AA?5?$AA?$DN?$AA?$DN?$AA?5?$AA1?$AA?$AA@ 00425530     winpgnt.obj
 0002:00004548       ??_C@_1BI@IIMEFJEL@?$AAp?$AA?5?$AA?$DM?$AA?$DN?$AA?5?$AAm?$AAs?$AAg?$AAe?$AAn?$AAd?$AA?$AA@ 00425548     winpgnt.obj
 0002:00004560       ??_C@_0DL@MJMBOCBO@PuTTY?5Private?5Key?5Files?5?$CI?$CK?4ppk?$CJ?$AA@ 00425560     winpgnt.obj
 0002:0000459c       ??_C@_0BI@BIGOFONA@Select?5Private?5Key?5File?$AA@ 0042559c     winpgnt.obj
 0002:000045b4       ??_C@_0BI@DBJCABDF@pageant?4general?3pageant?$AA@ 004255b4     winpgnt.obj
 0002:000045cc       ??_C@_0CI@IHPECOIJ@pageant?4keylist?3pageant?9mainwin?9@ 004255cc     winpgnt.obj
 0002:000045f4       ??_C@_0CG@MODBNMHK@pageant?4addkey?3pageant?9mainwin?9a@ 004255f4     winpgnt.obj
 0002:0000461c       ??_C@_0CG@FBLDODG@pageant?4remkey?3pageant?9mainwin?9r@ 0042561c     winpgnt.obj
 0002:00004644       ??_C@_0CF@NPHEPPHG@Pageant?5?$CIPuTTY?5authentication?5ag@ 00425644     winpgnt.obj
 0002:0000466c       ??_C@_0CE@GEIJGKHP@Software?2SimonTatham?2PuTTY?2Sessi@ 0042566c     winpgnt.obj
 0002:00004690       ??_C@_0BD@ONJGDINO@Default?$CF20Settings?$AA@ 00425690     winpgnt.obj
 0002:000046a4       ??_C@_0O@ECAMNAAK@?$CINo?5sessions?$CJ?$AA@ 004256a4     winpgnt.obj
 0002:000046b4       ??_C@_0P@HDDEAF@TaskbarCreated?$AA@ 004256b4     winpgnt.obj
 0002:000046c4       ??_C@_05NAOIJFC@Error?$AA@ 004256c4     winpgnt.obj
 0002:000046cc       ??_C@_0BJ@JCJFGNHG@Unable?5to?5execute?5PuTTY?$CB?$AA@ 004256cc     winpgnt.obj
 0002:000046e8       ??_C@_01EOFPKCAF@?$EA?$AA@ 004256e8     winpgnt.obj
 0002:000046ec       ??_C@_04PMOCAHAA@open?$AA@ 004256ec     winpgnt.obj
 0002:000046f4       ??_C@_0CC@OMMEOHKC@Failed?5to?5run?5?$CC?$CF?4100s?$CC?0?5Error?3?5?$CF@ 004256f4     winpgnt.obj
 0002:00004718       ??_C@_06KMMDPPA@user32?$AA@ 00425718     winpgnt.obj
 0002:00004720       ??_C@_07LIJFLNDM@problem?$AA@ 00425720     winpgnt.obj
 0002:00004728       ??_C@_0BG@HGPLDFMG@failed?5to?5load?5user32?$AA@ 00425728     winpgnt.obj
 0002:00004740       ??_C@_0BB@HFGCMCLE@GetLastInputInfo?$AA@ 00425740     winpgnt.obj
 0002:00004754       ??_C@_0CD@ODPOPCKD@failed?5to?5look?5up?5GetLastInputIn@ 00425754     winpgnt.obj
 0002:00004778       ??_C@_0CE@JLKGPOKK@Windows?5refuses?5to?5report?5a?5vers@ 00425778     winpgnt.obj
 0002:000047a0       ??_C@_0FL@HNCFLDBJ@Unable?5to?5access?5security?5APIs?4?5@ 004257a0     winpgnt.obj
 0002:000047fc       ??_C@_09HMHJJDIO@putty?4exe?$AA@ 004257fc     winpgnt.obj
 0002:00004808       ??_C@_06OEJDLALJ@?9pgpfp?$AA@ 00425808     winpgnt.obj
 0002:00004810       ??_C@_02HOPLMLDK@?9c?$AA@  00425810     winpgnt.obj
 0002:00004814       ??_C@_02IEBECDLA@?9i?$AA@  00425814     winpgnt.obj
 0002:00004818       ??_C@_0O@KJHDLFAD@Pageant?5Error?$AA@ 00425818     winpgnt.obj
 0002:00004828       ??_C@_0BL@PECFAALD@Pageant?5is?5already?5running?$AA@ 00425828     winpgnt.obj
 0002:00004844       ??_C@_0N@ECJNGPCJ@?$CGNew?5Session?$AA@ 00425844     winpgnt.obj
 0002:00004854       ??_C@_0BA@OOLCEAMP@?$CGSaved?5Sessions?$AA@ 00425854     winpgnt.obj
 0002:00004864       ??_C@_0L@HEBKJILI@?$CGView?5Keys?$AA@ 00425864     winpgnt.obj
 0002:00004870       ??_C@_08EOJOPBHI@Add?5?$CGKey?$AA@ 00425870     winpgnt.obj
 0002:0000487c       ??_C@_05JFEBOHHM@?$CGHelp?$AA@ 0042587c     winpgnt.obj
 0002:00004884       ??_C@_06JDCECANP@?$CGAbout?$AA@ 00425884     winpgnt.obj
 0002:0000488c       ??_C@_05PNPHNLAJ@E?$CGxit?$AA@ 0042588c     winpgnt.obj
 0002:00004894       ??_C@_0N@INAGJMNN@advapi32?4dll?$AA@ 00425894     winpgntc.obj
 0002:000048a4       ??_C@_0BA@JKIAABFB@GetSecurityInfo?$AA@ 004258a4     winpgntc.obj
 0002:000048b4       ??_C@_0BB@EANJDCJP@OpenProcessToken?$AA@ 004258b4     winpgntc.obj
 0002:000048c8       ??_C@_0BE@JIDLIKOL@GetTokenInformation?$AA@ 004258c8     winpgntc.obj
 0002:000048dc       ??_C@_0BN@FNLANPJJ@InitializeSecurityDescriptor?$AA@ 004258dc     winpgntc.obj
 0002:000048fc       ??_C@_0BL@OJAFMLIK@SetSecurityDescriptorOwner?$AA@ 004258fc     winpgntc.obj
 0002:00004918       ??_C@_0BD@BGFFBEAP@PageantRequest?$CF08x?$AA@ 00425918     winpgntc.obj
 0002:0000492c       ??_C@_0CM@NGNJFNGG@errors?4hostkey?4absent?3errors?9hos@ 0042592c     winutils.obj
 0002:00004958       ??_C@_0CM@DCHAOOMI@errors?4hostkey?4changed?3errors?9ho@ 00425958     winutils.obj
 0002:00004984       ??_C@_0CI@GFKEHGA@errors?4cantloadkey?3errors?9cant?9l@ 00425984     winutils.obj
 0002:000049ac       ??_C@_0BO@JIGOHIBD@options?4cleanup?3using?9cleanup?$AA@ 004259ac     winutils.obj
 0002:000049cc       ??_C@_0BI@PMFDGKPB@pgpfingerprints?3pgpkeys?$AA@ 004259cc     winutils.obj
 0002:000049e4       ??_C@_0BB@IMDLMANB@PGP?5fingerprints?$AA@ 004259e4     winutils.obj
 0002:000049f8       ??_C@_0BJD@PGPIMJHG@These?5are?5the?5fingerprints?5of?5th@ 004259f8     winutils.obj
 0002:00004b8c       ??_C@_17LGKOMLJ@?$AA?4?$AA?4?$AA?4?$AA?$AA@ 00425b8c     LIBCMT:wassert.obj
 0002:00004b94       ??_C@_13LBAGMAIH@?$AA?6?$AA?$AA@ 00425b94     LIBCMT:wassert.obj
 0002:00004b98       ??_C@_15IABLJNFO@?$AA?6?$AA?6?$AA?$AA@ 00425b98     LIBCMT:wassert.obj
 0002:00004ba0       ??_C@_1CE@OJBNHDMO@?$AAA?$AAs?$AAs?$AAe?$AAr?$AAt?$AAi?$AAo?$AAn?$AA?5?$AAf?$AAa?$AAi?$AAl?$AAe?$AAd?$AA?$CB?$AA?$AA@ 00425ba0     LIBCMT:wassert.obj
 0002:00004bc4       ??_C@_1BE@PHKBBGE@?$AAP?$AAr?$AAo?$AAg?$AAr?$AAa?$AAm?$AA?3?$AA?5?$AA?$AA@ 00425bc4     LIBCMT:wassert.obj
 0002:00004bd8       ??_C@_1CO@EAEJAADC@?$AA?$DM?$AAp?$AAr?$AAo?$AAg?$AAr?$AAa?$AAm?$AA?5?$AAn?$AAa?$AAm?$AAe?$AA?5?$AAu?$AAn?$AAk?$AAn?$AAo?$AAw?$AAn?$AA?$DO?$AA?$AA@ 00425bd8     LIBCMT:wassert.obj
 0002:00004c08       ??_C@_1O@HEMHKNDC@?$AAF?$AAi?$AAl?$AAe?$AA?3?$AA?5?$AA?$AA@ 00425c08     LIBCMT:wassert.obj
 0002:00004c18       ??_C@_1O@KCAFKHJE@?$AAL?$AAi?$AAn?$AAe?$AA?3?$AA?5?$AA?$AA@ 00425c18     LIBCMT:wassert.obj
 0002:00004c28       ??_C@_1BK@PEDCIPMA@?$AAE?$AAx?$AAp?$AAr?$AAe?$AAs?$AAs?$AAi?$AAo?$AAn?$AA?3?$AA?5?$AA?$AA@ 00425c28     LIBCMT:wassert.obj
 0002:00004c48       ??_C@_1OA@EGMLFBHJ@?$AAF?$AAo?$AAr?$AA?5?$AAi?$AAn?$AAf?$AAo?$AAr?$AAm?$AAa?$AAt?$AAi?$AAo?$AAn?$AA?5?$AAo?$AAn?$AA?5?$AAh?$AAo?$AAw?$AA?5?$AAy?$AAo?$AAu?$AAr?$AA?5?$AAp?$AAr?$AAo?$AAg@ 00425c48     LIBCMT:wassert.obj
 0002:00004d28       ??_C@_1HK@POCJMFGK@?$AA?$CI?$AAP?$AAr?$AAe?$AAs?$AAs?$AA?5?$AAR?$AAe?$AAt?$AAr?$AAy?$AA?5?$AAt?$AAo?$AA?5?$AAd?$AAe?$AAb?$AAu?$AAg?$AA?5?$AAt?$AAh?$AAe?$AA?5?$AAa?$AAp?$AAp?$AAl?$AAi?$AAc@ 00425d28     LIBCMT:wassert.obj
 0002:00004da8       ??_C@_1EK@MBDPDCGA@?$AAM?$AAi?$AAc?$AAr?$AAo?$AAs?$AAo?$AAf?$AAt?$AA?5?$AAV?$AAi?$AAs?$AAu?$AAa?$AAl?$AA?5?$AAC?$AA?$CL?$AA?$CL?$AA?5?$AAR?$AAu?$AAn?$AAt?$AAi?$AAm?$AAe?$AA?5?$AAL?$AAi?$AAb@ 00425da8     LIBCMT:wassert.obj
 0002:00004df4       ??_C@_1BI@BGOHAHKC@?$AAm?$AAs?$AAc?$AAo?$AAr?$AAe?$AAe?$AA?4?$AAd?$AAl?$AAl?$AA?$AA@ 00425df4     LIBCMT:crt0dat.obj
 0002:00004e0c       ??_C@_0P@MIGLKIOC@CorExitProcess?$AA@ 00425e0c     LIBCMT:crt0dat.obj
 0002:00004e1c       ??_C@_1BG@GOEBHBDC@?$AAU?$AAS?$AAE?$AAR?$AA3?$AA2?$AA?4?$AAD?$AAL?$AAL?$AA?$AA@ 00425e1c     LIBCMT:crtmboxw.obj
 0002:00004e34       ??_C@_0M@DLDCCGNP@MessageBoxW?$AA@ 00425e34     LIBCMT:crtmboxw.obj
 0002:00004e40       ??_C@_0BA@HNOPNCHB@GetActiveWindow?$AA@ 00425e40     LIBCMT:crtmboxw.obj
 0002:00004e50       ??_C@_0BD@HHGDFDBJ@GetLastActivePopup?$AA@ 00425e50     LIBCMT:crtmboxw.obj
 0002:00004e64       ??_C@_0BK@DEKFELLI@GetUserObjectInformationW?$AA@ 00425e64     LIBCMT:crtmboxw.obj
 0002:00004e80       ??_C@_0BI@DFKBFLJE@GetProcessWindowStation?$AA@ 00425e80     LIBCMT:crtmboxw.obj
 0002:00004e98       ??_C@_1FE@LLNEDJMD@?$AAR?$AA6?$AA0?$AA0?$AA8?$AA?$AN?$AA?6?$AA?9?$AA?5?$AAn?$AAo?$AAt?$AA?5?$AAe?$AAn?$AAo?$AAu?$AAg?$AAh?$AA?5?$AAs?$AAp?$AAa?$AAc?$AAe?$AA?5?$AAf?$AAo?$AAr?$AA?5?$AAa?$AAr@ 00425e98     LIBCMT:crt0msg.obj
 0002:00004ef0       ??_C@_1FI@HONFMGBI@?$AAR?$AA6?$AA0?$AA0?$AA9?$AA?$AN?$AA?6?$AA?9?$AA?5?$AAn?$AAo?$AAt?$AA?5?$AAe?$AAn?$AAo?$AAu?$AAg?$AAh?$AA?5?$AAs?$AAp?$AAa?$AAc?$AAe?$AA?5?$AAf?$AAo?$AAr?$AA?5?$AAe?$AAn@ 00425ef0     LIBCMT:crt0msg.obj
 0002:00004f48       ??_C@_1EG@BEHAGFJD@?$AAR?$AA6?$AA0?$AA1?$AA0?$AA?$AN?$AA?6?$AA?9?$AA?5?$AAa?$AAb?$AAo?$AAr?$AAt?$AA?$CI?$AA?$CJ?$AA?5?$AAh?$AAa?$AAs?$AA?5?$AAb?$AAe?$AAe?$AAn?$AA?5?$AAc?$AAa?$AAl?$AAl?$AAe?$AAd@ 00425f48     LIBCMT:crt0msg.obj
 0002:00004f90       ??_C@_1FI@LOGNIKDM@?$AAR?$AA6?$AA0?$AA1?$AA6?$AA?$AN?$AA?6?$AA?9?$AA?5?$AAn?$AAo?$AAt?$AA?5?$AAe?$AAn?$AAo?$AAu?$AAg?$AAh?$AA?5?$AAs?$AAp?$AAa?$AAc?$AAe?$AA?5?$AAf?$AAo?$AAr?$AA?5?$AAt?$AAh@ 00425f90     LIBCMT:crt0msg.obj
 0002:00004fe8       ??_C@_1FK@BEOGODMC@?$AAR?$AA6?$AA0?$AA1?$AA7?$AA?$AN?$AA?6?$AA?9?$AA?5?$AAu?$AAn?$AAe?$AAx?$AAp?$AAe?$AAc?$AAt?$AAe?$AAd?$AA?5?$AAm?$AAu?$AAl?$AAt?$AAi?$AAt?$AAh?$AAr?$AAe?$AAa?$AAd?$AA?5@ 00425fe8     LIBCMT:crt0msg.obj
 0002:00005048       ??_C@_1EC@JIBHAOPH@?$AAR?$AA6?$AA0?$AA1?$AA8?$AA?$AN?$AA?6?$AA?9?$AA?5?$AAu?$AAn?$AAe?$AAx?$AAp?$AAe?$AAc?$AAt?$AAe?$AAd?$AA?5?$AAh?$AAe?$AAa?$AAp?$AA?5?$AAe?$AAr?$AAr?$AAo?$AAr?$AA?$AN?$AA?6@ 00426048     LIBCMT:crt0msg.obj
 0002:00005090       ??_C@_1FC@ECHBIFBC@?$AAR?$AA6?$AA0?$AA1?$AA9?$AA?$AN?$AA?6?$AA?9?$AA?5?$AAu?$AAn?$AAa?$AAb?$AAl?$AAe?$AA?5?$AAt?$AAo?$AA?5?$AAo?$AAp?$AAe?$AAn?$AA?5?$AAc?$AAo?$AAn?$AAs?$AAo?$AAl?$AAe?$AA?5@ 00426090     LIBCMT:crt0msg.obj
 0002:000050e8       ??_C@_1GK@FHCKBEFA@?$AAR?$AA6?$AA0?$AA2?$AA4?$AA?$AN?$AA?6?$AA?9?$AA?5?$AAn?$AAo?$AAt?$AA?5?$AAe?$AAn?$AAo?$AAu?$AAg?$AAh?$AA?5?$AAs?$AAp?$AAa?$AAc?$AAe?$AA?5?$AAf?$AAo?$AAr?$AA?5?$AA_?$AAo@ 004260e8     LIBCMT:crt0msg.obj
 0002:00005158       ??_C@_1EM@MAADIHMB@?$AAR?$AA6?$AA0?$AA2?$AA5?$AA?$AN?$AA?6?$AA?9?$AA?5?$AAp?$AAu?$AAr?$AAe?$AA?5?$AAv?$AAi?$AAr?$AAt?$AAu?$AAa?$AAl?$AA?5?$AAf?$AAu?$AAn?$AAc?$AAt?$AAi?$AAo?$AAn?$AA?5?$AAc@ 00426158     LIBCMT:crt0msg.obj
 0002:000051a8       ??_C@_1GK@MCAAGJMO@?$AAR?$AA6?$AA0?$AA2?$AA6?$AA?$AN?$AA?6?$AA?9?$AA?5?$AAn?$AAo?$AAt?$AA?5?$AAe?$AAn?$AAo?$AAu?$AAg?$AAh?$AA?5?$AAs?$AAp?$AAa?$AAc?$AAe?$AA?5?$AAf?$AAo?$AAr?$AA?5?$AAs?$AAt@ 004261a8     LIBCMT:crt0msg.obj
 0002:00005218       ??_C@_1GK@MFGOKLAG@?$AAR?$AA6?$AA0?$AA2?$AA7?$AA?$AN?$AA?6?$AA?9?$AA?5?$AAn?$AAo?$AAt?$AA?5?$AAe?$AAn?$AAo?$AAu?$AAg?$AAh?$AA?5?$AAs?$AAp?$AAa?$AAc?$AAe?$AA?5?$AAf?$AAo?$AAr?$AA?5?$AAl?$AAo@ 00426218     LIBCMT:crt0msg.obj
 0002:00005288       ??_C@_1EK@HHFLMAOL@?$AAR?$AA6?$AA0?$AA2?$AA8?$AA?$AN?$AA?6?$AA?9?$AA?5?$AAu?$AAn?$AAa?$AAb?$AAl?$AAe?$AA?5?$AAt?$AAo?$AA?5?$AAi?$AAn?$AAi?$AAt?$AAi?$AAa?$AAl?$AAi?$AAz?$AAe?$AA?5?$AAh?$AAe@ 00426288     LIBCMT:crt0msg.obj
 0002:000052d4       ??_C@_1DO@BMFCDCD@?$AAR?$AA6?$AA0?$AA3?$AA0?$AA?$AN?$AA?6?$AA?9?$AA?5?$AAC?$AAR?$AAT?$AA?5?$AAn?$AAo?$AAt?$AA?5?$AAi?$AAn?$AAi?$AAt?$AAi?$AAa?$AAl?$AAi?$AAz?$AAe?$AAd?$AA?$AN?$AA?6?$AA?$AA@ 004262d4     LIBCMT:crt0msg.obj
 0002:00005318       ??_C@_1MG@ENCOOIDF@?$AAR?$AA6?$AA0?$AA3?$AA1?$AA?$AN?$AA?6?$AA?9?$AA?5?$AAA?$AAt?$AAt?$AAe?$AAm?$AAp?$AAt?$AA?5?$AAt?$AAo?$AA?5?$AAi?$AAn?$AAi?$AAt?$AAi?$AAa?$AAl?$AAi?$AAz?$AAe?$AA?5?$AAt@ 00426318     LIBCMT:crt0msg.obj
 0002:000053e0       ??_C@_1GG@GOPILAJP@?$AAR?$AA6?$AA0?$AA3?$AA2?$AA?$AN?$AA?6?$AA?9?$AA?5?$AAn?$AAo?$AAt?$AA?5?$AAe?$AAn?$AAo?$AAu?$AAg?$AAh?$AA?5?$AAs?$AAp?$AAa?$AAc?$AAe?$AA?5?$AAf?$AAo?$AAr?$AA?5?$AAl?$AAo@ 004263e0     LIBCMT:crt0msg.obj
 0002:00005448       ??_C@_1BOO@KGEDBGAJ@?$AAR?$AA6?$AA0?$AA3?$AA3?$AA?$AN?$AA?6?$AA?9?$AA?5?$AAA?$AAt?$AAt?$AAe?$AAm?$AAp?$AAt?$AA?5?$AAt?$AAo?$AA?5?$AAu?$AAs?$AAe?$AA?5?$AAM?$AAS?$AAI?$AAL?$AA?5?$AAc?$AAo?$AAd@ 00426448     LIBCMT:crt0msg.obj
 0002:00005638       ??_C@_1GG@MKFPEKFO@?$AAR?$AA6?$AA0?$AA3?$AA4?$AA?$AN?$AA?6?$AA?9?$AA?5?$AAi?$AAn?$AAc?$AAo?$AAn?$AAs?$AAi?$AAs?$AAt?$AAe?$AAn?$AAt?$AA?5?$AAo?$AAn?$AAe?$AAx?$AAi?$AAt?$AA?5?$AAb?$AAe?$AAg@ 00426638     LIBCMT:crt0msg.obj
 0002:000056a0       ??_C@_1BO@BFCDCGC@?$AAD?$AAO?$AAM?$AAA?$AAI?$AAN?$AA?5?$AAe?$AAr?$AAr?$AAo?$AAr?$AA?$AN?$AA?6?$AA?$AA@ 004266a0     LIBCMT:crt0msg.obj
 0002:000056c0       ??_C@_1BK@KMOMNAAI@?$AAS?$AAI?$AAN?$AAG?$AA?5?$AAe?$AAr?$AAr?$AAo?$AAr?$AA?$AN?$AA?6?$AA?$AA@ 004266c0     LIBCMT:crt0msg.obj
 0002:000056dc       ??_C@_1BM@JBBEPPHI@?$AAT?$AAL?$AAO?$AAS?$AAS?$AA?5?$AAe?$AAr?$AAr?$AAo?$AAr?$AA?$AN?$AA?6?$AA?$AA@ 004266dc     LIBCMT:crt0msg.obj
 0002:000056f8       ??_C@_15JNBOKNOG@?$AA?$AN?$AA?6?$AA?$AA@ 004266f8     LIBCMT:crt0msg.obj
 0002:00005700       ??_C@_1BO@BKOMIGKJ@?$AAr?$AAu?$AAn?$AAt?$AAi?$AAm?$AAe?$AA?5?$AAe?$AAr?$AAr?$AAo?$AAr?$AA?5?$AA?$AA@ 00426700     LIBCMT:crt0msg.obj
 0002:000057d8       ??_C@_1FK@PGACCAFB@?$AAR?$AA6?$AA0?$AA0?$AA2?$AA?$AN?$AA?6?$AA?9?$AA?5?$AAf?$AAl?$AAo?$AAa?$AAt?$AAi?$AAn?$AAg?$AA?5?$AAp?$AAo?$AAi?$AAn?$AAt?$AA?5?$AAs?$AAu?$AAp?$AAp?$AAo?$AAr?$AAt?$AA?5@ 004267d8     LIBCMT:crt0msg.obj
 0002:00005834       ??_C@_1DE@JNGNBFGO@?$AAR?$AAu?$AAn?$AAt?$AAi?$AAm?$AAe?$AA?5?$AAE?$AAr?$AAr?$AAo?$AAr?$AA?$CB?$AA?6?$AA?6?$AAP?$AAr?$AAo?$AAg?$AAr?$AAa?$AAm?$AA?3?$AA?5?$AA?$AA@ 00426834     LIBCMT:crt0msg.obj
 0002:00005868       ??_C@_06OJHGLDPL@?$CInull?$CJ?$AA@ 00426868     LIBCMT:output.obj
 0002:00005870       ??_C@_1O@CEDCILHN@?$AA?$CI?$AAn?$AAu?$AAl?$AAl?$AA?$CJ?$AA?$AA@ 00426870     LIBCMT:output.obj
 0002:00005880       ___lookuptable             00426880     LIBCMT:output.obj
 0002:000058ec       ??_C@_1M@HPNHIDJI@?$AAj?$AAa?$AA?9?$AAJ?$AAP?$AA?$AA@ 004268ec     LIBCMT:mbctype.obj
 0002:000058f8       ??_C@_1M@BIBDDEMK@?$AAz?$AAh?$AA?9?$AAC?$AAN?$AA?$AA@ 004268f8     LIBCMT:mbctype.obj
 0002:00005904       ??_C@_1M@JLOOOEGK@?$AAk?$AAo?$AA?9?$AAK?$AAR?$AA?$AA@ 00426904     LIBCMT:mbctype.obj
 0002:00005910       ??_C@_1M@CLNBBOPM@?$AAz?$AAh?$AA?9?$AAT?$AAW?$AA?$AA@ 00426910     LIBCMT:mbctype.obj
 0002:0000591c       ??_C@_03KOEHGMDN@Sun?$AA@  0042691c     LIBCMT:nlsdata.obj
 0002:00005920       ??_C@_03PDAGKDH@Mon?$AA@   00426920     LIBCMT:nlsdata.obj
 0002:00005924       ??_C@_03NAGEINEP@Tue?$AA@  00426924     LIBCMT:nlsdata.obj
 0002:00005928       ??_C@_03MHOMLAJA@Wed?$AA@  00426928     LIBCMT:nlsdata.obj
 0002:0000592c       ??_C@_03IOFIKPDN@Thu?$AA@  0042692c     LIBCMT:nlsdata.obj
 0002:00005930       ??_C@_03IDIOELNC@Fri?$AA@  00426930     LIBCMT:nlsdata.obj
 0002:00005934       ??_C@_03FEFJNEK@Sat?$AA@   00426934     LIBCMT:nlsdata.obj
 0002:00005938       ??_C@_06OOPIFAJ@Sunday?$AA@ 00426938     LIBCMT:nlsdata.obj
 0002:00005940       ??_C@_06JLEDEDGH@Monday?$AA@ 00426940     LIBCMT:nlsdata.obj
 0002:00005948       ??_C@_07BAAGCFCM@Tuesday?$AA@ 00426948     LIBCMT:nlsdata.obj
 0002:00005950       ??_C@_09DLIGFAKA@Wednesday?$AA@ 00426950     LIBCMT:nlsdata.obj
 0002:0000595c       ??_C@_08HACCIKIA@Thursday?$AA@ 0042695c     LIBCMT:nlsdata.obj
 0002:00005968       ??_C@_06JECMNKMI@Friday?$AA@ 00426968     LIBCMT:nlsdata.obj
 0002:00005970       ??_C@_08INBOOONO@Saturday?$AA@ 00426970     LIBCMT:nlsdata.obj
 0002:0000597c       ??_C@_03JIHJHPIE@Jan?$AA@  0042697c     LIBCMT:nlsdata.obj
 0002:00005980       ??_C@_03HJBDCHOM@Feb?$AA@  00426980     LIBCMT:nlsdata.obj
 0002:00005984       ??_C@_03ODNJBKGA@Mar?$AA@  00426984     LIBCMT:nlsdata.obj
 0002:00005988       ??_C@_03LEOLGMJP@Apr?$AA@  00426988     LIBCMT:nlsdata.obj
 0002:0000598c       ??_C@_03CNMDKL@May?$AA@    0042698c     LIBCMT:nlsdata.obj
 0002:00005990       ??_C@_03IDFGHECI@Jun?$AA@  00426990     LIBCMT:nlsdata.obj
 0002:00005994       ??_C@_03LBGABGKK@Jul?$AA@  00426994     LIBCMT:nlsdata.obj
 0002:00005998       ??_C@_03IFJFEIGA@Aug?$AA@  00426998     LIBCMT:nlsdata.obj
 0002:0000599c       ??_C@_03GGCAPAJC@Sep?$AA@  0042699c     LIBCMT:nlsdata.obj
 0002:000059a0       ??_C@_03BMAOKBAD@Oct?$AA@  004269a0     LIBCMT:nlsdata.obj
 0002:000059a4       ??_C@_03JPJOFNIA@Nov?$AA@  004269a4     LIBCMT:nlsdata.obj
 0002:000059a8       ??_C@_03MKABNOCG@Dec?$AA@  004269a8     LIBCMT:nlsdata.obj
 0002:000059ac       ??_C@_07CGJPFGJA@January?$AA@ 004269ac     LIBCMT:nlsdata.obj
 0002:000059b4       ??_C@_08GNJGEPFN@February?$AA@ 004269b4     LIBCMT:nlsdata.obj
 0002:000059c0       ??_C@_05HPCKOFNC@March?$AA@ 004269c0     LIBCMT:nlsdata.obj
 0002:000059c8       ??_C@_05DMJDNLEJ@April?$AA@ 004269c8     LIBCMT:nlsdata.obj
 0002:000059d0       ??_C@_04CNLMGBGM@June?$AA@ 004269d0     LIBCMT:nlsdata.obj
 0002:000059d8       ??_C@_04MIEPOIFP@July?$AA@ 004269d8     LIBCMT:nlsdata.obj
 0002:000059e0       ??_C@_06LBBHFDDG@August?$AA@ 004269e0     LIBCMT:nlsdata.obj
 0002:000059e8       ??_C@_09BHHEALKD@September?$AA@ 004269e8     LIBCMT:nlsdata.obj
 0002:000059f4       ??_C@_07JJNFCEND@October?$AA@ 004269f4     LIBCMT:nlsdata.obj
 0002:000059fc       ??_C@_08HCHEGEOA@November?$AA@ 004269fc     LIBCMT:nlsdata.obj
 0002:00005a08       ??_C@_08EDHMEBNP@December?$AA@ 00426a08     LIBCMT:nlsdata.obj
 0002:00005a14       ??_C@_02DEDBPAFC@AM?$AA@   00426a14     LIBCMT:nlsdata.obj
 0002:00005a18       ??_C@_02CJNFDJBF@PM?$AA@   00426a18     LIBCMT:nlsdata.obj
 0002:00005a1c       ??_C@_08BPBNCDIB@MM?1dd?1yy?$AA@ 00426a1c     LIBCMT:nlsdata.obj
 0002:00005a28       ??_C@_0BE@CKGJFCPC@dddd?0?5MMMM?5dd?0?5yyyy?$AA@ 00426a28     LIBCMT:nlsdata.obj
 0002:00005a3c       ??_C@_08JCCMCCIL@HH?3mm?3ss?$AA@ 00426a3c     LIBCMT:nlsdata.obj
 0002:00005a48       ??_C@_17MBGCMIPB@?$AAS?$AAu?$AAn?$AA?$AA@ 00426a48     LIBCMT:nlsdata.obj
 0002:00005a50       ??_C@_17KBOMKBF@?$AAM?$AAo?$AAn?$AA?$AA@ 00426a50     LIBCMT:nlsdata.obj
 0002:00005a58       ??_C@_17BMKGEGOJ@?$AAT?$AAu?$AAe?$AA?$AA@ 00426a58     LIBCMT:nlsdata.obj
 0002:00005a60       ??_C@_17CJEDCEPE@?$AAW?$AAe?$AAd?$AA?$AA@ 00426a60     LIBCMT:nlsdata.obj
 0002:00005a68       ??_C@_17PDPHAADD@?$AAT?$AAh?$AAu?$AA?$AA@ 00426a68     LIBCMT:nlsdata.obj
 0002:00005a70       ??_C@_17HFOLPPLP@?$AAF?$AAr?$AAi?$AA?$AA@ 00426a70     LIBCMT:nlsdata.obj
 0002:00005a78       ??_C@_17GGIBDPIH@?$AAS?$AAa?$AAt?$AA?$AA@ 00426a78     LIBCMT:nlsdata.obj
 0002:00005a80       ??_C@_1O@IHNHDHPB@?$AAS?$AAu?$AAn?$AAd?$AAa?$AAy?$AA?$AA@ 00426a80     LIBCMT:nlsdata.obj
 0002:00005a90       ??_C@_1O@MMNBFLIA@?$AAM?$AAo?$AAn?$AAd?$AAa?$AAy?$AA?$AA@ 00426a90     LIBCMT:nlsdata.obj
 0002:00005aa0       ??_C@_1BA@ENFBFFEK@?$AAT?$AAu?$AAe?$AAs?$AAd?$AAa?$AAy?$AA?$AA@ 00426aa0     LIBCMT:nlsdata.obj
 0002:00005ab0       ??_C@_1BE@EBOGMDOH@?$AAW?$AAe?$AAd?$AAn?$AAe?$AAs?$AAd?$AAa?$AAy?$AA?$AA@ 00426ab0     LIBCMT:nlsdata.obj
 0002:00005ac4       ??_C@_1BC@HHMNLIHE@?$AAT?$AAh?$AAu?$AAr?$AAs?$AAd?$AAa?$AAy?$AA?$AA@ 00426ac4     LIBCMT:nlsdata.obj
 0002:00005ad8       ??_C@_1O@PDICJHAG@?$AAF?$AAr?$AAi?$AAd?$AAa?$AAy?$AA?$AA@ 00426ad8     LIBCMT:nlsdata.obj
 0002:00005ae8       ??_C@_1BC@ENMNNPAJ@?$AAS?$AAa?$AAt?$AAu?$AAr?$AAd?$AAa?$AAy?$AA?$AA@ 00426ae8     LIBCMT:nlsdata.obj
 0002:00005afc       ??_C@_17DKNBKCHM@?$AAJ?$AAa?$AAn?$AA?$AA@ 00426afc     LIBCMT:nlsdata.obj
 0002:00005b04       ??_C@_17LMDJEKJN@?$AAF?$AAe?$AAb?$AA?$AA@ 00426b04     LIBCMT:nlsdata.obj
 0002:00005b0c       ??_C@_17CKNLEDEC@?$AAM?$AAa?$AAr?$AA?$AA@ 00426b0c     LIBCMT:nlsdata.obj
 0002:00005b14       ??_C@_17LFPOIHDD@?$AAA?$AAp?$AAr?$AA?$AA@ 00426b14     LIBCMT:nlsdata.obj
 0002:00005b1c       ??_C@_17PNNKMEED@?$AAM?$AAa?$AAy?$AA?$AA@ 00426b1c     LIBCMT:nlsdata.obj
 0002:00005b24       ??_C@_17KCJGOCPB@?$AAJ?$AAu?$AAn?$AA?$AA@ 00426b24     LIBCMT:nlsdata.obj
 0002:00005b2c       ??_C@_17IJPCKHK@?$AAJ?$AAu?$AAl?$AA?$AA@ 00426b2c     LIBCMT:nlsdata.obj
 0002:00005b34       ??_C@_17ICPELBCN@?$AAA?$AAu?$AAg?$AA?$AA@ 00426b34     LIBCMT:nlsdata.obj
 0002:00005b3c       ??_C@_17HCHCOKMG@?$AAS?$AAe?$AAp?$AA?$AA@ 00426b3c     LIBCMT:nlsdata.obj
 0002:00005b44       ??_C@_17FNLKOI@?$AAO?$AAc?$AAt?$AA?$AA@ 00426b44     LIBCMT:nlsdata.obj
 0002:00005b4c       ??_C@_17BBDMLCIG@?$AAN?$AAo?$AAv?$AA?$AA@ 00426b4c     LIBCMT:nlsdata.obj
 0002:00005b54       ??_C@_17EGKACKIF@?$AAD?$AAe?$AAc?$AA?$AA@ 00426b54     LIBCMT:nlsdata.obj
 0002:00005b5c       ??_C@_1BA@EFMEIEBA@?$AAJ?$AAa?$AAn?$AAu?$AAa?$AAr?$AAy?$AA?$AA@ 00426b5c     LIBCMT:nlsdata.obj
 0002:00005b6c       ??_C@_1BC@JGDDFFAM@?$AAF?$AAe?$AAb?$AAr?$AAu?$AAa?$AAr?$AAy?$AA?$AA@ 00426b6c     LIBCMT:nlsdata.obj
 0002:00005b80       ??_C@_1M@IKEENEDF@?$AAM?$AAa?$AAr?$AAc?$AAh?$AA?$AA@ 00426b80     LIBCMT:nlsdata.obj
[...]
 0001:00012d10       $$000000                   00413d10     LIBCMT:memmove.obj
 0001:00012f60       LeadUpVec                  00413f60     LIBCMT:memmove.obj
 0001:00012fdc       UnwindUpVec                00413fdc     LIBCMT:memmove.obj
 0001:00013048       TrailUpVec                 00414048     LIBCMT:memmove.obj
 0001:000130ec       LeadDownVec                004140ec     LIBCMT:memmove.obj
 0001:00013178       UnwindDownVec              00414178     LIBCMT:memmove.obj
 0001:000131e4       TrailDownVec               004141e4     LIBCMT:memmove.obj
 0001:00013360       $$000000                   00414360     LIBCMT:llmul.obj
 0001:000133a0       $$000000                   004143a0     LIBCMT:llshl.obj
 0001:000133c0       $$000000                   004143c0     LIBCMT:ulldvrm.obj
 0001:00013460       $$000000                   00414460     LIBCMT:ullrem.obj
 0001:00014c4f       $LN1280                    00415c4f     LIBCMT:memcmp.obj
 0001:00015360       $$000000                   00416360     LIBCMT:strncmp.obj
 0001:000153e0       $$000000                   004163e0     LIBCMT:chkstk.obj
 0001:00015410       $$000000                   00416410     LIBCMT:strncpy.obj
 0001:00015540       $$000000                   00416540     LIBCMT:strcspn.obj
 0001:00015590       $$000000                   00416590     LIBCMT:strrchr.obj
 0001:000156d0       $$000000                   004166d0     LIBCMT:strchr.obj
 0001:00015a0a       __initterm                 00416a0a f   LIBCMT:crt0dat.obj
 0001:00015a5a       _doexit                    00416a5a f   LIBCMT:crt0dat.obj
 0001:00015ba7       ___tmainCRTStartup         00416ba7 f   LIBCMT:wincrt0.obj
 0001:00015cf7       _fast_error_exit           00416cf7 f   LIBCMT:wincrt0.obj
 0001:00016158       _xtow_s@20                 00417158 f   LIBCMT:xtows.obj
 0001:000164c9       _flsall                    004174c9 f   LIBCMT:fflush.obj
 0001:00016a43       _siglookup                 00417a43 f   LIBCMT:winsig.obj
 0001:00017180       $$000000                   00418180     LIBCMT:sehprolg4.obj
 0001:000182d8       $LN272                     004192d8     LIBCMT:output.obj
 0001:000182f8       _write_char                004192f8 f   LIBCMT:output.obj
 0001:0001833e       _write_multi_char          0041933e f   LIBCMT:output.obj
 0001:0001836a       _write_string              0041936a f   LIBCMT:output.obj
 0001:0001874c       ?CPtoLocaleName@@YAPB_WH@Z 0041974c f   LIBCMT:mbctype.obj
 0001:00018786       ?getSystemCP@@YAHH@Z       00419786 f   LIBCMT:mbctype.obj
 0001:000187f2       ?setSBCS@@YAXPAUthreadmbcinfostruct@@@Z 004197f2 f   LIBCMT:mbctype.obj
 0001:0001885b       ?setSBUpLow@@YAXPAUthreadmbcinfostruct@@@Z 0041985b f   LIBCMT:mbctype.obj
 0001:000199a0       $$000000                   0041a9a0     LIBCMT:exsup4.obj
 0001:00019a30       __unwind_handler4          0041aa30 f   LIBCMT:exsup4.obj
 0001:0001b4d0       __onexit_nolock            0041c4d0 f   LIBCMT:onexit.obj
 0001:0001b953       _parse_cmdline             0041c953 f   LIBCMT:stdargv.obj
 0001:0001cabb       $LN262                     0041dabb     LIBCMT:woutput.obj
 0001:0001cadb       _write_char                0041dadb f   LIBCMT:woutput.obj
 0001:0001cb11       _write_multi_char          0041db11 f   LIBCMT:woutput.obj
 0001:0001cb3d       _write_string              0041db3d f   LIBCMT:woutput.obj
 0001:0001d4b1       ?__crtLCMapStringA_stat@@YAHPAUlocaleinfo_struct@@PB_WKPBDHPADHHH@Z 0041e4b1 f   LIBCMT:a_map.obj
 0001:0001d6fc       ?__crtGetStringTypeA_stat@@YAHPAUlocaleinfo_struct@@KPBDHPAGHH@Z 0041e6fc f   LIBCMT:a_str.obj
 0001:0001e150       $$000000                   0041f150     LIBCMT:exsup.obj
 0001:0001e170       __unwind_handler           0041f170 f   LIBCMT:exsup.obj
 0001:0001e487       ?x_ismbbtype_l@@YAHPAUlocaleinfo_struct@@IHH@Z 0041f487 f   LIBCMT:ismbbyte.obj
 0001:0001e680       $$000000                   0041f680     LIBCMT:alloca16.obj
 0001:0001e6ac       ___createFile              0041f6ac f   LIBCMT:wopen.obj
 0001:0001f3f0       $$000000                   004203f0     LIBCMT:_strnicm.obj
 0002:00000260       _pinit                     00421260     LIBCMT:_file.obj
 0002:00000264       _pinit                     00421264     LIBCMT:cpu_disp.obj
 0002:00000268       _pinit                     00421268     LIBCMT:mbctype.obj
 0002:0000026c       _pinit                     0042126c     LIBCMT:onexit.obj
 0002:00000270       _pinit                     00421270     LIBCMT:wincrt0.obj
 0002:0000027c       _pterm                     0042127c     LIBCMT:wsetloca.obj
 0002:00000280       _pterm                     00421280     LIBCMT:initcon.obj
 0002:00000284       _pterm                     00421284     LIBCMT:_file.obj
 0002:000002a0       ?base64_chars@?1??base64_encode_atom@@9@9 004212a0     misc.obj
 0002:000002f8       ?C1@?1??aes_decrypt_nb_6@@9@9 004212f8     sshaes.obj
 0002:000002fc       ?C2@?1??aes_decrypt_nb_6@@9@9 004212fc     sshaes.obj
 0002:00000300       ?C3@?1??aes_decrypt_nb_6@@9@9 00421300     sshaes.obj
 0002:00000304       ?Nb@?1??aes_decrypt_nb_6@@9@9 00421304     sshaes.obj
 0002:00000308       ?C1@?1??aes_decrypt_nb_8@@9@9 00421308     sshaes.obj
 0002:0000030c       ?C2@?1??aes_decrypt_nb_8@@9@9 0042130c     sshaes.obj
 0002:00000310       ?C3@?1??aes_decrypt_nb_8@@9@9 00421310     sshaes.obj
 0002:00000314       ?Nb@?1??aes_decrypt_nb_8@@9@9 00421314     sshaes.obj
 0002:00000320       _ssh_aes128_ctr            00421320     sshaes.obj
 0002:0000034c       _ssh_aes192_ctr            0042134c     sshaes.obj
 0002:00000378       _ssh_aes256_ctr            00421378     sshaes.obj
 0002:000003a4       _ssh_aes128                004213a4     sshaes.obj
 0002:000003d0       _ssh_aes192                004213d0     sshaes.obj
 0002:000003fc       _ssh_aes256                004213fc     sshaes.obj
 0002:00000428       _ssh_rijndael_lysator      00421428     sshaes.obj
 0002:00000454       _aes_list                  00421454     sshaes.obj
 0002:00000470       _Sbox                      00421470     sshaes.obj
 0002:00000570       _Sboxinv                   00421570     sshaes.obj
 0002:00000670       _E0                        00421670     sshaes.obj
 0002:00000a70       _E1                        00421a70     sshaes.obj
 0002:00000e70       _E2                        00421e70     sshaes.obj
 0002:00001270       _E3                        00422270     sshaes.obj
 0002:00001670       _D0                        00422670     sshaes.obj
 0002:00001a70       _D1                        00422a70     sshaes.obj
 0002:00001e70       _D2                        00422e70     sshaes.obj
 0002:00002270       _D3                        00423270     sshaes.obj
 0002:00002670       ?C1@?1??aes_encrypt_nb_4@@9@9 00423670     sshaes.obj
 0002:00002674       ?C2@?1??aes_encrypt_nb_4@@9@9 00423674     sshaes.obj
 0002:00002678       ?C3@?1??aes_encrypt_nb_4@@9@9 00423678     sshaes.obj
 0002:0000267c       ?Nb@?1??aes_encrypt_nb_4@@9@9 0042367c     sshaes.obj
 0002:00002680       ?C1@?1??aes_encrypt_nb_6@@9@9 00423680     sshaes.obj
 0002:00002684       ?C2@?1??aes_encrypt_nb_6@@9@9 00423684     sshaes.obj
 0002:00002688       ?C3@?1??aes_encrypt_nb_6@@9@9 00423688     sshaes.obj
 0002:0000268c       ?Nb@?1??aes_encrypt_nb_6@@9@9 0042368c     sshaes.obj
 0002:00002690       ?C1@?1??aes_encrypt_nb_8@@9@9 00423690     sshaes.obj
 0002:00002694       ?C2@?1??aes_encrypt_nb_8@@9@9 00423694     sshaes.obj
 0002:00002698       ?C3@?1??aes_encrypt_nb_8@@9@9 00423698     sshaes.obj
 0002:0000269c       ?Nb@?1??aes_encrypt_nb_8@@9@9 0042369c     sshaes.obj
 0002:000026a0       ?C1@?1??aes_decrypt_nb_4@@9@9 004236a0     sshaes.obj
 0002:000026a4       ?C2@?1??aes_decrypt_nb_4@@9@9 004236a4     sshaes.obj
 0002:000026a8       ?C3@?1??aes_decrypt_nb_4@@9@9 004236a8     sshaes.obj
 0002:000026ac       ?Nb@?1??aes_decrypt_nb_4@@9@9 004236ac     sshaes.obj
 0002:00002af0       _ssh_3des_ssh2             00423af0     sshdes.obj
 0002:00002b1c       _ssh_3des_ssh2_ctr         00423b1c     sshdes.obj
 0002:00002b48       _ssh_des_ssh2              00423b48     sshdes.obj
 0002:00002b74       _ssh_des_sshcom_ssh2       00423b74     sshdes.obj
 0002:00002ba0       _des3_list                 00423ba0     sshdes.obj
 0002:00002ba8       _des_list                  00423ba8     sshdes.obj
 0002:00002bb0       ?PC1_Cbits@?1??des_key_setup@@9@9 00423bb0     sshdes.obj
 0002:00002c20       ?PC1_Dbits@?1??des_key_setup@@9@9 00423c20     sshdes.obj
 0002:00002c90       ?PC2_0246@?1??des_key_setup@@9@9 00423c90     sshdes.obj
 0002:00002d10       ?PC2_1357@?1??des_key_setup@@9@9 00423d10     sshdes.obj
 0002:00002d90       ?leftshifts@?1??des_key_setup@@9@9 00423d90     sshdes.obj
 0002:00002dd0       _SPboxes                   00423dd0     sshdes.obj
 0002:00003684       ?hex@?1??dss_fmtkey@@9@9   00424684     sshdss.obj
 0002:00003a60       ?hex@?1??rsastr_fmt@@9@9   00424a60     sshrsa.obj
 0002:00003ab4       _asn1_weird_stuff          00424ab4     sshrsa.obj
 0002:00003ac4       _ssh_rsa_kex_sha1          00424ac4     sshrsa.obj
 0002:00003ae4       _ssh_rsa_kex_sha256        00424ae4     sshrsa.obj
 0002:00003b04       _rsa_kex_list              00424b04     sshrsa.obj
 0002:00003c08       ?k@?1??SHA256_Block@@9@9   00424c08     sshsh256.obj
 0002:00003d30       ?iv@?1??SHA512_Core_Init@@9@9 00424d30     sshsh512.obj
 0002:00003d70       ?k@?1??SHA512_Block@@9@9   00424d70     sshsh512.obj
 0002:00004278       ?mbtitle@?1??old_keyfile_warning@@9@9 00425278     winpgnt.obj
 0002:00004290       ?message@?1??old_keyfile_warning@@9@9 00425290     winpgnt.obj
 0002:00005720       _rterrs                    00426720     LIBCMT:crt0msg.obj
 0002:000058dc       __mb_locale_names          004268dc     LIBCMT:mbctype.obj
 0002:00005c78       __first_127char            00426c78     LIBCMT:wsetloca.obj
 0002:00005cf8       _GS_ExceptionPointers      00426cf8     LIBCMT:gs_report.obj
 0002:00005d00       ?ccsField@?P@??_openfile@@9@9 00426d00     LIBCMT:_open.obj
 0002:00005d04       ?utf8encoding@?P@??_openfile@@9@9 00426d04     LIBCMT:_open.obj
 0002:00005d0c       ?utf16encoding@?P@??_openfile@@9@9 00426d0c     LIBCMT:_open.obj
 0002:00005d18       ?unicodeencoding@?P@??_openfile@@9@9 00426d18     LIBCMT:_open.obj
 0002:000089b0       __sehtable$_fgets          004299b0     LIBCMT:fgets.obj
 0002:000089d0       __sehtable$_fclose         004299d0     LIBCMT:fclose.obj
 0002:000089f0       __sehtable$_fgetc          004299f0     LIBCMT:fgetc.obj
 0002:00008a10       __sehtable$__fsopen        00429a10     LIBCMT:fopen.obj
 0002:00008a30       __sehtable$_fread_s        00429a30     LIBCMT:fread.obj
 0002:00008a50       __sehtable$_ungetc         00429a50     LIBCMT:ungetc.obj
 0002:00008a70       __sehtable$_doexit         00429a70     LIBCMT:crt0dat.obj
 0002:00008a90       __sehtable$___tmainCRTStartup 00429a90     LIBCMT:wincrt0.obj
 0002:00008ab0       __sehtable$_fflush         00429ab0     LIBCMT:fflush.obj
 0002:00008ad0       __sehtable$_flsall         00429ad0     LIBCMT:fflush.obj
 0002:00008af8       __sehtable$_setvbuf        00429af8     LIBCMT:setvbuf.obj
 0002:00008b18       __sehtable$_fwprintf       00429b18     LIBCMT:fwprintf.obj
 0002:00008b38       __sehtable$_raise          00429b38     LIBCMT:winsig.obj
 0002:00008b58       __sehtable$__ioinit        00429b58     LIBCMT:ioinit.obj
 0002:00008b78       __sehtable$___updatetlocinfo 00429b78     LIBCMT:localref.obj
 0002:00008b98       __sehtable$___updatetmbcinfo 00429b98     LIBCMT:mbctype.obj
 0002:00008bb8       __sehtable$__setmbcp       00429bb8     LIBCMT:mbctype.obj
 0002:00008bd8       __sehtable$__freefls@4     00429bd8     LIBCMT:tidtable.obj
 0002:00008c00       __sehtable$__initptd       00429c00     LIBCMT:tidtable.obj
 0002:00008c28       __sehtable$__locterm       00429c28     LIBCMT:wsetloca.obj
 0002:00008c48       __sehtable$__close         00429c48     LIBCMT:close.obj
 0002:00008c68       __sehtable$__getstream     00429c68     LIBCMT:stream.obj
 0002:00008c88       __sehtable$__read          00429c88     LIBCMT:read.obj
 0002:00008ca8       __sehtable$__write         00429ca8     LIBCMT:write.obj
 0002:00008cc8       __sehtable$__mtinitlocknum 00429cc8     LIBCMT:mlock.obj
 0002:00008ce8       __sehtable$__IsNonwritableInCurrentImage 00429ce8     LIBCMT:pesect.obj
 0002:00008d08       __sehtable$__onexit        00429d08     LIBCMT:onexit.obj
 0002:00008d28       __sehtable$?terminate@@YAXXZ 00429d28     LIBCMT:hooks.obj
 0002:00008d48       __sehtable$__fcloseall     00429d48     LIBCMT:closeall.obj
 0002:00008d68       __sehtable$__commit        00429d68     LIBCMT:commit.obj
 0002:00008d88       __sehtable$__lseeki64      00429d88     LIBCMT:lseeki64.obj
 0002:00008da8       __sehtable$__alloc_osfhnd  00429da8     LIBCMT:osfinfo.obj
 0002:00008dd0       __sehtable$___lock_fhandle 00429dd0     LIBCMT:osfinfo.obj
 0002:00008df0       __sehtable$__sopen_helper  00429df0     LIBCMT:open.obj
 0002:0000913c       .idata$6                   0042a13c     advapi32:ADVAPI32.dll
 0002:00009172       .idata$6                   0042a172     comdlg32:COMDLG32.dll
 0002:00009192       .idata$6                   0042a192     gdi32:GDI32.dll
 0002:000091c0       .idata$6                   0042a1c0     shell32:SHELL32.dll
 0002:00009522       .idata$6                   0042a522     user32:USER32.dll
 0002:00009b08       .idata$6                   0042ab08     kernel32:KERNEL32.dll
 0003:00000000       _subkeytypes               0042b000     conf.obj
 0003:000002b8       _valuetypes                0042b2b8     conf.obj
 0003:000005d0       ?tabs@?5??KeyListProc@@9@9 0042b5d0     winpgnt.obj
 0003:000005dc       _max_idle_value            0042b5dc     winpgnt.obj
 0003:000005e0       __assertstring             0042b5e0     LIBCMT:wassert.obj
 0003:00000630       _dotdotdot                 0042b630     LIBCMT:wassert.obj
 0003:00000634       _newline                   0042b634     LIBCMT:wassert.obj
 0003:00000638       _dblnewline                0042b638     LIBCMT:wassert.obj
 0003:000008e8       _errtable                  0042b8e8     LIBCMT:dosmap.obj
 0003:00000a50       _ErrnoNoMem                0042ba50     LIBCMT:dosmap.obj
 0003:00000a54       _DoserrorNoMem             0042ba54     LIBCMT:dosmap.obj
 0003:00000aac       ___rgctypeflag             0042baac     LIBCMT:mbctype.obj
 0003:00000ab0       ___rgcode_page_info        0042bab0     LIBCMT:mbctype.obj
 0003:00001200       __ctype_loc_style          0042c200     LIBCMT:wsetloca.obj
 0003:00001310       __locktable                0042c310     LIBCMT:mlock.obj
 0003:00001430       ?isPackaged@?1??__crtIsPackagedApp@@9@9 0042c430     LIBCMT:winapisupp.obj
 0003:00001510       _requested_help            0042c510     winhelp.obj
 0003:00001514       _help_path                 0042c514     winhelp.obj
 0003:00001518       _help_has_contents         0042c518     winhelp.obj
 0003:0000151c       _p_HtmlHelpA               0042c51c     winhelp.obj
 0003:00001520       _chm_path                  0042c520     winhelp.obj
 0003:00001524       ?tried_usernameex@?2??get_username@@9@9 0042c524     winmisc.obj
 0003:00001528       ?sysdir@?1??load_system32_dll@@9@9 0042c528     winmisc.obj
 0003:0000152c       _errstrings                0042c52c     winmisc.obj
 0003:00001530       ?p_GetUserNameExA@?1??get_username@@9@9 0042c530     winmisc.obj
 0003:00001534       _keypath                   0042c534     winpgnt.obj
 0003:00001538       ?msgTaskbarCreated@?1??WndProc@@9@9 0042c538     winpgnt.obj
 0003:0000153c       _passphrases               0042c53c     winpgnt.obj
 0003:00001540       ?passphrase@?1??PassphraseProc@@9@9 0042c540     winpgnt.obj
 0003:00001544       ?user32@?1??threadProc@@9@9 0042c544     winpgnt.obj
 0003:00001548       _keylist                   0042c548     winpgnt.obj
 0003:0000154c       _aboutbox                  0042c54c     winpgnt.obj
 0003:00001550       _systray_menu              0042c550     winpgnt.obj
 0003:00001554       _session_menu              0042c554     winpgnt.obj
 0003:00001558       _already_running           0042c558     winpgnt.obj
 0003:0000155c       _putty_path                0042c55c     winpgnt.obj
 0003:00001560       _initial_menuitems_count   0042c560     winpgnt.obj
 0003:00001564       _rsakeys                   0042c564     winpgnt.obj
 0003:00001568       _ssh2keys                  0042c568     winpgnt.obj
 0003:0000156c       _has_security              0042c56c     winpgnt.obj
 0003:00001570       _passphrase_box            0042c570     winpgnt.obj
 0003:00001574       ?menuinprogress@?1??WndProc@@9@9 0042c574     winpgnt.obj
 0003:0000157c       _advapi                    0042c57c     winpgntc.obj
 0003:00001580       _p_OpenProcessToken        0042c580     winpgntc.obj
 0003:00001584       _p_GetTokenInformation     0042c584     winpgntc.obj
 0003:00001588       _p_InitializeSecurityDescriptor 0042c588     winpgntc.obj
 0003:0000158c       _p_SetSecurityDescriptorOwner 0042c58c     winpgntc.obj
 0003:000015d8       _ctrlc_action              0042c5d8     LIBCMT:winsig.obj
 0003:000015dc       _ctrlbreak_action          0042c5dc     LIBCMT:winsig.obj
 0003:000015e0       _abort_action              0042c5e0     LIBCMT:winsig.obj
 0003:000015e4       _term_action               0042c5e4     LIBCMT:winsig.obj
 0003:000015e8       _ConsoleCtrlHandler_Installed 0042c5e8     LIBCMT:winsig.obj
 0003:000015ec       ?pfnMessageBox@?1??__crtMessageBoxW@@9@9 0042c5ec     LIBCMT:crtmboxw.obj
 0003:000015f0       ?pfnGetActiveWindow@?1??__crtMessageBoxW@@9@9 0042c5f0     LIBCMT:crtmboxw.obj
 0003:000015f4       ?pfnGetLastActivePopup@?1??__crtMessageBoxW@@9@9 0042c5f4     LIBCMT:crtmboxw.obj
 0003:000015f8       ?pfnGetProcessWindowStation@?1??__crtMessageBoxW@@9@9 0042c5f8     LIBCMT:crtmboxw.obj
 0003:000015fc       ?pfnGetUserObjectInformation@?1??__crtMessageBoxW@@9@9 0042c5fc     LIBCMT:crtmboxw.obj
 0003:00001608       ?outmsg@?8??_NMSG_WRITE@@9@9 0042c608     LIBCMT:crt0msg.obj
 0003:00001d50       _fSystemSet                0042cd50     LIBCMT:mbctype.obj
 0003:00001d68       _GS_ExceptionRecord        0042cd68     LIBCMT:gs_report.obj
 0003:00001db8       _GS_ContextRecord          0042cdb8     LIBCMT:gs_report.obj
 0003:00002084       _DebuggerWasPresent        0042d084     LIBCMT:gs_report.obj
 0003:00002090       _lclcritsects              0042d090     LIBCMT:mlock.obj
 0003:000021ec       _g_pfnRtlGenRandom         0042d1ec     LIBCMT:rand_s.obj
 0003:000021f0       ?_pgmname@?1??_setargv@@9@9 0042d1f0     LIBCMT:stdargv.obj
 0003:000022f8       ___enable_percent_n        0042d2f8     LIBCMT:printf.obj
 0003:00002304       ___crtCallProc             0042d304     LIBCMT:winapinls.obj
 0004:00000390       $R000000                   0042f390     pageant.res
 0004:000004b8       $R000128                   0042f4b8     pageant.res
 0004:000007a0       $R000410                   0042f7a0     pageant.res
 0004:00000e08       $R000A78                   0042fe08     pageant.res
 0004:00000eb8       $R000B28                   0042feb8     pageant.res
 0004:00000fe8       $R000C58                   0042ffe8     pageant.res
 0004:00001318       $R000F88                   00430318     pageant.res
 0004:00001378       $R000FE8                   00430378     pageant.res
 0004:000014a0       $R001110                   004304a0     pageant.res
 0004:00001550       $R0011C0                   00430550     pageant.res
 0004:00001578       $R0011E8                   00430578     pageant.res
 0004:000016b0       $R001320                   004306b0     pageant.res
 0004:000017c8       $R001438                   004307c8     pageant.res
 0004:00001930       $R0015A0                   00430930     pageant.res
 0004:000025f8       $R002268                   004315f8     pageant.res
 0004:00002960       $R0025D0                   00431960     pageant.res
