 plink

 Timestamp is 51cbe75b (Thu Jun 27 09:18:51 2013)

 Preferred load address is 00400000

 Start         Length     Name                   Class
 0001:00000000 0003f90fH .text                   CODE
 0002:00000000 0000020cH .idata$5                DATA
 0002:0000020c 00000004H .CRT$XCA                DATA
 0002:00000210 00000004H .CRT$XCZ                DATA
 0002:00000214 00000004H .CRT$XIA                DATA
 0002:00000218 00000010H .CRT$XIC                DATA
 0002:00000228 00000004H .CRT$XIY                DATA
 0002:0000022c 00000004H .CRT$XIZ                DATA
 0002:00000230 00000004H .CRT$XPA                DATA
 0002:00000234 00000008H .CRT$XPX                DATA
 0002:0000023c 00000004H .CRT$XPXA               DATA
 0002:00000240 00000004H .CRT$XPZ                DATA
 0002:00000244 00000004H .CRT$XTA                DATA
 0002:00000248 00000004H .CRT$XTZ                DATA
 0002:00000250 000139a0H .rdata                  DATA
 0002:00013bf0 0000000cH .rdata$sxdata           DATA
 0002:00013bfc 00000004H .rtc$IAA                DATA
 0002:00013c00 00000004H .rtc$IZZ                DATA
 0002:00013c04 00000004H .rtc$TAA                DATA
 0002:00013c08 00000004H .rtc$TZZ                DATA
 0002:00013c10 0000057cH .xdata$x                DATA
 0002:0001418c 0000003cH .idata$2                DATA
 0002:000141c8 00000014H .idata$3                DATA
 0002:000141dc 0000020cH .idata$4                DATA
 0002:000143e8 00000934H .idata$6                DATA
 0002:00014d1c 00000000H .edata                  DATA
 0003:00000000 00001800H .data                   DATA
 0003:00001800 00002ca0H .bss                    DATA
 0004:00000000 000001d8H .rsrc$01                DATA
 0004:000001e0 00001360H .rsrc$02                DATA

  Address         Publics by Value              Rva+Base       Lib:Object

 0000:00000000       __except_list              00000000     <absolute>
 0000:00000003       ___safe_se_handler_count   00000003     <absolute>
 0000:00000000       ___ImageBase               00400000     <linker-defined>
 0001:00000022       _cmdline_get_passwd_input  00401022 f   cmdline.obj
 0001:0000009a       _cmdline_process_param     0040109a f   cmdline.obj
 0001:00000d8c       _cmdline_run_saved         00401d8c f   cmdline.obj
 0001:00000e9a       _conf_copy                 00401e9a f   conf.obj
 0001:00000eb2       _conf_copy_into            00401eb2 f   conf.obj
 0001:00000f6c       _conf_del_str_str          00401f6c f   conf.obj
 0001:00000fec       _conf_free                 00401fec f   conf.obj
 0001:00001009       _conf_get_filename         00402009 f   conf.obj
 0001:00001088       _conf_get_int              00402088 f   conf.obj
 0001:00001107       _conf_get_int_int          00402107 f   conf.obj
 0001:0000118c       _conf_get_str              0040218c f   conf.obj
 0001:0000120b       _conf_get_str_nthstrkey    0040220b f   conf.obj
 0001:000012a2       _conf_get_str_strs         004022a2 f   conf.obj
 0001:0000138f       _conf_new                  0040238f f   conf.obj
 0001:000013ae       _conf_set_filename         004023ae f   conf.obj
 0001:00001420       _conf_set_fontspec         00402420 f   conf.obj
 0001:00001492       _conf_set_int              00402492 f   conf.obj
 0001:000014fe       _conf_set_int_int          004024fe f   conf.obj
 0001:00001571       _conf_set_str              00402571 f   conf.obj
 0001:000015e3       _conf_set_str_str          004025e3 f   conf.obj
 0001:000016b9       _proxy_socks5_handlechap   004026b9 f   cproxy.obj
 0001:000018e4       _proxy_socks5_offerencryptedauth 004028e4 f   cproxy.obj
 0001:000018f5       _proxy_socks5_selectchap   004028f5 f   cproxy.obj
 0001:00001a1b       _ldisc_send                00402a1b f   ldisc.obj
 0001:000021b1       _log_eventlog              004031b1 f   logging.obj
 0001:00002215       _log_free                  00403215 f   logging.obj
 0001:00002243       _log_init                  00403243 f   logging.obj
 0001:00002288       _log_packet                00403288 f   logging.obj
 0001:000025c9       _logfclose                 004035c9 f   logging.obj
 0001:000025e4       _logflush                  004035e4 f   logging.obj
 0001:000025fd       _logfopen                  004035fd f   logging.obj
 0001:00002aa7       _add_prompt                00403aa7 f   misc.obj
 0001:00002aed       _base64_encode_atom        00403aed f   misc.obj
 0001:00002b6f       _bufchain_add              00403b6f f   misc.obj
 0001:00002bfb       _bufchain_clear            00403bfb f   misc.obj
 0001:00002c23       _bufchain_consume          00403c23 f   misc.obj
 0001:00002ca2       _bufchain_fetch            00403ca2 f   misc.obj
 0001:00002d18       _bufchain_init             00403d18 f   misc.obj
 0001:00002d27       _bufchain_prefix           00403d27 f   misc.obj
 0001:00002d45       _bufchain_size             00403d45 f   misc.obj
 0001:00002d4d       _conf_launchable           00403d4d f   misc.obj
 0001:00002d7a       _ctrlparse                 00403d7a f   misc.obj
 0001:00002e00       _dupcat                    00403e00 f   misc.obj
 0001:00002e7d       _dupprintf                 00403e7d f   misc.obj
 0001:00002e8e       _dupstr                    00403e8e f   misc.obj
 0001:00002ebc       _dupvprintf                00403ebc f   misc.obj
 0001:00002f0b       _free_prompts              00403f0b f   misc.obj
 0001:00002f8d       _new_prompts               00403f8d f   misc.obj
 0001:00002fbd       _parse_blocksize           00403fbd f   misc.obj
 0001:0000302a       _prompt_ensure_result_size 0040402a f   misc.obj
 0001:0000308a       _prompt_set_result         0040408a f   misc.obj
 0001:000030b1       _safefree                  004040b1 f   misc.obj
 0001:000030bd       _safemalloc                004040bd f   misc.obj
 0001:0000312e       _saferealloc               0040412e f   misc.obj
 0001:000031a7       _pinger_free               004041a7 f   pinger.obj
 0001:000031b6       _pinger_new                004041b6 f   pinger.obj
 0001:000031ee       _pinger_reconfig           004041ee f   pinger.obj
 0001:000037f3       _pfd_addforward            004047f3 f   portfwd.obj
 0001:000038a8       _pfd_close                 004048a8 f   portfwd.obj
 0001:000038d7       _pfd_confirm               004048d7 f   portfwd.obj
 0001:00003936       _pfd_newconnect            00404936 f   portfwd.obj
 0001:000039e9       _pfd_override_throttle     004049e9 f   portfwd.obj
 0001:00003a19       _pfd_send                  00404a19 f   portfwd.obj
 0001:00003a36       _x11_send_eof              00404a36 f   x11fwd.obj
 0001:00003a36       _pfd_send_eof              00404a36 f   portfwd.obj
 0001:00003a42       _pfd_terminate             00404a42 f   portfwd.obj
 0001:00003a47       _pfd_unthrottle            00404a47 f   portfwd.obj
 0001:00003d80       _format_telnet_command     00404d80 f   proxy.obj
 0001:00004420       _name_lookup               00405420 f   proxy.obj
 0001:000044a3       _new_connection            004054a3 f   proxy.obj
 0001:00004678       _new_listener              00405678 f   proxy.obj
 0001:00004694       _proxy_activate            00405694 f   proxy.obj
 0001:00004993       _proxy_http_negotiate      00405993 f   proxy.obj
 0001:00004d83       _proxy_socks4_negotiate    00405d83 f   proxy.obj
 0001:00004fdb       _proxy_socks5_negotiate    00405fdb f   proxy.obj
 0001:0000551f       _proxy_telnet_negotiate    0040651f f   proxy.obj
 0001:00005dfb       _backend_from_name         00406dfb f   settings.obj
 0001:00005e2e       _backend_from_proto        00406e2e f   settings.obj
 0001:00005e54       _do_defaults               00406e54 f   settings.obj
 0001:00005e59       _get_remote_username       00406e59 f   settings.obj
 0001:00006288       _load_open_settings        00407288 f   settings.obj
 0001:00007174       _load_settings             00408174 f   settings.obj
 0001:000071ac       _get_ttymode               004081ac f   winplink.obj
 0001:000071ac       _term_ldisc                004081ac f   winplink.obj
 0001:000071ac       _sk_address_is_special_local 004081ac f   winnet.obj
 0001:0000ec84       _new_sock_channel          0040fc84 f   ssh.obj
 0001:00013d25       _ssh_send_port_open        00414d25 f   ssh.obj
 0001:0001487c       _sshfwd_unclean_close      0041587c f   ssh.obj
 0001:000148db       _sshfwd_unthrottle         004158db f   ssh.obj
 0001:00014936       _sshfwd_write              00415936 f   ssh.obj
 0001:00014992       _sshfwd_write_eof          00415992 f   ssh.obj
 0001:000149b6       _aes_make_context          004159b6 f   sshaes.obj
 0001:000149c5       _aes128_key                004159c5 f   sshaes.obj
 0001:000149da       _aes192_key                004159da f   sshaes.obj
 0001:000149ef       _aes256_key                004159ef f   sshaes.obj
 0001:00014a04       _aes_iv                    00415a04 f   sshaes.obj
 0001:00014a46       _aes_ssh2_encrypt_blk      00415a46 f   sshaes.obj
 0001:00014a70       _aes_ssh2_decrypt_blk      00415a70 f   sshaes.obj
 0001:00014a85       _aes256_decrypt_pubkey     00415a85 f   sshaes.obj
 0001:00017b97       _bigadd                    00418b97 f   sshbn.obj
 0001:00017e69       _bigmod                    00418e69 f   sshbn.obj
 0001:00017e8d       _bigmul                    00418e8d f   sshbn.obj
 0001:00017ea0       _bigmuladd                 00418ea0 f   sshbn.obj
 0001:00018051       _bignum_bitcount           00419051 f   sshbn.obj
 0001:0001808b       _bignum_bitmask            0041908b f   sshbn.obj
 0001:000180cf       _bignum_byte               004190cf f   sshbn.obj
 0001:0001810d       _bignum_cmp                0041910d f   sshbn.obj
 0001:00018161       _bignum_from_bytes         00419161 f   sshbn.obj
 0001:000181e8       _bignum_rshift             004191e8 f   sshbn.obj
 0001:00018292       _bignum_set_bit            00419292 f   sshbn.obj
 0001:000182dc       _bigsub                    004192dc f   sshbn.obj
 0001:00018390       _bn_power_2                00419390 f   sshbn.obj
 0001:000183ba       _copybn                    004193ba f   sshbn.obj
 0001:000183f2       _decbn                     004193f2 f   sshbn.obj
 0001:00018410       _freebn                    00419410 f   sshbn.obj
 0001:00018b02       _modinv                    00419b02 f   sshbn.obj
 0001:00018ca9       _modmul                    00419ca9 f   sshbn.obj
 0001:00018fcb       _modpow                    00419fcb f   sshbn.obj
 0001:000193bc       _modpow_simple             0041a3bc f   sshbn.obj
 0001:00019895       _ssh1_bignum_length        0041a895 f   sshbn.obj
 0001:000198af       _ssh1_read_bignum          0041a8af f   sshbn.obj
 0001:0001990a       _ssh1_write_bignum         0041a90a f   sshbn.obj
 0001:00019950       _ssh2_bignum_length        0041a950 f   sshbn.obj
 0001:0001996a       _crc32_compute             0041a96a f   sshcrc.obj
 0001:0001997d       _crc32_update              0041a97d f   sshcrc.obj
 0001:00019a5d       _crcda_free_context        0041aa5d f   sshcrcda.obj
 0001:00019a7a       _crcda_make_context        0041aa7a f   sshcrcda.obj
 0001:00019a90       _detect_attack             0041aa90 f   sshcrcda.obj
 0001:00019f9d       _hmacmd5_free_context      0041af9d f   sshmd5.obj
 0001:00019f9d       _aes_free_context          0041af9d f   sshaes.obj
 0001:00019ff2       _des3_decrypt_pubkey       0041aff2 f   sshdes.obj
 0001:0001aef2       _des_decrypt_xdmauth       0041bef2 f   sshdes.obj
 0001:0001bb1d       _dh_cleanup                0041cb1d f   sshdh.obj
 0001:0001bb5c       _dh_create_e               0041cb5c f   sshdh.obj
 0001:0001bc76       _dh_find_K                 0041cc76 f   sshdh.obj
 0001:0001bcb3       _dh_setup_gex              0041ccb3 f   sshdh.obj
 0001:0001bce4       _dh_setup_group            0041cce4 f   sshdh.obj
 0001:0001ce59       _ssh_gssapi_bind_fns       0041de59 f   sshgssc.obj
 0001:0001d0ec       _hmacmd5_make_context      0041e0ec f   sshmd5.obj
 0001:0001d266       _MD5Final                  0041e266 f   sshmd5.obj
 0001:0001d352       _MD5Init                   0041e352 f   sshmd5.obj
 0001:0001d37d       _MD5Simple                 0041e37d f   sshmd5.obj
 0001:0001d3c6       _MD5Update                 0041e3c6 f   sshmd5.obj
 0001:0001df4b       _hmacmd5_do_hmac           0041ef4b f   sshmd5.obj
 0001:0001e023       _hmacmd5_key               0041f023 f   sshmd5.obj
 0001:0001e0fa       _base64_decode_atom        0041f0fa f   sshpubk.obj
 0001:0001e1e6       _find_pubkey_alg           0041f1e6 f   sshpubk.obj
 0001:0001e21f       _key_type                  0041f21f f   sshpubk.obj
 0001:0001e317       _key_type_to_str           0041f317 f   sshpubk.obj
 0001:0001e359       _loadrsakey                0041f359 f   sshpubk.obj
 0001:0001e95e       _rsakey_encrypted          0041f95e f   sshpubk.obj
 0001:0001e9dd       _rsakey_pubblob            0041f9dd f   sshpubk.obj
 0001:0001eaf2       _ssh2_load_userkey         0041faf2 f   sshpubk.obj
 0001:0001f2e1       _ssh2_userkey_encrypted    004202e1 f   sshpubk.obj
 0001:0001f429       _ssh2_userkey_loadpub      00420429 f   sshpubk.obj
 0001:0001f6ed       _random_add_noise          004206ed f   sshrand.obj
 0001:0001f7b1       _random_byte               004207b1 f   sshrand.obj
 0001:0001f7db       _random_get_savedata       004207db f   sshrand.obj
 0001:0001f81b       _random_ref                0042081b f   sshrand.obj
 0001:0001f99a       _random_unref              0042099a f   sshrand.obj
 0001:0002062f       _crt_modpow                0042162f f   sshrsa.obj
 0001:00020756       _freersakey                00421756 f   sshrsa.obj
 0001:00020853       _makekey                   00421853 f   sshrsa.obj
 0001:00020932       _makeprivate               00421932 f   sshrsa.obj
 0001:00020a46       _rsa_fingerprint           00421a46 f   sshrsa.obj
 0001:00020ddc       _rsa_public_blob           00421ddc f   sshrsa.obj
 0001:00020e61       _rsa_verify                00421e61 f   sshrsa.obj
 0001:00020f6e       _rsadecrypt                00421f6e f   sshrsa.obj
 0001:00020f73       _rsaencrypt                00421f73 f   sshrsa.obj
 0001:0002101f       _rsastr_fmt                0042201f f   sshrsa.obj
 0001:00021117       _rsastr_len                00422117 f   sshrsa.obj
 0001:00021155       _ssh_rsakex_encrypt        00422155 f   sshrsa.obj
 0001:0002129c       _ssh_rsakex_freekey        0042229c f   sshrsa.obj
 0001:000212a1       _ssh_rsakex_klen           004222a1 f   sshrsa.obj
 0001:000212af       _ssh_rsakex_newkey         004222af f   sshrsa.obj
 0001:00021475       _SHA256_Block              00422475 f   sshsh256.obj
 0001:000218be       _SHA256_Bytes              004228be f   sshsh256.obj
 0001:000219a7       _SHA256_Core_Init          004229a7 f   sshsh256.obj
 0001:000219e3       _SHA256_Final              004229e3 f   sshsh256.obj
 0001:00021ace       _SHA256_Init               00422ace f   sshsh256.obj
 0001:00022bb2       _SHA512_Bytes              00423bb2 f   sshsh512.obj
 0001:00022d00       _SHA512_Final              00423d00 f   sshsh512.obj
 0001:00022e2d       _SHA512_Init               00423e2d f   sshsh512.obj
 0001:00023146       _SHATransform              00424146 f   sshsha.obj
 0001:000232f6       _SHA_Bytes                 004242f6 f   sshsha.obj
 0001:000233df       _SHA_Final                 004243df f   sshsha.obj
 0001:000234cb       _SHA_Init                  004244cb f   sshsha.obj
 0001:000234fd       _SHA_Simple                004244fd f   sshsha.obj
 0001:00023546       _hmac_sha1_simple          00424546 f   sshsha.obj
 0001:00023719       _zlib_compress_init        00424719 f   sshzlib.obj
 0001:000237b3       _zlib_compress_cleanup     004247b3 f   sshzlib.obj
 0001:000237d2       _zlib_decompress_init      004247d2 f   sshzlib.obj
 0001:000238a2       _zlib_decompress_cleanup   004248a2 f   sshzlib.obj
 0001:000238f9       _zlib_compress_block       004248f9 f   sshzlib.obj
 0001:00023a26       _zlib_decompress_block     00424a26 f   sshzlib.obj
 0001:00025deb       _expire_timer_context      00426deb f   timing.obj
 0001:00025e38       _run_timers                00426e38 f   timing.obj
 0001:00025ed7       _schedule_timer            00426ed7 f   timing.obj
 0001:00025f68       _add234                    00426f68 f   tree234.obj
 0001:00026487       _count234                  00427487 f   tree234.obj
 0001:000264ca       _del234                    004274ca f   tree234.obj
 0001:000264f9       _delpos234                 004274f9 f   tree234.obj
 0001:000269a8       _find234                   004279a8 f   tree234.obj
 0001:000269c1       _findrel234                004279c1 f   tree234.obj
 0001:000269dc       _findrelpos234             004279dc f   tree234.obj
 0001:00026b3d       _freetree234               00427b3d f   tree234.obj
 0001:00026b53       _index234                  00427b53 f   tree234.obj
 0001:00026bcd       _newtree234                00427bcd f   tree234.obj
 0001:00026be3       _wc_match                  00427be3 f   wildcard.obj
 0001:00026e07       _askalg                    00427e07 f   wincons.obj
 0001:00026ee1       _askappend                 00427ee1 f   wincons.obj
 0001:00026fc7       _cleanup_exit              00427fc7 f   wincons.obj
 0001:00026ff6       _console_get_userpass_input 00427ff6 f   wincons.obj
 0001:00027263       _console_provide_logctx    00428263 f   wincons.obj
 0001:0002726d       _logevent                  0042826d f   wincons.obj
 0001:0002727f       _old_keyfile_warning       0042827f f   wincons.obj
 0001:00027295       _pgp_fingerprints          00428295 f   wincons.obj
 0001:000272ab       _verify_ssh_host_key       004282ab f   wincons.obj
 0001:00027418       _platform_default_filename 00428418 f   windefs.obj
 0001:0002743f       _platform_default_fontspec 0042843f f   windefs.obj
 0001:00027471       _platform_default_i        00428471 f   windefs.obj
 0001:00027476       _platform_default_s        00428476 f   windefs.obj
 0001:00027499       _ssh_gss_cleanup           00428499 f   wingss.obj
 0001:000274e3       _ssh_gss_setup             004284e3 f   wingss.obj
 0001:00027b3c       _handle_backlog            00428b3c f   winhandl.obj
 0001:00027bc1       _handle_free               00428bc1 f   winhandl.obj
 0001:00027c1c       _handle_get_events         00428c1c f   winhandl.obj
 0001:00027c85       _handle_get_privdata       00428c85 f   winhandl.obj
 0001:00027c8d       _handle_got_event          00428c8d f   winhandl.obj
 0001:00027d7b       _handle_input_new          00428d7b f   winhandl.obj
 0001:00027f74       _handle_output_new         00428f74 f   winhandl.obj
 0001:000281c9       _handle_unthrottle         004291c9 f   winhandl.obj
 0001:000281fb       _handle_write              004291fb f   winhandl.obj
 0001:0002825d       _handle_write_eof          0042925d f   winhandl.obj
 0001:00028297       _filename_copy             00429297 f   winmisc.obj
 0001:000282a4       _filename_free             004292a4 f   winmisc.obj
 0001:000282a4       _fontspec_free             004292a4 f   winmisc.obj
 0001:000282ba       _filename_from_str         004292ba f   winmisc.obj
 0001:000282d8       _filename_is_null          004292d8 f   winmisc.obj
 0001:000282e6       _filename_to_str           004292e6 f   winmisc.obj
 0001:000282ed       _fontspec_copy             004292ed f   winmisc.obj
 0001:00028305       _fontspec_new              00429305 f   winmisc.obj
 0001:00028338       _get_username              00429338 f   winmisc.obj
 0001:0002841e       _load_system32_dll         0042941e f   winmisc.obj
 0001:0002848c       _platform_get_x_display    0042948c f   winmisc.obj
 0001:0002849f       _smemclr                   0042949f f   winmisc.obj
 0001:00028665       _sk_addr_error             00429665 f   winnet.obj
 0001:0002866d       _IN6_IS_ADDR_LOOPBACK      0042966d f i winnet.obj
 0001:00028704       _first_socket              00429704 f   winnet.obj
 0001:00028729       _get_hostname              00429729 f   winnet.obj
 0001:00028817       _net_service_lookup        00429817 f   winnet.obj
 0001:00028839       _next_socket               00429839 f   winnet.obj
 0001:0002885e       _platform_get_x11_unix_address 0042985e f   winnet.obj
 0001:0002888d       _select_result             0042988d f   winnet.obj
 0001:00028c08       _sk_addr_dup               00429c08 f   winnet.obj
 0001:00028c0f       _sk_addr_free              00429c0f f   winnet.obj
 0001:00028c47       _sk_addrcopy               00429c47 f   winnet.obj
 0001:00028d04       _sk_address_is_local       00429d04 f   winnet.obj
 0001:00028d9f       _sk_addrtype               00429d9f f   winnet.obj
 0001:00028dce       _sk_cleanup                00429dce f   winnet.obj
 0001:00028e38       _sk_getaddr                00429e38 f   winnet.obj
 0001:00028f00       _sk_hostname_is_local      00429f00 f   winnet.obj
 0001:00028f46       _sk_init                   00429f46 f   winnet.obj
 0001:00029430       _sk_namelookup             0042a430 f   winnet.obj
 0001:000296ab       _sk_new                    0042a6ab f   winnet.obj
 0001:0002974b       _sk_newlistener            0042a74b f   winnet.obj
 0001:000299ad       _sk_nextaddr               0042a9ad f   winnet.obj
 0001:000299d9       _sk_nonamelookup           0042a9d9 f   winnet.obj
 0001:00029a20       _sk_register               0042aa20 f   winnet.obj
 0001:00029ab2       _sk_startup                0042aab2 f   winnet.obj
 0001:00029dee       _try_send                  0042adee f   winnet.obj
 0001:00029f3e       _winsock_error_string      0042af3e f   winnet.obj
 0001:0002a2d0       _noise_get_heavy           0042b2d0 f   winnoise.obj
 0001:0002a389       _noise_get_light           0042b389 f   winnoise.obj
 0001:0002a3da       _noise_regular             0042b3da f   winnoise.obj
 0001:0002a4d5       _noise_ultralight          0042b4d5 f   winnoise.obj
 0001:0002a51b       _random_save_seed          0042b51b f   winnoise.obj
 0001:0002a54e       _agent_exists              0042b54e f   winpgntc.obj
 0001:0002a562       _agent_query               0042b562 f   winpgntc.obj
 0001:0002a712       _get_user_sid              0042b712 f   winpgntc.obj
 0001:0002a80a       _init_advapi               0042b80a f   winpgntc.obj
 0001:0002a8ca       _cmdline_error             0042b8ca f   winplink.obj
 0001:0002a911       _connection_fatal          0042b911 f   winplink.obj
 0001:0002a970       _do_select                 0042b970 f   winplink.obj
 0001:0002a9af       _modalfatalbox             0042b9af f   winplink.obj
 0001:0002a9af       _fatalbox                  0042b9af f   winplink.obj
 0001:0002aa0e       _from_backend              0042ba0e f   winplink.obj
 0001:0002aa53       _from_backend_eof          0042ba53 f   winplink.obj
 0001:0002aa62       _from_backend_untrusted    0042ba62 f   winplink.obj
 0001:0002aa7c       _get_userpass_input        0042ba7c f   winplink.obj
 0001:0002aa9d       _ldisc_update              0042ba9d f   winplink.obj
 0001:0002aac8       _main                      0042bac8 f   winplink.obj
 0001:0002b51f       _stdin_gotdata             0042c51f f   winplink.obj
 0001:0002b625       _stdouterr_sent            0042c625 f   winplink.obj
 0001:0002b97a       _localproxy_gotdata        0042c97a f   winproxy.obj
 0001:0002b9b8       _localproxy_sentdata       0042c9b8 f   winproxy.obj
 0001:0002b9d2       _platform_new_connection   0042c9d2 f   winproxy.obj
 0001:0002bd57       _add_session_to_jumplist   0042cd57 f   winnojmp.obj
 0001:0002bd57       _timer_change_notify       0042cd57 f   wincons.obj
 0001:0002bd57       _update_specials_menu      0042cd57 f   wincons.obj
 0001:0002bd57       _notify_remote_exit        0042cd57 f   wincons.obj
 0001:0002bd57       _frontend_keypress         0042cd57 f   wincons.obj
 0001:0002bd57       _set_busy_status           0042cd57 f   wincons.obj
 0001:0002c2ee       _close_settings_r          0042d2ee f   winstore.obj
 0001:0002c3aa       _open_settings_r           0042d3aa f   winstore.obj
 0001:0002c42e       _read_random_seed          0042d42e f   winstore.obj
 0001:0002c4ad       _read_setting_filename     0042d4ad f   winstore.obj
 0001:0002c4dd       _read_setting_fontspec     0042d4dd f   winstore.obj
 0001:0002c5a7       _read_setting_i            0042d5a7 f   winstore.obj
 0001:0002c5eb       _read_setting_s            0042d5eb f   winstore.obj
 0001:0002c653       _store_host_key            0042d653 f   winstore.obj
 0001:0002c747       _verify_host_key           0042d747 f   winstore.obj
 0001:0002c970       _write_random_seed         0042d970 f   winstore.obj
 0001:0002c9a1       _ltime                     0042d9a1 f   wintime.obj
 0001:0002ca19       _platform_get_x11_auth     0042da19 f   winx11.obj
 0001:0002caac       _x11_close                 0042daac f   x11fwd.obj
 0001:0002cae8       _x11_free_display          0042dae8 f   x11fwd.obj
 0001:0002cb8d       _x11_get_auth_from_authfile 0042db8d f   x11fwd.obj
 0001:0002ce46       _x11_init                  0042de46 f   x11fwd.obj
 0001:0002cf52       _x11_override_throttle     0042df52 f   x11fwd.obj
 0001:0002cf82       _x11_send                  0042df82 f   x11fwd.obj
 0001:0002d2ea       _x11_setup_display         0042e2ea f   x11fwd.obj
 0001:0002d67d       _x11_unthrottle            0042e67d f   x11fwd.obj
 0001:0002d8ce       __fclose_nolock            0042e8ce f   LIBCMT:fclose.obj
 0001:0002d93a       _fclose                    0042e93a f   LIBCMT:fclose.obj
 0001:0002d9b1       _fgetc                     0042e9b1 f   LIBCMT:fgetc.obj
 0001:0002daaa       __fsopen                   0042eaaa f   LIBCMT:fopen.obj
 0001:0002db6e       _fopen                     0042eb6e f   LIBCMT:fopen.obj
 0001:0002db83       _atoi                      0042eb83 f   LIBCMT:atox.obj
 0001:0002db8c       _atol                      0042eb8c f   LIBCMT:atox.obj
 0001:0002dba0       _strcmp                    0042eba0 f   LIBCMT:strcmp.obj
 0001:0002dc30       _strlen                    0042ec30 f   LIBCMT:strlen.obj
 0001:0002dcc0       _strchr                    0042ecc0 f   LIBCMT:strchr.obj
 0001:0002dd2e       ___from_strstr_to_strchr   0042ed2e     LIBCMT:strchr.obj
 0001:0002ddf0       _strncmp                   0042edf0 f   LIBCMT:strncmp.obj
 0001:0002de68       __wassert                  0042ee68 f   LIBCMT:wassert.obj
 0001:0002e510       _memchr                    0042f510 f   LIBCMT:memchr.obj
 0001:0002e5c0       _memcpy                    0042f5c0 f   LIBCMT:memcpy.obj
 0001:0002ec04       @__security_check_cookie@4 0042fc04 f   LIBCMT:secchk.obj
 0001:0002ec13       _sprintf                   0042fc13 f   LIBCMT:sprintf.obj
 0001:0002ec95       ??0_LocaleUpdate@@QAE@PAUlocaleinfo_struct@@@Z 0042fc95 f i LIBCMT:_ctype.obj
 0001:0002ed1d       __isalnum_l                0042fd1d f i LIBCMT:_ctype.obj
 0001:0002ed73       __isdigit_l                0042fd73 f i LIBCMT:_ctype.obj
 0001:0002edc3       __isprint_l                0042fdc3 f i LIBCMT:_ctype.obj
 0001:0002ee19       __isspace_l                0042fe19 f i LIBCMT:_ctype.obj
 0001:0002ee69       __isxdigit_l               0042fe69 f i LIBCMT:_ctype.obj
 0001:0002eebf       _isalnum                   0042febf f i LIBCMT:_ctype.obj
 0001:0002eeec       _isdigit                   0042feec f i LIBCMT:_ctype.obj
 0001:0002ef17       _isprint                   0042ff17 f i LIBCMT:_ctype.obj
 0001:0002ef44       _isspace                   0042ff44 f i LIBCMT:_ctype.obj
 0001:0002ef6f       _isxdigit                  0042ff6f f i LIBCMT:_ctype.obj
 0001:0002ef9c       ___initstdio               0042ff9c f   LIBCMT:_file.obj
 0001:0002f00f       ___endstdio                0043000f f   LIBCMT:_file.obj
 0001:0002f036       ___iob_func                00430036 f   LIBCMT:_file.obj
 0001:0002f03c       __lock_file                0043003c f   LIBCMT:_file.obj
 0001:0002f07b       __lock_file2               0043007b f   LIBCMT:_file.obj
 0001:0002f0ab       __unlock_file              004300ab f   LIBCMT:_file.obj
 0001:0002f0e5       __unlock_file2             004300e5 f   LIBCMT:_file.obj
 0001:0002f112       __fflush_nolock            00430112 f   LIBCMT:fflush.obj
 0001:0002f158       __flush                    00430158 f   LIBCMT:fflush.obj
 0001:0002f1bc       __flushall                 004301bc f   LIBCMT:fflush.obj
 0001:0002f1c5       _fflush                    004301c5 f   LIBCMT:fflush.obj
 0001:0002f2fe       _fprintf                   004302fe f   LIBCMT:fprintf.obj
 0001:0002f410       __fwrite_nolock            00430410 f   LIBCMT:fwrite.obj
 0001:0002f567       _fwrite                    00430567 f   LIBCMT:fwrite.obj
 0001:0002f5e5       __tolower_l                004305e5 f   LIBCMT:tolower.obj
 0001:0002f726       _tolower                   00430726 f   LIBCMT:tolower.obj
 0001:0002f752       __Strftime_l               00430752 f   LIBCMT:strftime.obj
 0001:0002f873       _strftime                  00430873 f   LIBCMT:strftime.obj
 0001:0002f890       _strcpy                    00430890 f   LIBCMT:strcat.obj
 0001:0002f8a0       _strcat                    004308a0 f   LIBCMT:strcat.obj
 0001:0002f988       _fgets                     00430988 f   LIBCMT:fgets.obj
 0001:0002fac7       __vsnprintf                00430ac7 f   LIBCMT:vsnprint.obj
 0001:0002fae2       __vsnprintf_l              00430ae2 f   LIBCMT:vsnprint.obj
 0001:0002fdb0       _strtol                    00430db0 f   LIBCMT:strtol.obj
 0001:0002fdda       _strtoul                   00430dda f   LIBCMT:strtol.obj
 0001:0002fe04       _free                      00430e04 f   LIBCMT:free.obj
 0001:0002fe3c       _malloc                    00430e3c f   LIBCMT:malloc.obj
 0001:0002fece       _realloc                   00430ece f   LIBCMT:realloc.obj
 0001:0002ff80       _memset                    00430f80 f   LIBCMT:memset.obj
 0001:00030010       _memmove                   00431010 f   LIBCMT:memmove.obj
 0001:00030654       _sscanf                    00431654 f   LIBCMT:sscanf.obj
 0001:000306f0       _strrchr                   004316f0 f   LIBCMT:strrchr.obj
 0001:00030830       _strspn                    00431830 f   LIBCMT:strspn.obj
 0001:00030876       _fputc                     00431876 f   LIBCMT:fputc.obj
 0001:00030977       _memcmp                    00431977 f   LIBCMT:memcmp.obj
 0001:000320f0       _strcspn                   004330f0 f   LIBCMT:strcspn.obj
 0001:00032140       _strncpy                   00433140 f   LIBCMT:strncpy.obj
 0001:00032264       _abort                     00433264 f   LIBCMT:abort.obj
 0001:000322b0       __allmul                   004332b0 f   LIBCMT:llmul.obj
 0001:000322f0       __allshl                   004332f0 f   LIBCMT:llshl.obj
 0001:00032310       __aulldvrm                 00433310 f   LIBCMT:ulldvrm.obj
 0001:000323b0       __aullrem                  004333b0 f   LIBCMT:ullrem.obj
 0001:00032425       __fread_nolock_s           00433425 f   LIBCMT:fread.obj
 0001:000325e8       _fread                     004335e8 f   LIBCMT:fread.obj
 0001:00032603       _fread_s                   00433603 f   LIBCMT:fread.obj
 0001:00032694       __ungetc_nolock            00433694 f   LIBCMT:ungetc.obj
 0001:00032774       _ungetc                    00433774 f   LIBCMT:ungetc.obj
 0001:000327e0       __chkstk                   004337e0 f   LIBCMT:chkstk.obj
 0001:000327e0       __alloca_probe             004337e0     LIBCMT:chkstk.obj
 0001:0003280b       _abs                       0043380b f   LIBCMT:abs.obj
 0001:00032818       _fputs                     00433818 f   LIBCMT:fputs.obj
 0001:0003291e       ___copy_path_to_wide_string 0043391e f   LIBCMT:crt0dat.obj
 0001:000329ce       ___crtCorExitProcess       004339ce f   LIBCMT:crt0dat.obj
 0001:00032a00       ___crtExitProcess          00433a00 f   LIBCMT:crt0dat.obj
 0001:00032a16       __amsg_exit                00433a16 f   LIBCMT:crt0dat.obj
 0001:00032a32       __c_exit                   00433a32 f   LIBCMT:crt0dat.obj
 0001:00032a41       __cexit                    00433a41 f   LIBCMT:crt0dat.obj
 0001:00032a50       __cinit                    00433a50 f   LIBCMT:crt0dat.obj
 0001:00032ae1       __exit                     00433ae1 f   LIBCMT:crt0dat.obj
 0001:00032af5       __init_pointers            00433af5 f   LIBCMT:crt0dat.obj
 0001:00032b49       __initterm_e               00433b49 f   LIBCMT:crt0dat.obj
 0001:00032b6b       __lockexit                 00433b6b f   LIBCMT:crt0dat.obj
 0001:00032b74       __unlockexit               00433b74 f   LIBCMT:crt0dat.obj
 0001:00032cac       _exit                      00433cac f   LIBCMT:crt0dat.obj
 0001:00032cc0       __getenv_helper_nolock     00433cc0 f   LIBCMT:getenv.obj
 0001:00032d44       _getenv                    00433d44 f   LIBCMT:getenv.obj
 0001:00032dc0       ___raise_securityfailure   00433dc0 f   LIBCMT:gs_report.obj
 0001:00032dfd       ___report_gsfailure        00433dfd f   LIBCMT:gs_report.obj
 0001:00032ef6       ___report_rangecheckfailure 00433ef6 f   LIBCMT:gs_report.obj
 0001:00032f02       ___report_securityfailure  00433f02 f   LIBCMT:gs_report.obj
 0001:00032fd0       __get_printf_count_output  00433fd0 f   LIBCMT:printf.obj
 0001:00032fe5       _printf                    00433fe5 f   LIBCMT:printf.obj
 0001:00033091       _vfprintf                  00434091 f   LIBCMT:vfprintf.obj
 0001:000330ae       _vfprintf_helper           004340ae f   LIBCMT:vfprintf.obj
 0001:000331bf       _remove                    004341bf f   LIBCMT:unlink.obj
 0001:000331ff       __time64                   004341ff f   LIBCMT:time64.obj
 0001:000333c9       _mainCRTStartup            004343c9 f   LIBCMT:crt0.obj
 0001:000333d3       __call_reportfault         004343d3 f   LIBCMT:invarg.obj
 0001:000334f6       __initp_misc_invarg        004344f6 f   LIBCMT:invarg.obj
 0001:00033503       __invalid_parameter        00434503 f   LIBCMT:invarg.obj
 0001:0003352e       __invalid_parameter_noinfo 0043452e f   LIBCMT:invarg.obj
 0001:0003353e       __invoke_watson            0043453e f   LIBCMT:invarg.obj
 0001:00033569       __fileno                   00434569 f   LIBCMT:fileno.obj
 0001:0003358d       __close                    0043458d f   LIBCMT:close.obj
 0001:00033657       __close_nolock             00434657 f   LIBCMT:close.obj
 0001:000336f1       ___doserrno                004346f1 f   LIBCMT:dosmap.obj
 0001:00033704       __dosmaperr                00434704 f   LIBCMT:dosmap.obj
 0001:00033725       __errno                    00434725 f   LIBCMT:dosmap.obj
 0001:00033738       __get_errno_from_oserr     00434738 f   LIBCMT:dosmap.obj
 0001:00033779       __freebuf                  00434779 f   LIBCMT:_freebuf.obj
 0001:000337b0       __SEH_prolog4              004347b0 f   LIBCMT:sehprolg4.obj
 0001:000337f5       __SEH_epilog4              004347f5 f   LIBCMT:sehprolg4.obj
 0001:00033810       __except_handler4          00434810 f   LIBCMT:chandler4.obj
 0001:000339a5       __filbuf                   004349a5 f   LIBCMT:_filbuf.obj
 0001:00033ac6       __ioinit                   00434ac6 f   LIBCMT:ioinit.obj
 0001:00033d74       __getstream                00434d74 f   LIBCMT:stream.obj
 0001:00033e8c       __openfile                 00434e8c f   LIBCMT:_open.obj
 0001:00034110       __local_unwind4            00435110 f   LIBCMT:exsup4.obj
 0001:000341e6       __seh_longjmp_unwind4@4    004351e6 f   LIBCMT:exsup4.obj
 0001:00034202       @_EH4_CallFilterFunc@8     00435202 f   LIBCMT:exsup4.obj
 0001:00034219       @_EH4_TransferToHandler@8  00435219 f   LIBCMT:exsup4.obj
 0001:00034232       @_EH4_GlobalUnwind2@8      00435232 f   LIBCMT:exsup4.obj
 0001:0003424b       @_EH4_LocalUnwind@16       0043524b f   LIBCMT:exsup4.obj
 0001:00034262       ___isa_available_init      00435262 f   LIBCMT:cpu_disp.obj
 0001:0003439b       _memcpy_s                  0043539b f   LIBCMT:memcpy_s.obj
 0001:0003441a       _wcscat_s                  0043541a f   LIBCMT:wcscat_s.obj
 0001:00034486       _wcscpy_s                  00435486 f   LIBCMT:wcscpy_s.obj
 0001:000344e2       _wcslen                    004354e2 f   LIBCMT:wcslen.obj
 0001:000344fb       _wcsncat_s                 004354fb f   LIBCMT:wcsncat_s.obj
 0001:000345c9       ___set_app_type            004355c9 f   LIBCMT:errmode.obj
 0001:000345d6       __set_error_mode           004355d6 f   LIBCMT:errmode.obj
 0001:00034616       __itow_s                   00435616 f   LIBCMT:xtows.obj
 0001:00034732       _setvbuf                   00435732 f   LIBCMT:setvbuf.obj
 0001:00034838       _fwprintf                  00435838 f   LIBCMT:fwprintf.obj
 0001:000348c9       __vswprintf_c_l            004358c9 f   LIBCMT:vswprnc.obj
 0001:000348f1       __vswprintf_helper         004358f1 f   LIBCMT:vswprnc.obj
 0001:000349ea       ___get_sigabrt             004359ea f   LIBCMT:winsig.obj
 0001:000349f7       __initp_misc_winsig        004359f7 f   LIBCMT:winsig.obj
 0001:00034a13       _raise                     00435a13 f   LIBCMT:winsig.obj
 0001:00034c04       ___crtMessageBoxW          00435c04 f   LIBCMT:crtmboxw.obj
 0001:00034de6       __FF_MSGBANNER             00435de6 f   LIBCMT:crt0msg.obj
 0001:00034e1f       __GET_RTERRMSG             00435e1f f   LIBCMT:crt0msg.obj
 0001:00034e43       __NMSG_WRITE               00435e43 f   LIBCMT:crt0msg.obj
 0001:00034ffe       __flsbuf                   00435ffe f   LIBCMT:_flsbuf.obj
 0001:0003514b       __output_l                 0043614b f   LIBCMT:output.obj
 0001:00035dbd       ___addlocaleref            00436dbd f   LIBCMT:localref.obj
 0001:00035e4d       ___freetlocinfo            00436e4d f   LIBCMT:localref.obj
 0001:00035fa7       ___removelocaleref         00436fa7 f   LIBCMT:localref.obj
 0001:00036042       ___updatetlocinfo          00437042 f   LIBCMT:localref.obj
 0001:000360be       __updatetlocinfoEx_nolock  004370be f   LIBCMT:localref.obj
 0001:00036109       ___initmbctable            00437109 f   LIBCMT:mbctype.obj
 0001:000363c4       ___updatetmbcinfo          004373c4 f   LIBCMT:mbctype.obj
 0001:00036469       __setmbcp                  00437469 f   LIBCMT:mbctype.obj
 0001:00036617       __setmbcp_nolock           00437617 f   LIBCMT:mbctype.obj
 0001:0003680c       __isctype_l                0043780c f   LIBCMT:isctype.obj
 0001:000368bb       __freefls@4                004378bb f   LIBCMT:tidtable.obj
 0001:000369f2       __getptd                   004379f2 f   LIBCMT:tidtable.obj
 0001:00036a0a       __getptd_noexit            00437a0a f   LIBCMT:tidtable.obj
 0001:00036a79       __initptd                  00437a79 f   LIBCMT:tidtable.obj
 0001:00036b2c       __mtinit                   00437b2c f   LIBCMT:tidtable.obj
 0001:00036ba2       __mtterm                   00437ba2 f   LIBCMT:tidtable.obj
 0001:00036bbf       __locterm                  00437bbf f   LIBCMT:wsetloca.obj
 0001:00036c11       __fcloseall                00437c11 f   LIBCMT:closeall.obj
 0001:00036cae       __lock                     00437cae f   LIBCMT:mlock.obj
 0001:00036ce2       __mtdeletelocks            00437ce2 f   LIBCMT:mlock.obj
 0001:00036d36       __mtinitlocknum            00437d36 f   LIBCMT:mlock.obj
 0001:00036ddd       __mtinitlocks              00437ddd f   LIBCMT:mlock.obj
 0001:00036e12       __unlock                   00437e12 f   LIBCMT:mlock.obj
 0001:00036e27       __calloc_crt               00437e27 f   LIBCMT:crtheap.obj
 0001:00036e71       __malloc_crt               00437e71 f   LIBCMT:crtheap.obj
 0001:00036eba       __realloc_crt              00437eba f   LIBCMT:crtheap.obj
 0001:00036f06       __recalloc_crt             00437f06 f   LIBCMT:crtheap.obj
 0001:00036f56       __commit                   00437f56 f   LIBCMT:commit.obj
 0001:0003703c       __write                    0043803c f   LIBCMT:write.obj
 0001:0003711e       __write_nolock             0043811e f   LIBCMT:write.obj
 0001:00037948       __ftbuf                    00438948 f   LIBCMT:_sftbuf.obj
 0001:00037979       __stbuf                    00438979 f   LIBCMT:_sftbuf.obj
 0001:00037a1f       __isleadbyte_l             00438a1f f i LIBCMT:_wctype.obj
 0001:00037a55       _isleadbyte                00438a55 f i LIBCMT:_wctype.obj
 0001:00037c4f       ___crtLCMapStringA         00438c4f f   LIBCMT:a_map.obj
 0001:00037c93       __freea                    00438c93 f i LIBCMT:a_map.obj
 0001:00037cb1       _strcpy_s                  00438cb1 f   LIBCMT:strcpy_s.obj
 0001:00038701       __Wcsftime_l               00439701 f   LIBCMT:wcsftime.obj
 0001:00038842       __heap_init                00439842 f   LIBCMT:heapinit.obj
 0001:00038857       __callnewh                 00439857 f   LIBCMT:handler.obj
 0001:0003887d       __initp_heap_handler       0043987d f   LIBCMT:handler.obj
 0001:0003888a       __VEC_memset               0043988a f   LIBCMT:p4_memset.obj
 0001:000389f4       __input_l                  004399f4 f   LIBCMT:input.obj
 0001:00039b10       __read                     0043ab10 f   LIBCMT:read.obj
 0001:00039c18       __read_nolock              0043ac18 f   LIBCMT:read.obj
 0001:0003a3a7       __getbuf                   0043b3a7 f   LIBCMT:_getbuf.obj
 0001:0003a3ed       __RTC_Initialize           0043b3ed f   LIBCMT:initsect.obj
 0001:0003a40d       __RTC_Terminate            0043b40d f   LIBCMT:initsect.obj
 0001:0003a42d       ___crtFlsAlloc             0043b42d f   LIBCMT:winapisupp.obj
 0001:0003a44b       ___crtFlsFree              0043b44b f   LIBCMT:winapisupp.obj
 0001:0003a46a       ___crtFlsGetValue          0043b46a f   LIBCMT:winapisupp.obj
 0001:0003a489       ___crtFlsSetValue          0043b489 f   LIBCMT:winapisupp.obj
 0001:0003a4ab       ___crtIsPackagedApp        0043b4ab f   LIBCMT:winapisupp.obj
 0001:0003a4e9       ___crtLoadWinApiPointers   0043b4e9 f   LIBCMT:winapisupp.obj
 0001:0003a728       ___crtSetUnhandledExceptionFilter 0043b728 f   LIBCMT:winapisupp.obj
 0001:0003a736       ___crtTerminateProcess     0043b736 f   LIBCMT:winapisupp.obj
 0001:0003a74b       ___crtUnhandledException   0043b74b f   LIBCMT:winapisupp.obj
 0001:0003a770       __FindPESection            0043b770 f   LIBCMT:pesect.obj
 0001:0003a7c0       __IsNonwritableInCurrentImage 0043b7c0 f   LIBCMT:pesect.obj
 0001:0003a880       __ValidateImageBase        0043b880 f   LIBCMT:pesect.obj
 0001:0003a8b1       ___onexitinit              0043b8b1 f   LIBCMT:onexit.obj
 0001:0003a8e0       __onexit                   0043b8e0 f   LIBCMT:onexit.obj
 0001:0003a9d6       _atexit                    0043b9d6 f   LIBCMT:onexit.obj
 0001:0003a9eb       __initp_misc_cfltcvt_tab   0043b9eb f   LIBCMT:cmiscdat.obj
 0001:0003aa0a       ?terminate@@YAXXZ          0043ba0a f   LIBCMT:hooks.obj
 0001:0003aa3e       __initp_eh_hooks           0043ba3e f   LIBCMT:hooks.obj
 0001:0003aa4f       __initp_misc_purevirt      0043ba4f f   LIBCMT:inithelp.obj
 0001:0003aa5c       __initp_misc_rand_s        0043ba5c f   LIBCMT:rand_s.obj
 0001:0003aa69       _strnlen                   0043ba69 f   LIBCMT:strlen_s.obj
 0001:0003aa84       ___wtomb_environ           0043ba84 f   LIBCMT:wtombenv.obj
 0001:0003ab11       __mbsnbicoll               0043bb11 f   LIBCMT:mbsnbico.obj
 0001:0003ab29       __mbsnbicoll_l             0043bb29 f   LIBCMT:mbsnbico.obj
 0001:0003abdd       __crt_debugger_hook        0043bbdd f   LIBCMT:dbghook.obj
 0001:0003abe5       __wremove                  0043bbe5 f   LIBCMT:wunlink.obj
 0001:0003ac20       __aulldiv                  0043bc20 f   LIBCMT:ulldiv.obj
 0001:0003ac88       ?__CxxUnhandledExceptionFilter@@YGJPAU_EXCEPTION_POINTERS@@@Z 0043bc88 f   LIBCMT:unhandld.obj
 0001:0003acc9       ___CxxSetUnhandledExceptionFilter 0043bcc9 f   LIBCMT:unhandld.obj
 0001:0003acd7       __XcptFilter               0043bcd7 f   LIBCMT:winxfltr.obj
 0001:0003ae32       __setargv                  0043be32 f   LIBCMT:stdargv.obj
 0001:0003b05f       __setenvp                  0043c05f f   LIBCMT:stdenvp.obj
 0001:0003b140       ___security_init_cookie    0043c140 f   LIBCMT:gs_support.obj
 0001:0003b1da       ___crtGetEnvironmentStringsA 0043c1da f   LIBCMT:a_env.obj
 0001:0003b265       ___lock_fhandle            0043c265 f   LIBCMT:osfinfo.obj
 0001:0003b2f1       __alloc_osfhnd             0043c2f1 f   LIBCMT:osfinfo.obj
 0001:0003b496       __free_osfhnd              0043c496 f   LIBCMT:osfinfo.obj
 0001:0003b51c       __get_osfhandle            0043c51c f   LIBCMT:osfinfo.obj
 0001:0003b583       __set_osfhnd               0043c583 f   LIBCMT:osfinfo.obj
 0001:0003b605       __unlock_fhandle           0043c605 f   LIBCMT:osfinfo.obj
 0001:0003b62b       __sopen_helper             0043c62b f   LIBCMT:open.obj
 0001:0003b6f2       __sopen_nolock             0043c6f2 f   LIBCMT:open.obj
 0001:0003b73e       __sopen_s                  0043c73e f   LIBCMT:open.obj
 0001:0003b75c       __mbsnbcmp                 0043c75c f   LIBCMT:mbsnbcmp.obj
 0001:0003b774       __mbsnbcmp_l               0043c774 f   LIBCMT:mbsnbcmp.obj
 0001:0003b889       __mbsnbicmp                0043c889 f   LIBCMT:mbsnbicm.obj
 0001:0003b8a1       __mbsnbicmp_l              0043c8a1 f   LIBCMT:mbsnbicm.obj
 0001:0003ba60       __global_unwind2           0043ca60 f   LIBCMT:exsup.obj
 0001:0003bac5       __local_unwind2            0043cac5 f   LIBCMT:exsup.obj
 0001:0003bb49       __abnormal_termination     0043cb49 f   LIBCMT:exsup.obj
 0001:0003bb6c       __NLG_Notify1              0043cb6c f   LIBCMT:exsup.obj
 0001:0003bb75       __NLG_Notify               0043cb75 f   LIBCMT:exsup.obj
 0001:0003bb8c       __NLG_Dispatch2            0043cb8c     LIBCMT:exsup.obj
 0001:0003bb8c       __NLG_Dispatch             0043cb8c     LIBCMT:exsup.obj
 0001:0003bb94       __NLG_Call                 0043cb94 f   LIBCMT:exsup.obj
 0001:0003bb96       __NLG_Return2              0043cb96     LIBCMT:exsup.obj
 0001:0003bb97       __woutput_l                0043cb97 f   LIBCMT:woutput.obj
 0001:0003c88e       _wcsncpy_s                 0043d88e f   LIBCMT:wcsncpy_s.obj
 0001:0003c94c       __isatty                   0043d94c f   LIBCMT:isatty.obj
 0001:0003c9a0       __lseeki64                 0043d9a0 f   LIBCMT:lseeki64.obj
 0001:0003ca9c       __lseeki64_nolock          0043da9c f   LIBCMT:lseeki64.obj
 0001:0003cb0d       __wctomb_s_l               0043db0d f   LIBCMT:wctomb.obj
 0001:0003cc2f       _wctomb_s                  0043dc2f f   LIBCMT:wctomb.obj
 0001:0003cc4a       ___free_lconv_mon          0043dc4a f   LIBCMT:initmon.obj
 0001:0003cd46       ___free_lconv_num          0043dd46 f   LIBCMT:initnum.obj
 0001:0003cdad       ___free_lc_time            0043ddad f   LIBCMT:inittime.obj
 0001:0003d219       ___crtGetStringTypeA       0043e219 f   LIBCMT:a_str.obj
 0001:0003d257       ____lc_codepage_func       0043e257 f   LIBCMT:initctyp.obj
 0001:0003d27d       _wcsnlen                   0043e27d f   LIBCMT:wcslen_s.obj
 0001:0003d29c       _GetTableIndexFromLocaleName 0043e29c f   LIBCMT:winapinls.obj
 0001:0003d2ea       ___crtCompareStringEx      0043e2ea f   LIBCMT:winapinls.obj
 0001:0003d336       ___crtDownlevelLocaleNameToLCID 0043e336 f   LIBCMT:winapinls.obj
 0001:0003d360       ___crtGetDateFormatEx      0043e360 f   LIBCMT:winapinls.obj
 0001:0003d3a9       ___crtGetTimeFormatEx      0043e3a9 f   LIBCMT:winapinls.obj
 0001:0003d3de       ___crtLCMapStringEx        0043e3de f   LIBCMT:winapinls.obj
 0001:0003d42a       ___wcsnicmp_ascii          0043e42a f   LIBCMT:winapinls.obj
 0001:0003d498       __recalloc                 0043e498 f   LIBCMT:recalloc.obj
 0001:0003d501       __calloc_impl              0043e501 f   LIBCMT:calloc_impl.obj
 0001:0003d57b       __mbtowc_l                 0043e57b f   LIBCMT:mbtowc.obj
 0001:0003d66e       _mbtowc                    0043e66e f   LIBCMT:mbtowc.obj
 0001:0003d686       __putwch_nolock            0043e686 f   LIBCMT:putwch.obj
 0001:0003d6c7       _iswctype                  0043e6c7 f   LIBCMT:iswctype.obj
 0001:0003d720       __alloca_probe_16          0043e720 f   LIBCMT:alloca16.obj
 0001:0003d736       __alloca_probe_8           0043e736     LIBCMT:alloca16.obj
 0001:0003d74c       __wcsicmp                  0043e74c f   LIBCMT:wcsicmp.obj
 0001:0003d7df       __wcsicmp_l                0043e7df f   LIBCMT:wcsicmp.obj
 0001:0003d8b8       ___tzset                   0043e8b8 f   LIBCMT:tzset.obj
 0001:0003dc3c       __mbstowcs_l_helper        0043ec3c f   LIBCMT:mbstowcs.obj
 0001:0003dd9b       __mbstowcs_s_l             0043ed9b f   LIBCMT:mbstowcs.obj
 0001:0003de77       ___daylight                0043ee77 f   LIBCMT:timeset.obj
 0001:0003de7d       ___dstbias                 0043ee7d f   LIBCMT:timeset.obj
 0001:0003de83       ___timezone                0043ee83 f   LIBCMT:timeset.obj
 0001:0003de89       ___tzname                  0043ee89 f   LIBCMT:timeset.obj
 0001:0003de8f       __get_daylight             0043ee8f f   LIBCMT:timeset.obj
 0001:0003deb9       __get_dstbias              0043eeb9 f   LIBCMT:timeset.obj
 0001:0003dee3       __get_timezone             0043eee3 f   LIBCMT:timeset.obj
 0001:0003df0d       __msize                    0043ef0d f   LIBCMT:msize.obj
 0001:0003df3e       __fptrap                   0043ef3e f   LIBCMT:crt0fp.obj
 0001:0003df47       _strncpy_s                 0043ef47 f   LIBCMT:strncpy_s.obj
 0001:0003dfeb       ___crtsetenv               0043efeb f   LIBCMT:setenv.obj
 0001:0003e2ec       __strnicoll_l              0043f2ec f   LIBCMT:strnicol.obj
 0001:0003e63a       ___crtCompareStringA       0043f63a f   LIBCMT:a_cmp.obj
 0001:0003e6d1       __ismbblead                0043f6d1 f   LIBCMT:ismbbyte.obj
 0001:0003e778       __wsopen_nolock            0043f778 f   LIBCMT:wopen.obj
 0001:0003eec9       __strnicmp                 0043fec9 f   LIBCMT:strnicmp.obj
 0001:0003eec9       _strnicmp                  0043fec9 f   LIBCMT:strnicmp.obj
 0001:0003ef34       __strnicmp_l               0043ff34 f   LIBCMT:strnicmp.obj
 0001:0003efe3       __fputwc_nolock            0043ffe3 f   LIBCMT:fputwc.obj
 0001:0003f168       ___termconout              00440168 f   LIBCMT:initcon.obj
 0001:0003f17f       ___initconout              0044017f f   LIBCMT:initcon.obj
 0001:0003f19e       __towlower_l               0044019e f   LIBCMT:towlower.obj
 0001:0003f250       __strdup                   00440250 f   LIBCMT:strdup.obj
 0001:0003f2a0       __mbschr                   004402a0 f   LIBCMT:mbschr.obj
 0001:0003f2b5       __mbschr_l                 004402b5 f   LIBCMT:mbschr.obj
 0001:0003f350       __chsize_nolock            00440350 f   LIBCMT:chsize.obj
 0001:0003f504       __get_fmode                00440504 f   LIBCMT:setmode.obj
 0001:0003f52e       __setmode_nolock           0044052e f   LIBCMT:setmode.obj
 0001:0003f600       ___ascii_strnicmp          00440600 f   LIBCMT:_strnicm.obj
 0001:0003f661       __flswbuf                  00440661 f   LIBCMT:_flswbuf.obj
 0001:0003f7c1       ___crtLCMapStringW         004407c1 f   LIBCMT:w_map.obj
 0001:0003f7f0       _IsProcessorFeaturePresent@4 004407f0 f   kernel32:KERNEL32.dll
 0001:0003f7f6       _RtlUnwind@16              004407f6 f   kernel32:KERNEL32.dll
 0001:0003f7fc       ___ascii_stricmp           004407fc f   LIBCMT:stricmp.obj
 0001:0003f835       __stricmp                  00440835 f   LIBCMT:stricmp.obj
 0001:0003f835       _stricmp                   00440835 f   LIBCMT:stricmp.obj
 0001:0003f87c       __stricmp_l                0044087c f   LIBCMT:stricmp.obj
 0002:00000000       __imp__RegCloseKey@4       00441000     advapi32:ADVAPI32.dll
 0002:00000004       __imp__RegOpenKeyA@12      00441004     advapi32:ADVAPI32.dll
 0002:00000008       __imp__RegQueryValueExA@24 00441008     advapi32:ADVAPI32.dll
 0002:0000000c       __imp__GetUserNameA@8      0044100c     advapi32:ADVAPI32.dll
 0002:00000010       __imp__CopySid@12          00441010     advapi32:ADVAPI32.dll
 0002:00000014       __imp__GetLengthSid@4      00441014     advapi32:ADVAPI32.dll
 0002:00000018       __imp__RegCreateKeyA@12    00441018     advapi32:ADVAPI32.dll
 0002:0000001c       __imp__RegSetValueExA@24   0044101c     advapi32:ADVAPI32.dll
 0002:00000020       \177ADVAPI32_NULL_THUNK_DATA 00441020     advapi32:ADVAPI32.dll
 0002:00000024       __imp__SetEndOfFile@4      00441024     kernel32:KERNEL32.dll
 0002:00000028       __imp__CreateFileW@28      00441028     kernel32:KERNEL32.dll
 0002:0000002c       __imp__SetEnvironmentVariableA@8 0044102c     kernel32:KERNEL32.dll
 0002:00000030       __imp__HeapSize@12         00441030     kernel32:KERNEL32.dll
 0002:00000034       __imp__GetTimeZoneInformation@4 00441034     kernel32:KERNEL32.dll
 0002:00000038       __imp__LCMapStringW@24     00441038     kernel32:KERNEL32.dll
 0002:0000003c       __imp__CompareStringW@24   0044103c     kernel32:KERNEL32.dll
 0002:00000040       __imp__GetTimeFormatW@24   00441040     kernel32:KERNEL32.dll
 0002:00000044       __imp__GetDateFormatW@24   00441044     kernel32:KERNEL32.dll
 0002:00000048       __imp__GetTickCount@0      00441048     kernel32:KERNEL32.dll
 0002:0000004c       __imp__GetStdHandle@4      0044104c     kernel32:KERNEL32.dll
 0002:00000050       __imp__ReadFile@20         00441050     kernel32:KERNEL32.dll
 0002:00000054       __imp__WriteFile@20        00441054     kernel32:KERNEL32.dll
 0002:00000058       __imp__GetConsoleMode@8    00441058     kernel32:KERNEL32.dll
 0002:0000005c       __imp__SetConsoleMode@8    0044105c     kernel32:KERNEL32.dll
 0002:00000060       __imp__FreeLibrary@4       00441060     kernel32:KERNEL32.dll
 0002:00000064       __imp__GetProcAddress@8    00441064     kernel32:KERNEL32.dll
 0002:00000068       __imp__LoadLibraryA@4      00441068     kernel32:KERNEL32.dll
 0002:0000006c       __imp__CloseHandle@4       0044106c     kernel32:KERNEL32.dll
 0002:00000070       __imp__GetLastError@0      00441070     kernel32:KERNEL32.dll
 0002:00000074       __imp__GetOverlappedResult@16 00441074     kernel32:KERNEL32.dll
 0002:00000078       __imp__SetEvent@4          00441078     kernel32:KERNEL32.dll
 0002:0000007c       __imp__WaitForSingleObject@8 0044107c     kernel32:KERNEL32.dll
 0002:00000080       __imp__CreateEventA@16     00441080     kernel32:KERNEL32.dll
 0002:00000084       __imp__CreateThread@24     00441084     kernel32:KERNEL32.dll
 0002:00000088       __imp__GetSystemDirectoryA@8 00441088     kernel32:KERNEL32.dll
 0002:0000008c       __imp__FormatMessageA@28   0044108c     kernel32:KERNEL32.dll
 0002:00000090       __imp__FindClose@4         00441090     kernel32:KERNEL32.dll
 0002:00000094       __imp__FindFirstFileA@8    00441094     kernel32:KERNEL32.dll
 0002:00000098       __imp__FindNextFileA@8     00441098     kernel32:KERNEL32.dll
 0002:0000009c       __imp__QueryPerformanceCounter@4 0044109c     kernel32:KERNEL32.dll
 0002:000000a0       __imp__GetProcessTimes@20  004410a0     kernel32:KERNEL32.dll
 0002:000000a4       __imp__GetCurrentProcess@0 004410a4     kernel32:KERNEL32.dll
 0002:000000a8       __imp__GetCurrentProcessId@0 004410a8     kernel32:KERNEL32.dll
 0002:000000ac       __imp__GetCurrentThread@0  004410ac     kernel32:KERNEL32.dll
 0002:000000b0       __imp__GetThreadTimes@20   004410b0     kernel32:KERNEL32.dll
 0002:000000b4       __imp__GetSystemTime@4     004410b4     kernel32:KERNEL32.dll
 0002:000000b8       __imp__GetSystemTimeAdjustment@12 004410b8     kernel32:KERNEL32.dll
 0002:000000bc       __imp__GetWindowsDirectoryA@8 004410bc     kernel32:KERNEL32.dll
 0002:000000c0       __imp__GlobalMemoryStatus@4 004410c0     kernel32:KERNEL32.dll
 0002:000000c4       __imp__GetCurrentThreadId@0 004410c4     kernel32:KERNEL32.dll
 0002:000000c8       __imp__OpenProcess@12      004410c8     kernel32:KERNEL32.dll
 0002:000000cc       __imp__MapViewOfFile@20    004410cc     kernel32:KERNEL32.dll
 0002:000000d0       __imp__UnmapViewOfFile@4   004410d0     kernel32:KERNEL32.dll
 0002:000000d4       __imp__LocalAlloc@8        004410d4     kernel32:KERNEL32.dll
 0002:000000d8       __imp__LocalFree@4         004410d8     kernel32:KERNEL32.dll
 0002:000000dc       __imp__CreateFileMappingA@24 004410dc     kernel32:KERNEL32.dll
 0002:000000e0       __imp__GetFileType@4       004410e0     kernel32:KERNEL32.dll
 0002:000000e4       __imp__SetHandleInformation@12 004410e4     kernel32:KERNEL32.dll
 0002:000000e8       __imp__CreatePipe@16       004410e8     kernel32:KERNEL32.dll
 0002:000000ec       __imp__CreateProcessA@40   004410ec     kernel32:KERNEL32.dll
 0002:000000f0       __imp__CreateFileA@28      004410f0     kernel32:KERNEL32.dll
 0002:000000f4       __imp__ClearCommBreak@4    004410f4     kernel32:KERNEL32.dll
 0002:000000f8       __imp__GetCommState@8      004410f8     kernel32:KERNEL32.dll
 0002:000000fc       __imp__SetCommBreak@4      004410fc     kernel32:KERNEL32.dll
 0002:00000100       __imp__SetCommState@8      00441100     kernel32:KERNEL32.dll
 0002:00000104       __imp__SetCommTimeouts@8   00441104     kernel32:KERNEL32.dll
 0002:00000108       __imp__GetEnvironmentVariableA@12 00441108     kernel32:KERNEL32.dll
 0002:0000010c       __imp__GetLocalTime@4      0044110c     kernel32:KERNEL32.dll
 0002:00000110       __imp__GetModuleFileNameW@12 00441110     kernel32:KERNEL32.dll
 0002:00000114       __imp__GetModuleHandleExW@12 00441114     kernel32:KERNEL32.dll
 0002:00000118       __imp__WriteConsoleW@20    00441118     kernel32:KERNEL32.dll
 0002:0000011c       __imp__EnterCriticalSection@4 0044111c     kernel32:KERNEL32.dll
 0002:00000120       __imp__LeaveCriticalSection@4 00441120     kernel32:KERNEL32.dll
 0002:00000124       __imp__MultiByteToWideChar@24 00441124     kernel32:KERNEL32.dll
 0002:00000128       __imp__WideCharToMultiByte@32 00441128     kernel32:KERNEL32.dll
 0002:0000012c       __imp__HeapFree@12         0044112c     kernel32:KERNEL32.dll
 0002:00000130       __imp__HeapAlloc@12        00441130     kernel32:KERNEL32.dll
 0002:00000134       __imp__HeapReAlloc@16      00441134     kernel32:KERNEL32.dll
 0002:00000138       __imp__IsProcessorFeaturePresent@4 00441138     kernel32:KERNEL32.dll
 0002:0000013c       __imp__EncodePointer@4     0044113c     kernel32:KERNEL32.dll
 0002:00000140       __imp__DecodePointer@4     00441140     kernel32:KERNEL32.dll
 0002:00000144       __imp__InterlockedDecrement@4 00441144     kernel32:KERNEL32.dll
 0002:00000148       __imp__ExitProcess@4       00441148     kernel32:KERNEL32.dll
 0002:0000014c       __imp__AreFileApisANSI@0   0044114c     kernel32:KERNEL32.dll
 0002:00000150       __imp__IsDebuggerPresent@0 00441150     kernel32:KERNEL32.dll
 0002:00000154       __imp__GetSystemTimeAsFileTime@4 00441154     kernel32:KERNEL32.dll
 0002:00000158       __imp__GetCommandLineA@0   00441158     kernel32:KERNEL32.dll
 0002:0000015c       __imp__InitializeCriticalSectionAndSpinCount@8 0044115c     kernel32:KERNEL32.dll
 0002:00000160       __imp__DeleteCriticalSection@4 00441160     kernel32:KERNEL32.dll
 0002:00000164       __imp__GetStartupInfoW@4   00441164     kernel32:KERNEL32.dll
 0002:00000168       __imp__RtlUnwind@16        00441168     kernel32:KERNEL32.dll
 0002:0000016c       __imp__OutputDebugStringW@4 0044116c     kernel32:KERNEL32.dll
 0002:00000170       __imp__LoadLibraryExW@12   00441170     kernel32:KERNEL32.dll
 0002:00000174       __imp__LoadLibraryW@4      00441174     kernel32:KERNEL32.dll
 0002:00000178       __imp__InterlockedIncrement@4 00441178     kernel32:KERNEL32.dll
 0002:0000017c       __imp__IsValidCodePage@4   0044117c     kernel32:KERNEL32.dll
 0002:00000180       __imp__GetACP@0            00441180     kernel32:KERNEL32.dll
 0002:00000184       __imp__GetOEMCP@0          00441184     kernel32:KERNEL32.dll
 0002:00000188       __imp__GetCPInfo@8         00441188     kernel32:KERNEL32.dll
 0002:0000018c       __imp__SetLastError@4      0044118c     kernel32:KERNEL32.dll
 0002:00000190       __imp__Sleep@4             00441190     kernel32:KERNEL32.dll
 0002:00000194       __imp__FlushFileBuffers@4  00441194     kernel32:KERNEL32.dll
 0002:00000198       __imp__GetConsoleCP@0      00441198     kernel32:KERNEL32.dll
 0002:0000019c       __imp__GetProcessHeap@0    0044119c     kernel32:KERNEL32.dll
 0002:000001a0       __imp__ReadConsoleW@20     004411a0     kernel32:KERNEL32.dll
 0002:000001a4       __imp__UnhandledExceptionFilter@4 004411a4     kernel32:KERNEL32.dll
 0002:000001a8       __imp__SetUnhandledExceptionFilter@4 004411a8     kernel32:KERNEL32.dll
 0002:000001ac       __imp__TerminateProcess@8  004411ac     kernel32:KERNEL32.dll
 0002:000001b0       __imp__TlsAlloc@0          004411b0     kernel32:KERNEL32.dll
 0002:000001b4       __imp__TlsGetValue@4       004411b4     kernel32:KERNEL32.dll
 0002:000001b8       __imp__TlsSetValue@8       004411b8     kernel32:KERNEL32.dll
 0002:000001bc       __imp__TlsFree@4           004411bc     kernel32:KERNEL32.dll
 0002:000001c0       __imp__GetModuleHandleW@4  004411c0     kernel32:KERNEL32.dll
 0002:000001c4       __imp__DeleteFileW@4       004411c4     kernel32:KERNEL32.dll
 0002:000001c8       __imp__GetModuleFileNameA@12 004411c8     kernel32:KERNEL32.dll
 0002:000001cc       __imp__GetEnvironmentStringsW@0 004411cc     kernel32:KERNEL32.dll
 0002:000001d0       __imp__FreeEnvironmentStringsW@4 004411d0     kernel32:KERNEL32.dll
 0002:000001d4       __imp__SetStdHandle@8      004411d4     kernel32:KERNEL32.dll
 0002:000001d8       __imp__SetFilePointerEx@20 004411d8     kernel32:KERNEL32.dll
 0002:000001dc       __imp__GetStringTypeW@16   004411dc     kernel32:KERNEL32.dll
 0002:000001e0       \177KERNEL32_NULL_THUNK_DATA 004411e0     kernel32:KERNEL32.dll
 0002:000001e4       __imp__MsgWaitForMultipleObjects@20 004411e4     user32:USER32.dll
 0002:000001e8       __imp__PeekMessageA@20     004411e8     user32:USER32.dll
 0002:000001ec       __imp__FindWindowA@8       004411ec     user32:USER32.dll
 0002:000001f0       __imp__SendMessageA@16     004411f0     user32:USER32.dll
 0002:000001f4       __imp__GetCursorPos@4      004411f4     user32:USER32.dll
 0002:000001f8       __imp__GetForegroundWindow@0 004411f8     user32:USER32.dll
 0002:000001fc       __imp__GetCapture@0        004411fc     user32:USER32.dll
 0002:00000200       __imp__GetQueueStatus@4    00441200     user32:USER32.dll
 0002:00000204       __imp__GetClipboardOwner@0 00441204     user32:USER32.dll
 0002:00000208       \177USER32_NULL_THUNK_DATA 00441208     user32:USER32.dll
 0002:0000020c       ___xc_a                    0044120c     LIBCMT:crt0init.obj
 0002:00000210       ___xc_z                    00441210     LIBCMT:crt0init.obj
 0002:00000214       ___xi_a                    00441214     LIBCMT:crt0init.obj
 0002:0000022c       ___xi_z                    0044122c     LIBCMT:crt0init.obj
 0002:00000230       ___xp_a                    00441230     LIBCMT:crt0init.obj
 0002:00000240       ___xp_z                    00441240     LIBCMT:crt0init.obj
 0002:00000244       ___xt_a                    00441244     LIBCMT:crt0init.obj
 0002:00000248       ___xt_z                    00441248     LIBCMT:crt0init.obj
 0002:00000250       _be_default_protocol       00441250     be_all_s.obj
 0002:00000254       _appname                   00441254     be_all_s.obj
 0002:00000258       ??_C@_05DHCCMBJA@PuTTY?$AA@ 00441258     be_all_s.obj
 0002:00000260       ??_C@_0CH@BBHEKEDE@option?5?$CC?$CFs?$CC?5not?5available?5in?5thi@ 00441260     cmdline.obj
 0002:00000288       ??_C@_05ICAMDKBJ@?9load?$AA@ 00441288     cmdline.obj
 0002:00000290       ??_C@_04ICJFNLID@?9ssh?$AA@ 00441290     cmdline.obj
 0002:00000298       ??_C@_07DKMEJCIF@?9telnet?$AA@ 00441298     cmdline.obj
 0002:000002a0       ??_C@_07PNIEMAJC@?9rlogin?$AA@ 004412a0     cmdline.obj
 0002:000002a8       ??_C@_04OINBMFGG@?9raw?$AA@ 004412a8     cmdline.obj
 0002:000002b0       ??_C@_07DIHGINNE@?9serial?$AA@ 004412b0     cmdline.obj
 0002:000002b8       ??_C@_02EJEOCNCO@?9v?$AA@  004412b8     cmdline.obj
 0002:000002bc       ??_C@_02PJGDNHPF@?9l?$AA@  004412bc     cmdline.obj
 0002:000002c0       ??_C@_08FCOAIJJN@?9loghost?$AA@ 004412c0     cmdline.obj
 0002:000002cc       ??_C@_02GMOHPDFH@?9L?$AA@  004412cc     cmdline.obj
 0002:000002d0       ??_C@_02LIKGMMII@?9R?$AA@  004412d0     cmdline.obj
 0002:000002d4       ??_C@_02KEDOHJFP@?9D?$AA@  004412d4     cmdline.obj
 0002:000002d8       ??_C@_0DA@NDNLCDCP@?9?$CFc?5expects?5at?5least?5two?5colons?5@ 004412d8     cmdline.obj
 0002:00000308       ??_C@_06JHCNKDE@?$CFc?$CF?4?$CKs?$AA@ 00441308     cmdline.obj
 0002:00000310       ??_C@_03DFONGJFI@L?$CFs?$AA@ 00441310     cmdline.obj
 0002:00000314       ??_C@_01CKDDGHAB@D?$AA@    00441314     cmdline.obj
 0002:00000318       ??_C@_03IAHKIJEO@?9nc?$AA@ 00441318     cmdline.obj
 0002:0000031c       ??_C@_0CJ@EADAEIPK@?9nc?5expects?5argument?5of?5form?5?8ho@ 0044131c     cmdline.obj
 0002:00000348       ??_C@_04EBNJJJJI@?$CF?4?$CKs?$AA@ 00441348     cmdline.obj
 0002:00000350       ??_C@_02OAHIOGLE@?9m?$AA@  00441350     cmdline.obj
 0002:00000354       ??_C@_01KDCPPGHE@r?$AA@    00441354     cmdline.obj
 0002:00000358       ??_C@_0CB@LNEDGKNN@unable?5to?5open?5command?5file?5?$CC?$CFs?$CC@ 00441358     cmdline.obj
 0002:00000379       ??_C@_00CNPNBAHC@?$AA@     00441379     cmdline.obj
 0002:0000037c       ??_C@_02IKJAKOAK@?9P?$AA@  0044137c     cmdline.obj
 0002:00000380       ??_C@_03LIGMNAGB@?9pw?$AA@ 00441380     cmdline.obj
 0002:00000384       ??_C@_0DG@HOAILDLM@the?5?9pw?5option?5can?5only?5be?5used?5@ 00441384     cmdline.obj
 0002:000003bc       ??_C@_06CBKBFCJG@?9agent?$AA@ 004413bc     cmdline.obj
 0002:000003c4       ??_C@_07PJJOKNHB@?9pagent?$AA@ 004413c4     cmdline.obj
 0002:000003cc       ??_C@_08CFHKFFAF@?9pageant?$AA@ 004413cc     cmdline.obj
 0002:000003d8       ??_C@_08DPIPCKGL@?9noagent?$AA@ 004413d8     cmdline.obj
 0002:000003e4       ??_C@_09DKIMANKI@?9nopagent?$AA@ 004413e4     cmdline.obj
 0002:000003f0       ??_C@_0L@NKLGCNNF@?9nopageant?$AA@ 004413f0     cmdline.obj
 0002:000003fc       ??_C@_02NJEJINBK@?9A?$AA@  004413fc     cmdline.obj
 0002:00000400       ??_C@_02EMMNKJLI@?9a?$AA@  00441400     cmdline.obj
 0002:00000404       ??_C@_02ECEJCEAC@?9X?$AA@  00441404     cmdline.obj
 0002:00000408       ??_C@_02NHMNAAKA@?9x?$AA@  00441408     cmdline.obj
 0002:0000040c       ??_C@_02HLHIEPKM@?9t?$AA@  0044140c     cmdline.obj
 0002:00000410       ??_C@_02OOPMGLAO@?9T?$AA@  00441410     cmdline.obj
 0002:00000414       ??_C@_02FONBJBNF@?9N?$AA@  00441414     cmdline.obj
 0002:00000418       ??_C@_02OLHPOPJI@?9C?$AA@  00441418     cmdline.obj
 0002:0000041c       ??_C@_02PGHGPEOM@?91?$AA@  0044141c     cmdline.obj
 0002:00000420       ??_C@_02NNFLKHCP@?92?$AA@  00441420     cmdline.obj
 0002:00000424       ??_C@_02IEBECDLA@?9i?$AA@  00441424     cmdline.obj
 0002:00000428       ??_C@_02ILABAAKJ@?94?$AA@  00441428     cmdline.obj
 0002:0000042c       ??_C@_05OBEEBKAB@?9ipv4?$AA@ 0044142c     cmdline.obj
 0002:00000434       ??_C@_02LJDHGCCL@?96?$AA@  00441434     cmdline.obj
 0002:00000438       ??_C@_05NDHCHIID@?9ipv6?$AA@ 00441438     cmdline.obj
 0002:00000440       ??_C@_07LBHAKCPO@?9sercfg?$AA@ 00441440     cmdline.obj
 0002:00000448       ??_C@_0DN@IIMHHOGI@the?5?9sercfg?5option?5can?5only?5be?5u@ 00441448     cmdline.obj
 0002:00000488       ??_C@_0CE@OGBPPBHP@Unrecognised?5suboption?5?$CC?9sercfg?5@ 00441488     cmdline.obj
 0002:000004ac       ??_C@_03GMOBGHL@1?45?$AA@  004414ac     cmdline.obj
 0002:000004b0       ??_C@_0CE@PKDJFCAP@Unrecognised?5suboption?5?$CC?9sercfg?5@ 004414b0     cmdline.obj
 0002:000004d4       ??_C@_1BE@LPNLDGNE@?$AA?4?$AA?4?$AA?2?$AAc?$AAo?$AAn?$AAf?$AA?4?$AAc?$AA?$AA@ 004414d4     conf.obj
 0002:000004e8       ??_C@_1CE@CCKFHKHB@?$AAo?$AAl?$AAd?$AAe?$AAn?$AAt?$AAr?$AAy?$AA?5?$AA?$DN?$AA?$DN?$AA?5?$AAe?$AAn?$AAt?$AAr?$AAy?$AA?$AA@ 004414e8     conf.obj
 0002:00000510       ??_C@_1EE@EEKAMFKN@?$AAs?$AAu?$AAb?$AAk?$AAe?$AAy?$AAt?$AAy?$AAp?$AAe?$AAs?$AA?$FL?$AAp?$AAr?$AAi?$AAm?$AAa?$AAr?$AAy?$AA?$FN?$AA?5?$AA?$DN?$AA?$DN?$AA?5?$AAT?$AAY?$AAP?$AAE?$AA_?$AAN?$AAO?$AAN@ 00441510     conf.obj
 0002:00000558       ??_C@_1EA@EHPHCNLC@?$AAv?$AAa?$AAl?$AAu?$AAe?$AAt?$AAy?$AAp?$AAe?$AAs?$AA?$FL?$AAp?$AAr?$AAi?$AAm?$AAa?$AAr?$AAy?$AA?$FN?$AA?5?$AA?$DN?$AA?$DN?$AA?5?$AAT?$AAY?$AAP?$AAE?$AA_?$AAI?$AAN?$AAT?$AA?$AA@ 00441558     conf.obj
 0002:00000598       ??_C@_1M@IDDCMKPN@?$AAe?$AAn?$AAt?$AAr?$AAy?$AA?$AA@ 00441598     conf.obj
 0002:000005a8       ??_C@_1EC@EKCJNHGB@?$AAs?$AAu?$AAb?$AAk?$AAe?$AAy?$AAt?$AAy?$AAp?$AAe?$AAs?$AA?$FL?$AAp?$AAr?$AAi?$AAm?$AAa?$AAr?$AAy?$AA?$FN?$AA?5?$AA?$DN?$AA?$DN?$AA?5?$AAT?$AAY?$AAP?$AAE?$AA_?$AAI?$AAN?$AAT@ 004415a8     conf.obj
 0002:000005f0       ??_C@_1EA@CNKKHOHA@?$AAv?$AAa?$AAl?$AAu?$AAe?$AAt?$AAy?$AAp?$AAe?$AAs?$AA?$FL?$AAp?$AAr?$AAi?$AAm?$AAa?$AAr?$AAy?$AA?$FN?$AA?5?$AA?$DN?$AA?$DN?$AA?5?$AAT?$AAY?$AAP?$AAE?$AA_?$AAS?$AAT?$AAR?$AA?$AA@ 004415f0     conf.obj
 0002:00000630       ??_C@_1EC@CAHEIEKD@?$AAs?$AAu?$AAb?$AAk?$AAe?$AAy?$AAt?$AAy?$AAp?$AAe?$AAs?$AA?$FL?$AAp?$AAr?$AAi?$AAm?$AAa?$AAr?$AAy?$AA?$FN?$AA?5?$AA?$DN?$AA?$DN?$AA?5?$AAT?$AAY?$AAP?$AAE?$AA_?$AAS?$AAT?$AAR@ 00441630     conf.obj
 0002:00000678       ??_C@_1EK@BFKJCCO@?$AAv?$AAa?$AAl?$AAu?$AAe?$AAt?$AAy?$AAp?$AAe?$AAs?$AA?$FL?$AAp?$AAr?$AAi?$AAm?$AAa?$AAr?$AAy?$AA?$FN?$AA?5?$AA?$DN?$AA?$DN?$AA?5?$AAT?$AAY?$AAP?$AAE?$AA_?$AAF?$AAI?$AAL?$AAE@ 00441678     conf.obj
 0002:000006c8       ??_C@_1EC@EIKPDFKD@?$AAv?$AAa?$AAl?$AAu?$AAe?$AAt?$AAy?$AAp?$AAe?$AAs?$AA?$FL?$AAp?$AAr?$AAi?$AAm?$AAa?$AAr?$AAy?$AA?$FN?$AA?5?$AA?$DN?$AA?$DN?$AA?5?$AAT?$AAY?$AAP?$AAE?$AA_?$AAF?$AAO?$AAN?$AAT@ 004416c8     conf.obj
 0002:0000070c       ??_C@_0DI@KPPHJCFH@Proxy?5error?3?5SOCKS?5proxy?5wants?5a@ 0044170c     cproxy.obj
 0002:00000744       ??_C@_0DG@GODOGCME@Proxy?5error?3?5SOCKS?5proxy?5won?8t?5n@ 00441744     cproxy.obj
 0002:0000077c       ??_C@_0DF@CKPHGFEO@Proxy?5error?3?5SOCKS?5proxy?5refused@ 0044177c     cproxy.obj
 0002:000007b8       ??_C@_0EO@DJFMIEOP@Proxy?5error?3?5Server?5chose?5CHAP?5o@ 004417b8     cproxy.obj
 0002:00000808       ??_C@_0EG@HFGGNNBB@Proxy?5error?3?5Server?5chose?5CHAP?5a@ 00441808     cproxy.obj
 0002:00000850       ??_C@_06ICFIJHPL@?$DM?$CF02X?$DO?$AA@ 00441850     ldisc.obj
 0002:00000858       ??_C@_03OLJLMEOE@?$AI?5?$AI?$AA@ 00441858     ldisc.obj
 0002:0000085c       ??_C@_04CNMNMFLI@?$FOR?$AN?6?$AA@ 0044185c     ldisc.obj
 0002:00000864       ??_C@_02PCIJFNDE@?$AN?6?$AA@ 00441864     ldisc.obj
 0002:00000868       ??_C@_01LIIJDEN@?$AN?$AA@  00441868     ldisc.obj
 0002:0000086c       ??_C@_1BK@NLGMELOF@?$AA?4?$AA?4?$AA?2?$AAl?$AAo?$AAg?$AAg?$AAi?$AAn?$AAg?$AA?4?$AAc?$AA?$AA@ 0044186c     logging.obj
 0002:00000888       ??_C@_1BE@DNNDFKKD@?$AAc?$AAt?$AAx?$AA?9?$AA?$DO?$AAl?$AAg?$AAf?$AAp?$AA?$AA@ 00441888     logging.obj
 0002:0000089c       ??_C@_0DI@LDOGMIFP@Disabled?5writing?5session?5log?5due@ 0044189c     logging.obj
 0002:000008d4       ??_C@_02BOGAIONP@ab?$AA@   004418d4     logging.obj
 0002:000008d8       ??_C@_02GMLFBBN@wb?$AA@    004418d8     logging.obj
 0002:000008dc       ??_C@_0BC@CCPCBAML@?$CFY?4?$CFm?4?$CFd?5?$CFH?3?$CFM?3?$CFS?$AA@ 004418dc     logging.obj
 0002:000008f0       ??_C@_0DP@OEIPDIOF@?$DN?$HO?$DN?$HO?$DN?$HO?$DN?$HO?$DN?$HO?$DN?$HO?$DN?$HO?$DN?$HO?$DN?$HO?$DN?$HO?$DN?$HO?$DN?5PuTTY?5lo@ 004418f0     logging.obj
 0002:00000930       ??_C@_05CCNLIHFO@ASCII?$AA@ 00441930     logging.obj
 0002:00000938       ??_C@_03DGOGAGNC@raw?$AA@  00441938     logging.obj
 0002:0000093c       ??_C@_0M@JLAOMPFP@SSH?5packets?$AA@ 0044193c     logging.obj
 0002:00000948       ??_C@_0N@LJOKCA@SSH?5raw?5data?$AA@ 00441948     logging.obj
 0002:00000958       ??_C@_07CIFAGBMG@unknown?$AA@ 00441958     logging.obj
 0002:00000960       ??_C@_0BB@BCAOKBDA@Disabled?5writing?$AA@ 00441960     logging.obj
 0002:00000974       ??_C@_0O@JKPGJOCN@Error?5writing?$AA@ 00441974     logging.obj
 0002:00000984       ??_C@_09JIOHNGHE@Appending?$AA@ 00441984     logging.obj
 0002:00000990       ??_C@_0M@NPLMCGEG@Writing?5new?$AA@ 00441990     logging.obj
 0002:0000099c       ??_C@_0CF@BIBDBDMF@?$CFs?5session?5log?5?$CI?$CFs?5mode?$CJ?5to?5file@ 0044199c     logging.obj
 0002:000009c4       ??_C@_1DA@DBJCFJHK@?$AAc?$AAt?$AAx?$AA?9?$AA?$DO?$AAs?$AAt?$AAa?$AAt?$AAe?$AA?5?$AA?$CB?$AA?$DN?$AA?5?$AAL?$AA_?$AAO?$AAP?$AAE?$AAN?$AAI?$AAN?$AAG?$AA?$AA@ 004419c4     logging.obj
 0002:000009f4       ??_C@_03OFAPEBGM@?$CFs?6?$AA@ 004419f4     logging.obj
 0002:000009f8       ??_C@_0BA@GKCPLIOC@Event?5Log?3?5?$CFs?$AN?6?$AA@ 004419f8     logging.obj
 0002:00000a08       ??_C@_08KCCDBHEM@Incoming?$AA@ 00441a08     logging.obj
 0002:00000a14       ??_C@_08MEACDAPG@Outgoing?$AA@ 00441a14     logging.obj
 0002:00000a20       ??_C@_0CK@HBBLBIKA@?$CFs?5packet?5?$CD0x?$CFlx?0?5type?5?$CFd?5?1?50x?$CF0@ 00441a20     logging.obj
 0002:00000a4c       ??_C@_0CC@NKFFFGAE@?$CFs?5packet?5type?5?$CFd?5?1?50x?$CF02x?5?$CI?$CFs?$CJ?$AN@ 00441a4c     logging.obj
 0002:00000a70       ??_C@_0BC@LGPAMIPH@?$CFY?9?$CFm?9?$CFd?5?$CFH?3?$CFM?3?$CFS?$AA@ 00441a70     logging.obj
 0002:00000a84       ??_C@_0BE@DONOENMC@?$CFs?5raw?5data?5at?5?$CFs?$AN?6?$AA@ 00441a84     logging.obj
 0002:00000a98       ??_C@_01LKDEMHDF@s?$AA@    00441a98     logging.obj
 0002:00000a9c       ??_C@_0BI@DLCCOJEF@?5?5?$CI?$CFd?5byte?$CFs?5omitted?$CJ?$AN?6?$AA@ 00441a9c     logging.obj
 0002:00000ab4       ??_C@_0M@EDMAGEPG@?5?5?$CF08x?$CF?$CKs?$AN?6?$AA@ 00441ab4     logging.obj
 0002:00000ac0       ??_C@_02BAHDIOLJ@XX?$AA@   00441ac0     logging.obj
 0002:00000ac4       ??_C@_04NOJCDH@?$CF02x?$AA@ 00441ac4     logging.obj
 0002:00000acc       ??_C@_02FFEBEEPL@?$CFY?$AA@ 00441acc     logging.obj
 0002:00000ad0       ??_C@_02OOGLLHAM@?$CFm?$AA@ 00441ad0     logging.obj
 0002:00000ad4       ??_C@_02DPKJAMEF@?$CFd?$AA@ 00441ad4     logging.obj
 0002:00000ad8       ??_C@_06NDFCBELD@?$CFH?$CFM?$CFS?$AA@ 00441ad8     logging.obj
 0002:00000b24       ??_C@_1BE@BMNMCII@?$AA?4?$AA?4?$AA?2?$AAm?$AAi?$AAs?$AAc?$AA?4?$AAc?$AA?$AA@ 00441b24     misc.obj
 0002:00000b38       ??_C@_1CM@MFBGKCEF@?$AAc?$AAh?$AA?9?$AA?$DO?$AAb?$AAu?$AAf?$AAf?$AAe?$AAr?$AAs?$AAi?$AAz?$AAe?$AA?5?$AA?$DO?$AA?$DN?$AA?5?$AAl?$AAe?$AAn?$AA?$AA@ 00441b38     misc.obj
 0002:00000b64       ??_C@_1CC@FNDPGLGN@?$AAc?$AAh?$AA?9?$AA?$DO?$AAh?$AAe?$AAa?$AAd?$AA?5?$AA?$CB?$AA?$DN?$AA?5?$AAN?$AAU?$AAL?$AAL?$AA?$AA@ 00441b64     misc.obj
 0002:00000b88       ??_C@_1BI@DJGBLBGG@?$AAt?$AAm?$AAp?$AA?5?$AA?$CB?$AA?$DN?$AA?5?$AAN?$AAU?$AAL?$AAL?$AA?$AA@ 00441b88     misc.obj
 0002:00000ba0       ??_C@_0P@MCKMEEL@Out?5of?5memory?$CB?$AA@ 00441ba0     misc.obj
 0002:00000bb0       _GSS_MECH_KRB5             00441bb0     pgssapi.obj
 0002:00000bec       ??_C@_0L@ILDJNAMO@?$CK?$IGH?$IG?w?$BC?$AB?$AC?$AB?$AB?$AA@ 00441bec     pgssapi.obj
 0002:00000bf8       ??_C@_0L@KABEIDAN@?$CK?$IGH?$IG?w?$BC?$AB?$AC?$AB?$AC?$AA@ 00441bf8     pgssapi.obj
 0002:00000c04       ??_C@_0L@LJAPLCEM@?$CK?$IGH?$IG?w?$BC?$AB?$AC?$AB?$AD?$AA@ 00441c04     pgssapi.obj
 0002:00000c10       ??_C@_06EFHFGJEI@?$CL?$AG?$AB?$AF?$AG?$AC?$AA@ 00441c10     pgssapi.obj
 0002:00000c18       ??_C@_0L@PGEOCEIL@?$CK?$IGH?$IG?w?$BC?$AB?$AC?$AB?$AE?$AA@ 00441c18     pgssapi.obj
 0002:00000c24       ??_C@_06FMGOFIAJ@?$CL?$AG?$AB?$AF?$AG?$AD?$AA@ 00441c24     pgssapi.obj
 0002:00000c2c       ??_C@_06BDCPMOMO@?$CL?$AG?$AB?$AF?$AG?$AE?$AA@ 00441c2c     pgssapi.obj
 0002:00000c34       ??_C@_09NLECEHAP@?$CK?$IGH?$IG?w?$BC?$AB?$AC?$AC?$AA@ 00441c34     pgssapi.obj
 0002:00000c7c       ??_C@_0M@PCENNPGA@?$CFd?4?$CFd?4?$CFd?4?$CFd?$AA@ 00441c7c     portfwd.obj
 0002:00000c88       ??_C@_0L@FNHHKHJK@forwarding?$AA@ 00441c88     portfwd.obj
 0002:00000cd0       ??_C@_0CC@CHIEJHHN@Proxy?5error?3?5Unknown?5proxy?5metho@ 00441cd0     proxy.obj
 0002:00000cf4       ??_C@_0CP@GFIKKOPL@Proxy?5error?3?5Unable?5to?5resolve?5p@ 00441cf4     proxy.obj
 0002:00000d24       ??_C@_0CG@CPJGCIDJ@CONNECT?5?$CFs?3?$CFi?5HTTP?11?41?$AN?6Host?3?5?$CFs@ 00441d24     proxy.obj
 0002:00000d4c       ??_C@_05CCMOGDN@?$CFs?3?$CFs?$AA@ 00441d4c     proxy.obj
 0002:00000d54       ??_C@_0BM@FIOMLIMJ@Proxy?9Authorization?3?5Basic?5?$AA@ 00441d54     proxy.obj
 0002:00000d70       ??_C@_1BG@FDDNKKLG@?$AA?4?$AA?4?$AA?2?$AAp?$AAr?$AAo?$AAx?$AAy?$AA?4?$AAc?$AA?$AA@ 00441d70     proxy.obj
 0002:00000d88       ??_C@_1BA@GMKHALLP@?$AAl?$AAe?$AAn?$AA?5?$AA?$DO?$AA?5?$AA0?$AA?$AA@ 00441d88     proxy.obj
 0002:00000d98       ??_C@_0O@FCMLAEAK@HTTP?1?$CFi?4?$CFi?5?$CFn?$AA@ 00441d98     proxy.obj
 0002:00000da8       ??_C@_0CG@DCGPPIJD@Proxy?5error?3?5HTTP?5response?5was?5a@ 00441da8     proxy.obj
 0002:00000dd0       ??_C@_0BA@DNMLDEBM@Proxy?5error?3?5?$CFs?$AA@ 00441dd0     proxy.obj
 0002:00000de0       ??_C@_0CE@BIHKCDIA@Proxy?5error?3?5unexpected?5proxy?5er@ 00441de0     proxy.obj
 0002:00000e04       ??_C@_0DD@NJPCDHJC@Proxy?5error?3?5SOCKS?5version?54?5doe@ 00441e04     proxy.obj
 0002:00000e38       ??_C@_1CM@KOPDEFCN@?$AAt?$AAy?$AAp?$AAe?$AA?5?$AA?$DN?$AA?$DN?$AA?5?$AAA?$AAD?$AAD?$AAR?$AAT?$AAY?$AAP?$AAE?$AA_?$AAN?$AAA?$AAM?$AAE?$AA?$AA@ 00441e38     proxy.obj
 0002:00000e68       ??_C@_0EG@HCDALBAJ@Proxy?5error?3?5SOCKS?5proxy?5respond@ 00441e68     proxy.obj
 0002:00000eb0       ??_C@_0DC@EMGNIPAC@Proxy?5error?3?5SOCKS?5server?5wanted@ 00441eb0     proxy.obj
 0002:00000ee4       ??_C@_0DH@PKGOJMHG@Proxy?5error?3?5Username?5and?5IDENTD@ 00441ee4     proxy.obj
 0002:00000f1c       ??_C@_0DC@DJNHKOKE@Proxy?5error?3?5Error?5while?5communi@ 00441f1c     proxy.obj
 0002:00000f50       ??_C@_0DF@FODBGJHO@Proxy?5error?3?5SOCKS?5proxy?5returne@ 00441f50     proxy.obj
 0002:00000f88       ??_C@_0DL@NOOPLEPN@Proxy?5error?3?5SOCKS?5proxy?5did?5not@ 00441f88     proxy.obj
 0002:00000fc8       ??_C@_0EK@FGDFPEDC@Proxy?5error?3?5SOCKS?5password?5subn@ 00441fc8     proxy.obj
 0002:00001014       ??_C@_0DJ@PIHELBJP@Proxy?5error?3?5SOCKS?5proxy?5refused@ 00442014     proxy.obj
 0002:00001050       ??_C@_0DH@KDJCAPLN@Proxy?5error?3?5SOCKS?5proxy?5returne@ 00442050     proxy.obj
 0002:00001088       ??_C@_0O@IGFHOHCM@Proxy?5error?3?5?$AA@ 00442088     proxy.obj
 0002:00001098       ??_C@_0BN@PBCHBBPC@General?5SOCKS?5server?5failure?$AA@ 00442098     proxy.obj
 0002:000010b8       ??_C@_0CC@JOGFEKLK@Connection?5not?5allowed?5by?5rulese@ 004420b8     proxy.obj
 0002:000010dc       ??_C@_0BE@BCKBHKGP@Network?5unreachable?$AA@ 004420dc     proxy.obj
 0002:000010f0       ??_C@_0BB@BJPAGEMG@Host?5unreachable?$AA@ 004420f0     proxy.obj
 0002:00001104       ??_C@_0BD@NPDMPPFP@Connection?5refused?$AA@ 00442104     proxy.obj
 0002:00001118       ??_C@_0M@CDHAHENJ@TTL?5expired?$AA@ 00442118     proxy.obj
 0002:00001124       ??_C@_0BG@OIMEHCDM@Command?5not?5supported?$AA@ 00442124     proxy.obj
 0002:0000113c       ??_C@_0BL@DHAHNDBK@Address?5type?5not?5supported?$AA@ 0044213c     proxy.obj
 0002:00001158       ??_C@_0CB@OKKMDHPE@Unrecognised?5SOCKS?5error?5code?5?$CFd@ 00442158     proxy.obj
 0002:0000117c       ??_C@_0DO@BMJANFCJ@Proxy?5error?3?5SOCKS?5proxy?5returne@ 0044217c     proxy.obj
 0002:000011bc       ??_C@_0DE@KPEONOBG@Proxy?5error?3?5We?5don?8t?5support?5GS@ 004421bc     proxy.obj
 0002:000011f0       ??_C@_0FD@HKOFFKHP@Proxy?5error?3?5Server?5chose?5userna@ 004421f0     proxy.obj
 0002:00001244       ??_C@_0CE@BKJPCPBI@Proxy?5error?3?5Unexpected?5proxy?5er@ 00442244     proxy.obj
 0002:00001268       ??_C@_04OODOLJMA@host?$AA@ 00442268     proxy.obj
 0002:00001270       ??_C@_04LPGMAPLE@port?$AA@ 00442270     proxy.obj
 0002:00001278       ??_C@_02IKAHHCAI@?$CFi?$AA@ 00442278     proxy.obj
 0002:0000127c       ??_C@_04CCHAHKJA@user?$AA@ 0044227c     proxy.obj
 0002:00001284       ??_C@_04BBDAIEHH@pass?$AA@ 00442284     proxy.obj
 0002:0000128c       ??_C@_09BJOLDIDC@proxyhost?$AA@ 0044228c     proxy.obj
 0002:00001298       ??_C@_09EILJIOEG@proxyport?$AA@ 00442298     proxy.obj
 0002:000012b8       ??_C@_0BJ@PAKDEFEF@Connecting?5to?5?$CFs?5port?5?$CFd?$AA@ 004422b8     raw.obj
[...]
 0002:000092c8       _ssh_blowfish_ssh2_ctr     0044a2c8     sshblowf.obj
 0002:000092f4       _blowfish_list             0044a2f4     sshblowf.obj
 0002:00009300       _parray                    0044a300     sshblowf.obj
 0002:00009348       _sbox0                     0044a348     sshblowf.obj
 0002:00009748       _sbox1                     0044a748     sshblowf.obj
 0002:00009b48       _sbox2                     0044ab48     sshblowf.obj
 0002:00009f48       _sbox3                     0044af48     sshblowf.obj
 0002:0000a418       _crc32_table               0044b418     sshcrc.obj
 0002:0000a910       _ssh_3des_ssh2             0044b910     sshdes.obj
 0002:0000a93c       _ssh_3des_ssh2_ctr         0044b93c     sshdes.obj
 0002:0000a968       _ssh_des_ssh2              0044b968     sshdes.obj
 0002:0000a994       _ssh_des_sshcom_ssh2       0044b994     sshdes.obj
 0002:0000a9c0       _des3_list                 0044b9c0     sshdes.obj
 0002:0000a9c8       _des_list                  0044b9c8     sshdes.obj
 0002:0000a9d0       ?PC1_Cbits@?1??des_key_setup@@9@9 0044b9d0     sshdes.obj
 0002:0000aa40       ?PC1_Dbits@?1??des_key_setup@@9@9 0044ba40     sshdes.obj
 0002:0000aab0       ?PC2_0246@?1??des_key_setup@@9@9 0044bab0     sshdes.obj
 0002:0000ab30       ?PC2_1357@?1??des_key_setup@@9@9 0044bb30     sshdes.obj
 0002:0000abb0       ?leftshifts@?1??des_key_setup@@9@9 0044bbb0     sshdes.obj
 0002:0000abf0       _SPboxes                   0044bbf0     sshdes.obj
 0002:0000b4a0       _P1                        0044c4a0     sshdh.obj
 0002:0000b520       _P14                       0044c520     sshdh.obj
 0002:0000b620       _G                         0044c620     sshdh.obj
 0002:0000b624       _ssh_diffiehellman_group1_sha1 0044c624     sshdh.obj
 0002:0000b644       _group1_list               0044c644     sshdh.obj
 0002:0000b648       _ssh_diffiehellman_group14_sha1 0044c648     sshdh.obj
 0002:0000b668       _group14_list              0044c668     sshdh.obj
 0002:0000b66c       _ssh_diffiehellman_gex_sha256 0044c66c     sshdh.obj
 0002:0000b68c       _ssh_diffiehellman_gex_sha1 0044c68c     sshdh.obj
 0002:0000b6ac       _gex_list                  0044c6ac     sshdh.obj
 0002:0000b780       ?hex@?1??dss_fmtkey@@9@9   0044c780     sshdss.obj
 0002:0000bb4c       ?hex@?1??rsastr_fmt@@9@9   0044cb4c     sshrsa.obj
 0002:0000bba0       _asn1_weird_stuff          0044cba0     sshrsa.obj
 0002:0000bbb0       _ssh_rsa_kex_sha1          0044cbb0     sshrsa.obj
 0002:0000bbd0       _ssh_rsa_kex_sha256        0044cbd0     sshrsa.obj
 0002:0000bbf0       _rsa_kex_list              0044cbf0     sshrsa.obj
 0002:0000bda0       ?k@?1??SHA256_Block@@9@9   0044cda0     sshsh256.obj
 0002:0000bec8       ?iv@?1??SHA512_Core_Init@@9@9 0044cec8     sshsh512.obj
 0002:0000bf08       ?k@?1??SHA512_Block@@9@9   0044cf08     sshsh512.obj
 0002:0000c2d8       _mirrorbytes               0044d2d8     sshzlib.obj
 0002:0000c3d8       _lencodes                  0044d3d8     sshzlib.obj
 0002:0000c534       ?lenlenmap@?1??zlib_decompress_block@@9@9 0044d534     sshzlib.obj
 0002:0000c548       _distcodes                 0044d548     sshzlib.obj
 0002:0000c798       ?specials@?1??telnet_get_specials@@9@9 0044d798     telnet.obj
 0002:0000c818       _o_naws                    0044d818     telnet.obj
 0002:0000c834       _o_tspeed                  0044d834     telnet.obj
 0002:0000c850       _o_ttype                   0044d850     telnet.obj
 0002:0000c86c       _o_oenv                    0044d86c     telnet.obj
 0002:0000c888       _o_nenv                    0044d888     telnet.obj
 0002:0000c8a4       _o_echo                    0044d8a4     telnet.obj
 0002:0000c8c0       _o_we_sga                  0044d8c0     telnet.obj
 0002:0000c8dc       _o_they_sga                0044d8dc     telnet.obj
 0002:0000c8f8       _o_we_bin                  0044d8f8     telnet.obj
 0002:0000c914       _o_they_bin                0044d914     telnet.obj
 0002:0000c930       _opts                      0044d930     telnet.obj
 0002:0000c95c       ?fn_table@?1??telnet_init@@9@9 0044d95c     telnet.obj
 0002:0000c970       ?iac@?1??telnet_send@@9@9  0044d970     telnet.obj
 0002:0000c974       ?cr@?1??telnet_send@@9@9   0044d974     telnet.obj
 0002:0000ce28       ?absentmsg_batch@?1??verify_ssh_host_key@@9@9 0044de28     wincons.obj
 0002:0000cee8       ?absentmsg@?1??verify_ssh_host_key@@9@9 0044dee8     wincons.obj
 0002:0000d0a8       ?wrongmsg_batch@?1??verify_ssh_host_key@@9@9 0044e0a8     wincons.obj
 0002:0000d1f0       ?wrongmsg@?1??verify_ssh_host_key@@9@9 0044e1f0     wincons.obj
 0002:0000d498       ?abandoned@?1??verify_ssh_host_key@@9@9 0044e498     wincons.obj
 0002:0000d4b0       ?msg@?1??askalg@@9@9       0044e4b0     wincons.obj
 0002:0000d530       ?msg_batch@?1??askalg@@9@9 0044e530     wincons.obj
 0002:0000d5a4       ?abandoned@?1??askalg@@9@9 0044e5a4     wincons.obj
 0002:0000d5c0       ?msgtemplate@?1??askappend@@9@9 0044e5c0     wincons.obj
 0002:0000d700       ?msgtemplate_batch@?1??askappend@@9@9 0044e700     wincons.obj
 0002:0000d750       ?message@?1??old_keyfile_warning@@9@9 0044e750     wincons.obj
 0002:0000e1d0       ?fn_table@?1??sk_register@@9@9 0044f1d0     winnet.obj
 0002:0000e1f8       ?fn_table@?1??sk_new@@9@9  0044f1f8     winnet.obj
 0002:0000e220       ?fn_table@?1??sk_newlistener@@9@9 0044f220     winnet.obj
 0002:0000ed90       ?eventtypes@?DE@??main@@9@9 0044fd90     winplink.obj
 0002:0000f6b8       ?socket_fn_table@?1??platform_new_connection@@9@9 004506b8     winproxy.obj
 0002:0000f754       ?specials@?1??serial_get_specials@@9@9 00450754     winser.obj
 0002:0000f994       _reg_jumplist_key          00450994     winstore.obj
 0002:0000f998       _reg_jumplist_value        00450998     winstore.obj
 0002:0000f99c       _puttystr                  0045099c     winstore.obj
 0002:0000f9a0       _hex                       004509a0     winstore.obj
 0002:0000fac4       ?zeroes@?5??x11_send@@9@9  00450ac4     x11fwd.obj
 0002:0000fad4       _dummy_plug                00450ad4     x11fwd.obj
 0002:0000fae8       ?fn_table@?1??x11_init@@9@9 00450ae8     x11fwd.obj
 0002:0001002c       _GS_ExceptionPointers      0045102c     LIBCMT:gs_report.obj
 0002:00010034       ?ccsField@?P@??_openfile@@9@9 00451034     LIBCMT:_open.obj
 0002:00010038       ?utf8encoding@?P@??_openfile@@9@9 00451038     LIBCMT:_open.obj
 0002:00010040       ?utf16encoding@?P@??_openfile@@9@9 00451040     LIBCMT:_open.obj
 0002:0001004c       ?unicodeencoding@?P@??_openfile@@9@9 0045104c     LIBCMT:_open.obj
 0002:00010958       _rterrs                    00451958     LIBCMT:crt0msg.obj
 0002:00010b0c       __mb_locale_names          00451b0c     LIBCMT:mbctype.obj
 0002:00010ea8       __first_127char            00451ea8     LIBCMT:wsetloca.obj
 0002:00013c10       __sehtable$_fclose         00454c10     LIBCMT:fclose.obj
 0002:00013c30       __sehtable$_fgetc          00454c30     LIBCMT:fgetc.obj
 0002:00013c50       __sehtable$__fsopen        00454c50     LIBCMT:fopen.obj
 0002:00013c70       __sehtable$_fflush         00454c70     LIBCMT:fflush.obj
 0002:00013c90       __sehtable$_flsall         00454c90     LIBCMT:fflush.obj
 0002:00013cb8       __sehtable$_fprintf        00454cb8     LIBCMT:fprintf.obj
 0002:00013cd8       __sehtable$_fwrite         00454cd8     LIBCMT:fwrite.obj
 0002:00013cf8       __sehtable$_fgets          00454cf8     LIBCMT:fgets.obj
 0002:00013d18       __sehtable$_fputc          00454d18     LIBCMT:fputc.obj
 0002:00013d38       __sehtable$_fread_s        00454d38     LIBCMT:fread.obj
 0002:00013d58       __sehtable$_ungetc         00454d58     LIBCMT:ungetc.obj
 0002:00013d78       __sehtable$_fputs          00454d78     LIBCMT:fputs.obj
 0002:00013d98       __sehtable$_doexit         00454d98     LIBCMT:crt0dat.obj
 0002:00013db8       __sehtable$_getenv         00454db8     LIBCMT:getenv.obj
 0002:00013dd8       __sehtable$_printf         00454dd8     LIBCMT:printf.obj
 0002:00013df8       __sehtable$_vfprintf_helper 00454df8     LIBCMT:vfprintf.obj
 0002:00013e18       __sehtable$___tmainCRTStartup 00454e18     LIBCMT:crt0.obj
 0002:00013e38       __sehtable$__close         00454e38     LIBCMT:close.obj
 0002:00013e58       __sehtable$__ioinit        00454e58     LIBCMT:ioinit.obj
 0002:00013e78       __sehtable$__getstream     00454e78     LIBCMT:stream.obj
 0002:00013e98       __sehtable$_setvbuf        00454e98     LIBCMT:setvbuf.obj
 0002:00013eb8       __sehtable$_fwprintf       00454eb8     LIBCMT:fwprintf.obj
 0002:00013ed8       __sehtable$_raise          00454ed8     LIBCMT:winsig.obj
 0002:00013ef8       __sehtable$___updatetlocinfo 00454ef8     LIBCMT:localref.obj
 0002:00013f18       __sehtable$___updatetmbcinfo 00454f18     LIBCMT:mbctype.obj
 0002:00013f38       __sehtable$__setmbcp       00454f38     LIBCMT:mbctype.obj
 0002:00013f58       __sehtable$__freefls@4     00454f58     LIBCMT:tidtable.obj
 0002:00013f80       __sehtable$__initptd       00454f80     LIBCMT:tidtable.obj
 0002:00013fa8       __sehtable$__locterm       00454fa8     LIBCMT:wsetloca.obj
 0002:00013fc8       __sehtable$__fcloseall     00454fc8     LIBCMT:closeall.obj
 0002:00013fe8       __sehtable$__mtinitlocknum 00454fe8     LIBCMT:mlock.obj
 0002:00014008       __sehtable$__commit        00455008     LIBCMT:commit.obj
 0002:00014028       __sehtable$__write         00455028     LIBCMT:write.obj
 0002:00014048       __sehtable$__read          00455048     LIBCMT:read.obj
 0002:00014068       __sehtable$__IsNonwritableInCurrentImage 00455068     LIBCMT:pesect.obj
 0002:00014088       __sehtable$__onexit        00455088     LIBCMT:onexit.obj
 0002:000140a8       __sehtable$?terminate@@YAXXZ 004550a8     LIBCMT:hooks.obj
 0002:000140c8       __sehtable$__alloc_osfhnd  004550c8     LIBCMT:osfinfo.obj
 0002:000140f0       __sehtable$___lock_fhandle 004550f0     LIBCMT:osfinfo.obj
 0002:00014110       __sehtable$__sopen_helper  00455110     LIBCMT:open.obj
 0002:00014130       __sehtable$__lseeki64      00455130     LIBCMT:lseeki64.obj
 0002:00014150       __sehtable$___tzset        00455150     LIBCMT:tzset.obj
 0002:00014170       __sehtable$__tzset_nolock  00455170     LIBCMT:tzset.obj
 0002:00014464       .idata$6                   00455464     advapi32:ADVAPI32.dll
 0002:00014516       .idata$6                   00455516     user32:USER32.dll
 0002:00014d0e       .idata$6                   00455d0e     kernel32:KERNEL32.dll
 0003:00000018       _subkeytypes               00456018     conf.obj
 0003:000002d0       _valuetypes                004562d0     conf.obj
 0003:000005a0       _gss_mech_krb5_desc        004565a0     pgssapi.obj
 0003:00000648       _hostkey_algs              00456648     ssh.obj
 0003:00000650       _macs                      00456650     ssh.obj
 0003:00000660       _buggymacs                 00456660     ssh.obj
 0003:0000066c       _compressions              0045666c     ssh.obj
 0003:00000674       ?noprompt@?IA@??do_ssh2_authconn@@9@9 00456674     ssh.obj
 0003:000007f0       __assertstring             004567f0     LIBCMT:wassert.obj
 0003:00000840       _dotdotdot                 00456840     LIBCMT:wassert.obj
 0003:00000844       _newline                   00456844     LIBCMT:wassert.obj
 0003:00000848       _dblnewline                00456848     LIBCMT:wassert.obj
 0003:00000af0       _errtable                  00456af0     LIBCMT:dosmap.obj
 0003:00000c58       _ErrnoNoMem                00456c58     LIBCMT:dosmap.obj
 0003:00000c5c       _DoserrorNoMem             00456c5c     LIBCMT:dosmap.obj
 0003:00000cb4       ___rgctypeflag             00456cb4     LIBCMT:mbctype.obj
 0003:00000cb8       ___rgcode_page_info        00456cb8     LIBCMT:mbctype.obj
 0003:00001408       __ctype_loc_style          00457408     LIBCMT:wsetloca.obj
 0003:00001410       __locktable                00457410     LIBCMT:mlock.obj
 0003:00001630       ?isPackaged@?1??__crtIsPackagedApp@@9@9 00457630     LIBCMT:winapisupp.obj
 0003:000016e0       _dststart                  004576e0     LIBCMT:tzset.obj
 0003:000016ec       _dstend                    004576ec     LIBCMT:tzset.obj
 0003:00001708       _tzstd                     00457708     LIBCMT:timeset.obj
 0003:00001748       _tzdst                     00457748     LIBCMT:timeset.obj
 0003:00001804       _cmdline_password          00457804     cmdline.obj
 0003:00001808       ?tried_once@?1??cmdline_get_passwd_input@@9@9 00457808     cmdline.obj
 0003:0000180c       _saves                     0045780c     cmdline.obj
 0003:00001828       ?ssh_specials@?1??ssh_get_specials@@9@9 00457828     ssh.obj
 0003:000018e8       _pool                      004578e8     sshrand.obj
 0003:00001df8       _timers                    00457df8     timing.obj
 0003:00001dfc       _timer_contexts            00457dfc     timing.obj
 0003:00001e00       _now                       00457e00     timing.obj
 0003:00001e08       _console_logctx            00457e08     wincons.obj
 0003:00001e10       _p_AcquireCredentialsHandleA 00457e10     wingss.obj
 0003:00001e14       _p_InitializeSecurityContextA 00457e14     wingss.obj
 0003:00001e18       _p_FreeContextBuffer       00457e18     wingss.obj
 0003:00001e1c       _p_FreeCredentialsHandle   00457e1c     wingss.obj
 0003:00001e20       _p_DeleteSecurityContext   00457e20     wingss.obj
 0003:00001e24       _p_QueryContextAttributesA 00457e24     wingss.obj
 0003:00001e28       _p_MakeSignature           00457e28     wingss.obj
 0003:00001e2c       _handles_by_evtomain       00457e2c     winhandl.obj
 0003:00001e30       ?tried_usernameex@?2??get_username@@9@9 00457e30     winmisc.obj
 0003:00001e34       ?sysdir@?1??load_system32_dll@@9@9 00457e34     winmisc.obj
 0003:00001e38       ?p_GetUserNameExA@?1??get_username@@9@9 00457e38     winmisc.obj
 0003:00001e40       _winsock_module            00457e40     winnet.obj
 0003:00001e44       _winsock2_module           00457e44     winnet.obj
 0003:00001e48       _wship6_module             00457e48     winnet.obj
 0003:00001e4c       _errstrings                00457e4c     winnet.obj
 0003:00001e50       _sktree                    00457e50     winnet.obj
 0003:00001e54       _p_WSAStartup              00457e54     winnet.obj
 0003:00001e58       _p_WSACleanup              00457e58     winnet.obj
 0003:00001e5c       _p_closesocket             00457e5c     winnet.obj
 0003:00001e60       _p_ntohl                   00457e60     winnet.obj
 0003:00001e64       _p_htonl                   00457e64     winnet.obj
 0003:00001e68       _p_htons                   00457e68     winnet.obj
 0003:00001e6c       _p_ntohs                   00457e6c     winnet.obj
 0003:00001e70       _p_gethostname             00457e70     winnet.obj
 0003:00001e74       _p_gethostbyname           00457e74     winnet.obj
 0003:00001e78       _p_getservbyname           00457e78     winnet.obj
 0003:00001e7c       _p_inet_addr               00457e7c     winnet.obj
 0003:00001e80       _p_inet_ntoa               00457e80     winnet.obj
 0003:00001e84       _p_connect                 00457e84     winnet.obj
 0003:00001e88       _p_bind                    00457e88     winnet.obj
 0003:00001e8c       _p_setsockopt              00457e8c     winnet.obj
 0003:00001e90       _p_socket                  00457e90     winnet.obj
 0003:00001e94       _p_listen                  00457e94     winnet.obj
 0003:00001e98       _p_send                    00457e98     winnet.obj
 0003:00001e9c       _p_shutdown                00457e9c     winnet.obj
 0003:00001ea0       _p_ioctlsocket             00457ea0     winnet.obj
 0003:00001ea4       _p_accept                  00457ea4     winnet.obj
 0003:00001ea8       _p_recv                    00457ea8     winnet.obj
 0003:00001eac       _p_WSAIoctl                00457eac     winnet.obj
 0003:00001eb0       _p_getaddrinfo             00457eb0     winnet.obj
 0003:00001eb4       _p_freeaddrinfo            00457eb4     winnet.obj
 0003:00001eb8       _p_getnameinfo             00457eb8     winnet.obj
 0003:00001ebc       _p_gai_strerror            00457ebc     winnet.obj
 0003:00001ec0       _p_WSAAddressToStringA     00457ec0     winnet.obj
 0003:00001ec4       _n_local_interfaces        00457ec4     winnet.obj
 0003:00001ec8       _wsadata                   00457ec8     winnet.obj
 0003:00002058       _local_interfaces          00458058     winnet.obj
 0003:0000251c       _advapi                    0045851c     winpgntc.obj
 0003:00002520       _p_OpenProcessToken        00458520     winpgntc.obj
 0003:00002524       _p_GetTokenInformation     00458524     winpgntc.obj
 0003:00002528       _p_InitializeSecurityDescriptor 00458528     winpgntc.obj
 0003:0000252c       _p_SetSecurityDescriptorOwner 0045852c     winpgntc.obj
 0003:00002530       _back                      00458530     winplink.obj
 0003:00002534       _backhandle                00458534     winplink.obj
 0003:00002538       _conf                      00458538     winplink.obj
 0003:0000253c       _main_thread_id            0045853c     winplink.obj
 0003:00002540       _tried_shgetfolderpath     00458540     winstore.obj
 0003:00002544       _shell32_module            00458544     winstore.obj
 0003:00002548       _p_SHGetFolderPathA        00458548     winstore.obj
 0003:00002588       _GS_ExceptionRecord        00458588     LIBCMT:gs_report.obj
 0003:000025d8       _GS_ContextRecord          004585d8     LIBCMT:gs_report.obj
 0003:000028a4       _DebuggerWasPresent        004588a4     LIBCMT:gs_report.obj
 0003:000028a8       ___enable_percent_n        004588a8     LIBCMT:printf.obj
 0003:000029c4       _ctrlc_action              004589c4     LIBCMT:winsig.obj
 0003:000029c8       _ctrlbreak_action          004589c8     LIBCMT:winsig.obj
 0003:000029cc       _abort_action              004589cc     LIBCMT:winsig.obj
 0003:000029d0       _term_action               004589d0     LIBCMT:winsig.obj
 0003:000029d4       _ConsoleCtrlHandler_Installed 004589d4     LIBCMT:winsig.obj
 0003:000029d8       ?pfnMessageBox@?1??__crtMessageBoxW@@9@9 004589d8     LIBCMT:crtmboxw.obj
 0003:000029dc       ?pfnGetActiveWindow@?1??__crtMessageBoxW@@9@9 004589dc     LIBCMT:crtmboxw.obj
 0003:000029e0       ?pfnGetLastActivePopup@?1??__crtMessageBoxW@@9@9 004589e0     LIBCMT:crtmboxw.obj
 0003:000029e4       ?pfnGetProcessWindowStation@?1??__crtMessageBoxW@@9@9 004589e4     LIBCMT:crtmboxw.obj
 0003:000029e8       ?pfnGetUserObjectInformation@?1??__crtMessageBoxW@@9@9 004589e8     LIBCMT:crtmboxw.obj
 0003:000029f8       ?outmsg@?8??_NMSG_WRITE@@9@9 004589f8     LIBCMT:crt0msg.obj
 0003:00003038       _fSystemSet                00459038     LIBCMT:mbctype.obj
 0003:00003040       _lclcritsects              00459040     LIBCMT:mlock.obj
 0003:000031b0       _g_pfnRtlGenRandom         004591b0     LIBCMT:rand_s.obj
 0003:000031b8       ?_pgmname@?1??_setargv@@9@9 004591b8     LIBCMT:stdargv.obj
 0003:000032cc       ___crtCallProc             004592cc     LIBCMT:winapinls.obj
 0003:000032d0       _lastTZ                    004592d0     LIBCMT:tzset.obj
 0003:000032d4       ?first_time@?1??__tzset@@9@9 004592d4     LIBCMT:tzset.obj
 0003:000032d8       _tzapiused                 004592d8     LIBCMT:tzset.obj
 0003:000032e0       _tzinfo                    004592e0     LIBCMT:tzset.obj
 0004:000001e0       $R000000                   0045b1e0     plink.res
 0004:00000308       $R000128                   0045b308     plink.res
 0004:000005f0       $R000410                   0045b5f0     plink.res
 0004:00000c58       $R000A78                   0045bc58     plink.res
 0004:00000d08       $R000B28                   0045bd08     plink.res
 0004:00000e38       $R000C58                   0045be38     plink.res
 0004:00001168       $R000F88                   0045c168     plink.res
 0004:000011c8       $R000FE8                   0045c1c8     plink.res
