 pscp

 Timestamp is 51cc0b15 (Thu Jun 27 11:51:17 2013)

 Preferred load address is 00400000

 Start         Length     Name                   Class
 0001:00000000 000447c7H .text                   CODE
 0002:00000000 00000208H .idata$5                DATA
 0002:00000208 00000004H .CRT$XCA                DATA
 0002:0000020c 00000004H .CRT$XCZ                DATA
 0002:00000210 00000004H .CRT$XIA                DATA
 0002:00000214 00000010H .CRT$XIC                DATA
 0002:00000224 00000004H .CRT$XIY                DATA
 0002:00000228 00000004H .CRT$XIZ                DATA
 0002:0000022c 00000004H .CRT$XPA                DATA
 0002:00000230 00000008H .CRT$XPX                DATA
 0002:00000238 00000004H .CRT$XPXA               DATA
 0002:0000023c 00000004H .CRT$XPZ                DATA
 0002:00000240 00000004H .CRT$XTA                DATA
 0002:00000244 00000004H .CRT$XTZ                DATA
 0002:00000250 00013bf8H .rdata                  DATA
 0002:00013e50 0000000cH .rdata$sxdata           DATA
 0002:00013e5c 00000004H .rtc$IAA                DATA
 0002:00013e60 00000004H .rtc$IZZ                DATA
 0002:00013e64 00000004H .rtc$TAA                DATA
 0002:00013e68 00000004H .rtc$TZZ                DATA
 0002:00013e70 0000059cH .xdata$x                DATA
 0002:0001440c 0000003cH .idata$2                DATA
 0002:00014448 00000014H .idata$3                DATA
 0002:0001445c 00000208H .idata$4                DATA
 0002:00014664 00000922H .idata$6                DATA
 0002:00014f86 00000000H .edata                  DATA
 0003:00000000 000019c8H .data                   DATA
 0003:000019e0 00002d00H .bss                    DATA
 0004:00000000 000001d8H .rsrc$01                DATA
 0004:000001e0 00001348H .rsrc$02                DATA

  Address         Publics by Value              Rva+Base       Lib:Object

 0000:00000000       __except_list              00000000     <absolute>
 0000:00000003       ___safe_se_handler_count   00000003     <absolute>
 0000:00000000       ___ImageBase               00400000     <linker-defined>
 0001:00000022       _cmdline_cleanup           00401022 f   cmdline.obj
 0001:00000078       _cmdline_get_passwd_input  00401078 f   cmdline.obj
 0001:000000f0       _cmdline_process_param     004010f0 f   cmdline.obj
 0001:00000de2       _cmdline_run_saved         00401de2 f   cmdline.obj
 0001:00000ef0       _conf_copy                 00401ef0 f   conf.obj
 0001:00000f08       _conf_copy_into            00401f08 f   conf.obj
 0001:00000fc2       _conf_del_str_str          00401fc2 f   conf.obj
 0001:00001042       _conf_free                 00402042 f   conf.obj
 0001:0000105f       _conf_get_filename         0040205f f   conf.obj
 0001:000010de       _conf_get_int              004020de f   conf.obj
 0001:0000115d       _conf_get_int_int          0040215d f   conf.obj
 0001:000011e2       _conf_get_str              004021e2 f   conf.obj
 0001:00001261       _conf_get_str_nthstrkey    00402261 f   conf.obj
 0001:000012f8       _conf_get_str_strs         004022f8 f   conf.obj
 0001:000013e5       _conf_new                  004023e5 f   conf.obj
 0001:00001404       _conf_set_filename         00402404 f   conf.obj
 0001:00001476       _conf_set_fontspec         00402476 f   conf.obj
 0001:000014e8       _conf_set_int              004024e8 f   conf.obj
 0001:00001554       _conf_set_int_int          00402554 f   conf.obj
 0001:000015c7       _conf_set_str              004025c7 f   conf.obj
 0001:00001639       _conf_set_str_str          00402639 f   conf.obj
 0001:0000170f       _proxy_socks5_handlechap   0040270f f   cproxy.obj
 0001:0000193a       _proxy_socks5_offerencryptedauth 0040293a f   cproxy.obj
 0001:0000194b       _proxy_socks5_selectchap   0040294b f   cproxy.obj
 0001:00001a36       _uint64_add32              00402a36 f   int64.obj
 0001:00001a50       _uint64_compare            00402a50 f   int64.obj
 0001:00001a6f       _uint64_decimal            00402a6f f   int64.obj
 0001:00001afd       _uint64_div10              00402afd f   int64.obj
 0001:00001b40       _uint64_from_decimal       00402b40 f   int64.obj
 0001:00001bba       _uint64_make               00402bba f   int64.obj
 0001:00001bc3       _uint64_shift_left         00402bc3 f   int64.obj
 0001:00001c00       _uint64_shift_right        00402c00 f   int64.obj
 0001:00001c3b       _uint64_subtract           00402c3b f   int64.obj
 0001:00001c58       _uint64_to_double          00402c58 f   int64.obj
 0001:00001c9f       _log_eventlog              00402c9f f   logging.obj
 0001:00001d03       _log_init                  00402d03 f   logging.obj
 0001:00001d48       _log_packet                00402d48 f   logging.obj
 0001:00002089       _logfclose                 00403089 f   logging.obj
 0001:000020a4       _logflush                  004030a4 f   logging.obj
 0001:000020bd       _logfopen                  004030bd f   logging.obj
 0001:00002567       _add_prompt                00403567 f   misc.obj
 0001:000025ad       _base64_encode_atom        004035ad f   misc.obj
 0001:0000262f       _bufchain_add              0040362f f   misc.obj
 0001:000026bb       _bufchain_clear            004036bb f   misc.obj
 0001:000026e3       _bufchain_consume          004036e3 f   misc.obj
 0001:00002762       _bufchain_fetch            00403762 f   misc.obj
 0001:000027d8       _bufchain_init             004037d8 f   misc.obj
 0001:000027e7       _bufchain_prefix           004037e7 f   misc.obj
 0001:00002805       _bufchain_size             00403805 f   misc.obj
 0001:0000280d       _conf_launchable           0040380d f   misc.obj
 0001:0000283a       _ctrlparse                 0040383a f   misc.obj
 0001:000028c0       _dupcat                    004038c0 f   misc.obj
 0001:0000293d       _dupprintf                 0040393d f   misc.obj
 0001:0000294e       _dupstr                    0040394e f   misc.obj
 0001:0000297c       _dupvprintf                0040397c f   misc.obj
 0001:000029cb       _free_prompts              004039cb f   misc.obj
 0001:00002a4d       _new_prompts               00403a4d f   misc.obj
 0001:00002a7d       _parse_blocksize           00403a7d f   misc.obj
 0001:00002aea       _prompt_ensure_result_size 00403aea f   misc.obj
 0001:00002b4a       _prompt_set_result         00403b4a f   misc.obj
 0001:00002b71       _safefree                  00403b71 f   misc.obj
 0001:00002b7d       _safemalloc                00403b7d f   misc.obj
 0001:00002bee       _saferealloc               00403bee f   misc.obj
 0001:00002c67       _pinger_free               00403c67 f   pinger.obj
 0001:00002c76       _pinger_new                00403c76 f   pinger.obj
 0001:00002cae       _pinger_reconfig           00403cae f   pinger.obj
 0001:000032b3       _pfd_addforward            004042b3 f   portfwd.obj
 0001:00003368       _pfd_close                 00404368 f   portfwd.obj
 0001:00003397       _pfd_confirm               00404397 f   portfwd.obj
 0001:000033f6       _pfd_newconnect            004043f6 f   portfwd.obj
 0001:000034a9       _pfd_override_throttle     004044a9 f   portfwd.obj
 0001:000034d9       _pfd_send                  004044d9 f   portfwd.obj
 0001:000034f6       _pfd_send_eof              004044f6 f   portfwd.obj
 0001:000034f6       _x11_send_eof              004044f6 f   x11fwd.obj
 0001:00003502       _pfd_terminate             00404502 f   portfwd.obj
 0001:00003507       _pfd_unthrottle            00404507 f   portfwd.obj
 0001:00003853       _format_telnet_command     00404853 f   proxy.obj
 0001:00003ef3       _name_lookup               00404ef3 f   proxy.obj
 0001:00003f76       _new_connection            00404f76 f   proxy.obj
 0001:0000414b       _new_listener              0040514b f   proxy.obj
 0001:00004167       _proxy_activate            00405167 f   proxy.obj
 0001:00004466       _proxy_http_negotiate      00405466 f   proxy.obj
 0001:00004856       _proxy_socks4_negotiate    00405856 f   proxy.obj
 0001:00004aae       _proxy_socks5_negotiate    00405aae f   proxy.obj
 0001:00004ff2       _proxy_telnet_negotiate    00405ff2 f   proxy.obj
 0001:00005132       _cmdline_error             00406132 f   pscp.obj
 0001:000051ca       _connection_fatal          004061ca f   pscp.obj
 0001:000055e0       _from_backend              004065e0 f   pscp.obj
 0001:000056a5       _from_backend_eof          004066a5 f   pscp.obj
 0001:000056c1       _from_backend_untrusted    004066c1 f   pscp.obj
 0001:00005801       _ldisc_send                00406801 f   pscp.obj
 0001:0000581d       _modalfatalbox             0040681d f   pscp.obj
 0001:0000581d       _fatalbox                  0040681d f   pscp.obj
 0001:00005a93       _psftp_main                00406a93 f   pscp.obj
 0001:0000604b       _scp_accept_filexfer       0040704b f   pscp.obj
 0001:00006131       _scp_finish_filerecv       00407131 f   pscp.obj
 0001:0000621d       _scp_get_sink_action       0040721d f   pscp.obj
 0001:00006a2c       _scp_recv_filedata         00407a2c f   pscp.obj
 0001:00006b19       _scp_restore_remotepath    00407b19 f   pscp.obj
 0001:00006b30       _scp_send_dirname          00407b30 f   pscp.obj
 0001:00006ce6       _scp_send_enddir           00407ce6 f   pscp.obj
 0001:00006d1b       _scp_send_errmsg           00407d1b f   pscp.obj
 0001:00006d5e       _scp_send_filedata         00407d5e f   pscp.obj
 0001:00006e46       _scp_send_filename         00407e46 f   pscp.obj
 0001:00007008       _scp_send_filetimes        00408008 f   pscp.obj
 0001:00007086       _scp_send_finish           00408086 f   pscp.obj
 0001:00007200       _scp_sftp_listdir          00408200 f   pscp.obj
 0001:00007434       _scp_sink_init             00408434 f   pscp.obj
 0001:00007458       _scp_sink_setup            00408458 f   pscp.obj
 0001:000075b5       _scp_source_setup          004085b5 f   pscp.obj
 0001:000076ce       _sftp_recvdata             004086ce f   pscp.obj
 0001:000076d3       _sftp_senddata             004086d3 f   pscp.obj
 0001:00008552       _version                   00409552 f   pscp.obj
 0001:0000856c       _backend_from_name         0040956c f   settings.obj
 0001:0000859f       _do_defaults               0040959f f   settings.obj
 0001:000085a4       _get_remote_username       004095a4 f   settings.obj
 0001:000089d3       _load_open_settings        004099d3 f   settings.obj
 0001:000098bf       _load_settings             0040a8bf f   settings.obj
 0001:000098f7       _fxp_close_recv            0040a8f7 f   sftp.obj
 0001:00009916       _fxp_close_send            0040a916 f   sftp.obj
 0001:00009962       _fxp_error                 0040a962 f   sftp.obj
 0001:00009968       _fxp_error_type            0040a968 f   sftp.obj
 0001:0000996e       _fxp_free_names            0040a96e f   sftp.obj
 0001:000099b2       _fxp_mkdir_recv            0040a9b2 f   sftp.obj
 0001:000099b2       _fxp_fsetstat_recv         0040a9b2 f   sftp.obj
 0001:000099dd       _fxp_fsetstat_send         0040a9dd f   sftp.obj
 0001:00009aab       _fxp_init                  0040aaab f   sftp.obj
 0001:00009b4e       _fxp_mkdir_send            0040ab4e f   sftp.obj
 0001:00009b88       _fxp_open_recv             0040ab88 f   sftp.obj
 0001:00009c01       _fxp_open_send             0040ac01 f   sftp.obj
 0001:00009c6a       _fxp_opendir_recv          0040ac6a f   sftp.obj
 0001:00009ce3       _fxp_opendir_send          0040ace3 f   sftp.obj
 0001:00009d15       _fxp_read_recv             0040ad15 f   sftp.obj
 0001:00009da5       _fxp_read_send             0040ada5 f   sftp.obj
 0001:00009dfa       _fxp_readdir_recv          0040adfa f   sftp.obj
 0001:00009f88       _fxp_readdir_send          0040af88 f   sftp.obj
 0001:00009fc5       _fxp_stat_recv             0040afc5 f   sftp.obj
 0001:0000a018       _fxp_stat_send             0040b018 f   sftp.obj
 0001:0000a04a       _fxp_write_recv            0040b04a f   sftp.obj
 0001:0000a074       _fxp_write_send            0040b074 f   sftp.obj
 0001:0000a1c0       _sftp_find_request         0040b1c0 f   sftp.obj
 0001:0000a6b6       _sftp_recv                 0040b6b6 f   sftp.obj
 0001:0000a74b       _sftp_register             0040b74b f   sftp.obj
 0001:0000a770       _sftp_send                 0040b770 f   sftp.obj
 0001:0000a7c4       _xfer_cleanup              0040b7c4 f   sftp.obj
 0001:0000a7f8       _xfer_done                 0040b7f8 f   sftp.obj
 0001:0000a811       _xfer_download_data        0040b811 f   sftp.obj
 0001:0000a87a       _xfer_download_gotpkt      0040b87a f   sftp.obj
 0001:0000a97b       _xfer_download_init        0040b97b f   sftp.obj
 0001:0000a9a0       _xfer_download_queue       0040b9a0 f   sftp.obj
 0001:0000aab1       _xfer_set_error            0040bab1 f   sftp.obj
 0001:0000aabd       _xfer_upload_data          0040babd f   sftp.obj
 0001:0000ab42       _xfer_upload_gotpkt        0040bb42 f   sftp.obj
 0001:0000aba6       _xfer_upload_init          0040bba6 f   sftp.obj
 0001:0000abc2       _xfer_upload_ready         0040bbc2 f   sftp.obj
 0001:0000abd2       _sk_address_is_special_local 0040bbd2 f   winnet.obj
 0001:0000abd2       _get_ttymode               0040bbd2 f   winsftp.obj
 0001:000126aa       _new_sock_channel          004136aa f   ssh.obj
 0001:00016de3       _ssh_fallback_cmd          00417de3 f   ssh.obj
 0001:0001773c       _ssh_send_port_open        0041873c f   ssh.obj
 0001:00018293       _sshfwd_unclean_close      00419293 f   ssh.obj
 0001:000182f2       _sshfwd_unthrottle         004192f2 f   ssh.obj
 0001:0001834d       _sshfwd_write              0041934d f   ssh.obj
 0001:000183a9       _sshfwd_write_eof          004193a9 f   ssh.obj
 0001:000183cd       _aes_make_context          004193cd f   sshaes.obj
 0001:000183dc       _aes128_key                004193dc f   sshaes.obj
 0001:000183f1       _aes192_key                004193f1 f   sshaes.obj
 0001:00018406       _aes256_key                00419406 f   sshaes.obj
 0001:0001841b       _aes_iv                    0041941b f   sshaes.obj
 0001:0001845d       _aes_ssh2_encrypt_blk      0041945d f   sshaes.obj
 0001:00018487       _aes_ssh2_decrypt_blk      00419487 f   sshaes.obj
 0001:0001849c       _aes256_decrypt_pubkey     0041949c f   sshaes.obj
 0001:0001a3ca       _hmacmd5_free_context      0041b3ca f   sshmd5.obj
 0001:0001a3ca       _aes_free_context          0041b3ca f   sshaes.obj
 0001:0001b5b3       _bigadd                    0041c5b3 f   sshbn.obj
 0001:0001b885       _bigmod                    0041c885 f   sshbn.obj
 0001:0001b8a9       _bigmul                    0041c8a9 f   sshbn.obj
 0001:0001b8bc       _bigmuladd                 0041c8bc f   sshbn.obj
 0001:0001ba6d       _bignum_bitcount           0041ca6d f   sshbn.obj
 0001:0001baa7       _bignum_bitmask            0041caa7 f   sshbn.obj
 0001:0001baeb       _bignum_byte               0041caeb f   sshbn.obj
 0001:0001bb29       _bignum_cmp                0041cb29 f   sshbn.obj
 0001:0001bb7d       _bignum_from_bytes         0041cb7d f   sshbn.obj
 0001:0001bc04       _bignum_rshift             0041cc04 f   sshbn.obj
 0001:0001bcae       _bignum_set_bit            0041ccae f   sshbn.obj
 0001:0001bcf8       _bigsub                    0041ccf8 f   sshbn.obj
 0001:0001bdac       _bn_power_2                0041cdac f   sshbn.obj
 0001:0001bdd6       _copybn                    0041cdd6 f   sshbn.obj
 0001:0001be0e       _decbn                     0041ce0e f   sshbn.obj
 0001:0001be2c       _freebn                    0041ce2c f   sshbn.obj
 0001:0001c51e       _modinv                    0041d51e f   sshbn.obj
 0001:0001c6c5       _modmul                    0041d6c5 f   sshbn.obj
 0001:0001c9e7       _modpow                    0041d9e7 f   sshbn.obj
 0001:0001cdd8       _modpow_simple             0041ddd8 f   sshbn.obj
 0001:0001d2b1       _ssh1_bignum_length        0041e2b1 f   sshbn.obj
 0001:0001d2cb       _ssh1_read_bignum          0041e2cb f   sshbn.obj
 0001:0001d326       _ssh1_write_bignum         0041e326 f   sshbn.obj
 0001:0001d36c       _ssh2_bignum_length        0041e36c f   sshbn.obj
 0001:0001d386       _crc32_compute             0041e386 f   sshcrc.obj
 0001:0001d399       _crc32_update              0041e399 f   sshcrc.obj
 0001:0001d479       _crcda_free_context        0041e479 f   sshcrcda.obj
 0001:0001d496       _crcda_make_context        0041e496 f   sshcrcda.obj
 0001:0001d4ac       _detect_attack             0041e4ac f   sshcrcda.obj
 0001:0001da09       _des3_decrypt_pubkey       0041ea09 f   sshdes.obj
 0001:0001e909       _des_decrypt_xdmauth       0041f909 f   sshdes.obj
 0001:0001f534       _dh_cleanup                00420534 f   sshdh.obj
 0001:0001f573       _dh_create_e               00420573 f   sshdh.obj
 0001:0001f68d       _dh_find_K                 0042068d f   sshdh.obj
 0001:0001f6ca       _dh_setup_gex              004206ca f   sshdh.obj
 0001:0001f6fb       _dh_setup_group            004206fb f   sshdh.obj
 0001:000208c9       _ssh_gssapi_bind_fns       004218c9 f   sshgssc.obj
 0001:00020b5c       _hmacmd5_make_context      00421b5c f   sshmd5.obj
 0001:00020cd6       _MD5Final                  00421cd6 f   sshmd5.obj
 0001:00020dc2       _MD5Init                   00421dc2 f   sshmd5.obj
 0001:00020ded       _MD5Simple                 00421ded f   sshmd5.obj
 0001:00020e36       _MD5Update                 00421e36 f   sshmd5.obj
 0001:000219bb       _hmacmd5_do_hmac           004229bb f   sshmd5.obj
 0001:00021a93       _hmacmd5_key               00422a93 f   sshmd5.obj
 0001:00021b6a       _base64_decode_atom        00422b6a f   sshpubk.obj
 0001:00021c56       _find_pubkey_alg           00422c56 f   sshpubk.obj
 0001:00021c8f       _key_type                  00422c8f f   sshpubk.obj
 0001:00021d87       _key_type_to_str           00422d87 f   sshpubk.obj
 0001:00021dc9       _loadrsakey                00422dc9 f   sshpubk.obj
 0001:000223ce       _rsakey_encrypted          004233ce f   sshpubk.obj
 0001:0002244d       _rsakey_pubblob            0042344d f   sshpubk.obj
 0001:00022562       _ssh2_load_userkey         00423562 f   sshpubk.obj
 0001:00022d51       _ssh2_userkey_encrypted    00423d51 f   sshpubk.obj
 0001:00022e99       _ssh2_userkey_loadpub      00423e99 f   sshpubk.obj
 0001:0002315d       _random_add_noise          0042415d f   sshrand.obj
 0001:00023221       _random_byte               00424221 f   sshrand.obj
 0001:0002324b       _random_get_savedata       0042424b f   sshrand.obj
 0001:0002328b       _random_ref                0042428b f   sshrand.obj
 0001:0002340a       _random_unref              0042440a f   sshrand.obj
 0001:0002409f       _crt_modpow                0042509f f   sshrsa.obj
 0001:000241c6       _freersakey                004251c6 f   sshrsa.obj
 0001:0002426a       _makekey                   0042526a f   sshrsa.obj
 0001:00024349       _makeprivate               00425349 f   sshrsa.obj
 0001:0002445d       _rsa_fingerprint           0042545d f   sshrsa.obj
 0001:000247f3       _rsa_public_blob           004257f3 f   sshrsa.obj
 0001:00024878       _rsa_verify                00425878 f   sshrsa.obj
 0001:00024985       _rsadecrypt                00425985 f   sshrsa.obj
 0001:0002498a       _rsaencrypt                0042598a f   sshrsa.obj
 0001:00024a36       _rsastr_fmt                00425a36 f   sshrsa.obj
 0001:00024b2e       _rsastr_len                00425b2e f   sshrsa.obj
 0001:00024b6c       _ssh_rsakex_encrypt        00425b6c f   sshrsa.obj
 0001:00024cb3       _ssh_rsakex_freekey        00425cb3 f   sshrsa.obj
 0001:00024cb8       _ssh_rsakex_klen           00425cb8 f   sshrsa.obj
 0001:00024cc6       _ssh_rsakex_newkey         00425cc6 f   sshrsa.obj
 0001:00024e8c       _SHA256_Block              00425e8c f   sshsh256.obj
 0001:000252d5       _SHA256_Bytes              004262d5 f   sshsh256.obj
 0001:000253be       _SHA256_Core_Init          004263be f   sshsh256.obj
 0001:000253fa       _SHA256_Final              004263fa f   sshsh256.obj
 0001:000254e5       _SHA256_Init               004264e5 f   sshsh256.obj
 0001:000265c9       _SHA512_Bytes              004275c9 f   sshsh512.obj
 0001:00026717       _SHA512_Final              00427717 f   sshsh512.obj
 0001:00026844       _SHA512_Init               00427844 f   sshsh512.obj
 0001:00026b5d       _SHATransform              00427b5d f   sshsha.obj
 0001:00026d0d       _SHA_Bytes                 00427d0d f   sshsha.obj
 0001:00026df6       _SHA_Final                 00427df6 f   sshsha.obj
 0001:00026ee2       _SHA_Init                  00427ee2 f   sshsha.obj
 0001:00026f14       _SHA_Simple                00427f14 f   sshsha.obj
 0001:00026f5d       _hmac_sha1_simple          00427f5d f   sshsha.obj
 0001:00027130       _zlib_compress_init        00428130 f   sshzlib.obj
 0001:000271ca       _zlib_compress_cleanup     004281ca f   sshzlib.obj
 0001:000271e9       _zlib_decompress_init      004281e9 f   sshzlib.obj
 0001:000272b9       _zlib_decompress_cleanup   004282b9 f   sshzlib.obj
 0001:00027310       _zlib_compress_block       00428310 f   sshzlib.obj
 0001:0002743d       _zlib_decompress_block     0042843d f   sshzlib.obj
 0001:0002854d       _expire_timer_context      0042954d f   timing.obj
 0001:0002859a       _run_timers                0042959a f   timing.obj
 0001:00028639       _schedule_timer            00429639 f   timing.obj
 0001:000286ca       _add234                    004296ca f   tree234.obj
 0001:00028be9       _count234                  00429be9 f   tree234.obj
 0001:00028c2c       _del234                    00429c2c f   tree234.obj
 0001:00028c5b       _delpos234                 00429c5b f   tree234.obj
 0001:0002910a       _find234                   0042a10a f   tree234.obj
 0001:00029123       _findrel234                0042a123 f   tree234.obj
 0001:0002913e       _findrelpos234             0042a13e f   tree234.obj
 0001:0002929f       _freetree234               0042a29f f   tree234.obj
 0001:000292b5       _index234                  0042a2b5 f   tree234.obj
 0001:0002932f       _newtree234                0042a32f f   tree234.obj
 0001:00029345       _wc_match                  0042a345 f   wildcard.obj
 0001:00029569       _wc_unescape               0042a569 f   wildcard.obj
 0001:000295b7       _askalg                    0042a5b7 f   wincons.obj
 0001:00029691       _askappend                 0042a691 f   wincons.obj
 0001:00029777       _cleanup_exit              0042a777 f   wincons.obj
 0001:000297a6       _console_get_userpass_input 0042a7a6 f   wincons.obj
 0001:00029a13       _console_provide_logctx    0042aa13 f   wincons.obj
 0001:00029a1d       _logevent                  0042aa1d f   wincons.obj
 0001:00029a2f       _old_keyfile_warning       0042aa2f f   wincons.obj
 0001:00029a45       _pgp_fingerprints          0042aa45 f   wincons.obj
 0001:00029a5b       _add_session_to_jumplist   0042aa5b f   winnojmp.obj
 0001:00029a5b       _set_busy_status           0042aa5b f   wincons.obj
 0001:00029a5b       _notify_remote_exit        0042aa5b f   wincons.obj
 0001:00029a5b       _update_specials_menu      0042aa5b f   wincons.obj
 0001:00029a5b       _timer_change_notify       0042aa5b f   wincons.obj
 0001:00029a5b       _platform_get_x11_auth     0042aa5b f   winsftp.obj
 0001:00029a5c       _verify_ssh_host_key       0042aa5c f   wincons.obj
 0001:00029bc9       _platform_default_filename 0042abc9 f   windefs.obj
 0001:00029bf0       _platform_default_fontspec 0042abf0 f   windefs.obj
 0001:00029c22       _platform_default_i        0042ac22 f   windefs.obj
 0001:00029c27       _platform_default_s        0042ac27 f   windefs.obj
 0001:00029c4a       _ssh_gss_cleanup           0042ac4a f   wingss.obj
 0001:00029c94       _ssh_gss_setup             0042ac94 f   wingss.obj
 0001:0002a35f       _handle_free               0042b35f f   winhandl.obj
 0001:0002a3ba       _handle_get_events         0042b3ba f   winhandl.obj
 0001:0002a423       _handle_get_privdata       0042b423 f   winhandl.obj
 0001:0002a42b       _handle_got_event          0042b42b f   winhandl.obj
 0001:0002a519       _handle_input_new          0042b519 f   winhandl.obj
 0001:0002a712       _handle_output_new         0042b712 f   winhandl.obj
 0001:0002a967       _handle_write              0042b967 f   winhandl.obj
 0001:0002a9c9       _handle_write_eof          0042b9c9 f   winhandl.obj
 0001:0002aa03       _filename_copy             0042ba03 f   winmisc.obj
 0001:0002aa10       _filename_free             0042ba10 f   winmisc.obj
 0001:0002aa10       _fontspec_free             0042ba10 f   winmisc.obj
 0001:0002aa26       _filename_from_str         0042ba26 f   winmisc.obj
 0001:0002aa44       _filename_is_null          0042ba44 f   winmisc.obj
 0001:0002aa52       _filename_to_str           0042ba52 f   winmisc.obj
 0001:0002aa59       _fontspec_copy             0042ba59 f   winmisc.obj
 0001:0002aa71       _fontspec_new              0042ba71 f   winmisc.obj
 0001:0002aaa4       _get_username              0042baa4 f   winmisc.obj
 0001:0002ab8a       _load_system32_dll         0042bb8a f   winmisc.obj
 0001:0002abf8       _platform_get_x_display    0042bbf8 f   winmisc.obj
 0001:0002ac0b       _smemclr                   0042bc0b f   winmisc.obj
 0001:0002adbe       _IN6_IS_ADDR_LOOPBACK      0042bdbe f i winnet.obj
 0001:0002ae55       _first_socket              0042be55 f   winnet.obj
 0001:0002af26       _net_service_lookup        0042bf26 f   winnet.obj
 0001:0002af48       _next_socket               0042bf48 f   winnet.obj
 0001:0002af6d       _platform_get_x11_unix_address 0042bf6d f   winnet.obj
 0001:0002af9c       _select_result             0042bf9c f   winnet.obj
 0001:0002b317       _sk_addr_dup               0042c317 f   winnet.obj
 0001:0002b31e       _sk_addr_error             0042c31e f   winnet.obj
 0001:0002b326       _sk_addr_free              0042c326 f   winnet.obj
 0001:0002b35e       _sk_addrcopy               0042c35e f   winnet.obj
 0001:0002b41b       _sk_address_is_local       0042c41b f   winnet.obj
 0001:0002b4b6       _sk_addrtype               0042c4b6 f   winnet.obj
 0001:0002b4e5       _sk_cleanup                0042c4e5 f   winnet.obj
 0001:0002b54f       _sk_getaddr                0042c54f f   winnet.obj
 0001:0002b617       _sk_hostname_is_local      0042c617 f   winnet.obj
 0001:0002b65d       _sk_init                   0042c65d f   winnet.obj
 0001:0002bb47       _sk_namelookup             0042cb47 f   winnet.obj
 0001:0002bdc2       _sk_new                    0042cdc2 f   winnet.obj
 0001:0002be62       _sk_newlistener            0042ce62 f   winnet.obj
 0001:0002c0c4       _sk_nextaddr               0042d0c4 f   winnet.obj
 0001:0002c0f0       _sk_nonamelookup           0042d0f0 f   winnet.obj
 0001:0002c137       _sk_register               0042d137 f   winnet.obj
 0001:0002c1c9       _sk_startup                0042d1c9 f   winnet.obj
 0001:0002c1ff       _socket_writable           0042d1ff f   winnet.obj
 0001:0002c537       _try_send                  0042d537 f   winnet.obj
 0001:0002c687       _winsock_error_string      0042d687 f   winnet.obj
 0001:0002ca19       _noise_get_heavy           0042da19 f   winnoise.obj
 0001:0002cad2       _noise_get_light           0042dad2 f   winnoise.obj
 0001:0002cb23       _noise_regular             0042db23 f   winnoise.obj
 0001:0002cc1e       _noise_ultralight          0042dc1e f   winnoise.obj
 0001:0002cc64       _random_save_seed          0042dc64 f   winnoise.obj
 0001:0002cc97       _agent_exists              0042dc97 f   winpgntc.obj
 0001:0002ccab       _agent_query               0042dcab f   winpgntc.obj
 0001:0002ce5b       _get_user_sid              0042de5b f   winpgntc.obj
 0001:0002cf53       _init_advapi               0042df53 f   winpgntc.obj
 0001:0002d09f       _localproxy_gotdata        0042e09f f   winproxy.obj
 0001:0002d0dd       _localproxy_sentdata       0042e0dd f   winproxy.obj
 0001:0002d0f7       _platform_new_connection   0042e0f7 f   winproxy.obj
 0001:0002d2c8       _begin_wildcard_matching   0042e2c8 f   winsftp.obj
 0001:0002d398       _close_directory           0042e398 f   winsftp.obj
 0001:0002d3bd       _close_wfile               0042e3bd f   winsftp.obj
 0001:0002d3bd       _close_rfile               0042e3bd f   winsftp.obj
 0001:0002d3d3       _create_directory          0042e3d3 f   winsftp.obj
 0001:0002d3e6       _dir_file_cat              0042e3e6 f   winsftp.obj
 0001:0002d3fe       _do_eventsel_loop          0042e3fe f   winsftp.obj
 0001:0002d5e2       _do_select                 0042e5e2 f   winsftp.obj
 0001:0002d655       _file_type                 0042e655 f   winsftp.obj
 0001:0002d671       _finish_wildcard_matching  0042e671 f   winsftp.obj
 0001:0002d69f       _get_userpass_input        0042e69f f   winsftp.obj
 0001:0002d6c0       _main                      0042e6c0 f   winsftp.obj
 0001:0002d6c5       _open_directory            0042e6c5 f   winsftp.obj
 0001:0002d73d       _open_existing_file        0042e73d f   winsftp.obj
 0001:0002d800       _open_new_file             0042e800 f   winsftp.obj
 0001:0002d836       _read_filename             0042e836 f   winsftp.obj
 0001:0002d8d8       _read_from_file            0042e8d8 f   winsftp.obj
 0001:0002d902       _set_file_times            0042e902 f   winsftp.obj
 0001:0002d961       _ssh_sftp_loop_iteration   0042e961 f   winsftp.obj
 0001:0002da6b       _test_wildcard             0042ea6b f   winsftp.obj
 0001:0002dac1       _vet_filename              0042eac1 f   winsftp.obj
 0001:0002db0d       _wildcard_get_filename     0042eb0d f   winsftp.obj
 0001:0002db9a       _write_to_file             0042eb9a f   winsftp.obj
 0001:0002ddd7       _close_settings_r          0042edd7 f   winstore.obj
 0001:0002de93       _open_settings_r           0042ee93 f   winstore.obj
 0001:0002df17       _read_random_seed          0042ef17 f   winstore.obj
 0001:0002df96       _read_setting_filename     0042ef96 f   winstore.obj
 0001:0002dfc6       _read_setting_fontspec     0042efc6 f   winstore.obj
 0001:0002e090       _read_setting_i            0042f090 f   winstore.obj
 0001:0002e0d4       _read_setting_s            0042f0d4 f   winstore.obj
 0001:0002e13c       _store_host_key            0042f13c f   winstore.obj
 0001:0002e230       _verify_host_key           0042f230 f   winstore.obj
 0001:0002e459       _write_random_seed         0042f459 f   winstore.obj
 0001:0002e48a       _ltime                     0042f48a f   wintime.obj
 0001:0002e575       _x11_close                 0042f575 f   x11fwd.obj
 0001:0002e5b1       _x11_free_display          0042f5b1 f   x11fwd.obj
 0001:0002e656       _x11_init                  0042f656 f   x11fwd.obj
 0001:0002e762       _x11_override_throttle     0042f762 f   x11fwd.obj
 0001:0002e792       _x11_send                  0042f792 f   x11fwd.obj
 0001:0002eafa       _x11_setup_display         0042fafa f   x11fwd.obj
 0001:0002ee8d       _x11_unthrottle            0042fe8d f   x11fwd.obj
 0001:0002f0de       __fclose_nolock            004300de f   LIBCMT:fclose.obj
 0001:0002f14a       _fclose                    0043014a f   LIBCMT:fclose.obj
 0001:0002f1c1       _fgetc                     004301c1 f   LIBCMT:fgetc.obj
 0001:0002f2ba       __fsopen                   004302ba f   LIBCMT:fopen.obj
 0001:0002f37e       _fopen                     0043037e f   LIBCMT:fopen.obj
 0001:0002f393       _atoi                      00430393 f   LIBCMT:atox.obj
 0001:0002f39c       _atol                      0043039c f   LIBCMT:atox.obj
 0001:0002f3b0       _strcmp                    004303b0 f   LIBCMT:strcmp.obj
 0001:0002f440       _strlen                    00430440 f   LIBCMT:strlen.obj
 0001:0002f4d0       _strchr                    004304d0 f   LIBCMT:strchr.obj
 0001:0002f53e       ___from_strstr_to_strchr   0043053e     LIBCMT:strchr.obj
 0001:0002f600       _strncmp                   00430600 f   LIBCMT:strncmp.obj
 0001:0002f678       __wassert                  00430678 f   LIBCMT:wassert.obj
 0001:0002fd20       _memchr                    00430d20 f   LIBCMT:memchr.obj
 0001:0002fdd0       _memcpy                    00430dd0 f   LIBCMT:memcpy.obj
 0001:00030414       @__security_check_cookie@4 00431414 f   LIBCMT:secchk.obj
 0001:00030423       __fpmath                   00431423 f   LIBCMT:fpinit.obj
 0001:0003043a       __cfltcvt_init             0043143a f   LIBCMT:fpinit.obj
 0001:0003049a       ___initstdio               0043149a f   LIBCMT:_file.obj
 0001:0003050d       ___endstdio                0043150d f   LIBCMT:_file.obj
 0001:00030534       ___iob_func                00431534 f   LIBCMT:_file.obj
 0001:0003053a       __lock_file                0043153a f   LIBCMT:_file.obj
 0001:00030579       __lock_file2               00431579 f   LIBCMT:_file.obj
 0001:000305a9       __unlock_file              004315a9 f   LIBCMT:_file.obj
 0001:000305e3       __unlock_file2             004315e3 f   LIBCMT:_file.obj
 0001:00030610       __fflush_nolock            00431610 f   LIBCMT:fflush.obj
 0001:00030656       __flush                    00431656 f   LIBCMT:fflush.obj
 0001:000306ba       __flushall                 004316ba f   LIBCMT:fflush.obj
 0001:000306c3       _fflush                    004316c3 f   LIBCMT:fflush.obj
 0001:000307fc       _fprintf                   004317fc f   LIBCMT:fprintf.obj
 0001:0003090e       __fwrite_nolock            0043190e f   LIBCMT:fwrite.obj
 0001:00030a65       _fwrite                    00431a65 f   LIBCMT:fwrite.obj
 0001:00030ae3       _sprintf                   00431ae3 f   LIBCMT:sprintf.obj
 0001:00030b65       ??0_LocaleUpdate@@QAE@PAUlocaleinfo_struct@@@Z 00431b65 f i LIBCMT:_ctype.obj
 0001:00030bed       __isalnum_l                00431bed f i LIBCMT:_ctype.obj
 0001:00030c43       __isdigit_l                00431c43 f i LIBCMT:_ctype.obj
 0001:00030c93       __isprint_l                00431c93 f i LIBCMT:_ctype.obj
 0001:00030ce9       __isspace_l                00431ce9 f i LIBCMT:_ctype.obj
 0001:00030d39       __isxdigit_l               00431d39 f i LIBCMT:_ctype.obj
 0001:00030d8f       _isalnum                   00431d8f f i LIBCMT:_ctype.obj
 0001:00030dbc       _isdigit                   00431dbc f i LIBCMT:_ctype.obj
 0001:00030de7       _isprint                   00431de7 f i LIBCMT:_ctype.obj
 0001:00030e14       _isspace                   00431e14 f i LIBCMT:_ctype.obj
 0001:00030e3f       _isxdigit                  00431e3f f i LIBCMT:_ctype.obj
 0001:00030e6c       __tolower_l                00431e6c f   LIBCMT:tolower.obj
 0001:00030fad       _tolower                   00431fad f   LIBCMT:tolower.obj
 0001:00030fd9       __Strftime_l               00431fd9 f   LIBCMT:strftime.obj
 0001:000310fa       _strftime                  004320fa f   LIBCMT:strftime.obj
 0001:00031120       _strcpy                    00432120 f   LIBCMT:strcat.obj
 0001:00031130       _strcat                    00432130 f   LIBCMT:strcat.obj
 0001:00031218       _fgets                     00432218 f   LIBCMT:fgets.obj
 0001:00031357       __vsnprintf                00432357 f   LIBCMT:vsnprint.obj
 0001:00031372       __vsnprintf_l              00432372 f   LIBCMT:vsnprint.obj
 0001:00031640       _strtol                    00432640 f   LIBCMT:strtol.obj
 0001:0003166a       _strtoul                   0043266a f   LIBCMT:strtol.obj
 0001:00031694       _free                      00432694 f   LIBCMT:free.obj
 0001:000316cc       _malloc                    004326cc f   LIBCMT:malloc.obj
 0001:0003175e       _realloc                   0043275e f   LIBCMT:realloc.obj
 0001:00031810       _memset                    00432810 f   LIBCMT:memset.obj
 0001:000318a0       _memmove                   004328a0 f   LIBCMT:memmove.obj
 0001:00031ee4       _sscanf                    00432ee4 f   LIBCMT:sscanf.obj
 0001:00031f73       ___raise_securityfailure   00432f73 f   LIBCMT:gs_report.obj
 0001:00031fb0       ___report_gsfailure        00432fb0 f   LIBCMT:gs_report.obj
 0001:000320a9       ___report_rangecheckfailure 004330a9 f   LIBCMT:gs_report.obj
 0001:000320b5       ___report_securityfailure  004330b5 f   LIBCMT:gs_report.obj
 0001:00032183       ___copy_path_to_wide_string 00433183 f   LIBCMT:crt0dat.obj
 0001:00032233       ___crtCorExitProcess       00433233 f   LIBCMT:crt0dat.obj
 0001:00032265       ___crtExitProcess          00433265 f   LIBCMT:crt0dat.obj
 0001:0003227b       __amsg_exit                0043327b f   LIBCMT:crt0dat.obj
 0001:00032297       __c_exit                   00433297 f   LIBCMT:crt0dat.obj
 0001:000322a6       __cexit                    004332a6 f   LIBCMT:crt0dat.obj
 0001:000322b5       __cinit                    004332b5 f   LIBCMT:crt0dat.obj
 0001:00032346       __exit                     00433346 f   LIBCMT:crt0dat.obj
 0001:0003235a       __init_pointers            0043335a f   LIBCMT:crt0dat.obj
 0001:000323ae       __initterm_e               004333ae f   LIBCMT:crt0dat.obj
 0001:000323d0       __lockexit                 004333d0 f   LIBCMT:crt0dat.obj
 0001:000323d9       __unlockexit               004333d9 f   LIBCMT:crt0dat.obj
 0001:00032511       _exit                      00433511 f   LIBCMT:crt0dat.obj
 0001:00032530       _qsort                     00433530 f   LIBCMT:qsort.obj
 0001:0003285c       _fputc                     0043385c f   LIBCMT:fputc.obj
 0001:0003295d       __get_printf_count_output  0043395d f   LIBCMT:printf.obj
 0001:00032972       _printf                    00433972 f   LIBCMT:printf.obj
 0001:00032a1e       _vfprintf                  00433a1e f   LIBCMT:vfprintf.obj
 0001:00032a3b       _vfprintf_helper           00433a3b f   LIBCMT:vfprintf.obj
 0001:00032b50       _strcspn                   00433b50 f   LIBCMT:strcspn.obj
 0001:00032ba0       _strrchr                   00433ba0 f   LIBCMT:strrchr.obj
 0001:00032ce0       _strspn                    00433ce0 f   LIBCMT:strspn.obj
 0001:00032d26       __difftime64               00433d26 f   LIBCMT:difftm64.obj
 0001:00032d6d       __time64                   00433d6d f   LIBCMT:time64.obj
 0001:00032dc0       __alloca_probe             00433dc0     LIBCMT:chkstk.obj
 0001:00032dc0       __chkstk                   00433dc0 f   LIBCMT:chkstk.obj
 0001:00032df0       __ftol2_sse                00433df0 f   LIBCMT:ftol2.obj
 0001:00032df9       __ftol2_pentium4           00433df9 f   LIBCMT:ftol2.obj
 0001:00032e0c       __ftol2_sse_excpt          00433e0c f   LIBCMT:ftol2.obj
 0001:00032e26       __ftol2                    00433e26 f   LIBCMT:ftol2.obj
 0001:00032e9b       _memcmp                    00433e9b f   LIBCMT:memcmp.obj
 0001:00034620       _strncpy                   00435620 f   LIBCMT:strncpy.obj
 0001:00034744       _abort                     00435744 f   LIBCMT:abort.obj
 0001:00034790       __allmul                   00435790 f   LIBCMT:llmul.obj
 0001:000347d0       __allshl                   004357d0 f   LIBCMT:llshl.obj
 0001:000347f0       __aulldvrm                 004357f0 f   LIBCMT:ulldvrm.obj
 0001:00034890       __aullrem                  00435890 f   LIBCMT:ullrem.obj
 0001:00034905       __fread_nolock_s           00435905 f   LIBCMT:fread.obj
 0001:00034ac8       _fread                     00435ac8 f   LIBCMT:fread.obj
 0001:00034ae3       _fread_s                   00435ae3 f   LIBCMT:fread.obj
 0001:00034b74       __ungetc_nolock            00435b74 f   LIBCMT:ungetc.obj
 0001:00034c54       _ungetc                    00435c54 f   LIBCMT:ungetc.obj
 0001:00034cc0       _abs                       00435cc0 f   LIBCMT:abs.obj
 0001:00034ccd       _fputs                     00435ccd f   LIBCMT:fputs.obj
 0001:00034dd3       __getenv_helper_nolock     00435dd3 f   LIBCMT:getenv.obj
 0001:00034e57       _getenv                    00435e57 f   LIBCMT:getenv.obj
 0001:00034ee0       __aulldiv                  00435ee0 f   LIBCMT:ulldiv.obj
 0001:00034f48       _remove                    00435f48 f   LIBCMT:unlink.obj
 0001:00035103       _mainCRTStartup            00436103 f   LIBCMT:crt0.obj
 0001:0003510d       __call_reportfault         0043610d f   LIBCMT:invarg.obj
 0001:00035230       __initp_misc_invarg        00436230 f   LIBCMT:invarg.obj
 0001:0003523d       __invalid_parameter        0043623d f   LIBCMT:invarg.obj
 0001:00035268       __invalid_parameter_noinfo 00436268 f   LIBCMT:invarg.obj
 0001:00035278       __invoke_watson            00436278 f   LIBCMT:invarg.obj
 0001:000352a3       __fileno                   004362a3 f   LIBCMT:fileno.obj
 0001:000352c7       __close                    004362c7 f   LIBCMT:close.obj
 0001:00035391       __close_nolock             00436391 f   LIBCMT:close.obj
 0001:0003542b       ___doserrno                0043642b f   LIBCMT:dosmap.obj
 0001:0003543e       __dosmaperr                0043643e f   LIBCMT:dosmap.obj
 0001:0003545f       __errno                    0043645f f   LIBCMT:dosmap.obj
 0001:00035472       __get_errno_from_oserr     00436472 f   LIBCMT:dosmap.obj
 0001:000354b3       __freebuf                  004364b3 f   LIBCMT:_freebuf.obj
 0001:000354f0       __SEH_prolog4              004364f0 f   LIBCMT:sehprolg4.obj
 0001:00035535       __SEH_epilog4              00436535 f   LIBCMT:sehprolg4.obj
 0001:00035550       __except_handler4          00436550 f   LIBCMT:chandler4.obj
 0001:000356e5       __filbuf                   004366e5 f   LIBCMT:_filbuf.obj
 0001:00035806       __ioinit                   00436806 f   LIBCMT:ioinit.obj
 0001:00035ab4       __getstream                00436ab4 f   LIBCMT:stream.obj
 0001:00035bcc       __openfile                 00436bcc f   LIBCMT:_open.obj
 0001:00035e50       __local_unwind4            00436e50 f   LIBCMT:exsup4.obj
 0001:00035f26       __seh_longjmp_unwind4@4    00436f26 f   LIBCMT:exsup4.obj
 0001:00035f42       @_EH4_CallFilterFunc@8     00436f42 f   LIBCMT:exsup4.obj
 0001:00035f59       @_EH4_TransferToHandler@8  00436f59 f   LIBCMT:exsup4.obj
 0001:00035f72       @_EH4_GlobalUnwind2@8      00436f72 f   LIBCMT:exsup4.obj
 0001:00035f8b       @_EH4_LocalUnwind@16       00436f8b f   LIBCMT:exsup4.obj
 0001:00035fa2       ___isa_available_init      00436fa2 f   LIBCMT:cpu_disp.obj
 0001:000360db       _memcpy_s                  004370db f   LIBCMT:memcpy_s.obj
 0001:0003615a       _wcscat_s                  0043715a f   LIBCMT:wcscat_s.obj
 0001:000361c6       _wcscpy_s                  004371c6 f   LIBCMT:wcscpy_s.obj
 0001:00036222       _wcslen                    00437222 f   LIBCMT:wcslen.obj
 0001:0003623b       _wcsncat_s                 0043723b f   LIBCMT:wcsncat_s.obj
 0001:00036309       ___set_app_type            00437309 f   LIBCMT:errmode.obj
 0001:00036316       __set_error_mode           00437316 f   LIBCMT:errmode.obj
 0001:00036356       __itow_s                   00437356 f   LIBCMT:xtows.obj
 0001:00036472       _setvbuf                   00437472 f   LIBCMT:setvbuf.obj
 0001:00036578       _fwprintf                  00437578 f   LIBCMT:fwprintf.obj
 0001:00036609       __vswprintf_c_l            00437609 f   LIBCMT:vswprnc.obj
 0001:00036631       __vswprintf_helper         00437631 f   LIBCMT:vswprnc.obj
 0001:0003672a       ___get_sigabrt             0043772a f   LIBCMT:winsig.obj
 0001:00036737       __initp_misc_winsig        00437737 f   LIBCMT:winsig.obj
 0001:00036753       _raise                     00437753 f   LIBCMT:winsig.obj
 0001:00036944       ___crtMessageBoxW          00437944 f   LIBCMT:crtmboxw.obj
 0001:00036b26       __FF_MSGBANNER             00437b26 f   LIBCMT:crt0msg.obj
 0001:00036b5f       __GET_RTERRMSG             00437b5f f   LIBCMT:crt0msg.obj
 0001:00036b83       __NMSG_WRITE               00437b83 f   LIBCMT:crt0msg.obj
 0001:00036d3e       __cfltcvt                  00437d3e f   LIBCMT:cvt.obj
 0001:00036d5f       __cfltcvt_l                00437d5f f   LIBCMT:cvt.obj
 0001:00036de5       __cftoa_l                  00437de5 f   LIBCMT:cvt.obj
 0001:0003713f       __cftoe                    0043813f f   LIBCMT:cvt.obj
 0001:000372ac       __cftoe_l                  004382ac f   LIBCMT:cvt.obj
 0001:00037462       __cftof_l                  00438462 f   LIBCMT:cvt.obj
 0001:00037521       __cftog_l                  00438521 f   LIBCMT:cvt.obj
 0001:0003761e       __cropzeros                0043861e f   LIBCMT:cvt.obj
 0001:0003762f       __cropzeros_l              0043862f f   LIBCMT:cvt.obj
 0001:000376ad       __fassign                  004386ad f   LIBCMT:cvt.obj
 0001:000376c5       __fassign_l                004386c5 f   LIBCMT:cvt.obj
 0001:00037705       __forcdecpt                00438705 f   LIBCMT:cvt.obj
 0001:00037716       __forcdecpt_l              00438716 f   LIBCMT:cvt.obj
 0001:00037788       __positive                 00438788 f   LIBCMT:cvt.obj
 0001:000377ca       __setdefaultprecision      004387ca f   LIBCMT:fp8.obj
 0001:000377f1       __initp_misc_cfltcvt_tab   004387f1 f   LIBCMT:cmiscdat.obj
 0001:00037810       __fcloseall                00438810 f   LIBCMT:closeall.obj
 0001:000378ad       __lock                     004388ad f   LIBCMT:mlock.obj
 0001:000378e1       __mtdeletelocks            004388e1 f   LIBCMT:mlock.obj
 0001:00037935       __mtinitlocknum            00438935 f   LIBCMT:mlock.obj
 0001:000379dc       __mtinitlocks              004389dc f   LIBCMT:mlock.obj
 0001:00037a11       __unlock                   00438a11 f   LIBCMT:mlock.obj
 0001:00037a26       __calloc_crt               00438a26 f   LIBCMT:crtheap.obj
 0001:00037a70       __malloc_crt               00438a70 f   LIBCMT:crtheap.obj
 0001:00037ab9       __realloc_crt              00438ab9 f   LIBCMT:crtheap.obj
 0001:00037b05       __recalloc_crt             00438b05 f   LIBCMT:crtheap.obj
 0001:00037b55       __commit                   00438b55 f   LIBCMT:commit.obj
 0001:00037c3b       __write                    00438c3b f   LIBCMT:write.obj
 0001:00037d1d       __write_nolock             00438d1d f   LIBCMT:write.obj
 0001:00038547       __ftbuf                    00439547 f   LIBCMT:_sftbuf.obj
 0001:00038578       __stbuf                    00439578 f   LIBCMT:_sftbuf.obj
 0001:0003861e       __output_l                 0043961e f   LIBCMT:output.obj
 0001:00039290       __flsbuf                   0043a290 f   LIBCMT:_flsbuf.obj
 0001:000393dd       ___addlocaleref            0043a3dd f   LIBCMT:localref.obj
 0001:0003946d       ___freetlocinfo            0043a46d f   LIBCMT:localref.obj
 0001:000395c7       ___removelocaleref         0043a5c7 f   LIBCMT:localref.obj
 0001:00039662       ___updatetlocinfo          0043a662 f   LIBCMT:localref.obj
 0001:000396de       __updatetlocinfoEx_nolock  0043a6de f   LIBCMT:localref.obj
 0001:00039729       ___initmbctable            0043a729 f   LIBCMT:mbctype.obj
 0001:000399e4       ___updatetmbcinfo          0043a9e4 f   LIBCMT:mbctype.obj
 0001:00039a89       __setmbcp                  0043aa89 f   LIBCMT:mbctype.obj
 0001:00039c37       __setmbcp_nolock           0043ac37 f   LIBCMT:mbctype.obj
 0001:00039e2c       __isctype_l                0043ae2c f   LIBCMT:isctype.obj
 0001:00039edb       __freefls@4                0043aedb f   LIBCMT:tidtable.obj
 0001:0003a012       __getptd                   0043b012 f   LIBCMT:tidtable.obj
 0001:0003a02a       __getptd_noexit            0043b02a f   LIBCMT:tidtable.obj
 0001:0003a099       __initptd                  0043b099 f   LIBCMT:tidtable.obj
 0001:0003a14c       __mtinit                   0043b14c f   LIBCMT:tidtable.obj
 0001:0003a1c2       __mtterm                   0043b1c2 f   LIBCMT:tidtable.obj
 0001:0003a1df       __locterm                  0043b1df f   LIBCMT:wsetloca.obj
 0001:0003a231       __isleadbyte_l             0043b231 f i LIBCMT:_wctype.obj
 0001:0003a267       _isleadbyte                0043b267 f i LIBCMT:_wctype.obj
 0001:0003a461       ___crtLCMapStringA         0043b461 f   LIBCMT:a_map.obj
 0001:0003a4a5       __freea                    0043b4a5 f i LIBCMT:a_map.obj
 0001:0003a4c3       _strcpy_s                  0043b4c3 f   LIBCMT:strcpy_s.obj
 0001:0003af13       __Wcsftime_l               0043bf13 f   LIBCMT:wcsftime.obj
 0001:0003b054       __heap_init                0043c054 f   LIBCMT:heapinit.obj
 0001:0003b069       __callnewh                 0043c069 f   LIBCMT:handler.obj
 0001:0003b08f       __initp_heap_handler       0043c08f f   LIBCMT:handler.obj
 0001:0003b09c       __VEC_memset               0043c09c f   LIBCMT:p4_memset.obj
 0001:0003b206       __input_l                  0043c206 f   LIBCMT:input.obj
 0001:0003c322       __crt_debugger_hook        0043d322 f   LIBCMT:dbghook.obj
 0001:0003c32a       ___crtFlsAlloc             0043d32a f   LIBCMT:winapisupp.obj
 0001:0003c348       ___crtFlsFree              0043d348 f   LIBCMT:winapisupp.obj
 0001:0003c367       ___crtFlsGetValue          0043d367 f   LIBCMT:winapisupp.obj
 0001:0003c386       ___crtFlsSetValue          0043d386 f   LIBCMT:winapisupp.obj
 0001:0003c3a8       ___crtIsPackagedApp        0043d3a8 f   LIBCMT:winapisupp.obj
 0001:0003c3e6       ___crtLoadWinApiPointers   0043d3e6 f   LIBCMT:winapisupp.obj
 0001:0003c625       ___crtSetUnhandledExceptionFilter 0043d625 f   LIBCMT:winapisupp.obj
 0001:0003c633       ___crtTerminateProcess     0043d633 f   LIBCMT:winapisupp.obj
 0001:0003c648       ___crtUnhandledException   0043d648 f   LIBCMT:winapisupp.obj
 0001:0003c65e       __RTC_Initialize           0043d65e f   LIBCMT:initsect.obj
 0001:0003c67e       __RTC_Terminate            0043d67e f   LIBCMT:initsect.obj
 0001:0003c6a0       __FindPESection            0043d6a0 f   LIBCMT:pesect.obj
 0001:0003c6f0       __IsNonwritableInCurrentImage 0043d6f0 f   LIBCMT:pesect.obj
 0001:0003c7b0       __ValidateImageBase        0043d7b0 f   LIBCMT:pesect.obj
 0001:0003c7e1       ___onexitinit              0043d7e1 f   LIBCMT:onexit.obj
 0001:0003c810       __onexit                   0043d810 f   LIBCMT:onexit.obj
 0001:0003c906       _atexit                    0043d906 f   LIBCMT:onexit.obj
 0001:0003c91b       ?terminate@@YAXXZ          0043d91b f   LIBCMT:hooks.obj
 0001:0003c94f       __initp_eh_hooks           0043d94f f   LIBCMT:hooks.obj
 0001:0003c960       __initp_misc_purevirt      0043d960 f   LIBCMT:inithelp.obj
 0001:0003c96d       __initp_misc_rand_s        0043d96d f   LIBCMT:rand_s.obj
 0001:0003c97a       __read                     0043d97a f   LIBCMT:read.obj
 0001:0003ca82       __read_nolock              0043da82 f   LIBCMT:read.obj
 0001:0003d211       __getbuf                   0043e211 f   LIBCMT:_getbuf.obj
 0001:0003d257       _strnlen                   0043e257 f   LIBCMT:strlen_s.obj
 0001:0003d272       ___wtomb_environ           0043e272 f   LIBCMT:wtombenv.obj
 0001:0003d2ff       __mbsnbicoll               0043e2ff f   LIBCMT:mbsnbico.obj
 0001:0003d317       __mbsnbicoll_l             0043e317 f   LIBCMT:mbsnbico.obj
 0001:0003d3cb       __wremove                  0043e3cb f   LIBCMT:wunlink.obj
 0001:0003d3f9       ?__CxxUnhandledExceptionFilter@@YGJPAU_EXCEPTION_POINTERS@@@Z 0043e3f9 f   LIBCMT:unhandld.obj
 0001:0003d43a       ___CxxSetUnhandledExceptionFilter 0043e43a f   LIBCMT:unhandld.obj
 0001:0003d448       __XcptFilter               0043e448 f   LIBCMT:winxfltr.obj
 0001:0003d5a3       __setargv                  0043e5a3 f   LIBCMT:stdargv.obj
 0001:0003d7d0       __setenvp                  0043e7d0 f   LIBCMT:stdenvp.obj
 0001:0003d8b1       ___security_init_cookie    0043e8b1 f   LIBCMT:gs_support.obj
 0001:0003d94b       ___crtGetEnvironmentStringsA 0043e94b f   LIBCMT:a_env.obj
 0001:0003d9d6       ___lock_fhandle            0043e9d6 f   LIBCMT:osfinfo.obj
 0001:0003da62       __alloc_osfhnd             0043ea62 f   LIBCMT:osfinfo.obj
 0001:0003dc07       __free_osfhnd              0043ec07 f   LIBCMT:osfinfo.obj
 0001:0003dc8d       __get_osfhandle            0043ec8d f   LIBCMT:osfinfo.obj
 0001:0003dcf4       __set_osfhnd               0043ecf4 f   LIBCMT:osfinfo.obj
 0001:0003dd76       __unlock_fhandle           0043ed76 f   LIBCMT:osfinfo.obj
 0001:0003dd9c       __sopen_helper             0043ed9c f   LIBCMT:open.obj
 0001:0003de63       __sopen_nolock             0043ee63 f   LIBCMT:open.obj
 0001:0003deaf       __sopen_s                  0043eeaf f   LIBCMT:open.obj
 0001:0003decd       __mbsnbcmp                 0043eecd f   LIBCMT:mbsnbcmp.obj
 0001:0003dee5       __mbsnbcmp_l               0043eee5 f   LIBCMT:mbsnbcmp.obj
 0001:0003dffa       __mbsnbicmp                0043effa f   LIBCMT:mbsnbicm.obj
 0001:0003e012       __mbsnbicmp_l              0043f012 f   LIBCMT:mbsnbicm.obj
 0001:0003e1d0       __global_unwind2           0043f1d0 f   LIBCMT:exsup.obj
 0001:0003e235       __local_unwind2            0043f235 f   LIBCMT:exsup.obj
 0001:0003e2b9       __abnormal_termination     0043f2b9 f   LIBCMT:exsup.obj
 0001:0003e2dc       __NLG_Notify1              0043f2dc f   LIBCMT:exsup.obj
 0001:0003e2e5       __NLG_Notify               0043f2e5 f   LIBCMT:exsup.obj
 0001:0003e2fc       __NLG_Dispatch2            0043f2fc     LIBCMT:exsup.obj
 0001:0003e2fc       __NLG_Dispatch             0043f2fc     LIBCMT:exsup.obj
 0001:0003e304       __NLG_Call                 0043f304 f   LIBCMT:exsup.obj
 0001:0003e306       __NLG_Return2              0043f306     LIBCMT:exsup.obj
 0001:0003e307       __woutput_l                0043f307 f   LIBCMT:woutput.obj
 0001:0003effe       _wcsncpy_s                 0043fffe f   LIBCMT:wcsncpy_s.obj
 0001:0003f0bc       __fptostr                  004400bc f   LIBCMT:_fptostr.obj
 0001:0003f16c       __atodbl_l                 0044016c f   LIBCMT:atodbl.obj
 0001:0003f1f8       __atoflt_l                 004401f8 f   LIBCMT:atodbl.obj
 0001:0003f284       ___dtold                   00440284 f   LIBCMT:cfout.obj
 0001:0003f34a       __fltout2                  0044034a f   LIBCMT:cfout.obj
 0001:0003f3e0       __alldvrm                  004403e0 f   LIBCMT:lldvrm.obj
 0001:0003f4c0       __aullshr                  004404c0 f   LIBCMT:ullshr.obj
 0001:0003f4df       __controlfp_s              004404df f   LIBCMT:contrlfp.obj
 0001:0003f53c       __fptrap                   0044053c f   LIBCMT:crt0fp.obj
 0001:0003f545       __recalloc                 00440545 f   LIBCMT:recalloc.obj
 0001:0003f5ae       __calloc_impl              004405ae f   LIBCMT:calloc_impl.obj
 0001:0003f628       __isatty                   00440628 f   LIBCMT:isatty.obj
 0001:0003f67c       __lseeki64                 0044067c f   LIBCMT:lseeki64.obj
 0001:0003f778       __lseeki64_nolock          00440778 f   LIBCMT:lseeki64.obj
 0001:0003f7e9       __mbtowc_l                 004407e9 f   LIBCMT:mbtowc.obj
 0001:0003f8dc       _mbtowc                    004408dc f   LIBCMT:mbtowc.obj
 0001:0003f8f4       __putwch_nolock            004408f4 f   LIBCMT:putwch.obj
 0001:0003f935       __wctomb_s_l               00440935 f   LIBCMT:wctomb.obj
 0001:0003fa57       _wctomb_s                  00440a57 f   LIBCMT:wctomb.obj
 0001:0003fa72       ___free_lconv_mon          00440a72 f   LIBCMT:initmon.obj
 0001:0003fb6e       ___free_lconv_num          00440b6e f   LIBCMT:initnum.obj
 0001:0003fbd5       ___free_lc_time            00440bd5 f   LIBCMT:inittime.obj
 0001:00040041       ___crtGetStringTypeA       00441041 f   LIBCMT:a_str.obj
 0001:0004007f       ____lc_codepage_func       0044107f f   LIBCMT:initctyp.obj
 0001:000400a5       _wcsnlen                   004410a5 f   LIBCMT:wcslen_s.obj
 0001:000400c4       _GetTableIndexFromLocaleName 004410c4 f   LIBCMT:winapinls.obj
 0001:00040112       ___crtCompareStringEx      00441112 f   LIBCMT:winapinls.obj
 0001:0004015e       ___crtDownlevelLocaleNameToLCID 0044115e f   LIBCMT:winapinls.obj
 0001:00040188       ___crtGetDateFormatEx      00441188 f   LIBCMT:winapinls.obj
 0001:000401d1       ___crtGetTimeFormatEx      004411d1 f   LIBCMT:winapinls.obj
 0001:00040206       ___crtLCMapStringEx        00441206 f   LIBCMT:winapinls.obj
 0001:00040252       ___wcsnicmp_ascii          00441252 f   LIBCMT:winapinls.obj
 0001:000402c0       _iswctype                  004412c0 f   LIBCMT:iswctype.obj
 0001:00040320       __alloca_probe_16          00441320 f   LIBCMT:alloca16.obj
 0001:00040336       __alloca_probe_8           00441336     LIBCMT:alloca16.obj
 0001:0004034c       __wcsicmp                  0044134c f   LIBCMT:wcsicmp.obj
 0001:000403df       __wcsicmp_l                004413df f   LIBCMT:wcsicmp.obj
 0001:000404b8       ___tzset                   004414b8 f   LIBCMT:tzset.obj
 0001:0004083c       __mbstowcs_l_helper        0044183c f   LIBCMT:mbstowcs.obj
 0001:0004099b       __mbstowcs_s_l             0044199b f   LIBCMT:mbstowcs.obj
 0001:00040a77       ___daylight                00441a77 f   LIBCMT:timeset.obj
 0001:00040a7d       ___dstbias                 00441a7d f   LIBCMT:timeset.obj
 0001:00040a83       ___timezone                00441a83 f   LIBCMT:timeset.obj
 0001:00040a89       ___tzname                  00441a89 f   LIBCMT:timeset.obj
 0001:00040a8f       __get_daylight             00441a8f f   LIBCMT:timeset.obj
 0001:00040ab9       __get_dstbias              00441ab9 f   LIBCMT:timeset.obj
 0001:00040ae3       __get_timezone             00441ae3 f   LIBCMT:timeset.obj
 0001:00040b0d       __msize                    00441b0d f   LIBCMT:msize.obj
 0001:00040b3e       _strncpy_s                 00441b3e f   LIBCMT:strncpy_s.obj
 0001:00040be2       ___crtsetenv               00441be2 f   LIBCMT:setenv.obj
 0001:00040ee3       __strnicoll_l              00441ee3 f   LIBCMT:strnicol.obj
 0001:00041231       ___crtCompareStringA       00442231 f   LIBCMT:a_cmp.obj
 0001:000412c8       __ismbblead                004422c8 f   LIBCMT:ismbbyte.obj
 0001:0004136f       __wsopen_nolock            0044236f f   LIBCMT:wopen.obj
 0001:00041ac0       __strnicmp                 00442ac0 f   LIBCMT:strnicmp.obj
 0001:00041ac0       _strnicmp                  00442ac0 f   LIBCMT:strnicmp.obj
 0001:00041b2b       __strnicmp_l               00442b2b f   LIBCMT:strnicmp.obj
 0001:00041bda       __fputwc_nolock            00442bda f   LIBCMT:fputwc.obj
 0001:00041d5f       __ld12tod                  00442d5f f   LIBCMT:intrncvt.obj
 0001:000422cf       __ld12tof                  004432cf f   LIBCMT:intrncvt.obj
 0001:0004283f       ___strgtold12_l            0044383f f   LIBCMT:strgtold.obj
 0001:00042fbb       _$I10_OUTPUT               00443fbb f   LIBCMT:x10fout.obj
 0001:00043a28       __control87                00444a28 f i LIBCMT:ieee87.obj
 0001:00043dbf       ___termconout              00444dbf f   LIBCMT:initcon.obj
 0001:00043dd6       ___initconout              00444dd6 f   LIBCMT:initcon.obj
 0001:00043df5       __towlower_l               00444df5 f   LIBCMT:towlower.obj
 0001:00043ea7       __strdup                   00444ea7 f   LIBCMT:strdup.obj
 0001:00043ef7       __mbschr                   00444ef7 f   LIBCMT:mbschr.obj
 0001:00043f0c       __mbschr_l                 00444f0c f   LIBCMT:mbschr.obj
 0001:00043fa7       __chsize_nolock            00444fa7 f   LIBCMT:chsize.obj
 0001:0004415b       __get_fmode                0044515b f   LIBCMT:setmode.obj
 0001:00044185       __setmode_nolock           00445185 f   LIBCMT:setmode.obj
 0001:00044260       ___ascii_strnicmp          00445260 f   LIBCMT:_strnicm.obj
 0001:000442c1       __flswbuf                  004452c1 f   LIBCMT:_flswbuf.obj
 0001:00044421       ___mtold12                 00445421 f   LIBCMT:mantold.obj
 0001:00044603       ___set_fpsr_sse2           00445603 f   LIBCMT:fpctrl.obj
 0001:00044679       ___crtLCMapStringW         00445679 f   LIBCMT:w_map.obj
 0001:000446a8       _IsProcessorFeaturePresent@4 004456a8 f   kernel32:KERNEL32.dll
 0001:000446ae       _RtlUnwind@16              004456ae f   kernel32:KERNEL32.dll
 0001:000446b4       ___ascii_stricmp           004456b4 f   LIBCMT:stricmp.obj
 0001:000446ed       __stricmp                  004456ed f   LIBCMT:stricmp.obj
 0001:000446ed       _stricmp                   004456ed f   LIBCMT:stricmp.obj
 0001:00044734       __stricmp_l                00445734 f   LIBCMT:stricmp.obj
 0002:00000000       __imp__RegCloseKey@4       00446000     advapi32:ADVAPI32.dll
 0002:00000004       __imp__RegOpenKeyA@12      00446004     advapi32:ADVAPI32.dll
 0002:00000008       __imp__RegQueryValueExA@24 00446008     advapi32:ADVAPI32.dll
 0002:0000000c       __imp__GetUserNameA@8      0044600c     advapi32:ADVAPI32.dll
 0002:00000010       __imp__CopySid@12          00446010     advapi32:ADVAPI32.dll
 0002:00000014       __imp__GetLengthSid@4      00446014     advapi32:ADVAPI32.dll
 0002:00000018       __imp__RegCreateKeyA@12    00446018     advapi32:ADVAPI32.dll
 0002:0000001c       __imp__RegSetValueExA@24   0044601c     advapi32:ADVAPI32.dll
 0002:00000020       \177ADVAPI32_NULL_THUNK_DATA 00446020     advapi32:ADVAPI32.dll
 0002:00000024       __imp__SetEndOfFile@4      00446024     kernel32:KERNEL32.dll
 0002:00000028       __imp__CreateFileW@28      00446028     kernel32:KERNEL32.dll
 0002:0000002c       __imp__SetEnvironmentVariableA@8 0044602c     kernel32:KERNEL32.dll
 0002:00000030       __imp__HeapSize@12         00446030     kernel32:KERNEL32.dll
 0002:00000034       __imp__GetTimeZoneInformation@4 00446034     kernel32:KERNEL32.dll
 0002:00000038       __imp__LCMapStringW@24     00446038     kernel32:KERNEL32.dll
 0002:0000003c       __imp__CompareStringW@24   0044603c     kernel32:KERNEL32.dll
 0002:00000040       __imp__GetTimeFormatW@24   00446040     kernel32:KERNEL32.dll
 0002:00000044       __imp__GetTickCount@0      00446044     kernel32:KERNEL32.dll
 0002:00000048       __imp__GetStdHandle@4      00446048     kernel32:KERNEL32.dll
 0002:0000004c       __imp__ReadFile@20         0044604c     kernel32:KERNEL32.dll
 0002:00000050       __imp__WriteFile@20        00446050     kernel32:KERNEL32.dll
 0002:00000054       __imp__GetConsoleMode@8    00446054     kernel32:KERNEL32.dll
 0002:00000058       __imp__SetConsoleMode@8    00446058     kernel32:KERNEL32.dll
 0002:0000005c       __imp__FreeLibrary@4       0044605c     kernel32:KERNEL32.dll
 0002:00000060       __imp__GetProcAddress@8    00446060     kernel32:KERNEL32.dll
 0002:00000064       __imp__LoadLibraryA@4      00446064     kernel32:KERNEL32.dll
 0002:00000068       __imp__CloseHandle@4       00446068     kernel32:KERNEL32.dll
 0002:0000006c       __imp__GetLastError@0      0044606c     kernel32:KERNEL32.dll
 0002:00000070       __imp__GetOverlappedResult@16 00446070     kernel32:KERNEL32.dll
 0002:00000074       __imp__SetEvent@4          00446074     kernel32:KERNEL32.dll
 0002:00000078       __imp__WaitForSingleObject@8 00446078     kernel32:KERNEL32.dll
 0002:0000007c       __imp__CreateEventA@16     0044607c     kernel32:KERNEL32.dll
 0002:00000080       __imp__CreateThread@24     00446080     kernel32:KERNEL32.dll
 0002:00000084       __imp__GetSystemDirectoryA@8 00446084     kernel32:KERNEL32.dll
 0002:00000088       __imp__FormatMessageA@28   00446088     kernel32:KERNEL32.dll
 0002:0000008c       __imp__FindClose@4         0044608c     kernel32:KERNEL32.dll
 0002:00000090       __imp__FindFirstFileA@8    00446090     kernel32:KERNEL32.dll
 0002:00000094       __imp__FindNextFileA@8     00446094     kernel32:KERNEL32.dll
 0002:00000098       __imp__QueryPerformanceCounter@4 00446098     kernel32:KERNEL32.dll
 0002:0000009c       __imp__GetProcessTimes@20  0044609c     kernel32:KERNEL32.dll
 0002:000000a0       __imp__GetCurrentProcess@0 004460a0     kernel32:KERNEL32.dll
 0002:000000a4       __imp__GetCurrentProcessId@0 004460a4     kernel32:KERNEL32.dll
 0002:000000a8       __imp__GetCurrentThread@0  004460a8     kernel32:KERNEL32.dll
 0002:000000ac       __imp__GetThreadTimes@20   004460ac     kernel32:KERNEL32.dll
 0002:000000b0       __imp__GetSystemTime@4     004460b0     kernel32:KERNEL32.dll
 0002:000000b4       __imp__GetSystemTimeAdjustment@12 004460b4     kernel32:KERNEL32.dll
 0002:000000b8       __imp__GetWindowsDirectoryA@8 004460b8     kernel32:KERNEL32.dll
 0002:000000bc       __imp__GlobalMemoryStatus@4 004460bc     kernel32:KERNEL32.dll
 0002:000000c0       __imp__GetCurrentThreadId@0 004460c0     kernel32:KERNEL32.dll
 0002:000000c4       __imp__OpenProcess@12      004460c4     kernel32:KERNEL32.dll
 0002:000000c8       __imp__MapViewOfFile@20    004460c8     kernel32:KERNEL32.dll
 0002:000000cc       __imp__UnmapViewOfFile@4   004460cc     kernel32:KERNEL32.dll
 0002:000000d0       __imp__LocalAlloc@8        004460d0     kernel32:KERNEL32.dll
 0002:000000d4       __imp__LocalFree@4         004460d4     kernel32:KERNEL32.dll
 0002:000000d8       __imp__CreateFileMappingA@24 004460d8     kernel32:KERNEL32.dll
 0002:000000dc       __imp__SetHandleInformation@12 004460dc     kernel32:KERNEL32.dll
 0002:000000e0       __imp__CreatePipe@16       004460e0     kernel32:KERNEL32.dll
 0002:000000e4       __imp__CreateProcessA@40   004460e4     kernel32:KERNEL32.dll
 0002:000000e8       __imp__CreateDirectoryA@8  004460e8     kernel32:KERNEL32.dll
 0002:000000ec       __imp__CreateFileA@28      004460ec     kernel32:KERNEL32.dll
 0002:000000f0       __imp__GetFileAttributesA@4 004460f0     kernel32:KERNEL32.dll
 0002:000000f4       __imp__GetFileSize@8       004460f4     kernel32:KERNEL32.dll
 0002:000000f8       __imp__GetFileTime@16      004460f8     kernel32:KERNEL32.dll
 0002:000000fc       __imp__SetFileTime@16      004460fc     kernel32:KERNEL32.dll
 0002:00000100       __imp__WaitForMultipleObjects@16 00446100     kernel32:KERNEL32.dll
 0002:00000104       __imp__GetEnvironmentVariableA@12 00446104     kernel32:KERNEL32.dll
 0002:00000108       __imp__GetLocalTime@4      00446108     kernel32:KERNEL32.dll
 0002:0000010c       __imp__GetFileType@4       0044610c     kernel32:KERNEL32.dll
 0002:00000110       __imp__GetModuleFileNameW@12 00446110     kernel32:KERNEL32.dll
 0002:00000114       __imp__GetModuleHandleExW@12 00446114     kernel32:KERNEL32.dll
 0002:00000118       __imp__WriteConsoleW@20    00446118     kernel32:KERNEL32.dll
 0002:0000011c       __imp__EnterCriticalSection@4 0044611c     kernel32:KERNEL32.dll
 0002:00000120       __imp__LeaveCriticalSection@4 00446120     kernel32:KERNEL32.dll
 0002:00000124       __imp__MultiByteToWideChar@24 00446124     kernel32:KERNEL32.dll
 0002:00000128       __imp__WideCharToMultiByte@32 00446128     kernel32:KERNEL32.dll
 0002:0000012c       __imp__HeapFree@12         0044612c     kernel32:KERNEL32.dll
 0002:00000130       __imp__HeapAlloc@12        00446130     kernel32:KERNEL32.dll
 0002:00000134       __imp__HeapReAlloc@16      00446134     kernel32:KERNEL32.dll
 0002:00000138       __imp__IsDebuggerPresent@0 00446138     kernel32:KERNEL32.dll
 0002:0000013c       __imp__IsProcessorFeaturePresent@4 0044613c     kernel32:KERNEL32.dll
 0002:00000140       __imp__EncodePointer@4     00446140     kernel32:KERNEL32.dll
 0002:00000144       __imp__DecodePointer@4     00446144     kernel32:KERNEL32.dll
 0002:00000148       __imp__InterlockedDecrement@4 00446148     kernel32:KERNEL32.dll
 0002:0000014c       __imp__ExitProcess@4       0044614c     kernel32:KERNEL32.dll
 0002:00000150       __imp__AreFileApisANSI@0   00446150     kernel32:KERNEL32.dll
 0002:00000154       __imp__GetSystemTimeAsFileTime@4 00446154     kernel32:KERNEL32.dll
 0002:00000158       __imp__GetCommandLineA@0   00446158     kernel32:KERNEL32.dll
 0002:0000015c       __imp__InitializeCriticalSectionAndSpinCount@8 0044615c     kernel32:KERNEL32.dll
 0002:00000160       __imp__DeleteCriticalSection@4 00446160     kernel32:KERNEL32.dll
 0002:00000164       __imp__GetStartupInfoW@4   00446164     kernel32:KERNEL32.dll
 0002:00000168       __imp__RtlUnwind@16        00446168     kernel32:KERNEL32.dll
 0002:0000016c       __imp__OutputDebugStringW@4 0044616c     kernel32:KERNEL32.dll
 0002:00000170       __imp__LoadLibraryExW@12   00446170     kernel32:KERNEL32.dll
 0002:00000174       __imp__LoadLibraryW@4      00446174     kernel32:KERNEL32.dll
 0002:00000178       __imp__Sleep@4             00446178     kernel32:KERNEL32.dll
 0002:0000017c       __imp__FlushFileBuffers@4  0044617c     kernel32:KERNEL32.dll
 0002:00000180       __imp__GetConsoleCP@0      00446180     kernel32:KERNEL32.dll
 0002:00000184       __imp__InterlockedIncrement@4 00446184     kernel32:KERNEL32.dll
 0002:00000188       __imp__IsValidCodePage@4   00446188     kernel32:KERNEL32.dll
 0002:0000018c       __imp__GetACP@0            0044618c     kernel32:KERNEL32.dll
 0002:00000190       __imp__GetOEMCP@0          00446190     kernel32:KERNEL32.dll
 0002:00000194       __imp__GetCPInfo@8         00446194     kernel32:KERNEL32.dll
 0002:00000198       __imp__SetLastError@4      00446198     kernel32:KERNEL32.dll
 0002:0000019c       __imp__GetProcessHeap@0    0044619c     kernel32:KERNEL32.dll
 0002:000001a0       __imp__UnhandledExceptionFilter@4 004461a0     kernel32:KERNEL32.dll
 0002:000001a4       __imp__SetUnhandledExceptionFilter@4 004461a4     kernel32:KERNEL32.dll
 0002:000001a8       __imp__TerminateProcess@8  004461a8     kernel32:KERNEL32.dll
 0002:000001ac       __imp__TlsAlloc@0          004461ac     kernel32:KERNEL32.dll
 0002:000001b0       __imp__TlsGetValue@4       004461b0     kernel32:KERNEL32.dll
 0002:000001b4       __imp__TlsSetValue@8       004461b4     kernel32:KERNEL32.dll
 0002:000001b8       __imp__TlsFree@4           004461b8     kernel32:KERNEL32.dll
 0002:000001bc       __imp__GetModuleHandleW@4  004461bc     kernel32:KERNEL32.dll
 0002:000001c0       __imp__ReadConsoleW@20     004461c0     kernel32:KERNEL32.dll
 0002:000001c4       __imp__DeleteFileW@4       004461c4     kernel32:KERNEL32.dll
 0002:000001c8       __imp__GetModuleFileNameA@12 004461c8     kernel32:KERNEL32.dll
 0002:000001cc       __imp__GetEnvironmentStringsW@0 004461cc     kernel32:KERNEL32.dll
 0002:000001d0       __imp__FreeEnvironmentStringsW@4 004461d0     kernel32:KERNEL32.dll
 0002:000001d4       __imp__SetStdHandle@8      004461d4     kernel32:KERNEL32.dll
 0002:000001d8       __imp__SetFilePointerEx@20 004461d8     kernel32:KERNEL32.dll
 0002:000001dc       __imp__GetStringTypeW@16   004461dc     kernel32:KERNEL32.dll
 0002:000001e0       __imp__GetDateFormatW@24   004461e0     kernel32:KERNEL32.dll
 0002:000001e4       \177KERNEL32_NULL_THUNK_DATA 004461e4     kernel32:KERNEL32.dll
 0002:000001e8       __imp__FindWindowA@8       004461e8     user32:USER32.dll
 0002:000001ec       __imp__SendMessageA@16     004461ec     user32:USER32.dll
 0002:000001f0       __imp__GetCursorPos@4      004461f0     user32:USER32.dll
 0002:000001f4       __imp__GetForegroundWindow@0 004461f4     user32:USER32.dll
 0002:000001f8       __imp__GetCapture@0        004461f8     user32:USER32.dll
 0002:000001fc       __imp__GetQueueStatus@4    004461fc     user32:USER32.dll
 0002:00000200       __imp__GetClipboardOwner@0 00446200     user32:USER32.dll
 0002:00000204       \177USER32_NULL_THUNK_DATA 00446204     user32:USER32.dll
 0002:00000208       ___xc_a                    00446208     LIBCMT:crt0init.obj
 0002:0000020c       ___xc_z                    0044620c     LIBCMT:crt0init.obj
 0002:00000210       ___xi_a                    00446210     LIBCMT:crt0init.obj
 0002:00000228       ___xi_z                    00446228     LIBCMT:crt0init.obj
 0002:0000022c       ___xp_a                    0044622c     LIBCMT:crt0init.obj
 0002:0000023c       ___xp_z                    0044623c     LIBCMT:crt0init.obj
 0002:00000240       ___xt_a                    00446240     LIBCMT:crt0init.obj
 0002:00000244       ___xt_z                    00446244     LIBCMT:crt0init.obj
 0002:00000250       _be_default_protocol       00446250     be_ssh.obj
 0002:00000254       ??_C@_0CH@BBHEKEDE@option?5?$CC?$CFs?$CC?5not?5available?5in?5thi@ 00446254     cmdline.obj
 0002:0000027c       ??_C@_05ICAMDKBJ@?9load?$AA@ 0044627c     cmdline.obj
 0002:00000284       ??_C@_04ICJFNLID@?9ssh?$AA@ 00446284     cmdline.obj
 0002:0000028c       ??_C@_07DKMEJCIF@?9telnet?$AA@ 0044628c     cmdline.obj
 0002:00000294       ??_C@_07PNIEMAJC@?9rlogin?$AA@ 00446294     cmdline.obj
 0002:0000029c       ??_C@_04OINBMFGG@?9raw?$AA@ 0044629c     cmdline.obj
 0002:000002a4       ??_C@_07DIHGINNE@?9serial?$AA@ 004462a4     cmdline.obj
 0002:000002ac       ??_C@_02EJEOCNCO@?9v?$AA@  004462ac     cmdline.obj
 0002:000002b0       ??_C@_02PJGDNHPF@?9l?$AA@  004462b0     cmdline.obj
 0002:000002b4       ??_C@_08FCOAIJJN@?9loghost?$AA@ 004462b4     cmdline.obj
 0002:000002c0       ??_C@_02GMOHPDFH@?9L?$AA@  004462c0     cmdline.obj
 0002:000002c4       ??_C@_02LIKGMMII@?9R?$AA@  004462c4     cmdline.obj
 0002:000002c8       ??_C@_02KEDOHJFP@?9D?$AA@  004462c8     cmdline.obj
 0002:000002cc       ??_C@_0DA@NDNLCDCP@?9?$CFc?5expects?5at?5least?5two?5colons?5@ 004462cc     cmdline.obj
 0002:000002fc       ??_C@_06JHCNKDE@?$CFc?$CF?4?$CKs?$AA@ 004462fc     cmdline.obj
 0002:00000304       ??_C@_03DFONGJFI@L?$CFs?$AA@ 00446304     cmdline.obj
 0002:00000308       ??_C@_01CKDDGHAB@D?$AA@    00446308     cmdline.obj
 0002:0000030c       ??_C@_03IAHKIJEO@?9nc?$AA@ 0044630c     cmdline.obj
 0002:00000310       ??_C@_0CJ@EADAEIPK@?9nc?5expects?5argument?5of?5form?5?8ho@ 00446310     cmdline.obj
 0002:0000033c       ??_C@_04EBNJJJJI@?$CF?4?$CKs?$AA@ 0044633c     cmdline.obj
 0002:00000344       ??_C@_02OAHIOGLE@?9m?$AA@  00446344     cmdline.obj
 0002:00000348       ??_C@_01KDCPPGHE@r?$AA@    00446348     cmdline.obj
 0002:0000034c       ??_C@_0CB@LNEDGKNN@unable?5to?5open?5command?5file?5?$CC?$CFs?$CC@ 0044634c     cmdline.obj
 0002:0000036d       ??_C@_00CNPNBAHC@?$AA@     0044636d     cmdline.obj
 0002:00000370       ??_C@_02IKJAKOAK@?9P?$AA@  00446370     cmdline.obj
 0002:00000374       ??_C@_03LIGMNAGB@?9pw?$AA@ 00446374     cmdline.obj
 0002:00000378       ??_C@_0DG@HOAILDLM@the?5?9pw?5option?5can?5only?5be?5used?5@ 00446378     cmdline.obj
 0002:000003b0       ??_C@_06CBKBFCJG@?9agent?$AA@ 004463b0     cmdline.obj
 0002:000003b8       ??_C@_07PJJOKNHB@?9pagent?$AA@ 004463b8     cmdline.obj
 0002:000003c0       ??_C@_08CFHKFFAF@?9pageant?$AA@ 004463c0     cmdline.obj
 0002:000003cc       ??_C@_08DPIPCKGL@?9noagent?$AA@ 004463cc     cmdline.obj
 0002:000003d8       ??_C@_09DKIMANKI@?9nopagent?$AA@ 004463d8     cmdline.obj
 0002:000003e4       ??_C@_0L@NKLGCNNF@?9nopageant?$AA@ 004463e4     cmdline.obj
 0002:000003f0       ??_C@_02NJEJINBK@?9A?$AA@  004463f0     cmdline.obj
 0002:000003f4       ??_C@_02EMMNKJLI@?9a?$AA@  004463f4     cmdline.obj
 0002:000003f8       ??_C@_02ECEJCEAC@?9X?$AA@  004463f8     cmdline.obj
 0002:000003fc       ??_C@_02NHMNAAKA@?9x?$AA@  004463fc     cmdline.obj
 0002:00000400       ??_C@_02HLHIEPKM@?9t?$AA@  00446400     cmdline.obj
 0002:00000404       ??_C@_02OOPMGLAO@?9T?$AA@  00446404     cmdline.obj
 0002:00000408       ??_C@_02FONBJBNF@?9N?$AA@  00446408     cmdline.obj
 0002:0000040c       ??_C@_02OLHPOPJI@?9C?$AA@  0044640c     cmdline.obj
 0002:00000410       ??_C@_02PGHGPEOM@?91?$AA@  00446410     cmdline.obj
 0002:00000414       ??_C@_02NNFLKHCP@?92?$AA@  00446414     cmdline.obj
 0002:00000418       ??_C@_02IEBECDLA@?9i?$AA@  00446418     cmdline.obj
 0002:0000041c       ??_C@_02ILABAAKJ@?94?$AA@  0044641c     cmdline.obj
 0002:00000420       ??_C@_05OBEEBKAB@?9ipv4?$AA@ 00446420     cmdline.obj
 0002:00000428       ??_C@_02LJDHGCCL@?96?$AA@  00446428     cmdline.obj
 0002:0000042c       ??_C@_05NDHCHIID@?9ipv6?$AA@ 0044642c     cmdline.obj
 0002:00000434       ??_C@_07LBHAKCPO@?9sercfg?$AA@ 00446434     cmdline.obj
 0002:0000043c       ??_C@_0DN@IIMHHOGI@the?5?9sercfg?5option?5can?5only?5be?5u@ 0044643c     cmdline.obj
 0002:0000047c       ??_C@_0CE@OGBPPBHP@Unrecognised?5suboption?5?$CC?9sercfg?5@ 0044647c     cmdline.obj
 0002:000004a0       ??_C@_03GMOBGHL@1?45?$AA@  004464a0     cmdline.obj
 0002:000004a4       ??_C@_0CE@PKDJFCAP@Unrecognised?5suboption?5?$CC?9sercfg?5@ 004464a4     cmdline.obj
 0002:000004c8       ??_C@_1BE@LPNLDGNE@?$AA?4?$AA?4?$AA?2?$AAc?$AAo?$AAn?$AAf?$AA?4?$AAc?$AA?$AA@ 004464c8     conf.obj
 0002:000004dc       ??_C@_1CE@CCKFHKHB@?$AAo?$AAl?$AAd?$AAe?$AAn?$AAt?$AAr?$AAy?$AA?5?$AA?$DN?$AA?$DN?$AA?5?$AAe?$AAn?$AAt?$AAr?$AAy?$AA?$AA@ 004464dc     conf.obj
 0002:00000500       ??_C@_1EE@EEKAMFKN@?$AAs?$AAu?$AAb?$AAk?$AAe?$AAy?$AAt?$AAy?$AAp?$AAe?$AAs?$AA?$FL?$AAp?$AAr?$AAi?$AAm?$AAa?$AAr?$AAy?$AA?$FN?$AA?5?$AA?$DN?$AA?$DN?$AA?5?$AAT?$AAY?$AAP?$AAE?$AA_?$AAN?$AAO?$AAN@ 00446500     conf.obj
 0002:00000548       ??_C@_1EA@EHPHCNLC@?$AAv?$AAa?$AAl?$AAu?$AAe?$AAt?$AAy?$AAp?$AAe?$AAs?$AA?$FL?$AAp?$AAr?$AAi?$AAm?$AAa?$AAr?$AAy?$AA?$FN?$AA?5?$AA?$DN?$AA?$DN?$AA?5?$AAT?$AAY?$AAP?$AAE?$AA_?$AAI?$AAN?$AAT?$AA?$AA@ 00446548     conf.obj
 0002:00000588       ??_C@_1M@IDDCMKPN@?$AAe?$AAn?$AAt?$AAr?$AAy?$AA?$AA@ 00446588     conf.obj
 0002:00000598       ??_C@_1EC@EKCJNHGB@?$AAs?$AAu?$AAb?$AAk?$AAe?$AAy?$AAt?$AAy?$AAp?$AAe?$AAs?$AA?$FL?$AAp?$AAr?$AAi?$AAm?$AAa?$AAr?$AAy?$AA?$FN?$AA?5?$AA?$DN?$AA?$DN?$AA?5?$AAT?$AAY?$AAP?$AAE?$AA_?$AAI?$AAN?$AAT@ 00446598     conf.obj
 0002:000005e0       ??_C@_1EA@CNKKHOHA@?$AAv?$AAa?$AAl?$AAu?$AAe?$AAt?$AAy?$AAp?$AAe?$AAs?$AA?$FL?$AAp?$AAr?$AAi?$AAm?$AAa?$AAr?$AAy?$AA?$FN?$AA?5?$AA?$DN?$AA?$DN?$AA?5?$AAT?$AAY?$AAP?$AAE?$AA_?$AAS?$AAT?$AAR?$AA?$AA@ 004465e0     conf.obj
 0002:00000620       ??_C@_1EC@CAHEIEKD@?$AAs?$AAu?$AAb?$AAk?$AAe?$AAy?$AAt?$AAy?$AAp?$AAe?$AAs?$AA?$FL?$AAp?$AAr?$AAi?$AAm?$AAa?$AAr?$AAy?$AA?$FN?$AA?5?$AA?$DN?$AA?$DN?$AA?5?$AAT?$AAY?$AAP?$AAE?$AA_?$AAS?$AAT?$AAR@ 00446620     conf.obj
 0002:00000668       ??_C@_1EK@BFKJCCO@?$AAv?$AAa?$AAl?$AAu?$AAe?$AAt?$AAy?$AAp?$AAe?$AAs?$AA?$FL?$AAp?$AAr?$AAi?$AAm?$AAa?$AAr?$AAy?$AA?$FN?$AA?5?$AA?$DN?$AA?$DN?$AA?5?$AAT?$AAY?$AAP?$AAE?$AA_?$AAF?$AAI?$AAL?$AAE@ 00446668     conf.obj
 0002:000006b8       ??_C@_1EC@EIKPDFKD@?$AAv?$AAa?$AAl?$AAu?$AAe?$AAt?$AAy?$AAp?$AAe?$AAs?$AA?$FL?$AAp?$AAr?$AAi?$AAm?$AAa?$AAr?$AAy?$AA?$FN?$AA?5?$AA?$DN?$AA?$DN?$AA?5?$AAT?$AAY?$AAP?$AAE?$AA_?$AAF?$AAO?$AAN?$AAT@ 004466b8     conf.obj
 0002:000006fc       ??_C@_0DI@KPPHJCFH@Proxy?5error?3?5SOCKS?5proxy?5wants?5a@ 004466fc     cproxy.obj
 0002:00000734       ??_C@_0DG@GODOGCME@Proxy?5error?3?5SOCKS?5proxy?5won?8t?5n@ 00446734     cproxy.obj
 0002:0000076c       ??_C@_0DF@CKPHGFEO@Proxy?5error?3?5SOCKS?5proxy?5refused@ 0044676c     cproxy.obj
 0002:000007a8       ??_C@_0EO@DJFMIEOP@Proxy?5error?3?5Server?5chose?5CHAP?5o@ 004467a8     cproxy.obj
 0002:000007f8       ??_C@_0EG@HFGGNNBB@Proxy?5error?3?5Server?5chose?5CHAP?5a@ 004467f8     cproxy.obj
 0002:00000840       ??_C@_1BG@GLEHJOGK@?$AA?4?$AA?4?$AA?2?$AAi?$AAn?$AAt?$AA6?$AA4?$AA?4?$AAc?$AA?$AA@ 00446840     int64.obj
 0002:00000858       ??_C@_1BE@MBHIFPLD@?$AAs?$AAt?$AAa?$AAr?$AAt?$AA?5?$AA?$DO?$AA?5?$AA0?$AA?$AA@ 00446858     int64.obj
 0002:00000870       __real@41f0000000000000    00446870     int64.obj
 0002:00000880       __xmm@41f00000000000000000000000000000 00446880     int64.obj
 0002:00000890       ??_C@_1BK@NLGMELOF@?$AA?4?$AA?4?$AA?2?$AAl?$AAo?$AAg?$AAg?$AAi?$AAn?$AAg?$AA?4?$AAc?$AA?$AA@ 00446890     logging.obj
 0002:000008ac       ??_C@_1BE@DNNDFKKD@?$AAc?$AAt?$AAx?$AA?9?$AA?$DO?$AAl?$AAg?$AAf?$AAp?$AA?$AA@ 004468ac     logging.obj
 0002:000008c0       ??_C@_0DI@LDOGMIFP@Disabled?5writing?5session?5log?5due@ 004468c0     logging.obj
 0002:000008f8       ??_C@_02BOGAIONP@ab?$AA@   004468f8     logging.obj
 0002:000008fc       ??_C@_02GMLFBBN@wb?$AA@    004468fc     logging.obj
 0002:00000900       ??_C@_0BC@CCPCBAML@?$CFY?4?$CFm?4?$CFd?5?$CFH?3?$CFM?3?$CFS?$AA@ 00446900     logging.obj
 0002:00000914       ??_C@_0DP@OEIPDIOF@?$DN?$HO?$DN?$HO?$DN?$HO?$DN?$HO?$DN?$HO?$DN?$HO?$DN?$HO?$DN?$HO?$DN?$HO?$DN?$HO?$DN?$HO?$DN?5PuTTY?5lo@ 00446914     logging.obj
 0002:00000954       ??_C@_05CCNLIHFO@ASCII?$AA@ 00446954     logging.obj
 0002:0000095c       ??_C@_03DGOGAGNC@raw?$AA@  0044695c     logging.obj
[...]
 0002:0000c940       _group14_list              00452940     sshdh.obj
 0002:0000c944       _ssh_diffiehellman_gex_sha256 00452944     sshdh.obj
 0002:0000c964       _ssh_diffiehellman_gex_sha1 00452964     sshdh.obj
 0002:0000c984       _gex_list                  00452984     sshdh.obj
 0002:0000ca58       ?hex@?1??dss_fmtkey@@9@9   00452a58     sshdss.obj
 0002:0000ce24       ?hex@?1??rsastr_fmt@@9@9   00452e24     sshrsa.obj
 0002:0000ce78       _asn1_weird_stuff          00452e78     sshrsa.obj
 0002:0000ce88       _ssh_rsa_kex_sha1          00452e88     sshrsa.obj
 0002:0000cea8       _ssh_rsa_kex_sha256        00452ea8     sshrsa.obj
 0002:0000cec8       _rsa_kex_list              00452ec8     sshrsa.obj
 0002:0000d078       ?k@?1??SHA256_Block@@9@9   00453078     sshsh256.obj
 0002:0000d1a0       ?iv@?1??SHA512_Core_Init@@9@9 004531a0     sshsh512.obj
 0002:0000d1e0       ?k@?1??SHA512_Block@@9@9   004531e0     sshsh512.obj
 0002:0000d5b0       _mirrorbytes               004535b0     sshzlib.obj
 0002:0000d6b0       _lencodes                  004536b0     sshzlib.obj
 0002:0000d80c       ?lenlenmap@?1??zlib_decompress_block@@9@9 0045380c     sshzlib.obj
 0002:0000d820       _distcodes                 00453820     sshzlib.obj
 0002:0000db30       ?absentmsg_batch@?1??verify_ssh_host_key@@9@9 00453b30     wincons.obj
 0002:0000dbf0       ?absentmsg@?1??verify_ssh_host_key@@9@9 00453bf0     wincons.obj
 0002:0000ddb0       ?wrongmsg_batch@?1??verify_ssh_host_key@@9@9 00453db0     wincons.obj
 0002:0000def8       ?wrongmsg@?1??verify_ssh_host_key@@9@9 00453ef8     wincons.obj
 0002:0000e1a0       ?abandoned@?1??verify_ssh_host_key@@9@9 004541a0     wincons.obj
 0002:0000e1b8       ?msg@?1??askalg@@9@9       004541b8     wincons.obj
 0002:0000e238       ?msg_batch@?1??askalg@@9@9 00454238     wincons.obj
 0002:0000e2ac       ?abandoned@?1??askalg@@9@9 004542ac     wincons.obj
 0002:0000e2c8       ?msgtemplate@?1??askappend@@9@9 004542c8     wincons.obj
 0002:0000e408       ?msgtemplate_batch@?1??askappend@@9@9 00454408     wincons.obj
 0002:0000e458       ?message@?1??old_keyfile_warning@@9@9 00454458     wincons.obj
 0002:0000eec0       ?fn_table@?1??sk_register@@9@9 00454ec0     winnet.obj
 0002:0000eee8       ?fn_table@?1??sk_new@@9@9  00454ee8     winnet.obj
 0002:0000ef10       ?fn_table@?1??sk_newlistener@@9@9 00454f10     winnet.obj
 0002:0000fa90       ?socket_fn_table@?1??platform_new_connection@@9@9 00455a90     winproxy.obj
 0002:0000fb2c       ?eventtypes@?8??do_eventsel_loop@@9@9 00455b2c     winsftp.obj
 0002:0000fbc4       _reg_jumplist_key          00455bc4     winstore.obj
 0002:0000fbc8       _reg_jumplist_value        00455bc8     winstore.obj
 0002:0000fbcc       _puttystr                  00455bcc     winstore.obj
 0002:0000fbd0       _hex                       00455bd0     winstore.obj
 0002:0000fcf0       ?zeroes@?5??x11_send@@9@9  00455cf0     x11fwd.obj
 0002:0000fd00       _dummy_plug                00455d00     x11fwd.obj
 0002:0000fd14       ?fn_table@?1??x11_init@@9@9 00455d14     x11fwd.obj
 0002:00010230       _GS_ExceptionPointers      00456230     LIBCMT:gs_report.obj
 0002:00010260       ?ccsField@?P@??_openfile@@9@9 00456260     LIBCMT:_open.obj
 0002:00010264       ?utf8encoding@?P@??_openfile@@9@9 00456264     LIBCMT:_open.obj
 0002:0001026c       ?utf16encoding@?P@??_openfile@@9@9 0045626c     LIBCMT:_open.obj
 0002:00010278       ?unicodeencoding@?P@??_openfile@@9@9 00456278     LIBCMT:_open.obj
 0002:00010b88       _rterrs                    00456b88     LIBCMT:crt0msg.obj
 0002:00010d44       __mb_locale_names          00456d44     LIBCMT:mbctype.obj
 0002:000110e0       __first_127char            004570e0     LIBCMT:wsetloca.obj
 0002:00013e70       __sehtable$_fclose         00459e70     LIBCMT:fclose.obj
 0002:00013e90       __sehtable$_fgetc          00459e90     LIBCMT:fgetc.obj
 0002:00013eb0       __sehtable$__fsopen        00459eb0     LIBCMT:fopen.obj
 0002:00013ed0       __sehtable$_fflush         00459ed0     LIBCMT:fflush.obj
 0002:00013ef0       __sehtable$_flsall         00459ef0     LIBCMT:fflush.obj
 0002:00013f18       __sehtable$_fprintf        00459f18     LIBCMT:fprintf.obj
 0002:00013f38       __sehtable$_fwrite         00459f38     LIBCMT:fwrite.obj
 0002:00013f58       __sehtable$_fgets          00459f58     LIBCMT:fgets.obj
 0002:00013f78       __sehtable$_doexit         00459f78     LIBCMT:crt0dat.obj
 0002:00013f98       __sehtable$_fputc          00459f98     LIBCMT:fputc.obj
 0002:00013fb8       __sehtable$_printf         00459fb8     LIBCMT:printf.obj
 0002:00013fd8       __sehtable$_vfprintf_helper 00459fd8     LIBCMT:vfprintf.obj
 0002:00013ff8       __sehtable$_fread_s        00459ff8     LIBCMT:fread.obj
 0002:00014018       __sehtable$_ungetc         0045a018     LIBCMT:ungetc.obj
 0002:00014038       __sehtable$_fputs          0045a038     LIBCMT:fputs.obj
 0002:00014058       __sehtable$_getenv         0045a058     LIBCMT:getenv.obj
 0002:00014078       __sehtable$___tmainCRTStartup 0045a078     LIBCMT:crt0.obj
 0002:00014098       __sehtable$__close         0045a098     LIBCMT:close.obj
 0002:000140b8       __sehtable$__ioinit        0045a0b8     LIBCMT:ioinit.obj
 0002:000140d8       __sehtable$__getstream     0045a0d8     LIBCMT:stream.obj
 0002:000140f8       __sehtable$_setvbuf        0045a0f8     LIBCMT:setvbuf.obj
 0002:00014118       __sehtable$_fwprintf       0045a118     LIBCMT:fwprintf.obj
 0002:00014138       __sehtable$_raise          0045a138     LIBCMT:winsig.obj
 0002:00014158       __sehtable$__fcloseall     0045a158     LIBCMT:closeall.obj
 0002:00014178       __sehtable$__mtinitlocknum 0045a178     LIBCMT:mlock.obj
 0002:00014198       __sehtable$__commit        0045a198     LIBCMT:commit.obj
 0002:000141b8       __sehtable$__write         0045a1b8     LIBCMT:write.obj
 0002:000141d8       __sehtable$___updatetlocinfo 0045a1d8     LIBCMT:localref.obj
 0002:000141f8       __sehtable$___updatetmbcinfo 0045a1f8     LIBCMT:mbctype.obj
 0002:00014218       __sehtable$__setmbcp       0045a218     LIBCMT:mbctype.obj
 0002:00014238       __sehtable$__freefls@4     0045a238     LIBCMT:tidtable.obj
 0002:00014260       __sehtable$__initptd       0045a260     LIBCMT:tidtable.obj
 0002:00014288       __sehtable$__locterm       0045a288     LIBCMT:wsetloca.obj
 0002:000142a8       __sehtable$__IsNonwritableInCurrentImage 0045a2a8     LIBCMT:pesect.obj
 0002:000142c8       __sehtable$__onexit        0045a2c8     LIBCMT:onexit.obj
 0002:000142e8       __sehtable$?terminate@@YAXXZ 0045a2e8     LIBCMT:hooks.obj
 0002:00014308       __sehtable$__read          0045a308     LIBCMT:read.obj
 0002:00014328       __sehtable$__alloc_osfhnd  0045a328     LIBCMT:osfinfo.obj
 0002:00014350       __sehtable$___lock_fhandle 0045a350     LIBCMT:osfinfo.obj
 0002:00014370       __sehtable$__sopen_helper  0045a370     LIBCMT:open.obj
 0002:00014390       __sehtable$__lseeki64      0045a390     LIBCMT:lseeki64.obj
 0002:000143b0       __sehtable$___tzset        0045a3b0     LIBCMT:tzset.obj
 0002:000143d0       __sehtable$__tzset_nolock  0045a3d0     LIBCMT:tzset.obj
 0002:000143f0       __sehtable$___set_fpsr_sse2 0045a3f0     LIBCMT:fpctrl.obj
 0002:000146e0       .idata$6                   0045a6e0     advapi32:ADVAPI32.dll
 0002:00014766       .idata$6                   0045a766     user32:USER32.dll
 0002:00014f78       .idata$6                   0045af78     kernel32:KERNEL32.dll
 0003:00000008       _subkeytypes               0045b008     conf.obj
 0003:000002c0       _valuetypes                0045b2c0     conf.obj
 0003:00000590       _gss_mech_krb5_desc        0045b590     pgssapi.obj
 0003:00000598       _statistics                0045b598     pscp.obj
 0003:0000059c       _try_scp                   0045b59c     pscp.obj
 0003:000005a0       _try_sftp                  0045b5a0     pscp.obj
 0003:000005a8       _hostkey_algs              0045b5a8     ssh.obj
 0003:000005b0       _macs                      0045b5b0     ssh.obj
 0003:000005c0       _buggymacs                 0045b5c0     ssh.obj
 0003:000005cc       _compressions              0045b5cc     ssh.obj
 0003:000005d4       ?noprompt@?IA@??do_ssh2_authconn@@9@9 0045b5d4     ssh.obj
 0003:000006a8       _sftp_ssh_socket           0045b6a8     winsftp.obj
 0003:000006ac       _netevent                  0045b6ac     winsftp.obj
 0003:000006b0       __assertstring             0045b6b0     LIBCMT:wassert.obj
 0003:00000700       _dotdotdot                 0045b700     LIBCMT:wassert.obj
 0003:00000704       _newline                   0045b704     LIBCMT:wassert.obj
 0003:00000708       _dblnewline                0045b708     LIBCMT:wassert.obj
 0003:000009b0       _errtable                  0045b9b0     LIBCMT:dosmap.obj
 0003:00000b18       _ErrnoNoMem                0045bb18     LIBCMT:dosmap.obj
 0003:00000b1c       _DoserrorNoMem             0045bb1c     LIBCMT:dosmap.obj
 0003:00000b90       __locktable                0045bb90     LIBCMT:mlock.obj
 0003:00000cbc       ___rgctypeflag             0045bcbc     LIBCMT:mbctype.obj
 0003:00000cc0       ___rgcode_page_info        0045bcc0     LIBCMT:mbctype.obj
 0003:00001410       __ctype_loc_style          0045c410     LIBCMT:wsetloca.obj
 0003:00001414       ?isPackaged@?1??__crtIsPackagedApp@@9@9 0045c414     LIBCMT:winapisupp.obj
 0003:000015a0       _dststart                  0045c5a0     LIBCMT:tzset.obj
 0003:000015ac       _dstend                    0045c5ac     LIBCMT:tzset.obj
 0003:000015c8       _tzstd                     0045c5c8     LIBCMT:timeset.obj
 0003:00001608       _tzdst                     0045c608     LIBCMT:timeset.obj
 0003:00001650       _DoubleFormat              0045c650     LIBCMT:intrncvt.obj
 0003:00001668       _FloatFormat               0045c668     LIBCMT:intrncvt.obj
 0003:000019ac       _over                      0045c9ac     LIBCMT:fpctrl.obj
 0003:000019b8       _under                     0045c9b8     LIBCMT:fpctrl.obj
 0003:000019c4       ?__DAZ_ENABLED@?1??__set_fpsr_sse2@@9@9 0045c9c4     LIBCMT:fpctrl.obj
 0003:000019e4       _cmdline_password          0045c9e4     cmdline.obj
 0003:000019e8       ?tried_once@?1??cmdline_get_passwd_input@@9@9 0045c9e8     cmdline.obj
 0003:000019ec       _saves                     0045c9ec     cmdline.obj
 0003:00001a04       _list                      0045ca04     pscp.obj
 0003:00001a08       _verbose                   0045ca08     pscp.obj
 0003:00001a0c       _recursive                 0045ca0c     pscp.obj
 0003:00001a10       _preserve                  0045ca10     pscp.obj
 0003:00001a14       _targetshouldbedirectory   0045ca14     pscp.obj
 0003:00001a18       _prev_stats_len            0045ca18     pscp.obj
 0003:00001a1c       _scp_unsafe_mode           0045ca1c     pscp.obj
 0003:00001a20       _errs                      0045ca20     pscp.obj
 0003:00001a24       _main_cmd_is_sftp          0045ca24     pscp.obj
 0003:00001a28       _fallback_cmd_is_sftp      0045ca28     pscp.obj
 0003:00001a2c       _using_sftp                0045ca2c     pscp.obj
 0003:00001a34       _pending                   0045ca34     pscp.obj
 0003:00001a38       _pendlen                   0045ca38     pscp.obj
 0003:00001a3c       _pendsize                  0045ca3c     pscp.obj
 0003:00001a40       _back                      0045ca40     pscp.obj
 0003:00001a44       _backhandle                0045ca44     pscp.obj
 0003:00001a48       _conf                      0045ca48     pscp.obj
 0003:00001a4c       _outptr                    0045ca4c     pscp.obj
 0003:00001a50       _outlen                    0045ca50     pscp.obj
 0003:00001a54       _scp_sftp_dirstack_head    0045ca54     pscp.obj
 0003:00001a58       _scp_sftp_remotepath       0045ca58     pscp.obj
 0003:00001a5c       _scp_sftp_currentname      0045ca5c     pscp.obj
 0003:00001a60       _scp_sftp_wildcard         0045ca60     pscp.obj
 0003:00001a64       _scp_sftp_targetisdir      0045ca64     pscp.obj
 0003:00001a68       _scp_sftp_donethistarget   0045ca68     pscp.obj
 0003:00001a6c       _scp_sftp_preserve         0045ca6c     pscp.obj
 0003:00001a70       _scp_sftp_recursive        0045ca70     pscp.obj
 0003:00001a74       _scp_sftp_mtime            0045ca74     pscp.obj
 0003:00001a78       _scp_sftp_atime            0045ca78     pscp.obj
 0003:00001a7c       _scp_has_times             0045ca7c     pscp.obj
 0003:00001a80       _scp_sftp_filehandle       0045ca80     pscp.obj
 0003:00001a84       _scp_sftp_xfer             0045ca84     pscp.obj
 0003:00001a88       _scp_sftp_fileoffset       0045ca88     pscp.obj
 0003:00001a90       _fxp_error_message         0045ca90     sftp.obj
 0003:00001a94       _fxp_errtype               0045ca94     sftp.obj
 0003:00001a98       _sftp_requests             0045ca98     sftp.obj
 0003:00001aa0       ?ssh_specials@?1??ssh_get_specials@@9@9 0045caa0     ssh.obj
 0003:00001b60       _pool                      0045cb60     sshrand.obj
 0003:00002070       _timers                    0045d070     timing.obj
 0003:00002074       _timer_contexts            0045d074     timing.obj
 0003:00002078       _now                       0045d078     timing.obj
 0003:00002080       _console_logctx            0045d080     wincons.obj
 0003:00002088       _p_AcquireCredentialsHandleA 0045d088     wingss.obj
 0003:0000208c       _p_InitializeSecurityContextA 0045d08c     wingss.obj
 0003:00002090       _p_FreeContextBuffer       0045d090     wingss.obj
 0003:00002094       _p_FreeCredentialsHandle   0045d094     wingss.obj
 0003:00002098       _p_DeleteSecurityContext   0045d098     wingss.obj
 0003:0000209c       _p_QueryContextAttributesA 0045d09c     wingss.obj
 0003:000020a0       _p_MakeSignature           0045d0a0     wingss.obj
 0003:000020a4       _handles_by_evtomain       0045d0a4     winhandl.obj
 0003:000020a8       ?tried_usernameex@?2??get_username@@9@9 0045d0a8     winmisc.obj
 0003:000020ac       ?sysdir@?1??load_system32_dll@@9@9 0045d0ac     winmisc.obj
 0003:000020b0       ?p_GetUserNameExA@?1??get_username@@9@9 0045d0b0     winmisc.obj
 0003:000020b8       _winsock_module            0045d0b8     winnet.obj
 0003:000020bc       _winsock2_module           0045d0bc     winnet.obj
 0003:000020c0       _wship6_module             0045d0c0     winnet.obj
 0003:000020c4       _errstrings                0045d0c4     winnet.obj
 0003:000020c8       _sktree                    0045d0c8     winnet.obj
 0003:000020cc       _p_WSAStartup              0045d0cc     winnet.obj
 0003:000020d0       _p_WSACleanup              0045d0d0     winnet.obj
 0003:000020d4       _p_closesocket             0045d0d4     winnet.obj
 0003:000020d8       _p_ntohl                   0045d0d8     winnet.obj
 0003:000020dc       _p_htonl                   0045d0dc     winnet.obj
 0003:000020e0       _p_htons                   0045d0e0     winnet.obj
 0003:000020e4       _p_ntohs                   0045d0e4     winnet.obj
 0003:000020e8       _p_gethostname             0045d0e8     winnet.obj
 0003:000020ec       _p_gethostbyname           0045d0ec     winnet.obj
 0003:000020f0       _p_getservbyname           0045d0f0     winnet.obj
 0003:000020f4       _p_inet_addr               0045d0f4     winnet.obj
 0003:000020f8       _p_inet_ntoa               0045d0f8     winnet.obj
 0003:000020fc       _p_connect                 0045d0fc     winnet.obj
 0003:00002100       _p_bind                    0045d100     winnet.obj
 0003:00002104       _p_setsockopt              0045d104     winnet.obj
 0003:00002108       _p_socket                  0045d108     winnet.obj
 0003:0000210c       _p_listen                  0045d10c     winnet.obj
 0003:00002110       _p_send                    0045d110     winnet.obj
 0003:00002114       _p_shutdown                0045d114     winnet.obj
 0003:00002118       _p_ioctlsocket             0045d118     winnet.obj
 0003:0000211c       _p_accept                  0045d11c     winnet.obj
 0003:00002120       _p_recv                    0045d120     winnet.obj
 0003:00002124       _p_WSAIoctl                0045d124     winnet.obj
 0003:00002128       _p_getaddrinfo             0045d128     winnet.obj
 0003:0000212c       _p_freeaddrinfo            0045d12c     winnet.obj
 0003:00002130       _p_getnameinfo             0045d130     winnet.obj
 0003:00002134       _p_gai_strerror            0045d134     winnet.obj
 0003:00002138       _p_WSAAddressToStringA     0045d138     winnet.obj
 0003:0000213c       _n_local_interfaces        0045d13c     winnet.obj
 0003:00002140       _wsadata                   0045d140     winnet.obj
 0003:000022d0       _local_interfaces          0045d2d0     winnet.obj
 0003:00002794       _advapi                    0045d794     winpgntc.obj
 0003:00002798       _p_OpenProcessToken        0045d798     winpgntc.obj
 0003:0000279c       _p_GetTokenInformation     0045d79c     winpgntc.obj
 0003:000027a0       _p_InitializeSecurityDescriptor 0045d7a0     winpgntc.obj
 0003:000027a4       _p_SetSecurityDescriptorOwner 0045d7a4     winpgntc.obj
 0003:000027a8       _tried_shgetfolderpath     0045d7a8     winstore.obj
 0003:000027ac       _shell32_module            0045d7ac     winstore.obj
 0003:000027b0       _p_SHGetFolderPathA        0045d7b0     winstore.obj
 0003:000027c0       _GS_ExceptionRecord        0045d7c0     LIBCMT:gs_report.obj
 0003:00002810       _GS_ContextRecord          0045d810     LIBCMT:gs_report.obj
 0003:00002adc       _DebuggerWasPresent        0045dadc     LIBCMT:gs_report.obj
 0003:00002b14       ___enable_percent_n        0045db14     LIBCMT:printf.obj
 0003:00002c34       _ctrlc_action              0045dc34     LIBCMT:winsig.obj
 0003:00002c38       _ctrlbreak_action          0045dc38     LIBCMT:winsig.obj
 0003:00002c3c       _abort_action              0045dc3c     LIBCMT:winsig.obj
 0003:00002c40       _term_action               0045dc40     LIBCMT:winsig.obj
 0003:00002c44       _ConsoleCtrlHandler_Installed 0045dc44     LIBCMT:winsig.obj
 0003:00002c48       ?pfnMessageBox@?1??__crtMessageBoxW@@9@9 0045dc48     LIBCMT:crtmboxw.obj
 0003:00002c4c       ?pfnGetActiveWindow@?1??__crtMessageBoxW@@9@9 0045dc4c     LIBCMT:crtmboxw.obj
 0003:00002c50       ?pfnGetLastActivePopup@?1??__crtMessageBoxW@@9@9 0045dc50     LIBCMT:crtmboxw.obj
 0003:00002c54       ?pfnGetProcessWindowStation@?1??__crtMessageBoxW@@9@9 0045dc54     LIBCMT:crtmboxw.obj
 0003:00002c58       ?pfnGetUserObjectInformation@?1??__crtMessageBoxW@@9@9 0045dc58     LIBCMT:crtmboxw.obj
 0003:00002c68       ?outmsg@?8??_NMSG_WRITE@@9@9 0045dc68     LIBCMT:crt0msg.obj
 0003:00003290       _lclcritsects              0045e290     LIBCMT:mlock.obj
 0003:00003404       _fSystemSet                0045e404     LIBCMT:mbctype.obj
 0003:00003420       _g_pfnRtlGenRandom         0045e420     LIBCMT:rand_s.obj
 0003:00003428       ?_pgmname@?1??_setargv@@9@9 0045e428     LIBCMT:stdargv.obj
 0003:00003540       ___crtCallProc             0045e540     LIBCMT:winapinls.obj
 0003:00003548       _lastTZ                    0045e548     LIBCMT:tzset.obj
 0003:0000354c       ?first_time@?1??__tzset@@9@9 0045e54c     LIBCMT:tzset.obj
 0003:00003550       _tzapiused                 0045e550     LIBCMT:tzset.obj
 0003:00003558       _tzinfo                    0045e558     LIBCMT:tzset.obj
 0004:000001e0       $R000000                   004601e0     pscp.res
 0004:00000308       $R000128                   00460308     pscp.res
 0004:000005f0       $R000410                   004605f0     pscp.res
 0004:00000c58       $R000A78                   00460c58     pscp.res
 0004:00000d08       $R000B28                   00460d08     pscp.res
 0004:00000e38       $R000C58                   00460e38     pscp.res
 0004:00001168       $R000F88                   00461168     pscp.res
 0004:000011c8       $R000FE8                   004611c8     pscp.res
