 pscp

 Timestamp is 5204c871 (Fri Aug 09 12:46:09 2013)

 Preferred load address is 00400000

 Start         Length     Name                   Class
 0001:00000000 00044ed7H .text                   CODE
 0002:00000000 00000208H .idata$5                DATA
 0002:00000208 00000004H .CRT$XCA                DATA
 0002:0000020c 00000004H .CRT$XCZ                DATA
 0002:00000210 00000004H .CRT$XIA                DATA
 0002:00000214 00000010H .CRT$XIC                DATA
 0002:00000224 00000004H .CRT$XIY                DATA
 0002:00000228 00000004H .CRT$XIZ                DATA
 0002:0000022c 00000004H .CRT$XPA                DATA
 0002:00000230 00000008H .CRT$XPX                DATA
 0002:00000238 00000004H .CRT$XPXA               DATA
 0002:0000023c 00000004H .CRT$XPZ                DATA
 0002:00000240 00000004H .CRT$XTA                DATA
 0002:00000244 00000004H .CRT$XTZ                DATA
 0002:00000250 00013fb0H .rdata                  DATA
 0002:00014200 0000000cH .rdata$sxdata           DATA
 0002:0001420c 00000004H .rtc$IAA                DATA
 0002:00014210 00000004H .rtc$IZZ                DATA
 0002:00014214 00000004H .rtc$TAA                DATA
 0002:00014218 00000004H .rtc$TZZ                DATA
 0002:00014220 0000059cH .xdata$x                DATA
 0002:000147bc 0000003cH .idata$2                DATA
 0002:000147f8 00000014H .idata$3                DATA
 0002:0001480c 00000208H .idata$4                DATA
 0002:00014a14 00000922H .idata$6                DATA
 0002:00015336 00000000H .edata                  DATA
 0003:00000000 000019c8H .data                   DATA
 0003:000019e0 00002d20H .bss                    DATA
 0004:00000000 000001d8H .rsrc$01                DATA
 0004:000001e0 00001348H .rsrc$02                DATA

  Address         Publics by Value              Rva+Base       Lib:Object

 0000:00000000       __except_list              00000000     <absolute>
 0000:00000003       ___safe_se_handler_count   00000003     <absolute>
 0000:00000000       ___ImageBase               00400000     <linker-defined>
 0001:00000022       _cmdline_cleanup           00401022 f   cmdline.obj
 0001:00000078       _cmdline_get_passwd_input  00401078 f   cmdline.obj
 0001:000000f0       _cmdline_process_param     004010f0 f   cmdline.obj
 0001:00000de2       _cmdline_run_saved         00401de2 f   cmdline.obj
 0001:00000ef0       _conf_copy                 00401ef0 f   conf.obj
 0001:00000f08       _conf_copy_into            00401f08 f   conf.obj
 0001:00000fc2       _conf_del_str_str          00401fc2 f   conf.obj
 0001:00001042       _conf_free                 00402042 f   conf.obj
 0001:0000105f       _conf_get_filename         0040205f f   conf.obj
 0001:000010de       _conf_get_int              004020de f   conf.obj
 0001:0000115d       _conf_get_int_int          0040215d f   conf.obj
 0001:000011e2       _conf_get_str              004021e2 f   conf.obj
 0001:00001261       _conf_get_str_nthstrkey    00402261 f   conf.obj
 0001:000012f8       _conf_get_str_strs         004022f8 f   conf.obj
 0001:000013e5       _conf_new                  004023e5 f   conf.obj
 0001:00001404       _conf_set_filename         00402404 f   conf.obj
 0001:00001476       _conf_set_fontspec         00402476 f   conf.obj
 0001:000014e8       _conf_set_int              004024e8 f   conf.obj
 0001:00001554       _conf_set_int_int          00402554 f   conf.obj
 0001:000015c7       _conf_set_str              004025c7 f   conf.obj
 0001:00001639       _conf_set_str_str          00402639 f   conf.obj
 0001:0000170f       _proxy_socks5_handlechap   0040270f f   cproxy.obj
 0001:0000193a       _proxy_socks5_offerencryptedauth 0040293a f   cproxy.obj
 0001:0000194b       _proxy_socks5_selectchap   0040294b f   cproxy.obj
 0001:00001a36       _uint64_add32              00402a36 f   int64.obj
 0001:00001a50       _uint64_compare            00402a50 f   int64.obj
 0001:00001a6f       _uint64_decimal            00402a6f f   int64.obj
 0001:00001afd       _uint64_div10              00402afd f   int64.obj
 0001:00001b40       _uint64_from_decimal       00402b40 f   int64.obj
 0001:00001bba       _uint64_make               00402bba f   int64.obj
 0001:00001bc3       _uint64_shift_left         00402bc3 f   int64.obj
 0001:00001c00       _uint64_shift_right        00402c00 f   int64.obj
 0001:00001c3b       _uint64_subtract           00402c3b f   int64.obj
 0001:00001c58       _uint64_to_double          00402c58 f   int64.obj
 0001:00001c9f       _log_eventlog              00402c9f f   logging.obj
 0001:00001d03       _log_init                  00402d03 f   logging.obj
 0001:00001d48       _log_packet                00402d48 f   logging.obj
 0001:00002089       _logfclose                 00403089 f   logging.obj
 0001:000020a4       _logflush                  004030a4 f   logging.obj
 0001:000020bd       _logfopen                  004030bd f   logging.obj
 0001:00002567       _add_prompt                00403567 f   misc.obj
 0001:000025ad       _base64_encode_atom        004035ad f   misc.obj
 0001:0000262f       _bufchain_add              0040362f f   misc.obj
 0001:000026bb       _bufchain_clear            004036bb f   misc.obj
 0001:000026e3       _bufchain_consume          004036e3 f   misc.obj
 0001:00002762       _bufchain_fetch            00403762 f   misc.obj
 0001:000027d8       _bufchain_init             004037d8 f   misc.obj
 0001:000027e7       _bufchain_prefix           004037e7 f   misc.obj
 0001:00002805       _bufchain_size             00403805 f   misc.obj
 0001:0000280d       _conf_launchable           0040380d f   misc.obj
 0001:0000283a       _ctrlparse                 0040383a f   misc.obj
 0001:000028c0       _dupcat                    004038c0 f   misc.obj
 0001:0000293d       _dupprintf                 0040393d f   misc.obj
 0001:0000294e       _dupstr                    0040394e f   misc.obj
 0001:0000297c       _dupvprintf                0040397c f   misc.obj
 0001:000029cb       _free_prompts              004039cb f   misc.obj
 0001:00002a4d       _new_prompts               00403a4d f   misc.obj
 0001:00002a7d       _parse_blocksize           00403a7d f   misc.obj
 0001:00002aea       _prompt_ensure_result_size 00403aea f   misc.obj
 0001:00002b4a       _prompt_set_result         00403b4a f   misc.obj
 0001:00002b71       _safefree                  00403b71 f   misc.obj
 0001:00002b7d       _safemalloc                00403b7d f   misc.obj
 0001:00002bee       _saferealloc               00403bee f   misc.obj
 0001:00002c67       _toint                     00403c67 f   misc.obj
 0001:00002c81       _pinger_free               00403c81 f   pinger.obj
 0001:00002c90       _pinger_new                00403c90 f   pinger.obj
 0001:00002cc8       _pinger_reconfig           00403cc8 f   pinger.obj
 0001:000032ef       _pfd_addforward            004042ef f   portfwd.obj
 0001:00003392       _pfd_close                 00404392 f   portfwd.obj
 0001:000033b2       _pfd_confirm               004043b2 f   portfwd.obj
 0001:00003405       _pfd_newconnect            00404405 f   portfwd.obj
 0001:000034bd       _pfd_override_throttle     004044bd f   portfwd.obj
 0001:000034ed       _pfd_send                  004044ed f   portfwd.obj
 0001:0000350a       _pfd_terminate             0040450a f   portfwd.obj
 0001:0000350f       _pfd_unthrottle            0040450f f   portfwd.obj
 0001:0000385b       _format_telnet_command     0040485b f   proxy.obj
 0001:00003efb       _name_lookup               00404efb f   proxy.obj
 0001:00003f7e       _new_connection            00404f7e f   proxy.obj
 0001:00004161       _new_listener              00405161 f   proxy.obj
 0001:0000417d       _proxy_activate            0040517d f   proxy.obj
 0001:0000447c       _proxy_http_negotiate      0040547c f   proxy.obj
 0001:0000486c       _proxy_socks4_negotiate    0040586c f   proxy.obj
 0001:00004ac4       _proxy_socks5_negotiate    00405ac4 f   proxy.obj
 0001:00005008       _proxy_telnet_negotiate    00406008 f   proxy.obj
 0001:00005148       _cmdline_error             00406148 f   pscp.obj
 0001:000051e0       _connection_fatal          004061e0 f   pscp.obj
 0001:000055f6       _from_backend              004065f6 f   pscp.obj
 0001:000056bb       _from_backend_eof          004066bb f   pscp.obj
 0001:000056d7       _from_backend_untrusted    004066d7 f   pscp.obj
 0001:00005817       _ldisc_send                00406817 f   pscp.obj
 0001:00005833       _fatalbox                  00406833 f   pscp.obj
 0001:00005833       _modalfatalbox             00406833 f   pscp.obj
 0001:0000588a       _nonfatal                  0040688a f   pscp.obj
 0001:00005af9       _psftp_main                00406af9 f   pscp.obj
 0001:000060a8       _scp_accept_filexfer       004070a8 f   pscp.obj
 0001:0000615e       _scp_finish_filerecv       0040715e f   pscp.obj
 0001:0000625c       _scp_get_sink_action       0040725c f   pscp.obj
 0001:000069a4       _scp_recv_filedata         004079a4 f   pscp.obj
 0001:00006aab       _scp_restore_remotepath    00407aab f   pscp.obj
 0001:00006ac2       _scp_send_dirname          00407ac2 f   pscp.obj
 0001:00006c14       _scp_send_enddir           00407c14 f   pscp.obj
 0001:00006c49       _scp_send_errmsg           00407c49 f   pscp.obj
 0001:00006c8c       _scp_send_filedata         00407c8c f   pscp.obj
 0001:00006d89       _scp_send_filename         00407d89 f   pscp.obj
 0001:00006f11       _scp_send_filetimes        00407f11 f   pscp.obj
 0001:00006f8f       _scp_send_finish           00407f8f f   pscp.obj
 0001:000070d6       _scp_sftp_listdir          004080d6 f   pscp.obj
 0001:000072a6       _scp_sink_init             004082a6 f   pscp.obj
 0001:000072ca       _scp_sink_setup            004082ca f   pscp.obj
 0001:0000742d       _scp_source_setup          0040842d f   pscp.obj
 0001:0000750c       _sftp_recvdata             0040850c f   pscp.obj
 0001:00007511       _sftp_senddata             00408511 f   pscp.obj
 0001:0000752e       _sftp_wait_for_reply       0040852e f   pscp.obj
 0001:00008404       _version                   00409404 f   pscp.obj
 0001:0000841e       _backend_from_name         0040941e f   settings.obj
 0001:00008451       _do_defaults               00409451 f   settings.obj
 0001:00008456       _get_remote_username       00409456 f   settings.obj
 0001:00008885       _load_open_settings        00409885 f   settings.obj
 0001:00009770       _load_settings             0040a770 f   settings.obj
 0001:000097a8       _fxp_close_recv            0040a7a8 f   sftp.obj
 0001:000097c7       _fxp_close_send            0040a7c7 f   sftp.obj
 0001:00009813       _fxp_error                 0040a813 f   sftp.obj
 0001:00009819       _fxp_error_type            0040a819 f   sftp.obj
 0001:0000981f       _fxp_free_names            0040a81f f   sftp.obj
 0001:00009863       _fxp_fsetstat_send         0040a863 f   sftp.obj
 0001:00009931       _fxp_init                  0040a931 f   sftp.obj
 0001:000099d4       _fxp_mkdir_recv            0040a9d4 f   sftp.obj
 0001:000099d4       _fxp_fsetstat_recv         0040a9d4 f   sftp.obj
 0001:000099ff       _fxp_mkdir_send            0040a9ff f   sftp.obj
 0001:00009a39       _fxp_open_recv             0040aa39 f   sftp.obj
 0001:00009ab2       _fxp_open_send             0040aab2 f   sftp.obj
 0001:00009b1b       _fxp_opendir_recv          0040ab1b f   sftp.obj
 0001:00009b94       _fxp_opendir_send          0040ab94 f   sftp.obj
 0001:00009bc6       _fxp_read_recv             0040abc6 f   sftp.obj
 0001:00009c56       _fxp_read_send             0040ac56 f   sftp.obj
 0001:00009cab       _fxp_readdir_recv          0040acab f   sftp.obj
 0001:00009e39       _fxp_readdir_send          0040ae39 f   sftp.obj
 0001:00009e76       _fxp_stat_recv             0040ae76 f   sftp.obj
 0001:00009ec9       _fxp_stat_send             0040aec9 f   sftp.obj
 0001:00009efb       _fxp_write_recv            0040aefb f   sftp.obj
 0001:00009f25       _fxp_write_send            0040af25 f   sftp.obj
 0001:0000a071       _sftp_find_request         0040b071 f   sftp.obj
 0001:0000a566       _sftp_recv                 0040b566 f   sftp.obj
 0001:0000a5fb       _sftp_register             0040b5fb f   sftp.obj
 0001:0000a620       _sftp_send                 0040b620 f   sftp.obj
 0001:0000a674       _xfer_cleanup              0040b674 f   sftp.obj
 0001:0000a6a8       _xfer_done                 0040b6a8 f   sftp.obj
 0001:0000a6c1       _xfer_download_data        0040b6c1 f   sftp.obj
 0001:0000a72a       _xfer_download_gotpkt      0040b72a f   sftp.obj
 0001:0000a849       _xfer_download_init        0040b849 f   sftp.obj
 0001:0000a86e       _xfer_download_queue       0040b86e f   sftp.obj
 0001:0000a97f       _xfer_set_error            0040b97f f   sftp.obj
 0001:0000a98b       _xfer_upload_data          0040b98b f   sftp.obj
 0001:0000aa10       _xfer_upload_gotpkt        0040ba10 f   sftp.obj
 0001:0000aa92       _xfer_upload_init          0040ba92 f   sftp.obj
 0001:0000aaae       _xfer_upload_ready         0040baae f   sftp.obj
 0001:0001274f       _new_sock_channel          0041374f f   ssh.obj
 0001:00016f67       _ssh_fallback_cmd          00417f67 f   ssh.obj
 0001:00017119       _set_busy_status           00418119 f   wincons.obj
 0001:00017119       _update_specials_menu      00418119 f   wincons.obj
 0001:00017119       _add_session_to_jumplist   00418119 f   winnojmp.obj
 0001:00017119       _platform_get_x11_auth     00418119 f   winsftp.obj
 0001:00017119       _notify_remote_exit        00418119 f   wincons.obj
 0001:00017119       _timer_change_notify       00418119 f   wincons.obj
 0001:000178b6       _ssh_send_port_open        004188b6 f   ssh.obj
 0001:0001840d       _sshfwd_unclean_close      0041940d f   ssh.obj
 0001:0001846c       _sshfwd_unthrottle         0041946c f   ssh.obj
 0001:000184c7       _sshfwd_write              004194c7 f   ssh.obj
 0001:00018523       _sshfwd_write_eof          00419523 f   ssh.obj
 0001:00018547       _aes_make_context          00419547 f   sshaes.obj
 0001:00018556       _aes128_key                00419556 f   sshaes.obj
 0001:0001856b       _aes192_key                0041956b f   sshaes.obj
 0001:00018580       _aes256_key                00419580 f   sshaes.obj
 0001:00018595       _aes_iv                    00419595 f   sshaes.obj
 0001:000185d7       _aes_ssh2_encrypt_blk      004195d7 f   sshaes.obj
 0001:00018601       _aes_ssh2_decrypt_blk      00419601 f   sshaes.obj
 0001:00018616       _aes256_decrypt_pubkey     00419616 f   sshaes.obj
 0001:0001b728       _bigadd                    0041c728 f   sshbn.obj
 0001:0001ba14       _bigmod                    0041ca14 f   sshbn.obj
 0001:0001ba38       _bigmul                    0041ca38 f   sshbn.obj
 0001:0001ba4b       _bigmuladd                 0041ca4b f   sshbn.obj
 0001:0001bbfe       _bignum_bitcount           0041cbfe f   sshbn.obj
 0001:0001bc38       _bignum_bitmask            0041cc38 f   sshbn.obj
 0001:0001bc7c       _bignum_byte               0041cc7c f   sshbn.obj
 0001:0001bcbe       _bignum_cmp                0041ccbe f   sshbn.obj
 0001:0001bd70       _bignum_from_bytes         0041cd70 f   sshbn.obj
 0001:0001be1a       _bignum_rshift             0041ce1a f   sshbn.obj
 0001:0001bee5       _bignum_set_bit            0041cee5 f   sshbn.obj
 0001:0001bf33       _bigsub                    0041cf33 f   sshbn.obj
 0001:0001bfe7       _bn_power_2                0041cfe7 f   sshbn.obj
 0001:0001c02f       _copybn                    0041d02f f   sshbn.obj
 0001:0001c067       _decbn                     0041d067 f   sshbn.obj
 0001:0001c085       _freebn                    0041d085 f   sshbn.obj
 0001:0001c7b6       _modinv                    0041d7b6 f   sshbn.obj
 0001:0001c9d8       _modmul                    0041d9d8 f   sshbn.obj
 0001:0001cd28       _modpow                    0041dd28 f   sshbn.obj
 0001:0001d115       _modpow_simple             0041e115 f   sshbn.obj
 0001:0001d5eb       _ssh1_bignum_length        0041e5eb f   sshbn.obj
 0001:0001d605       _ssh1_read_bignum          0041e605 f   sshbn.obj
 0001:0001d660       _ssh1_write_bignum         0041e660 f   sshbn.obj
 0001:0001d6a6       _ssh2_bignum_length        0041e6a6 f   sshbn.obj
 0001:0001d6c0       _crc32_compute             0041e6c0 f   sshcrc.obj
 0001:0001d6d3       _crc32_update              0041e6d3 f   sshcrc.obj
 0001:0001d7b3       _crcda_free_context        0041e7b3 f   sshcrcda.obj
 0001:0001d7d0       _crcda_make_context        0041e7d0 f   sshcrcda.obj
 0001:0001d7e6       _detect_attack             0041e7e6 f   sshcrcda.obj
 0001:0001dd43       _des3_decrypt_pubkey       0041ed43 f   sshdes.obj
 0001:0001ec43       _des_decrypt_xdmauth       0041fc43 f   sshdes.obj
 0001:0001f86e       _dh_cleanup                0042086e f   sshdh.obj
 0001:0001f8ad       _dh_create_e               004208ad f   sshdh.obj
 0001:0001f9c7       _dh_find_K                 004209c7 f   sshdh.obj
 0001:0001fa04       _dh_setup_gex              00420a04 f   sshdh.obj
 0001:0001fa35       _dh_setup_group            00420a35 f   sshdh.obj
 0001:00020cd9       _ssh_gssapi_bind_fns       00421cd9 f   sshgssc.obj
 0001:00020f6c       _hmacmd5_make_context      00421f6c f   sshmd5.obj
 0001:000210e6       _MD5Final                  004220e6 f   sshmd5.obj
 0001:000211d2       _MD5Init                   004221d2 f   sshmd5.obj
 0001:000211fd       _MD5Simple                 004221fd f   sshmd5.obj
 0001:00021246       _MD5Update                 00422246 f   sshmd5.obj
 0001:00021dcb       _hmacmd5_do_hmac           00422dcb f   sshmd5.obj
 0001:00021ea3       _hmacmd5_key               00422ea3 f   sshmd5.obj
 0001:00021f7a       _base64_decode_atom        00422f7a f   sshpubk.obj
 0001:00022066       _find_pubkey_alg           00423066 f   sshpubk.obj
 0001:0002209f       _key_type                  0042309f f   sshpubk.obj
 0001:00022197       _key_type_to_str           00423197 f   sshpubk.obj
 0001:000221d9       _loadrsakey                004231d9 f   sshpubk.obj
 0001:00022804       _rsakey_encrypted          00423804 f   sshpubk.obj
 0001:00022883       _rsakey_pubblob            00423883 f   sshpubk.obj
 0001:0002298c       _ssh2_load_userkey         0042398c f   sshpubk.obj
 0001:00023175       _ssh2_userkey_encrypted    00424175 f   sshpubk.obj
 0001:000232ca       _ssh2_userkey_loadpub      004242ca f   sshpubk.obj
 0001:0002358e       _random_add_noise          0042458e f   sshrand.obj
 0001:00023652       _random_byte               00424652 f   sshrand.obj
 0001:0002369c       _random_get_savedata       0042469c f   sshrand.obj
 0001:000236dc       _random_ref                004246dc f   sshrand.obj
 0001:00023857       _random_unref              00424857 f   sshrand.obj
 0001:000244df       _crt_modpow                004254df f   sshrsa.obj
 0001:00024606       _freersakey                00425606 f   sshrsa.obj
 0001:0002470e       _makekey                   0042570e f   sshrsa.obj
 0001:000247ed       _makeprivate               004257ed f   sshrsa.obj
 0001:00024901       _rsa_fingerprint           00425901 f   sshrsa.obj
 0001:00024c9e       _rsa_public_blob           00425c9e f   sshrsa.obj
 0001:00024d23       _rsa_verify                00425d23 f   sshrsa.obj
 0001:00024e48       _rsadecrypt                00425e48 f   sshrsa.obj
 0001:00024e4d       _rsaencrypt                00425e4d f   sshrsa.obj
 0001:00024ef9       _rsastr_fmt                00425ef9 f   sshrsa.obj
 0001:00024ff1       _rsastr_len                00425ff1 f   sshrsa.obj
 0001:000250a9       _ssh_rsakex_encrypt        004260a9 f   sshrsa.obj
 0001:000251f0       _ssh_rsakex_freekey        004261f0 f   sshrsa.obj
 0001:000251f5       _ssh_rsakex_klen           004261f5 f   sshrsa.obj
 0001:00025203       _ssh_rsakex_newkey         00426203 f   sshrsa.obj
 0001:0002524c       _hmacmd5_free_context      0042624c f   sshmd5.obj
 0001:0002524c       _aes_free_context          0042624c f   sshaes.obj
 0001:000253ce       _SHA256_Block              004263ce f   sshsh256.obj
 0001:00025817       _SHA256_Bytes              00426817 f   sshsh256.obj
 0001:00025900       _SHA256_Core_Init          00426900 f   sshsh256.obj
 0001:0002593c       _SHA256_Final              0042693c f   sshsh256.obj
 0001:00025a27       _SHA256_Init               00426a27 f   sshsh256.obj
 0001:00026b0b       _SHA512_Bytes              00427b0b f   sshsh512.obj
 0001:00026c59       _SHA512_Final              00427c59 f   sshsh512.obj
 0001:00026d86       _SHA512_Init               00427d86 f   sshsh512.obj
 0001:0002709f       _SHATransform              0042809f f   sshsha.obj
 0001:0002724f       _SHA_Bytes                 0042824f f   sshsha.obj
 0001:00027338       _SHA_Final                 00428338 f   sshsha.obj
 0001:00027424       _SHA_Init                  00428424 f   sshsha.obj
 0001:00027456       _SHA_Simple                00428456 f   sshsha.obj
 0001:0002749f       _hmac_sha1_simple          0042849f f   sshsha.obj
 0001:00027672       _zlib_compress_init        00428672 f   sshzlib.obj
 0001:0002770c       _zlib_compress_cleanup     0042870c f   sshzlib.obj
 0001:0002772b       _zlib_decompress_init      0042872b f   sshzlib.obj
 0001:000277fb       _zlib_decompress_cleanup   004287fb f   sshzlib.obj
 0001:00027852       _zlib_compress_block       00428852 f   sshzlib.obj
 0001:0002797f       _zlib_decompress_block     0042897f f   sshzlib.obj
 0001:00028a8f       _expire_timer_context      00429a8f f   timing.obj
 0001:00028adc       _run_timers                00429adc f   timing.obj
 0001:00028b7b       _schedule_timer            00429b7b f   timing.obj
 0001:00028c0c       _add234                    00429c0c f   tree234.obj
 0001:0002912b       _count234                  0042a12b f   tree234.obj
 0001:0002916e       _del234                    0042a16e f   tree234.obj
 0001:0002919d       _delpos234                 0042a19d f   tree234.obj
 0001:0002964c       _find234                   0042a64c f   tree234.obj
 0001:00029665       _findrel234                0042a665 f   tree234.obj
 0001:00029680       _findrelpos234             0042a680 f   tree234.obj
 0001:000297e1       _freetree234               0042a7e1 f   tree234.obj
 0001:000297f7       _index234                  0042a7f7 f   tree234.obj
 0001:00029871       _newtree234                0042a871 f   tree234.obj
 0001:00029887       _wc_match                  0042a887 f   wildcard.obj
 0001:00029aab       _wc_unescape               0042aaab f   wildcard.obj
 0001:00029afd       _askalg                    0042aafd f   wincons.obj
 0001:00029bd7       _askappend                 0042abd7 f   wincons.obj
 0001:00029cbd       _cleanup_exit              0042acbd f   wincons.obj
 0001:00029cec       _console_get_userpass_input 0042acec f   wincons.obj
 0001:00029f59       _console_provide_logctx    0042af59 f   wincons.obj
 0001:00029f63       _logevent                  0042af63 f   wincons.obj
 0001:00029f75       _old_keyfile_warning       0042af75 f   wincons.obj
 0001:00029f8b       _pgp_fingerprints          0042af8b f   wincons.obj
 0001:00029fa1       _verify_ssh_host_key       0042afa1 f   wincons.obj
 0001:0002a10e       _platform_default_filename 0042b10e f   windefs.obj
 0001:0002a135       _platform_default_fontspec 0042b135 f   windefs.obj
 0001:0002a167       _platform_default_i        0042b167 f   windefs.obj
 0001:0002a16c       _platform_default_s        0042b16c f   windefs.obj
 0001:0002a18f       _ssh_gss_cleanup           0042b18f f   wingss.obj
 0001:0002a1d9       _ssh_gss_setup             0042b1d9 f   wingss.obj
 0001:0002a88a       _handle_free               0042b88a f   winhandl.obj
 0001:0002a8e5       _handle_get_events         0042b8e5 f   winhandl.obj
 0001:0002a94e       _handle_get_privdata       0042b94e f   winhandl.obj
 0001:0002a956       _handle_got_event          0042b956 f   winhandl.obj
 0001:0002aa44       _handle_input_new          0042ba44 f   winhandl.obj
 0001:0002ac3d       _handle_output_new         0042bc3d f   winhandl.obj
 0001:0002ae92       _handle_write              0042be92 f   winhandl.obj
 0001:0002aef4       _handle_write_eof          0042bef4 f   winhandl.obj
 0001:0002af2e       _filename_copy             0042bf2e f   winmisc.obj
 0001:0002af3b       _filename_from_str         0042bf3b f   winmisc.obj
 0001:0002af59       _filename_is_null          0042bf59 f   winmisc.obj
 0001:0002af67       _filename_to_str           0042bf67 f   winmisc.obj
 0001:0002af6e       _fontspec_copy             0042bf6e f   winmisc.obj
 0001:0002af86       _fontspec_free             0042bf86 f   winmisc.obj
 0001:0002af86       _filename_free             0042bf86 f   winmisc.obj
 0001:0002af9c       _fontspec_new              0042bf9c f   winmisc.obj
 0001:0002afcf       _get_username              0042bfcf f   winmisc.obj
 0001:0002b0b5       _load_system32_dll         0042c0b5 f   winmisc.obj
 0001:0002b123       _platform_get_x_display    0042c123 f   winmisc.obj
 0001:0002b136       _smemclr                   0042c136 f   winmisc.obj
 0001:0002b14e       _win_strerror              0042c14e f   winmisc.obj
 0001:0002b3c9       _sk_addr_error             0042c3c9 f   winnet.obj
 0001:0002b3d1       _IN6_IS_ADDR_LOOPBACK      0042c3d1 f i winnet.obj
 0001:0002b468       _first_socket              0042c468 f   winnet.obj
 0001:0002b539       _net_service_lookup        0042c539 f   winnet.obj
 0001:0002b55b       _next_socket               0042c55b f   winnet.obj
 0001:0002b580       _platform_get_x11_unix_address 0042c580 f   winnet.obj
 0001:0002b5af       _select_result             0042c5af f   winnet.obj
 0001:0002b92a       _sk_addr_dup               0042c92a f   winnet.obj
 0001:0002b931       _sk_addr_free              0042c931 f   winnet.obj
 0001:0002b969       _sk_addrcopy               0042c969 f   winnet.obj
 0001:0002ba26       _sk_address_is_local       0042ca26 f   winnet.obj
 0001:0002bac1       _sk_addrtype               0042cac1 f   winnet.obj
 0001:0002baf0       _sk_cleanup                0042caf0 f   winnet.obj
 0001:0002bb5a       _sk_getaddr                0042cb5a f   winnet.obj
 0001:0002bc22       _sk_hostname_is_local      0042cc22 f   winnet.obj
 0001:0002bc68       _sk_init                   0042cc68 f   winnet.obj
 0001:0002c152       _sk_namelookup             0042d152 f   winnet.obj
 0001:0002c3cd       _sk_new                    0042d3cd f   winnet.obj
 0001:0002c46d       _sk_newlistener            0042d46d f   winnet.obj
 0001:0002c6cf       _sk_nextaddr               0042d6cf f   winnet.obj
 0001:0002c6fb       _sk_nonamelookup           0042d6fb f   winnet.obj
 0001:0002c742       _sk_register               0042d742 f   winnet.obj
 0001:0002c7d4       _sk_startup                0042d7d4 f   winnet.obj
 0001:0002c80a       _socket_writable           0042d80a f   winnet.obj
 0001:0002cb42       _try_send                  0042db42 f   winnet.obj
 0001:0002cc92       _winsock_error_string      0042dc92 f   winnet.obj
 0001:0002d024       _noise_get_heavy           0042e024 f   winnoise.obj
 0001:0002d1b9       _noise_get_light           0042e1b9 f   winnoise.obj
 0001:0002d20a       _noise_regular             0042e20a f   winnoise.obj
 0001:0002d305       _noise_ultralight          0042e305 f   winnoise.obj
 0001:0002d34b       _random_save_seed          0042e34b f   winnoise.obj
 0001:0002d37e       _agent_exists              0042e37e f   winpgntc.obj
 0001:0002d392       _agent_query               0042e392 f   winpgntc.obj
 0001:0002d548       _get_user_sid              0042e548 f   winpgntc.obj
 0001:0002d640       _init_advapi               0042e640 f   winpgntc.obj
 0001:0002d78c       _localproxy_gotdata        0042e78c f   winproxy.obj
 0001:0002d7ca       _localproxy_sentdata       0042e7ca f   winproxy.obj
 0001:0002d7e4       _platform_new_connection   0042e7e4 f   winproxy.obj
 0001:0002d9bc       _begin_wildcard_matching   0042e9bc f   winsftp.obj
 0001:0002da8c       _close_directory           0042ea8c f   winsftp.obj
 0001:0002dab1       _close_wfile               0042eab1 f   winsftp.obj
 0001:0002dab1       _close_rfile               0042eab1 f   winsftp.obj
 0001:0002dac7       _create_directory          0042eac7 f   winsftp.obj
 0001:0002dada       _dir_file_cat              0042eada f   winsftp.obj
 0001:0002daf2       _do_eventsel_loop          0042eaf2 f   winsftp.obj
 0001:0002dcd6       _do_select                 0042ecd6 f   winsftp.obj
 0001:0002dd49       _file_type                 0042ed49 f   winsftp.obj
 0001:0002dd65       _finish_wildcard_matching  0042ed65 f   winsftp.obj
 0001:0002dd93       _get_ttymode               0042ed93 f   winsftp.obj
 0001:0002dd93       _sk_address_is_special_local 0042ed93 f   winnet.obj
 0001:0002dd96       _get_userpass_input        0042ed96 f   winsftp.obj
 0001:0002ddb7       _main                      0042edb7 f   winsftp.obj
 0001:0002ddbc       _open_directory            0042edbc f   winsftp.obj
 0001:0002de34       _open_existing_file        0042ee34 f   winsftp.obj
 0001:0002def7       _open_new_file             0042eef7 f   winsftp.obj
 0001:0002df2d       _read_filename             0042ef2d f   winsftp.obj
 0001:0002dfcf       _read_from_file            0042efcf f   winsftp.obj
 0001:0002dff9       _set_file_times            0042eff9 f   winsftp.obj
 0001:0002e058       _ssh_sftp_loop_iteration   0042f058 f   winsftp.obj
 0001:0002e162       _test_wildcard             0042f162 f   winsftp.obj
 0001:0002e1b8       _vet_filename              0042f1b8 f   winsftp.obj
 0001:0002e204       _wildcard_get_filename     0042f204 f   winsftp.obj
 0001:0002e291       _write_to_file             0042f291 f   winsftp.obj
 0001:0002e4ce       _close_settings_r          0042f4ce f   winstore.obj
 0001:0002e58a       _open_settings_r           0042f58a f   winstore.obj
 0001:0002e60e       _read_random_seed          0042f60e f   winstore.obj
 0001:0002e68d       _read_setting_filename     0042f68d f   winstore.obj
 0001:0002e6bd       _read_setting_fontspec     0042f6bd f   winstore.obj
 0001:0002e799       _read_setting_i            0042f799 f   winstore.obj
 0001:0002e7dd       _read_setting_s            0042f7dd f   winstore.obj
 0001:0002e84c       _store_host_key            0042f84c f   winstore.obj
 0001:0002e96a       _verify_host_key           0042f96a f   winstore.obj
 0001:0002ebb4       _write_random_seed         0042fbb4 f   winstore.obj
 0001:0002ebe5       _ltime                     0042fbe5 f   wintime.obj
 0001:0002ecd0       _x11_close                 0042fcd0 f   x11fwd.obj
 0001:0002ed0c       _x11_free_display          0042fd0c f   x11fwd.obj
 0001:0002edb1       _x11_init                  0042fdb1 f   x11fwd.obj
 0001:0002eebd       _x11_override_throttle     0042febd f   x11fwd.obj
 0001:0002eeed       _x11_send                  0042feed f   x11fwd.obj
 0001:0002f255       _x11_send_eof              00430255 f   x11fwd.obj
 0001:0002f255       _pfd_send_eof              00430255 f   portfwd.obj
 0001:0002f261       _x11_setup_display         00430261 f   x11fwd.obj
 0001:0002f5fa       _x11_unthrottle            004305fa f   x11fwd.obj
 0001:0002f84b       __fclose_nolock            0043084b f   LIBCMT:fclose.obj
 0001:0002f8b7       _fclose                    004308b7 f   LIBCMT:fclose.obj
 0001:0002f92e       _fgetc                     0043092e f   LIBCMT:fgetc.obj
 0001:0002fa27       __fsopen                   00430a27 f   LIBCMT:fopen.obj
 0001:0002faeb       _fopen                     00430aeb f   LIBCMT:fopen.obj
 0001:0002fb00       _atoi                      00430b00 f   LIBCMT:atox.obj
 0001:0002fb09       _atol                      00430b09 f   LIBCMT:atox.obj
 0001:0002fb20       _strcmp                    00430b20 f   LIBCMT:strcmp.obj
 0001:0002fbb0       _strlen                    00430bb0 f   LIBCMT:strlen.obj
 0001:0002fc40       _strchr                    00430c40 f   LIBCMT:strchr.obj
 0001:0002fcae       ___from_strstr_to_strchr   00430cae     LIBCMT:strchr.obj
 0001:0002fd70       _strncmp                   00430d70 f   LIBCMT:strncmp.obj
 0001:0002fde8       __wassert                  00430de8 f   LIBCMT:wassert.obj
 0001:00030490       _memchr                    00431490 f   LIBCMT:memchr.obj
 0001:00030540       _memcpy                    00431540 f   LIBCMT:memcpy.obj
 0001:00030b84       @__security_check_cookie@4 00431b84 f   LIBCMT:secchk.obj
 0001:00030b93       __fpmath                   00431b93 f   LIBCMT:fpinit.obj
 0001:00030baa       __cfltcvt_init             00431baa f   LIBCMT:fpinit.obj
 0001:00030c0a       ___initstdio               00431c0a f   LIBCMT:_file.obj
 0001:00030c7d       ___endstdio                00431c7d f   LIBCMT:_file.obj
 0001:00030ca4       ___iob_func                00431ca4 f   LIBCMT:_file.obj
 0001:00030caa       __lock_file                00431caa f   LIBCMT:_file.obj
 0001:00030ce9       __lock_file2               00431ce9 f   LIBCMT:_file.obj
 0001:00030d19       __unlock_file              00431d19 f   LIBCMT:_file.obj
 0001:00030d53       __unlock_file2             00431d53 f   LIBCMT:_file.obj
 0001:00030d80       __fflush_nolock            00431d80 f   LIBCMT:fflush.obj
 0001:00030dc6       __flush                    00431dc6 f   LIBCMT:fflush.obj
 0001:00030e2a       __flushall                 00431e2a f   LIBCMT:fflush.obj
 0001:00030e33       _fflush                    00431e33 f   LIBCMT:fflush.obj
 0001:00030f6c       _fprintf                   00431f6c f   LIBCMT:fprintf.obj
 0001:0003107e       __fwrite_nolock            0043207e f   LIBCMT:fwrite.obj
 0001:000311d5       _fwrite                    004321d5 f   LIBCMT:fwrite.obj
 0001:00031253       _sprintf                   00432253 f   LIBCMT:sprintf.obj
 0001:000312d5       ??0_LocaleUpdate@@QAE@PAUlocaleinfo_struct@@@Z 004322d5 f i LIBCMT:_ctype.obj
 0001:0003135d       __isalnum_l                0043235d f i LIBCMT:_ctype.obj
 0001:000313b3       __isdigit_l                004323b3 f i LIBCMT:_ctype.obj
 0001:00031403       __isprint_l                00432403 f i LIBCMT:_ctype.obj
 0001:00031459       __isspace_l                00432459 f i LIBCMT:_ctype.obj
 0001:000314a9       __isxdigit_l               004324a9 f i LIBCMT:_ctype.obj
 0001:000314ff       _isalnum                   004324ff f i LIBCMT:_ctype.obj
 0001:0003152c       _isdigit                   0043252c f i LIBCMT:_ctype.obj
 0001:00031557       _isprint                   00432557 f i LIBCMT:_ctype.obj
 0001:00031584       _isspace                   00432584 f i LIBCMT:_ctype.obj
 0001:000315af       _isxdigit                  004325af f i LIBCMT:_ctype.obj
 0001:000315dc       __tolower_l                004325dc f   LIBCMT:tolower.obj
 0001:0003171d       _tolower                   0043271d f   LIBCMT:tolower.obj
 0001:00031749       __Strftime_l               00432749 f   LIBCMT:strftime.obj
 0001:0003186a       _strftime                  0043286a f   LIBCMT:strftime.obj
 0001:00031890       _strcpy                    00432890 f   LIBCMT:strcat.obj
 0001:000318a0       _strcat                    004328a0 f   LIBCMT:strcat.obj
 0001:00031988       _fgets                     00432988 f   LIBCMT:fgets.obj
 0001:00031ac7       __vsnprintf                00432ac7 f   LIBCMT:vsnprint.obj
 0001:00031ae2       __vsnprintf_l              00432ae2 f   LIBCMT:vsnprint.obj
 0001:00031db0       _strtol                    00432db0 f   LIBCMT:strtol.obj
 0001:00031dda       _strtoul                   00432dda f   LIBCMT:strtol.obj
 0001:00031e04       _free                      00432e04 f   LIBCMT:free.obj
 0001:00031e3c       _malloc                    00432e3c f   LIBCMT:malloc.obj
 0001:00031ece       _realloc                   00432ece f   LIBCMT:realloc.obj
 0001:00031f80       _memset                    00432f80 f   LIBCMT:memset.obj
 0001:00032010       _sscanf                    00433010 f   LIBCMT:sscanf.obj
 0001:0003209f       ___raise_securityfailure   0043309f f   LIBCMT:gs_report.obj
 0001:000320dc       ___report_gsfailure        004330dc f   LIBCMT:gs_report.obj
 0001:000321d5       ___report_rangecheckfailure 004331d5 f   LIBCMT:gs_report.obj
 0001:000321e1       ___report_securityfailure  004331e1 f   LIBCMT:gs_report.obj
 0001:000322af       ___copy_path_to_wide_string 004332af f   LIBCMT:crt0dat.obj
 0001:0003235f       ___crtCorExitProcess       0043335f f   LIBCMT:crt0dat.obj
 0001:00032391       ___crtExitProcess          00433391 f   LIBCMT:crt0dat.obj
 0001:000323a7       __amsg_exit                004333a7 f   LIBCMT:crt0dat.obj
 0001:000323c3       __c_exit                   004333c3 f   LIBCMT:crt0dat.obj
 0001:000323d2       __cexit                    004333d2 f   LIBCMT:crt0dat.obj
 0001:000323e1       __cinit                    004333e1 f   LIBCMT:crt0dat.obj
 0001:00032472       __exit                     00433472 f   LIBCMT:crt0dat.obj
 0001:00032486       __init_pointers            00433486 f   LIBCMT:crt0dat.obj
 0001:000324da       __initterm_e               004334da f   LIBCMT:crt0dat.obj
 0001:000324fc       __lockexit                 004334fc f   LIBCMT:crt0dat.obj
 0001:00032505       __unlockexit               00433505 f   LIBCMT:crt0dat.obj
 0001:0003263d       _exit                      0043363d f   LIBCMT:crt0dat.obj
 0001:00032660       _qsort                     00433660 f   LIBCMT:qsort.obj
 0001:0003298c       _fputc                     0043398c f   LIBCMT:fputc.obj
 0001:00032a8d       __get_printf_count_output  00433a8d f   LIBCMT:printf.obj
 0001:00032aa2       _printf                    00433aa2 f   LIBCMT:printf.obj
 0001:00032b4e       _vfprintf                  00433b4e f   LIBCMT:vfprintf.obj
 0001:00032b6b       _vfprintf_helper           00433b6b f   LIBCMT:vfprintf.obj
 0001:00032c80       _memmove                   00433c80 f   LIBCMT:memmove.obj
 0001:000332d0       _strcspn                   004342d0 f   LIBCMT:strcspn.obj
 0001:00033320       _strrchr                   00434320 f   LIBCMT:strrchr.obj
 0001:00033460       _strspn                    00434460 f   LIBCMT:strspn.obj
 0001:000334a6       __difftime64               004344a6 f   LIBCMT:difftm64.obj
 0001:000334ed       __time64                   004344ed f   LIBCMT:time64.obj
 0001:00033540       __alloca_probe             00434540     LIBCMT:chkstk.obj
 0001:00033540       __chkstk                   00434540 f   LIBCMT:chkstk.obj
 0001:00033570       __ftol2_sse                00434570 f   LIBCMT:ftol2.obj
 0001:00033579       __ftol2_pentium4           00434579 f   LIBCMT:ftol2.obj
 0001:0003358c       __ftol2_sse_excpt          0043458c f   LIBCMT:ftol2.obj
 0001:000335a6       __ftol2                    004345a6 f   LIBCMT:ftol2.obj
 0001:0003361b       _memcmp                    0043461b f   LIBCMT:memcmp.obj
 0001:00034da0       _strncpy                   00435da0 f   LIBCMT:strncpy.obj
 0001:00034ec4       _abort                     00435ec4 f   LIBCMT:abort.obj
 0001:00034f10       __allmul                   00435f10 f   LIBCMT:llmul.obj
 0001:00034f50       __allshl                   00435f50 f   LIBCMT:llshl.obj
 0001:00034f70       __aulldvrm                 00435f70 f   LIBCMT:ulldvrm.obj
 0001:00035010       __aullrem                  00436010 f   LIBCMT:ullrem.obj
 0001:00035085       __fread_nolock_s           00436085 f   LIBCMT:fread.obj
 0001:00035248       _fread                     00436248 f   LIBCMT:fread.obj
 0001:00035263       _fread_s                   00436263 f   LIBCMT:fread.obj
 0001:000352f4       __ungetc_nolock            004362f4 f   LIBCMT:ungetc.obj
 0001:000353d4       _ungetc                    004363d4 f   LIBCMT:ungetc.obj
 0001:00035440       _abs                       00436440 f   LIBCMT:abs.obj
 0001:0003544d       _fputs                     0043644d f   LIBCMT:fputs.obj
 0001:00035553       __getenv_helper_nolock     00436553 f   LIBCMT:getenv.obj
 0001:000355d7       _getenv                    004365d7 f   LIBCMT:getenv.obj
 0001:00035660       __aulldiv                  00436660 f   LIBCMT:ulldiv.obj
 0001:00035843       _mainCRTStartup            00436843 f   LIBCMT:crt0.obj
 0001:0003584d       __call_reportfault         0043684d f   LIBCMT:invarg.obj
 0001:00035970       __initp_misc_invarg        00436970 f   LIBCMT:invarg.obj
 0001:0003597d       __invalid_parameter        0043697d f   LIBCMT:invarg.obj
 0001:000359a8       __invalid_parameter_noinfo 004369a8 f   LIBCMT:invarg.obj
 0001:000359b8       __invoke_watson            004369b8 f   LIBCMT:invarg.obj
 0001:000359e3       __fileno                   004369e3 f   LIBCMT:fileno.obj
 0001:00035a07       __close                    00436a07 f   LIBCMT:close.obj
 0001:00035ad1       __close_nolock             00436ad1 f   LIBCMT:close.obj
 0001:00035b6b       ___doserrno                00436b6b f   LIBCMT:dosmap.obj
 0001:00035b7e       __dosmaperr                00436b7e f   LIBCMT:dosmap.obj
 0001:00035b9f       __errno                    00436b9f f   LIBCMT:dosmap.obj
 0001:00035bb2       __get_errno_from_oserr     00436bb2 f   LIBCMT:dosmap.obj
 0001:00035bf3       __freebuf                  00436bf3 f   LIBCMT:_freebuf.obj
 0001:00035c30       __SEH_prolog4              00436c30 f   LIBCMT:sehprolg4.obj
 0001:00035c75       __SEH_epilog4              00436c75 f   LIBCMT:sehprolg4.obj
 0001:00035c90       __except_handler4          00436c90 f   LIBCMT:chandler4.obj
 0001:00035e25       __filbuf                   00436e25 f   LIBCMT:_filbuf.obj
 0001:00035f46       __ioinit                   00436f46 f   LIBCMT:ioinit.obj
 0001:000361f4       __getstream                004371f4 f   LIBCMT:stream.obj
 0001:0003630c       __openfile                 0043730c f   LIBCMT:_open.obj
 0001:00036590       __local_unwind4            00437590 f   LIBCMT:exsup4.obj
 0001:00036666       __seh_longjmp_unwind4@4    00437666 f   LIBCMT:exsup4.obj
 0001:00036682       @_EH4_CallFilterFunc@8     00437682 f   LIBCMT:exsup4.obj
 0001:00036699       @_EH4_TransferToHandler@8  00437699 f   LIBCMT:exsup4.obj
 0001:000366b2       @_EH4_GlobalUnwind2@8      004376b2 f   LIBCMT:exsup4.obj
 0001:000366cb       @_EH4_LocalUnwind@16       004376cb f   LIBCMT:exsup4.obj
 0001:000366e2       ___isa_available_init      004376e2 f   LIBCMT:cpu_disp.obj
 0001:0003681b       _memcpy_s                  0043781b f   LIBCMT:memcpy_s.obj
 0001:0003689a       _wcscat_s                  0043789a f   LIBCMT:wcscat_s.obj
 0001:00036906       _wcscpy_s                  00437906 f   LIBCMT:wcscpy_s.obj
 0001:00036962       _wcslen                    00437962 f   LIBCMT:wcslen.obj
 0001:0003697b       _wcsncat_s                 0043797b f   LIBCMT:wcsncat_s.obj
 0001:00036a49       ___set_app_type            00437a49 f   LIBCMT:errmode.obj
 0001:00036a56       __set_error_mode           00437a56 f   LIBCMT:errmode.obj
 0001:00036a96       __itow_s                   00437a96 f   LIBCMT:xtows.obj
 0001:00036bb2       _setvbuf                   00437bb2 f   LIBCMT:setvbuf.obj
 0001:00036cb8       _fwprintf                  00437cb8 f   LIBCMT:fwprintf.obj
 0001:00036d49       __vswprintf_c_l            00437d49 f   LIBCMT:vswprnc.obj
 0001:00036d71       __vswprintf_helper         00437d71 f   LIBCMT:vswprnc.obj
 0001:00036e6a       ___get_sigabrt             00437e6a f   LIBCMT:winsig.obj
 0001:00036e77       __initp_misc_winsig        00437e77 f   LIBCMT:winsig.obj
 0001:00036e93       _raise                     00437e93 f   LIBCMT:winsig.obj
 0001:00037084       ___crtMessageBoxW          00438084 f   LIBCMT:crtmboxw.obj
 0001:00037266       __FF_MSGBANNER             00438266 f   LIBCMT:crt0msg.obj
 0001:0003729f       __GET_RTERRMSG             0043829f f   LIBCMT:crt0msg.obj
 0001:000372c3       __NMSG_WRITE               004382c3 f   LIBCMT:crt0msg.obj
 0001:0003747e       __cfltcvt                  0043847e f   LIBCMT:cvt.obj
 0001:0003749f       __cfltcvt_l                0043849f f   LIBCMT:cvt.obj
 0001:00037525       __cftoa_l                  00438525 f   LIBCMT:cvt.obj
 0001:0003787f       __cftoe                    0043887f f   LIBCMT:cvt.obj
 0001:000379ec       __cftoe_l                  004389ec f   LIBCMT:cvt.obj
 0001:00037ba2       __cftof_l                  00438ba2 f   LIBCMT:cvt.obj
 0001:00037c61       __cftog_l                  00438c61 f   LIBCMT:cvt.obj
 0001:00037d5e       __cropzeros                00438d5e f   LIBCMT:cvt.obj
 0001:00037d6f       __cropzeros_l              00438d6f f   LIBCMT:cvt.obj
 0001:00037ded       __fassign                  00438ded f   LIBCMT:cvt.obj
 0001:00037e05       __fassign_l                00438e05 f   LIBCMT:cvt.obj
 0001:00037e45       __forcdecpt                00438e45 f   LIBCMT:cvt.obj
 0001:00037e56       __forcdecpt_l              00438e56 f   LIBCMT:cvt.obj
 0001:00037ec8       __positive                 00438ec8 f   LIBCMT:cvt.obj
 0001:00037f0a       __setdefaultprecision      00438f0a f   LIBCMT:fp8.obj
 0001:00037f31       __initp_misc_cfltcvt_tab   00438f31 f   LIBCMT:cmiscdat.obj
 0001:00037f50       __fcloseall                00438f50 f   LIBCMT:closeall.obj
 0001:00037fed       __lock                     00438fed f   LIBCMT:mlock.obj
 0001:00038021       __mtdeletelocks            00439021 f   LIBCMT:mlock.obj
 0001:00038075       __mtinitlocknum            00439075 f   LIBCMT:mlock.obj
 0001:0003811c       __mtinitlocks              0043911c f   LIBCMT:mlock.obj
 0001:00038151       __unlock                   00439151 f   LIBCMT:mlock.obj
 0001:00038166       __calloc_crt               00439166 f   LIBCMT:crtheap.obj
 0001:000381b0       __malloc_crt               004391b0 f   LIBCMT:crtheap.obj
 0001:000381f9       __realloc_crt              004391f9 f   LIBCMT:crtheap.obj
 0001:00038245       __recalloc_crt             00439245 f   LIBCMT:crtheap.obj
 0001:00038295       __commit                   00439295 f   LIBCMT:commit.obj
 0001:0003837b       __write                    0043937b f   LIBCMT:write.obj
 0001:0003845d       __write_nolock             0043945d f   LIBCMT:write.obj
 0001:00038c87       __ftbuf                    00439c87 f   LIBCMT:_sftbuf.obj
 0001:00038cb8       __stbuf                    00439cb8 f   LIBCMT:_sftbuf.obj
 0001:00038d5e       __output_l                 00439d5e f   LIBCMT:output.obj
 0001:000399d0       __flsbuf                   0043a9d0 f   LIBCMT:_flsbuf.obj
 0001:00039b1d       ___addlocaleref            0043ab1d f   LIBCMT:localref.obj
 0001:00039bad       ___freetlocinfo            0043abad f   LIBCMT:localref.obj
 0001:00039d07       ___removelocaleref         0043ad07 f   LIBCMT:localref.obj
 0001:00039da2       ___updatetlocinfo          0043ada2 f   LIBCMT:localref.obj
 0001:00039e1e       __updatetlocinfoEx_nolock  0043ae1e f   LIBCMT:localref.obj
 0001:00039e69       ___initmbctable            0043ae69 f   LIBCMT:mbctype.obj
 0001:0003a124       ___updatetmbcinfo          0043b124 f   LIBCMT:mbctype.obj
 0001:0003a1c9       __setmbcp                  0043b1c9 f   LIBCMT:mbctype.obj
 0001:0003a377       __setmbcp_nolock           0043b377 f   LIBCMT:mbctype.obj
 0001:0003a56c       __isctype_l                0043b56c f   LIBCMT:isctype.obj
 0001:0003a61b       __freefls@4                0043b61b f   LIBCMT:tidtable.obj
 0001:0003a752       __getptd                   0043b752 f   LIBCMT:tidtable.obj
 0001:0003a76a       __getptd_noexit            0043b76a f   LIBCMT:tidtable.obj
 0001:0003a7d9       __initptd                  0043b7d9 f   LIBCMT:tidtable.obj
 0001:0003a88c       __mtinit                   0043b88c f   LIBCMT:tidtable.obj
 0001:0003a902       __mtterm                   0043b902 f   LIBCMT:tidtable.obj
 0001:0003a91f       __locterm                  0043b91f f   LIBCMT:wsetloca.obj
 0001:0003a971       __isleadbyte_l             0043b971 f i LIBCMT:_wctype.obj
 0001:0003a9a7       _isleadbyte                0043b9a7 f i LIBCMT:_wctype.obj
 0001:0003aba1       ___crtLCMapStringA         0043bba1 f   LIBCMT:a_map.obj
 0001:0003abe5       __freea                    0043bbe5 f i LIBCMT:a_map.obj
 0001:0003ac03       _strcpy_s                  0043bc03 f   LIBCMT:strcpy_s.obj
 0001:0003b653       __Wcsftime_l               0043c653 f   LIBCMT:wcsftime.obj
 0001:0003b794       __heap_init                0043c794 f   LIBCMT:heapinit.obj
 0001:0003b7a9       __callnewh                 0043c7a9 f   LIBCMT:handler.obj
 0001:0003b7cf       __initp_heap_handler       0043c7cf f   LIBCMT:handler.obj
 0001:0003b7dc       __VEC_memset               0043c7dc f   LIBCMT:p4_memset.obj
 0001:0003b946       __input_l                  0043c946 f   LIBCMT:input.obj
 0001:0003ca62       __crt_debugger_hook        0043da62 f   LIBCMT:dbghook.obj
 0001:0003ca6a       ___crtFlsAlloc             0043da6a f   LIBCMT:winapisupp.obj
 0001:0003ca88       ___crtFlsFree              0043da88 f   LIBCMT:winapisupp.obj
 0001:0003caa7       ___crtFlsGetValue          0043daa7 f   LIBCMT:winapisupp.obj
 0001:0003cac6       ___crtFlsSetValue          0043dac6 f   LIBCMT:winapisupp.obj
 0001:0003cae8       ___crtIsPackagedApp        0043dae8 f   LIBCMT:winapisupp.obj
 0001:0003cb26       ___crtLoadWinApiPointers   0043db26 f   LIBCMT:winapisupp.obj
 0001:0003cd65       ___crtSetUnhandledExceptionFilter 0043dd65 f   LIBCMT:winapisupp.obj
 0001:0003cd73       ___crtTerminateProcess     0043dd73 f   LIBCMT:winapisupp.obj
 0001:0003cd88       ___crtUnhandledException   0043dd88 f   LIBCMT:winapisupp.obj
 0001:0003cd9e       __RTC_Initialize           0043dd9e f   LIBCMT:initsect.obj
 0001:0003cdbe       __RTC_Terminate            0043ddbe f   LIBCMT:initsect.obj
 0001:0003cde0       __FindPESection            0043dde0 f   LIBCMT:pesect.obj
 0001:0003ce30       __IsNonwritableInCurrentImage 0043de30 f   LIBCMT:pesect.obj
 0001:0003cef0       __ValidateImageBase        0043def0 f   LIBCMT:pesect.obj
 0001:0003cf21       ___onexitinit              0043df21 f   LIBCMT:onexit.obj
 0001:0003cf50       __onexit                   0043df50 f   LIBCMT:onexit.obj
 0001:0003d046       _atexit                    0043e046 f   LIBCMT:onexit.obj
 0001:0003d05b       ?terminate@@YAXXZ          0043e05b f   LIBCMT:hooks.obj
 0001:0003d08f       __initp_eh_hooks           0043e08f f   LIBCMT:hooks.obj
 0001:0003d0a0       __initp_misc_purevirt      0043e0a0 f   LIBCMT:inithelp.obj
 0001:0003d0ad       __initp_misc_rand_s        0043e0ad f   LIBCMT:rand_s.obj
 0001:0003d0ba       __read                     0043e0ba f   LIBCMT:read.obj
 0001:0003d1c2       __read_nolock              0043e1c2 f   LIBCMT:read.obj
 0001:0003d951       __getbuf                   0043e951 f   LIBCMT:_getbuf.obj
 0001:0003d997       _strnlen                   0043e997 f   LIBCMT:strlen_s.obj
 0001:0003d9b2       ___wtomb_environ           0043e9b2 f   LIBCMT:wtombenv.obj
 0001:0003da3f       __mbsnbicoll               0043ea3f f   LIBCMT:mbsnbico.obj
 0001:0003da57       __mbsnbicoll_l             0043ea57 f   LIBCMT:mbsnbico.obj
 0001:0003db0b       ?__CxxUnhandledExceptionFilter@@YGJPAU_EXCEPTION_POINTERS@@@Z 0043eb0b f   LIBCMT:unhandld.obj
 0001:0003db4c       ___CxxSetUnhandledExceptionFilter 0043eb4c f   LIBCMT:unhandld.obj
 0001:0003db5a       __XcptFilter               0043eb5a f   LIBCMT:winxfltr.obj
 0001:0003dcb5       __setargv                  0043ecb5 f   LIBCMT:stdargv.obj
 0001:0003dee2       __setenvp                  0043eee2 f   LIBCMT:stdenvp.obj
 0001:0003dfc3       ___security_init_cookie    0043efc3 f   LIBCMT:gs_support.obj
 0001:0003e05d       ___crtGetEnvironmentStringsA 0043f05d f   LIBCMT:a_env.obj
 0001:0003e0e8       ___lock_fhandle            0043f0e8 f   LIBCMT:osfinfo.obj
 0001:0003e174       __alloc_osfhnd             0043f174 f   LIBCMT:osfinfo.obj
 0001:0003e319       __free_osfhnd              0043f319 f   LIBCMT:osfinfo.obj
 0001:0003e39f       __get_osfhandle            0043f39f f   LIBCMT:osfinfo.obj
 0001:0003e406       __set_osfhnd               0043f406 f   LIBCMT:osfinfo.obj
 0001:0003e488       __unlock_fhandle           0043f488 f   LIBCMT:osfinfo.obj
 0001:0003e4ae       __sopen_helper             0043f4ae f   LIBCMT:open.obj
 0001:0003e575       __sopen_nolock             0043f575 f   LIBCMT:open.obj
 0001:0003e5c1       __sopen_s                  0043f5c1 f   LIBCMT:open.obj
 0001:0003e5df       __mbsnbcmp                 0043f5df f   LIBCMT:mbsnbcmp.obj
 0001:0003e5f7       __mbsnbcmp_l               0043f5f7 f   LIBCMT:mbsnbcmp.obj
 0001:0003e70c       __mbsnbicmp                0043f70c f   LIBCMT:mbsnbicm.obj
 0001:0003e724       __mbsnbicmp_l              0043f724 f   LIBCMT:mbsnbicm.obj
 0001:0003e8e0       __global_unwind2           0043f8e0 f   LIBCMT:exsup.obj
 0001:0003e945       __local_unwind2            0043f945 f   LIBCMT:exsup.obj
 0001:0003e9c9       __abnormal_termination     0043f9c9 f   LIBCMT:exsup.obj
 0001:0003e9ec       __NLG_Notify1              0043f9ec f   LIBCMT:exsup.obj
 0001:0003e9f5       __NLG_Notify               0043f9f5 f   LIBCMT:exsup.obj
 0001:0003ea0c       __NLG_Dispatch             0043fa0c     LIBCMT:exsup.obj
 0001:0003ea0c       __NLG_Dispatch2            0043fa0c     LIBCMT:exsup.obj
 0001:0003ea14       __NLG_Call                 0043fa14 f   LIBCMT:exsup.obj
 0001:0003ea16       __NLG_Return2              0043fa16     LIBCMT:exsup.obj
 0001:0003ea17       __woutput_l                0043fa17 f   LIBCMT:woutput.obj
 0001:0003f70e       _wcsncpy_s                 0044070e f   LIBCMT:wcsncpy_s.obj
 0001:0003f7cc       __fptostr                  004407cc f   LIBCMT:_fptostr.obj
 0001:0003f87c       __atodbl_l                 0044087c f   LIBCMT:atodbl.obj
 0001:0003f908       __atoflt_l                 00440908 f   LIBCMT:atodbl.obj
 0001:0003f994       ___dtold                   00440994 f   LIBCMT:cfout.obj
 0001:0003fa5a       __fltout2                  00440a5a f   LIBCMT:cfout.obj
 0001:0003faf0       __alldvrm                  00440af0 f   LIBCMT:lldvrm.obj
 0001:0003fbd0       __aullshr                  00440bd0 f   LIBCMT:ullshr.obj
 0001:0003fbef       __controlfp_s              00440bef f   LIBCMT:contrlfp.obj
 0001:0003fc4c       __fptrap                   00440c4c f   LIBCMT:crt0fp.obj
 0001:0003fc55       __recalloc                 00440c55 f   LIBCMT:recalloc.obj
 0001:0003fcbe       __calloc_impl              00440cbe f   LIBCMT:calloc_impl.obj
 0001:0003fd38       __isatty                   00440d38 f   LIBCMT:isatty.obj
 0001:0003fd8c       __lseeki64                 00440d8c f   LIBCMT:lseeki64.obj
 0001:0003fe88       __lseeki64_nolock          00440e88 f   LIBCMT:lseeki64.obj
 0001:0003fef9       __mbtowc_l                 00440ef9 f   LIBCMT:mbtowc.obj
 0001:0003ffec       _mbtowc                    00440fec f   LIBCMT:mbtowc.obj
 0001:00040004       __putwch_nolock            00441004 f   LIBCMT:putwch.obj
 0001:00040045       __wctomb_s_l               00441045 f   LIBCMT:wctomb.obj
 0001:00040167       _wctomb_s                  00441167 f   LIBCMT:wctomb.obj
 0001:00040182       ___free_lconv_mon          00441182 f   LIBCMT:initmon.obj
 0001:0004027e       ___free_lconv_num          0044127e f   LIBCMT:initnum.obj
 0001:000402e5       ___free_lc_time            004412e5 f   LIBCMT:inittime.obj
 0001:00040751       ___crtGetStringTypeA       00441751 f   LIBCMT:a_str.obj
 0001:0004078f       ____lc_codepage_func       0044178f f   LIBCMT:initctyp.obj
 0001:000407b5       _wcsnlen                   004417b5 f   LIBCMT:wcslen_s.obj
 0001:000407d4       _GetTableIndexFromLocaleName 004417d4 f   LIBCMT:winapinls.obj
 0001:00040822       ___crtCompareStringEx      00441822 f   LIBCMT:winapinls.obj
 0001:0004086e       ___crtDownlevelLocaleNameToLCID 0044186e f   LIBCMT:winapinls.obj
 0001:00040898       ___crtGetDateFormatEx      00441898 f   LIBCMT:winapinls.obj
 0001:000408e1       ___crtGetTimeFormatEx      004418e1 f   LIBCMT:winapinls.obj
 0001:00040916       ___crtLCMapStringEx        00441916 f   LIBCMT:winapinls.obj
 0001:00040962       ___wcsnicmp_ascii          00441962 f   LIBCMT:winapinls.obj
 0001:000409d0       _iswctype                  004419d0 f   LIBCMT:iswctype.obj
 0001:00040a30       __alloca_probe_16          00441a30 f   LIBCMT:alloca16.obj
 0001:00040a46       __alloca_probe_8           00441a46     LIBCMT:alloca16.obj
 0001:00040a5c       __wcsicmp                  00441a5c f   LIBCMT:wcsicmp.obj
 0001:00040aef       __wcsicmp_l                00441aef f   LIBCMT:wcsicmp.obj
 0001:00040bc8       ___tzset                   00441bc8 f   LIBCMT:tzset.obj
 0001:00040f4c       __mbstowcs_l_helper        00441f4c f   LIBCMT:mbstowcs.obj
 0001:000410ab       __mbstowcs_s_l             004420ab f   LIBCMT:mbstowcs.obj
 0001:00041187       ___daylight                00442187 f   LIBCMT:timeset.obj
 0001:0004118d       ___dstbias                 0044218d f   LIBCMT:timeset.obj
 0001:00041193       ___timezone                00442193 f   LIBCMT:timeset.obj
 0001:00041199       ___tzname                  00442199 f   LIBCMT:timeset.obj
 0001:0004119f       __get_daylight             0044219f f   LIBCMT:timeset.obj
 0001:000411c9       __get_dstbias              004421c9 f   LIBCMT:timeset.obj
 0001:000411f3       __get_timezone             004421f3 f   LIBCMT:timeset.obj
 0001:0004121d       __msize                    0044221d f   LIBCMT:msize.obj
 0001:0004124e       _strncpy_s                 0044224e f   LIBCMT:strncpy_s.obj
 0001:000412f2       ___crtsetenv               004422f2 f   LIBCMT:setenv.obj
 0001:000415f3       __strnicoll_l              004425f3 f   LIBCMT:strnicol.obj
 0001:00041941       ___crtCompareStringA       00442941 f   LIBCMT:a_cmp.obj
 0001:000419d8       __ismbblead                004429d8 f   LIBCMT:ismbbyte.obj
 0001:00041a7f       __wsopen_nolock            00442a7f f   LIBCMT:wopen.obj
 0001:000421d0       _strnicmp                  004431d0 f   LIBCMT:strnicmp.obj
 0001:000421d0       __strnicmp                 004431d0 f   LIBCMT:strnicmp.obj
 0001:0004223b       __strnicmp_l               0044323b f   LIBCMT:strnicmp.obj
 0001:000422ea       __fputwc_nolock            004432ea f   LIBCMT:fputwc.obj
 0001:0004246f       __ld12tod                  0044346f f   LIBCMT:intrncvt.obj
 0001:000429df       __ld12tof                  004439df f   LIBCMT:intrncvt.obj
 0001:00042f4f       ___strgtold12_l            00443f4f f   LIBCMT:strgtold.obj
 0001:000436cb       _$I10_OUTPUT               004446cb f   LIBCMT:x10fout.obj
 0001:00044138       __control87                00445138 f i LIBCMT:ieee87.obj
 0001:000444cf       ___termconout              004454cf f   LIBCMT:initcon.obj
 0001:000444e6       ___initconout              004454e6 f   LIBCMT:initcon.obj
 0001:00044505       __towlower_l               00445505 f   LIBCMT:towlower.obj
 0001:000445b7       __strdup                   004455b7 f   LIBCMT:strdup.obj
 0001:00044607       __mbschr                   00445607 f   LIBCMT:mbschr.obj
 0001:0004461c       __mbschr_l                 0044561c f   LIBCMT:mbschr.obj
 0001:000446b7       __chsize_nolock            004456b7 f   LIBCMT:chsize.obj
 0001:0004486b       __get_fmode                0044586b f   LIBCMT:setmode.obj
 0001:00044895       __setmode_nolock           00445895 f   LIBCMT:setmode.obj
 0001:00044970       ___ascii_strnicmp          00445970 f   LIBCMT:_strnicm.obj
 0001:000449d1       __flswbuf                  004459d1 f   LIBCMT:_flswbuf.obj
 0001:00044b31       ___mtold12                 00445b31 f   LIBCMT:mantold.obj
 0001:00044d13       ___set_fpsr_sse2           00445d13 f   LIBCMT:fpctrl.obj
 0001:00044d89       ___crtLCMapStringW         00445d89 f   LIBCMT:w_map.obj
 0001:00044db8       _IsProcessorFeaturePresent@4 00445db8 f   kernel32:KERNEL32.dll
 0001:00044dbe       _RtlUnwind@16              00445dbe f   kernel32:KERNEL32.dll
 0001:00044dc4       ___ascii_stricmp           00445dc4 f   LIBCMT:stricmp.obj
 0001:00044dfd       __stricmp                  00445dfd f   LIBCMT:stricmp.obj
 0001:00044dfd       _stricmp                   00445dfd f   LIBCMT:stricmp.obj
 0001:00044e44       __stricmp_l                00445e44 f   LIBCMT:stricmp.obj
 0002:00000000       __imp__RegCloseKey@4       00446000     advapi32:ADVAPI32.dll
 0002:00000004       __imp__RegOpenKeyA@12      00446004     advapi32:ADVAPI32.dll
 0002:00000008       __imp__RegQueryValueExA@24 00446008     advapi32:ADVAPI32.dll
 0002:0000000c       __imp__GetUserNameA@8      0044600c     advapi32:ADVAPI32.dll
 0002:00000010       __imp__CopySid@12          00446010     advapi32:ADVAPI32.dll
 0002:00000014       __imp__GetLengthSid@4      00446014     advapi32:ADVAPI32.dll
 0002:00000018       __imp__RegCreateKeyA@12    00446018     advapi32:ADVAPI32.dll
 0002:0000001c       __imp__RegSetValueExA@24   0044601c     advapi32:ADVAPI32.dll
 0002:00000020       \177ADVAPI32_NULL_THUNK_DATA 00446020     advapi32:ADVAPI32.dll
 0002:00000024       __imp__SetEndOfFile@4      00446024     kernel32:KERNEL32.dll
 0002:00000028       __imp__CreateFileW@28      00446028     kernel32:KERNEL32.dll
 0002:0000002c       __imp__SetEnvironmentVariableA@8 0044602c     kernel32:KERNEL32.dll
 0002:00000030       __imp__HeapSize@12         00446030     kernel32:KERNEL32.dll
 0002:00000034       __imp__GetTimeZoneInformation@4 00446034     kernel32:KERNEL32.dll
 0002:00000038       __imp__LCMapStringW@24     00446038     kernel32:KERNEL32.dll
 0002:0000003c       __imp__CompareStringW@24   0044603c     kernel32:KERNEL32.dll
 0002:00000040       __imp__GetTimeFormatW@24   00446040     kernel32:KERNEL32.dll
 0002:00000044       __imp__GetTickCount@0      00446044     kernel32:KERNEL32.dll
 0002:00000048       __imp__GetStdHandle@4      00446048     kernel32:KERNEL32.dll
 0002:0000004c       __imp__ReadFile@20         0044604c     kernel32:KERNEL32.dll
 0002:00000050       __imp__WriteFile@20        00446050     kernel32:KERNEL32.dll
 0002:00000054       __imp__GetConsoleMode@8    00446054     kernel32:KERNEL32.dll
 0002:00000058       __imp__SetConsoleMode@8    00446058     kernel32:KERNEL32.dll
 0002:0000005c       __imp__FreeLibrary@4       0044605c     kernel32:KERNEL32.dll
 0002:00000060       __imp__GetProcAddress@8    00446060     kernel32:KERNEL32.dll
 0002:00000064       __imp__LoadLibraryA@4      00446064     kernel32:KERNEL32.dll
 0002:00000068       __imp__CloseHandle@4       00446068     kernel32:KERNEL32.dll
 0002:0000006c       __imp__GetLastError@0      0044606c     kernel32:KERNEL32.dll
 0002:00000070       __imp__GetOverlappedResult@16 00446070     kernel32:KERNEL32.dll
 0002:00000074       __imp__SetEvent@4          00446074     kernel32:KERNEL32.dll
 0002:00000078       __imp__WaitForSingleObject@8 00446078     kernel32:KERNEL32.dll
 0002:0000007c       __imp__CreateEventA@16     0044607c     kernel32:KERNEL32.dll
 0002:00000080       __imp__CreateThread@24     00446080     kernel32:KERNEL32.dll
 0002:00000084       __imp__GetSystemDirectoryA@8 00446084     kernel32:KERNEL32.dll
 0002:00000088       __imp__FormatMessageA@28   00446088     kernel32:KERNEL32.dll
 0002:0000008c       __imp__FindClose@4         0044608c     kernel32:KERNEL32.dll
 0002:00000090       __imp__FindFirstFileA@8    00446090     kernel32:KERNEL32.dll
 0002:00000094       __imp__FindNextFileA@8     00446094     kernel32:KERNEL32.dll
 0002:00000098       __imp__QueryPerformanceCounter@4 00446098     kernel32:KERNEL32.dll
 0002:0000009c       __imp__GetProcessTimes@20  0044609c     kernel32:KERNEL32.dll
 0002:000000a0       __imp__GetCurrentProcess@0 004460a0     kernel32:KERNEL32.dll
 0002:000000a4       __imp__GetCurrentProcessId@0 004460a4     kernel32:KERNEL32.dll
 0002:000000a8       __imp__GetCurrentThread@0  004460a8     kernel32:KERNEL32.dll
 0002:000000ac       __imp__GetThreadTimes@20   004460ac     kernel32:KERNEL32.dll
 0002:000000b0       __imp__GetSystemTime@4     004460b0     kernel32:KERNEL32.dll
 0002:000000b4       __imp__GetSystemTimeAdjustment@12 004460b4     kernel32:KERNEL32.dll
 0002:000000b8       __imp__GetWindowsDirectoryA@8 004460b8     kernel32:KERNEL32.dll
 0002:000000bc       __imp__GlobalMemoryStatus@4 004460bc     kernel32:KERNEL32.dll
 0002:000000c0       __imp__GetCurrentThreadId@0 004460c0     kernel32:KERNEL32.dll
 0002:000000c4       __imp__OpenProcess@12      004460c4     kernel32:KERNEL32.dll
 0002:000000c8       __imp__MapViewOfFile@20    004460c8     kernel32:KERNEL32.dll
 0002:000000cc       __imp__UnmapViewOfFile@4   004460cc     kernel32:KERNEL32.dll
 0002:000000d0       __imp__LocalAlloc@8        004460d0     kernel32:KERNEL32.dll
 0002:000000d4       __imp__LocalFree@4         004460d4     kernel32:KERNEL32.dll
 0002:000000d8       __imp__CreateFileMappingA@24 004460d8     kernel32:KERNEL32.dll
 0002:000000dc       __imp__SetHandleInformation@12 004460dc     kernel32:KERNEL32.dll
 0002:000000e0       __imp__CreatePipe@16       004460e0     kernel32:KERNEL32.dll
 0002:000000e4       __imp__CreateProcessA@40   004460e4     kernel32:KERNEL32.dll
 0002:000000e8       __imp__CreateDirectoryA@8  004460e8     kernel32:KERNEL32.dll
 0002:000000ec       __imp__CreateFileA@28      004460ec     kernel32:KERNEL32.dll
 0002:000000f0       __imp__GetFileAttributesA@4 004460f0     kernel32:KERNEL32.dll
 0002:000000f4       __imp__GetFileSize@8       004460f4     kernel32:KERNEL32.dll
 0002:000000f8       __imp__GetFileTime@16      004460f8     kernel32:KERNEL32.dll
 0002:000000fc       __imp__SetFileTime@16      004460fc     kernel32:KERNEL32.dll
 0002:00000100       __imp__WaitForMultipleObjects@16 00446100     kernel32:KERNEL32.dll
 0002:00000104       __imp__GetEnvironmentVariableA@12 00446104     kernel32:KERNEL32.dll
 0002:00000108       __imp__DeleteFileA@4       00446108     kernel32:KERNEL32.dll
 0002:0000010c       __imp__GetLocalTime@4      0044610c     kernel32:KERNEL32.dll
 0002:00000110       __imp__GetFileType@4       00446110     kernel32:KERNEL32.dll
 0002:00000114       __imp__GetModuleFileNameW@12 00446114     kernel32:KERNEL32.dll
 0002:00000118       __imp__GetModuleHandleExW@12 00446118     kernel32:KERNEL32.dll
 0002:0000011c       __imp__WriteConsoleW@20    0044611c     kernel32:KERNEL32.dll
 0002:00000120       __imp__EnterCriticalSection@4 00446120     kernel32:KERNEL32.dll
 0002:00000124       __imp__LeaveCriticalSection@4 00446124     kernel32:KERNEL32.dll
 0002:00000128       __imp__MultiByteToWideChar@24 00446128     kernel32:KERNEL32.dll
 0002:0000012c       __imp__WideCharToMultiByte@32 0044612c     kernel32:KERNEL32.dll
 0002:00000130       __imp__HeapFree@12         00446130     kernel32:KERNEL32.dll
 0002:00000134       __imp__HeapAlloc@12        00446134     kernel32:KERNEL32.dll
 0002:00000138       __imp__HeapReAlloc@16      00446138     kernel32:KERNEL32.dll
 0002:0000013c       __imp__IsDebuggerPresent@0 0044613c     kernel32:KERNEL32.dll
 0002:00000140       __imp__IsProcessorFeaturePresent@4 00446140     kernel32:KERNEL32.dll
 0002:00000144       __imp__EncodePointer@4     00446144     kernel32:KERNEL32.dll
 0002:00000148       __imp__DecodePointer@4     00446148     kernel32:KERNEL32.dll
 0002:0000014c       __imp__InterlockedDecrement@4 0044614c     kernel32:KERNEL32.dll
 0002:00000150       __imp__ExitProcess@4       00446150     kernel32:KERNEL32.dll
 0002:00000154       __imp__AreFileApisANSI@0   00446154     kernel32:KERNEL32.dll
 0002:00000158       __imp__GetSystemTimeAsFileTime@4 00446158     kernel32:KERNEL32.dll
 0002:0000015c       __imp__GetCommandLineA@0   0044615c     kernel32:KERNEL32.dll
 0002:00000160       __imp__InitializeCriticalSectionAndSpinCount@8 00446160     kernel32:KERNEL32.dll
 0002:00000164       __imp__DeleteCriticalSection@4 00446164     kernel32:KERNEL32.dll
 0002:00000168       __imp__GetStartupInfoW@4   00446168     kernel32:KERNEL32.dll
 0002:0000016c       __imp__RtlUnwind@16        0044616c     kernel32:KERNEL32.dll
 0002:00000170       __imp__OutputDebugStringW@4 00446170     kernel32:KERNEL32.dll
 0002:00000174       __imp__LoadLibraryExW@12   00446174     kernel32:KERNEL32.dll
 0002:00000178       __imp__LoadLibraryW@4      00446178     kernel32:KERNEL32.dll
 0002:0000017c       __imp__Sleep@4             0044617c     kernel32:KERNEL32.dll
 0002:00000180       __imp__FlushFileBuffers@4  00446180     kernel32:KERNEL32.dll
 0002:00000184       __imp__GetConsoleCP@0      00446184     kernel32:KERNEL32.dll
 0002:00000188       __imp__InterlockedIncrement@4 00446188     kernel32:KERNEL32.dll
 0002:0000018c       __imp__IsValidCodePage@4   0044618c     kernel32:KERNEL32.dll
 0002:00000190       __imp__GetACP@0            00446190     kernel32:KERNEL32.dll
 0002:00000194       __imp__GetOEMCP@0          00446194     kernel32:KERNEL32.dll
 0002:00000198       __imp__GetCPInfo@8         00446198     kernel32:KERNEL32.dll
 0002:0000019c       __imp__SetLastError@4      0044619c     kernel32:KERNEL32.dll
 0002:000001a0       __imp__GetProcessHeap@0    004461a0     kernel32:KERNEL32.dll
 0002:000001a4       __imp__UnhandledExceptionFilter@4 004461a4     kernel32:KERNEL32.dll
 0002:000001a8       __imp__SetUnhandledExceptionFilter@4 004461a8     kernel32:KERNEL32.dll
 0002:000001ac       __imp__TerminateProcess@8  004461ac     kernel32:KERNEL32.dll
 0002:000001b0       __imp__TlsAlloc@0          004461b0     kernel32:KERNEL32.dll
 0002:000001b4       __imp__TlsGetValue@4       004461b4     kernel32:KERNEL32.dll
 0002:000001b8       __imp__TlsSetValue@8       004461b8     kernel32:KERNEL32.dll
 0002:000001bc       __imp__TlsFree@4           004461bc     kernel32:KERNEL32.dll
 0002:000001c0       __imp__GetModuleHandleW@4  004461c0     kernel32:KERNEL32.dll
 0002:000001c4       __imp__ReadConsoleW@20     004461c4     kernel32:KERNEL32.dll
 0002:000001c8       __imp__GetModuleFileNameA@12 004461c8     kernel32:KERNEL32.dll
 0002:000001cc       __imp__GetEnvironmentStringsW@0 004461cc     kernel32:KERNEL32.dll
 0002:000001d0       __imp__FreeEnvironmentStringsW@4 004461d0     kernel32:KERNEL32.dll
 0002:000001d4       __imp__SetStdHandle@8      004461d4     kernel32:KERNEL32.dll
 0002:000001d8       __imp__SetFilePointerEx@20 004461d8     kernel32:KERNEL32.dll
 0002:000001dc       __imp__GetStringTypeW@16   004461dc     kernel32:KERNEL32.dll
 0002:000001e0       __imp__GetDateFormatW@24   004461e0     kernel32:KERNEL32.dll
 0002:000001e4       \177KERNEL32_NULL_THUNK_DATA 004461e4     kernel32:KERNEL32.dll
 0002:000001e8       __imp__FindWindowA@8       004461e8     user32:USER32.dll
 0002:000001ec       __imp__SendMessageA@16     004461ec     user32:USER32.dll
 0002:000001f0       __imp__GetCursorPos@4      004461f0     user32:USER32.dll
 0002:000001f4       __imp__GetForegroundWindow@0 004461f4     user32:USER32.dll
 0002:000001f8       __imp__GetCapture@0        004461f8     user32:USER32.dll
 0002:000001fc       __imp__GetQueueStatus@4    004461fc     user32:USER32.dll
 0002:00000200       __imp__GetClipboardOwner@0 00446200     user32:USER32.dll
 0002:00000204       \177USER32_NULL_THUNK_DATA 00446204     user32:USER32.dll
 0002:00000208       ___xc_a                    00446208     LIBCMT:crt0init.obj
 0002:0000020c       ___xc_z                    0044620c     LIBCMT:crt0init.obj
 0002:00000210       ___xi_a                    00446210     LIBCMT:crt0init.obj
 0002:00000228       ___xi_z                    00446228     LIBCMT:crt0init.obj
 0002:0000022c       ___xp_a                    0044622c     LIBCMT:crt0init.obj
 0002:0000023c       ___xp_z                    0044623c     LIBCMT:crt0init.obj
 0002:00000240       ___xt_a                    00446240     LIBCMT:crt0init.obj
 0002:00000244       ___xt_z                    00446244     LIBCMT:crt0init.obj
 0002:00000250       _be_default_protocol       00446250     be_ssh.obj
 0002:00000254       ??_C@_0CH@BBHEKEDE@option?5?$CC?$CFs?$CC?5not?5available?5in?5thi@ 00446254     cmdline.obj
 0002:0000027c       ??_C@_05ICAMDKBJ@?9load?$AA@ 0044627c     cmdline.obj
 0002:00000284       ??_C@_04ICJFNLID@?9ssh?$AA@ 00446284     cmdline.obj
 0002:0000028c       ??_C@_07DKMEJCIF@?9telnet?$AA@ 0044628c     cmdline.obj
 0002:00000294       ??_C@_07PNIEMAJC@?9rlogin?$AA@ 00446294     cmdline.obj
 0002:0000029c       ??_C@_04OINBMFGG@?9raw?$AA@ 0044629c     cmdline.obj
 0002:000002a4       ??_C@_07DIHGINNE@?9serial?$AA@ 004462a4     cmdline.obj
 0002:000002ac       ??_C@_02EJEOCNCO@?9v?$AA@  004462ac     cmdline.obj
 0002:000002b0       ??_C@_02PJGDNHPF@?9l?$AA@  004462b0     cmdline.obj
 0002:000002b4       ??_C@_08FCOAIJJN@?9loghost?$AA@ 004462b4     cmdline.obj
 0002:000002c0       ??_C@_02GMOHPDFH@?9L?$AA@  004462c0     cmdline.obj
 0002:000002c4       ??_C@_02LIKGMMII@?9R?$AA@  004462c4     cmdline.obj
 0002:000002c8       ??_C@_02KEDOHJFP@?9D?$AA@  004462c8     cmdline.obj
 0002:000002cc       ??_C@_0DA@NDNLCDCP@?9?$CFc?5expects?5at?5least?5two?5colons?5@ 004462cc     cmdline.obj
 0002:000002fc       ??_C@_06JHCNKDE@?$CFc?$CF?4?$CKs?$AA@ 004462fc     cmdline.obj
 0002:00000304       ??_C@_03DFONGJFI@L?$CFs?$AA@ 00446304     cmdline.obj
 0002:00000308       ??_C@_01CKDDGHAB@D?$AA@    00446308     cmdline.obj
 0002:0000030c       ??_C@_03IAHKIJEO@?9nc?$AA@ 0044630c     cmdline.obj
 0002:00000310       ??_C@_0CJ@EADAEIPK@?9nc?5expects?5argument?5of?5form?5?8ho@ 00446310     cmdline.obj
 0002:0000033c       ??_C@_04EBNJJJJI@?$CF?4?$CKs?$AA@ 0044633c     cmdline.obj
 0002:00000344       ??_C@_02OAHIOGLE@?9m?$AA@  00446344     cmdline.obj
 0002:00000348       ??_C@_01KDCPPGHE@r?$AA@    00446348     cmdline.obj
 0002:0000034c       ??_C@_0CB@LNEDGKNN@unable?5to?5open?5command?5file?5?$CC?$CFs?$CC@ 0044634c     cmdline.obj
 0002:0000036d       ??_C@_00CNPNBAHC@?$AA@     0044636d     cmdline.obj
 0002:00000370       ??_C@_02IKJAKOAK@?9P?$AA@  00446370     cmdline.obj
 0002:00000374       ??_C@_03LIGMNAGB@?9pw?$AA@ 00446374     cmdline.obj
 0002:00000378       ??_C@_0DG@HOAILDLM@the?5?9pw?5option?5can?5only?5be?5used?5@ 00446378     cmdline.obj
 0002:000003b0       ??_C@_06CBKBFCJG@?9agent?$AA@ 004463b0     cmdline.obj
 0002:000003b8       ??_C@_07PJJOKNHB@?9pagent?$AA@ 004463b8     cmdline.obj
 0002:000003c0       ??_C@_08CFHKFFAF@?9pageant?$AA@ 004463c0     cmdline.obj
 0002:000003cc       ??_C@_08DPIPCKGL@?9noagent?$AA@ 004463cc     cmdline.obj
 0002:000003d8       ??_C@_09DKIMANKI@?9nopagent?$AA@ 004463d8     cmdline.obj
 0002:000003e4       ??_C@_0L@NKLGCNNF@?9nopageant?$AA@ 004463e4     cmdline.obj
 0002:000003f0       ??_C@_02NJEJINBK@?9A?$AA@  004463f0     cmdline.obj
 0002:000003f4       ??_C@_02EMMNKJLI@?9a?$AA@  004463f4     cmdline.obj
 0002:000003f8       ??_C@_02ECEJCEAC@?9X?$AA@  004463f8     cmdline.obj
 0002:000003fc       ??_C@_02NHMNAAKA@?9x?$AA@  004463fc     cmdline.obj
 0002:00000400       ??_C@_02HLHIEPKM@?9t?$AA@  00446400     cmdline.obj
 0002:00000404       ??_C@_02OOPMGLAO@?9T?$AA@  00446404     cmdline.obj
 0002:00000408       ??_C@_02FONBJBNF@?9N?$AA@  00446408     cmdline.obj
 0002:0000040c       ??_C@_02OLHPOPJI@?9C?$AA@  0044640c     cmdline.obj
 0002:00000410       ??_C@_02PGHGPEOM@?91?$AA@  00446410     cmdline.obj
 0002:00000414       ??_C@_02NNFLKHCP@?92?$AA@  00446414     cmdline.obj
 0002:00000418       ??_C@_02IEBECDLA@?9i?$AA@  00446418     cmdline.obj
 0002:0000041c       ??_C@_02ILABAAKJ@?94?$AA@  0044641c     cmdline.obj
 0002:00000420       ??_C@_05OBEEBKAB@?9ipv4?$AA@ 00446420     cmdline.obj
 0002:00000428       ??_C@_02LJDHGCCL@?96?$AA@  00446428     cmdline.obj
 0002:0000042c       ??_C@_05NDHCHIID@?9ipv6?$AA@ 0044642c     cmdline.obj
 0002:00000434       ??_C@_07LBHAKCPO@?9sercfg?$AA@ 00446434     cmdline.obj
 0002:0000043c       ??_C@_0DN@IIMHHOGI@the?5?9sercfg?5option?5can?5only?5be?5u@ 0044643c     cmdline.obj
 0002:0000047c       ??_C@_0CE@OGBPPBHP@Unrecognised?5suboption?5?$CC?9sercfg?5@ 0044647c     cmdline.obj
 0002:000004a0       ??_C@_03GMOBGHL@1?45?$AA@  004464a0     cmdline.obj
 0002:000004a4       ??_C@_0CE@PKDJFCAP@Unrecognised?5suboption?5?$CC?9sercfg?5@ 004464a4     cmdline.obj
 0002:000004c8       ??_C@_1BE@LPNLDGNE@?$AA?4?$AA?4?$AA?2?$AAc?$AAo?$AAn?$AAf?$AA?4?$AAc?$AA?$AA@ 004464c8     conf.obj
 0002:000004dc       ??_C@_1CE@CCKFHKHB@?$AAo?$AAl?$AAd?$AAe?$AAn?$AAt?$AAr?$AAy?$AA?5?$AA?$DN?$AA?$DN?$AA?5?$AAe?$AAn?$AAt?$AAr?$AAy?$AA?$AA@ 004464dc     conf.obj
 0002:00000500       ??_C@_1EE@EEKAMFKN@?$AAs?$AAu?$AAb?$AAk?$AAe?$AAy?$AAt?$AAy?$AAp?$AAe?$AAs?$AA?$FL?$AAp?$AAr?$AAi?$AAm?$AAa?$AAr?$AAy?$AA?$FN?$AA?5?$AA?$DN?$AA?$DN?$AA?5?$AAT?$AAY?$AAP?$AAE?$AA_?$AAN?$AAO?$AAN@ 00446500     conf.obj
 0002:00000548       ??_C@_1EA@EHPHCNLC@?$AAv?$AAa?$AAl?$AAu?$AAe?$AAt?$AAy?$AAp?$AAe?$AAs?$AA?$FL?$AAp?$AAr?$AAi?$AAm?$AAa?$AAr?$AAy?$AA?$FN?$AA?5?$AA?$DN?$AA?$DN?$AA?5?$AAT?$AAY?$AAP?$AAE?$AA_?$AAI?$AAN?$AAT?$AA?$AA@ 00446548     conf.obj
 0002:00000588       ??_C@_1M@IDDCMKPN@?$AAe?$AAn?$AAt?$AAr?$AAy?$AA?$AA@ 00446588     conf.obj
 0002:00000598       ??_C@_1EC@EKCJNHGB@?$AAs?$AAu?$AAb?$AAk?$AAe?$AAy?$AAt?$AAy?$AAp?$AAe?$AAs?$AA?$FL?$AAp?$AAr?$AAi?$AAm?$AAa?$AAr?$AAy?$AA?$FN?$AA?5?$AA?$DN?$AA?$DN?$AA?5?$AAT?$AAY?$AAP?$AAE?$AA_?$AAI?$AAN?$AAT@ 00446598     conf.obj
 0002:000005e0       ??_C@_1EA@CNKKHOHA@?$AAv?$AAa?$AAl?$AAu?$AAe?$AAt?$AAy?$AAp?$AAe?$AAs?$AA?$FL?$AAp?$AAr?$AAi?$AAm?$AAa?$AAr?$AAy?$AA?$FN?$AA?5?$AA?$DN?$AA?$DN?$AA?5?$AAT?$AAY?$AAP?$AAE?$AA_?$AAS?$AAT?$AAR?$AA?$AA@ 004465e0     conf.obj
 0002:00000620       ??_C@_1EC@CAHEIEKD@?$AAs?$AAu?$AAb?$AAk?$AAe?$AAy?$AAt?$AAy?$AAp?$AAe?$AAs?$AA?$FL?$AAp?$AAr?$AAi?$AAm?$AAa?$AAr?$AAy?$AA?$FN?$AA?5?$AA?$DN?$AA?$DN?$AA?5?$AAT?$AAY?$AAP?$AAE?$AA_?$AAS?$AAT?$AAR@ 00446620     conf.obj
 0002:00000668       ??_C@_1EK@BFKJCCO@?$AAv?$AAa?$AAl?$AAu?$AAe?$AAt?$AAy?$AAp?$AAe?$AAs?$AA?$FL?$AAp?$AAr?$AAi?$AAm?$AAa?$AAr?$AAy?$AA?$FN?$AA?5?$AA?$DN?$AA?$DN?$AA?5?$AAT?$AAY?$AAP?$AAE?$AA_?$AAF?$AAI?$AAL?$AAE@ 00446668     conf.obj
 0002:000006b8       ??_C@_1EC@EIKPDFKD@?$AAv?$AAa?$AAl?$AAu?$AAe?$AAt?$AAy?$AAp?$AAe?$AAs?$AA?$FL?$AAp?$AAr?$AAi?$AAm?$AAa?$AAr?$AAy?$AA?$FN?$AA?5?$AA?$DN?$AA?$DN?$AA?5?$AAT?$AAY?$AAP?$AAE?$AA_?$AAF?$AAO?$AAN?$AAT@ 004466b8     conf.obj
 0002:000006fc       ??_C@_0DI@KPPHJCFH@Proxy?5error?3?5SOCKS?5proxy?5wants?5a@ 004466fc     cproxy.obj
 0002:00000734       ??_C@_0DG@GODOGCME@Proxy?5error?3?5SOCKS?5proxy?5won?8t?5n@ 00446734     cproxy.obj
 0002:0000076c       ??_C@_0DF@CKPHGFEO@Proxy?5error?3?5SOCKS?5proxy?5refused@ 0044676c     cproxy.obj
 0002:000007a8       ??_C@_0EO@DJFMIEOP@Proxy?5error?3?5Server?5chose?5CHAP?5o@ 004467a8     cproxy.obj
 0002:000007f8       ??_C@_0EG@HFGGNNBB@Proxy?5error?3?5Server?5chose?5CHAP?5a@ 004467f8     cproxy.obj
 0002:00000840       ??_C@_1BG@GLEHJOGK@?$AA?4?$AA?4?$AA?2?$AAi?$AAn?$AAt?$AA6?$AA4?$AA?4?$AAc?$AA?$AA@ 00446840     int64.obj
 0002:00000858       ??_C@_1BE@MBHIFPLD@?$AAs?$AAt?$AAa?$AAr?$AAt?$AA?5?$AA?$DO?$AA?5?$AA0?$AA?$AA@ 00446858     int64.obj
 0002:00000870       __real@41f0000000000000    00446870     int64.obj
 0002:00000880       __xmm@41f00000000000000000000000000000 00446880     int64.obj
 0002:00000890       ??_C@_1BK@NLGMELOF@?$AA?4?$AA?4?$AA?2?$AAl?$AAo?$AAg?$AAg?$AAi?$AAn?$AAg?$AA?4?$AAc?$AA?$AA@ 00446890     logging.obj
 0002:000008ac       ??_C@_1BE@DNNDFKKD@?$AAc?$AAt?$AAx?$AA?9?$AA?$DO?$AAl?$AAg?$AAf?$AAp?$AA?$AA@ 004468ac     logging.obj
 0002:000008c0       ??_C@_0DI@LDOGMIFP@Disabled?5writing?5session?5log?5due@ 004468c0     logging.obj
 0002:000008f8       ??_C@_02BOGAIONP@ab?$AA@   004468f8     logging.obj
 0002:000008fc       ??_C@_02GMLFBBN@wb?$AA@    004468fc     logging.obj
 0002:00000900       ??_C@_0BC@CCPCBAML@?$CFY?4?$CFm?4?$CFd?5?$CFH?3?$CFM?3?$CFS?$AA@ 00446900     logging.obj
 0002:00000914       ??_C@_0DP@OEIPDIOF@?$DN?$HO?$DN?$HO?$DN?$HO?$DN?$HO?$DN?$HO?$DN?$HO?$DN?$HO?$DN?$HO?$DN?$HO?$DN?$HO?$DN?$HO?$DN?5PuTTY?5lo@ 00446914     logging.obj
 0002:00000954       ??_C@_05CCNLIHFO@ASCII?$AA@ 00446954     logging.obj
[...]
 0002:0000d180       ?hex@?1??rsastr_fmt@@9@9   00453180     sshrsa.obj
 0002:0000d1d4       _asn1_weird_stuff          004531d4     sshrsa.obj
 0002:0000d1e4       _ssh_rsa_kex_sha1          004531e4     sshrsa.obj
 0002:0000d204       _ssh_rsa_kex_sha256        00453204     sshrsa.obj
 0002:0000d224       _rsa_kex_list              00453224     sshrsa.obj
 0002:0000d3d8       ?k@?1??SHA256_Block@@9@9   004533d8     sshsh256.obj
 0002:0000d500       ?iv@?1??SHA512_Core_Init@@9@9 00453500     sshsh512.obj
 0002:0000d540       ?k@?1??SHA512_Block@@9@9   00453540     sshsh512.obj
 0002:0000d910       _mirrorbytes               00453910     sshzlib.obj
 0002:0000da10       _lencodes                  00453a10     sshzlib.obj
 0002:0000db6c       ?lenlenmap@?1??zlib_decompress_block@@9@9 00453b6c     sshzlib.obj
 0002:0000db80       _distcodes                 00453b80     sshzlib.obj
 0002:0000de90       ?absentmsg_batch@?1??verify_ssh_host_key@@9@9 00453e90     wincons.obj
 0002:0000df50       ?absentmsg@?1??verify_ssh_host_key@@9@9 00453f50     wincons.obj
 0002:0000e110       ?wrongmsg_batch@?1??verify_ssh_host_key@@9@9 00454110     wincons.obj
 0002:0000e258       ?wrongmsg@?1??verify_ssh_host_key@@9@9 00454258     wincons.obj
 0002:0000e500       ?abandoned@?1??verify_ssh_host_key@@9@9 00454500     wincons.obj
 0002:0000e518       ?msg@?1??askalg@@9@9       00454518     wincons.obj
 0002:0000e598       ?msg_batch@?1??askalg@@9@9 00454598     wincons.obj
 0002:0000e60c       ?abandoned@?1??askalg@@9@9 0045460c     wincons.obj
 0002:0000e628       ?msgtemplate@?1??askappend@@9@9 00454628     wincons.obj
 0002:0000e768       ?msgtemplate_batch@?1??askappend@@9@9 00454768     wincons.obj
 0002:0000e7b8       ?message@?1??old_keyfile_warning@@9@9 004547b8     wincons.obj
 0002:0000f258       ?fn_table@?1??sk_register@@9@9 00455258     winnet.obj
 0002:0000f280       ?fn_table@?1??sk_new@@9@9  00455280     winnet.obj
 0002:0000f2a8       ?fn_table@?1??sk_newlistener@@9@9 004552a8     winnet.obj
 0002:0000fe2c       ?socket_fn_table@?1??platform_new_connection@@9@9 00455e2c     winproxy.obj
 0002:0000fec8       ?eventtypes@?8??do_eventsel_loop@@9@9 00455ec8     winsftp.obj
 0002:0000ff60       _reg_jumplist_key          00455f60     winstore.obj
 0002:0000ff64       _reg_jumplist_value        00455f64     winstore.obj
 0002:0000ff68       _puttystr                  00455f68     winstore.obj
 0002:0000ff6c       _hex                       00455f6c     winstore.obj
 0002:000100a8       ?zeroes@?5??x11_send@@9@9  004560a8     x11fwd.obj
 0002:000100b8       _dummy_plug                004560b8     x11fwd.obj
 0002:000100cc       ?fn_table@?1??x11_init@@9@9 004560cc     x11fwd.obj
 0002:000105e8       _GS_ExceptionPointers      004565e8     LIBCMT:gs_report.obj
 0002:00010618       ?ccsField@?P@??_openfile@@9@9 00456618     LIBCMT:_open.obj
 0002:0001061c       ?utf8encoding@?P@??_openfile@@9@9 0045661c     LIBCMT:_open.obj
 0002:00010624       ?utf16encoding@?P@??_openfile@@9@9 00456624     LIBCMT:_open.obj
 0002:00010630       ?unicodeencoding@?P@??_openfile@@9@9 00456630     LIBCMT:_open.obj
 0002:00010f40       _rterrs                    00456f40     LIBCMT:crt0msg.obj
 0002:000110fc       __mb_locale_names          004570fc     LIBCMT:mbctype.obj
 0002:00011498       __first_127char            00457498     LIBCMT:wsetloca.obj
 0002:00014220       __sehtable$_fclose         0045a220     LIBCMT:fclose.obj
 0002:00014240       __sehtable$_fgetc          0045a240     LIBCMT:fgetc.obj
 0002:00014260       __sehtable$__fsopen        0045a260     LIBCMT:fopen.obj
 0002:00014280       __sehtable$_fflush         0045a280     LIBCMT:fflush.obj
 0002:000142a0       __sehtable$_flsall         0045a2a0     LIBCMT:fflush.obj
 0002:000142c8       __sehtable$_fprintf        0045a2c8     LIBCMT:fprintf.obj
 0002:000142e8       __sehtable$_fwrite         0045a2e8     LIBCMT:fwrite.obj
 0002:00014308       __sehtable$_fgets          0045a308     LIBCMT:fgets.obj
 0002:00014328       __sehtable$_doexit         0045a328     LIBCMT:crt0dat.obj
 0002:00014348       __sehtable$_fputc          0045a348     LIBCMT:fputc.obj
 0002:00014368       __sehtable$_printf         0045a368     LIBCMT:printf.obj
 0002:00014388       __sehtable$_vfprintf_helper 0045a388     LIBCMT:vfprintf.obj
 0002:000143a8       __sehtable$_fread_s        0045a3a8     LIBCMT:fread.obj
 0002:000143c8       __sehtable$_ungetc         0045a3c8     LIBCMT:ungetc.obj
 0002:000143e8       __sehtable$_fputs          0045a3e8     LIBCMT:fputs.obj
 0002:00014408       __sehtable$_getenv         0045a408     LIBCMT:getenv.obj
 0002:00014428       __sehtable$___tmainCRTStartup 0045a428     LIBCMT:crt0.obj
 0002:00014448       __sehtable$__close         0045a448     LIBCMT:close.obj
 0002:00014468       __sehtable$__ioinit        0045a468     LIBCMT:ioinit.obj
 0002:00014488       __sehtable$__getstream     0045a488     LIBCMT:stream.obj
 0002:000144a8       __sehtable$_setvbuf        0045a4a8     LIBCMT:setvbuf.obj
 0002:000144c8       __sehtable$_fwprintf       0045a4c8     LIBCMT:fwprintf.obj
 0002:000144e8       __sehtable$_raise          0045a4e8     LIBCMT:winsig.obj
 0002:00014508       __sehtable$__fcloseall     0045a508     LIBCMT:closeall.obj
 0002:00014528       __sehtable$__mtinitlocknum 0045a528     LIBCMT:mlock.obj
 0002:00014548       __sehtable$__commit        0045a548     LIBCMT:commit.obj
 0002:00014568       __sehtable$__write         0045a568     LIBCMT:write.obj
 0002:00014588       __sehtable$___updatetlocinfo 0045a588     LIBCMT:localref.obj
 0002:000145a8       __sehtable$___updatetmbcinfo 0045a5a8     LIBCMT:mbctype.obj
 0002:000145c8       __sehtable$__setmbcp       0045a5c8     LIBCMT:mbctype.obj
 0002:000145e8       __sehtable$__freefls@4     0045a5e8     LIBCMT:tidtable.obj
 0002:00014610       __sehtable$__initptd       0045a610     LIBCMT:tidtable.obj
 0002:00014638       __sehtable$__locterm       0045a638     LIBCMT:wsetloca.obj
 0002:00014658       __sehtable$__IsNonwritableInCurrentImage 0045a658     LIBCMT:pesect.obj
 0002:00014678       __sehtable$__onexit        0045a678     LIBCMT:onexit.obj
 0002:00014698       __sehtable$?terminate@@YAXXZ 0045a698     LIBCMT:hooks.obj
 0002:000146b8       __sehtable$__read          0045a6b8     LIBCMT:read.obj
 0002:000146d8       __sehtable$__alloc_osfhnd  0045a6d8     LIBCMT:osfinfo.obj
 0002:00014700       __sehtable$___lock_fhandle 0045a700     LIBCMT:osfinfo.obj
 0002:00014720       __sehtable$__sopen_helper  0045a720     LIBCMT:open.obj
 0002:00014740       __sehtable$__lseeki64      0045a740     LIBCMT:lseeki64.obj
 0002:00014760       __sehtable$___tzset        0045a760     LIBCMT:tzset.obj
 0002:00014780       __sehtable$__tzset_nolock  0045a780     LIBCMT:tzset.obj
 0002:000147a0       __sehtable$___set_fpsr_sse2 0045a7a0     LIBCMT:fpctrl.obj
 0002:00014a90       .idata$6                   0045aa90     advapi32:ADVAPI32.dll
 0002:00014b16       .idata$6                   0045ab16     user32:USER32.dll
 0002:00015328       .idata$6                   0045b328     kernel32:KERNEL32.dll
 0003:00000008       _subkeytypes               0045c008     conf.obj
 0003:000002c0       _valuetypes                0045c2c0     conf.obj
 0003:00000590       _gss_mech_krb5_desc        0045c590     pgssapi.obj
 0003:00000598       _statistics                0045c598     pscp.obj
 0003:0000059c       _try_scp                   0045c59c     pscp.obj
 0003:000005a0       _try_sftp                  0045c5a0     pscp.obj
 0003:000005a8       _hostkey_algs              0045c5a8     ssh.obj
 0003:000005b0       _macs                      0045c5b0     ssh.obj
 0003:000005c0       _buggymacs                 0045c5c0     ssh.obj
 0003:000005cc       _compressions              0045c5cc     ssh.obj
 0003:000005d4       ?noprompt@?IG@??do_ssh2_authconn@@9@9 0045c5d4     ssh.obj
 0003:000006a8       _sftp_ssh_socket           0045c6a8     winsftp.obj
 0003:000006ac       _netevent                  0045c6ac     winsftp.obj
 0003:000006b0       __assertstring             0045c6b0     LIBCMT:wassert.obj
 0003:00000700       _dotdotdot                 0045c700     LIBCMT:wassert.obj
 0003:00000704       _newline                   0045c704     LIBCMT:wassert.obj
 0003:00000708       _dblnewline                0045c708     LIBCMT:wassert.obj
 0003:000009b0       _errtable                  0045c9b0     LIBCMT:dosmap.obj
 0003:00000b18       _ErrnoNoMem                0045cb18     LIBCMT:dosmap.obj
 0003:00000b1c       _DoserrorNoMem             0045cb1c     LIBCMT:dosmap.obj
 0003:00000b90       __locktable                0045cb90     LIBCMT:mlock.obj
 0003:00000cbc       ___rgctypeflag             0045ccbc     LIBCMT:mbctype.obj
 0003:00000cc0       ___rgcode_page_info        0045ccc0     LIBCMT:mbctype.obj
 0003:00001410       __ctype_loc_style          0045d410     LIBCMT:wsetloca.obj
 0003:00001414       ?isPackaged@?1??__crtIsPackagedApp@@9@9 0045d414     LIBCMT:winapisupp.obj
 0003:000015a0       _dststart                  0045d5a0     LIBCMT:tzset.obj
 0003:000015ac       _dstend                    0045d5ac     LIBCMT:tzset.obj
 0003:000015c8       _tzstd                     0045d5c8     LIBCMT:timeset.obj
 0003:00001608       _tzdst                     0045d608     LIBCMT:timeset.obj
 0003:00001650       _DoubleFormat              0045d650     LIBCMT:intrncvt.obj
 0003:00001668       _FloatFormat               0045d668     LIBCMT:intrncvt.obj
 0003:000019ac       _over                      0045d9ac     LIBCMT:fpctrl.obj
 0003:000019b8       _under                     0045d9b8     LIBCMT:fpctrl.obj
 0003:000019c4       ?__DAZ_ENABLED@?1??__set_fpsr_sse2@@9@9 0045d9c4     LIBCMT:fpctrl.obj
 0003:000019e4       _cmdline_password          0045d9e4     cmdline.obj
 0003:000019e8       ?tried_once@?1??cmdline_get_passwd_input@@9@9 0045d9e8     cmdline.obj
 0003:000019ec       _saves                     0045d9ec     cmdline.obj
 0003:00001a04       _list                      0045da04     pscp.obj
 0003:00001a08       _verbose                   0045da08     pscp.obj
 0003:00001a0c       _recursive                 0045da0c     pscp.obj
 0003:00001a10       _preserve                  0045da10     pscp.obj
 0003:00001a14       _targetshouldbedirectory   0045da14     pscp.obj
 0003:00001a18       _prev_stats_len            0045da18     pscp.obj
 0003:00001a1c       _scp_unsafe_mode           0045da1c     pscp.obj
 0003:00001a20       _errs                      0045da20     pscp.obj
 0003:00001a24       _main_cmd_is_sftp          0045da24     pscp.obj
 0003:00001a28       _fallback_cmd_is_sftp      0045da28     pscp.obj
 0003:00001a2c       _using_sftp                0045da2c     pscp.obj
 0003:00001a34       _pending                   0045da34     pscp.obj
 0003:00001a38       _pendlen                   0045da38     pscp.obj
 0003:00001a3c       _pendsize                  0045da3c     pscp.obj
 0003:00001a40       _back                      0045da40     pscp.obj
 0003:00001a44       _backhandle                0045da44     pscp.obj
 0003:00001a48       _conf                      0045da48     pscp.obj
 0003:00001a4c       _outptr                    0045da4c     pscp.obj
 0003:00001a50       _outlen                    0045da50     pscp.obj
 0003:00001a54       _scp_sftp_dirstack_head    0045da54     pscp.obj
 0003:00001a58       _scp_sftp_remotepath       0045da58     pscp.obj
 0003:00001a5c       _scp_sftp_currentname      0045da5c     pscp.obj
 0003:00001a60       _scp_sftp_wildcard         0045da60     pscp.obj
 0003:00001a64       _scp_sftp_targetisdir      0045da64     pscp.obj
 0003:00001a68       _scp_sftp_donethistarget   0045da68     pscp.obj
 0003:00001a6c       _scp_sftp_preserve         0045da6c     pscp.obj
 0003:00001a70       _scp_sftp_recursive        0045da70     pscp.obj
 0003:00001a74       _scp_sftp_mtime            0045da74     pscp.obj
 0003:00001a78       _scp_sftp_atime            0045da78     pscp.obj
 0003:00001a7c       _scp_has_times             0045da7c     pscp.obj
 0003:00001a80       _scp_sftp_filehandle       0045da80     pscp.obj
 0003:00001a84       _scp_sftp_xfer             0045da84     pscp.obj
 0003:00001a88       _scp_sftp_fileoffset       0045da88     pscp.obj
 0003:00001a90       _fxp_error_message         0045da90     sftp.obj
 0003:00001a94       _fxp_errtype               0045da94     sftp.obj
 0003:00001a98       _sftp_requests             0045da98     sftp.obj
 0003:00001aa0       ?ssh_specials@?1??ssh_get_specials@@9@9 0045daa0     ssh.obj
 0003:00001b60       _pool                      0045db60     sshrand.obj
 0003:00002070       _timers                    0045e070     timing.obj
 0003:00002074       _timer_contexts            0045e074     timing.obj
 0003:00002078       _now                       0045e078     timing.obj
 0003:00002080       _console_logctx            0045e080     wincons.obj
 0003:00002088       _p_AcquireCredentialsHandleA 0045e088     wingss.obj
 0003:0000208c       _p_InitializeSecurityContextA 0045e08c     wingss.obj
 0003:00002090       _p_FreeContextBuffer       0045e090     wingss.obj
 0003:00002094       _p_FreeCredentialsHandle   0045e094     wingss.obj
 0003:00002098       _p_DeleteSecurityContext   0045e098     wingss.obj
 0003:0000209c       _p_QueryContextAttributesA 0045e09c     wingss.obj
 0003:000020a0       _p_MakeSignature           0045e0a0     wingss.obj
 0003:000020a4       _handles_by_evtomain       0045e0a4     winhandl.obj
 0003:000020a8       ?tried_usernameex@?2??get_username@@9@9 0045e0a8     winmisc.obj
 0003:000020ac       ?sysdir@?1??load_system32_dll@@9@9 0045e0ac     winmisc.obj
 0003:000020b0       _errstrings                0045e0b0     winmisc.obj
 0003:000020b4       ?p_GetUserNameExA@?1??get_username@@9@9 0045e0b4     winmisc.obj
 0003:000020b8       _winsock_module            0045e0b8     winnet.obj
 0003:000020bc       _winsock2_module           0045e0bc     winnet.obj
 0003:000020c0       _wship6_module             0045e0c0     winnet.obj
 0003:000020c4       _errstrings                0045e0c4     winnet.obj
 0003:000020c8       _sktree                    0045e0c8     winnet.obj
 0003:000020cc       _p_WSAStartup              0045e0cc     winnet.obj
 0003:000020d0       _p_WSACleanup              0045e0d0     winnet.obj
 0003:000020d4       _p_closesocket             0045e0d4     winnet.obj
 0003:000020d8       _p_ntohl                   0045e0d8     winnet.obj
 0003:000020dc       _p_htonl                   0045e0dc     winnet.obj
 0003:000020e0       _p_htons                   0045e0e0     winnet.obj
 0003:000020e4       _p_ntohs                   0045e0e4     winnet.obj
 0003:000020e8       _p_gethostname             0045e0e8     winnet.obj
 0003:000020ec       _p_gethostbyname           0045e0ec     winnet.obj
 0003:000020f0       _p_getservbyname           0045e0f0     winnet.obj
 0003:000020f4       _p_inet_addr               0045e0f4     winnet.obj
 0003:000020f8       _p_inet_ntoa               0045e0f8     winnet.obj
 0003:000020fc       _p_connect                 0045e0fc     winnet.obj
 0003:00002100       _p_bind                    0045e100     winnet.obj
 0003:00002104       _p_setsockopt              0045e104     winnet.obj
 0003:00002108       _p_socket                  0045e108     winnet.obj
 0003:0000210c       _p_listen                  0045e10c     winnet.obj
 0003:00002110       _p_send                    0045e110     winnet.obj
 0003:00002114       _p_shutdown                0045e114     winnet.obj
 0003:00002118       _p_ioctlsocket             0045e118     winnet.obj
 0003:0000211c       _p_accept                  0045e11c     winnet.obj
 0003:00002120       _p_recv                    0045e120     winnet.obj
 0003:00002124       _p_WSAIoctl                0045e124     winnet.obj
 0003:00002128       _p_getaddrinfo             0045e128     winnet.obj
 0003:0000212c       _p_freeaddrinfo            0045e12c     winnet.obj
 0003:00002130       _p_getnameinfo             0045e130     winnet.obj
 0003:00002134       _p_gai_strerror            0045e134     winnet.obj
 0003:00002138       _p_WSAAddressToStringA     0045e138     winnet.obj
 0003:0000213c       _n_local_interfaces        0045e13c     winnet.obj
 0003:00002140       _wsadata                   0045e140     winnet.obj
 0003:000022d0       _local_interfaces          0045e2d0     winnet.obj
 0003:00002790       _wincrypt_module           0045e790     winnoise.obj
 0003:00002794       _p_CryptAcquireContextA    0045e794     winnoise.obj
 0003:00002798       _p_CryptGenRandom          0045e798     winnoise.obj
 0003:0000279c       _p_CryptReleaseContext     0045e79c     winnoise.obj
 0003:000027a4       _advapi                    0045e7a4     winpgntc.obj
 0003:000027a8       _p_OpenProcessToken        0045e7a8     winpgntc.obj
 0003:000027ac       _p_GetTokenInformation     0045e7ac     winpgntc.obj
 0003:000027b0       _p_InitializeSecurityDescriptor 0045e7b0     winpgntc.obj
 0003:000027b4       _p_SetSecurityDescriptorOwner 0045e7b4     winpgntc.obj
 0003:000027b8       _tried_shgetfolderpath     0045e7b8     winstore.obj
 0003:000027bc       _shell32_module            0045e7bc     winstore.obj
 0003:000027c0       _p_SHGetFolderPathA        0045e7c0     winstore.obj
 0003:000027d0       _GS_ExceptionRecord        0045e7d0     LIBCMT:gs_report.obj
 0003:00002820       _GS_ContextRecord          0045e820     LIBCMT:gs_report.obj
 0003:00002aec       _DebuggerWasPresent        0045eaec     LIBCMT:gs_report.obj
 0003:00002b24       ___enable_percent_n        0045eb24     LIBCMT:printf.obj
 0003:00002c44       _ctrlc_action              0045ec44     LIBCMT:winsig.obj
 0003:00002c48       _ctrlbreak_action          0045ec48     LIBCMT:winsig.obj
 0003:00002c4c       _abort_action              0045ec4c     LIBCMT:winsig.obj
 0003:00002c50       _term_action               0045ec50     LIBCMT:winsig.obj
 0003:00002c54       _ConsoleCtrlHandler_Installed 0045ec54     LIBCMT:winsig.obj
 0003:00002c58       ?pfnMessageBox@?1??__crtMessageBoxW@@9@9 0045ec58     LIBCMT:crtmboxw.obj
 0003:00002c5c       ?pfnGetActiveWindow@?1??__crtMessageBoxW@@9@9 0045ec5c     LIBCMT:crtmboxw.obj
 0003:00002c60       ?pfnGetLastActivePopup@?1??__crtMessageBoxW@@9@9 0045ec60     LIBCMT:crtmboxw.obj
 0003:00002c64       ?pfnGetProcessWindowStation@?1??__crtMessageBoxW@@9@9 0045ec64     LIBCMT:crtmboxw.obj
 0003:00002c68       ?pfnGetUserObjectInformation@?1??__crtMessageBoxW@@9@9 0045ec68     LIBCMT:crtmboxw.obj
 0003:00002c78       ?outmsg@?8??_NMSG_WRITE@@9@9 0045ec78     LIBCMT:crt0msg.obj
 0003:000032a0       _lclcritsects              0045f2a0     LIBCMT:mlock.obj
 0003:00003414       _fSystemSet                0045f414     LIBCMT:mbctype.obj
 0003:00003430       _g_pfnRtlGenRandom         0045f430     LIBCMT:rand_s.obj
 0003:00003438       ?_pgmname@?1??_setargv@@9@9 0045f438     LIBCMT:stdargv.obj
 0003:00003550       ___crtCallProc             0045f550     LIBCMT:winapinls.obj
 0003:00003558       _lastTZ                    0045f558     LIBCMT:tzset.obj
 0003:0000355c       ?first_time@?1??__tzset@@9@9 0045f55c     LIBCMT:tzset.obj
 0003:00003560       _tzapiused                 0045f560     LIBCMT:tzset.obj
 0003:00003568       _tzinfo                    0045f568     LIBCMT:tzset.obj
 0004:000001e0       $R000000                   004611e0     pscp.res
 0004:00000308       $R000128                   00461308     pscp.res
 0004:000005f0       $R000410                   004615f0     pscp.res
 0004:00000c58       $R000A78                   00461c58     pscp.res
 0004:00000d08       $R000B28                   00461d08     pscp.res
 0004:00000e38       $R000C58                   00461e38     pscp.res
 0004:00001168       $R000F88                   00462168     pscp.res
 0004:000011c8       $R000FE8                   004621c8     pscp.res
