 psftp

 Timestamp is 51cbe75b (Thu Jun 27 09:18:51 2013)

 Preferred load address is 00400000

 Start         Length     Name                   Class
 0001:00000000 00045c17H .text                   CODE
 0002:00000000 00000218H .idata$5                DATA
 0002:00000218 00000004H .CRT$XCA                DATA
 0002:0000021c 00000004H .CRT$XCZ                DATA
 0002:00000220 00000004H .CRT$XIA                DATA
 0002:00000224 00000010H .CRT$XIC                DATA
 0002:00000234 00000004H .CRT$XIY                DATA
 0002:00000238 00000004H .CRT$XIZ                DATA
 0002:0000023c 00000004H .CRT$XPA                DATA
 0002:00000240 00000008H .CRT$XPX                DATA
 0002:00000248 00000004H .CRT$XPXA               DATA
 0002:0000024c 00000004H .CRT$XPZ                DATA
 0002:00000250 00000004H .CRT$XTA                DATA
 0002:00000254 00000004H .CRT$XTZ                DATA
 0002:00000260 000154f0H .rdata                  DATA
 0002:00015750 0000000cH .rdata$sxdata           DATA
 0002:0001575c 00000004H .rtc$IAA                DATA
 0002:00015760 00000004H .rtc$IZZ                DATA
 0002:00015764 00000004H .rtc$TAA                DATA
 0002:00015768 00000004H .rtc$TZZ                DATA
 0002:00015770 000005bcH .xdata$x                DATA
 0002:00015d2c 0000003cH .idata$2                DATA
 0002:00015d68 00000014H .idata$3                DATA
 0002:00015d7c 00000218H .idata$4                DATA
 0002:00015f94 00000984H .idata$6                DATA
 0002:00016918 00000000H .edata                  DATA
 0003:00000000 00001bf8H .data                   DATA
 0003:00001c00 00002ca0H .bss                    DATA
 0004:00000000 000001d8H .rsrc$01                DATA
 0004:000001e0 00001358H .rsrc$02                DATA

  Address         Publics by Value              Rva+Base       Lib:Object

 0000:00000000       __except_list              00000000     <absolute>
 0000:00000003       ___safe_se_handler_count   00000003     <absolute>
 0000:00000000       ___ImageBase               00400000     <linker-defined>
 0001:00000022       _cmdline_cleanup           00401022 f   cmdline.obj
 0001:00000078       _cmdline_get_passwd_input  00401078 f   cmdline.obj
 0001:000000f0       _cmdline_process_param     004010f0 f   cmdline.obj
 0001:00000de2       _cmdline_run_saved         00401de2 f   cmdline.obj
 0001:00000ef0       _conf_copy                 00401ef0 f   conf.obj
 0001:00000f08       _conf_copy_into            00401f08 f   conf.obj
 0001:00000fc2       _conf_del_str_str          00401fc2 f   conf.obj
 0001:00001042       _conf_free                 00402042 f   conf.obj
 0001:0000105f       _conf_get_filename         0040205f f   conf.obj
 0001:000010de       _conf_get_int              004020de f   conf.obj
 0001:0000115d       _conf_get_int_int          0040215d f   conf.obj
 0001:000011e2       _conf_get_str              004021e2 f   conf.obj
 0001:00001261       _conf_get_str_nthstrkey    00402261 f   conf.obj
 0001:000012f8       _conf_get_str_strs         004022f8 f   conf.obj
 0001:000013e5       _conf_new                  004023e5 f   conf.obj
 0001:00001404       _conf_set_filename         00402404 f   conf.obj
 0001:00001476       _conf_set_fontspec         00402476 f   conf.obj
 0001:000014e8       _conf_set_int              004024e8 f   conf.obj
 0001:00001554       _conf_set_int_int          00402554 f   conf.obj
 0001:000015c7       _conf_set_str              004025c7 f   conf.obj
 0001:00001639       _conf_set_str_str          00402639 f   conf.obj
 0001:0000170f       _proxy_socks5_handlechap   0040270f f   cproxy.obj
 0001:0000193a       _proxy_socks5_offerencryptedauth 0040293a f   cproxy.obj
 0001:0000194b       _proxy_socks5_selectchap   0040294b f   cproxy.obj
 0001:00001a36       _uint64_add32              00402a36 f   int64.obj
 0001:00001a50       _uint64_compare            00402a50 f   int64.obj
 0001:00001a6f       _uint64_decimal            00402a6f f   int64.obj
 0001:00001afd       _uint64_div10              00402afd f   int64.obj
 0001:00001b40       _uint64_make               00402b40 f   int64.obj
 0001:00001b49       _log_eventlog              00402b49 f   logging.obj
 0001:00001bad       _log_init                  00402bad f   logging.obj
 0001:00001bf2       _log_packet                00402bf2 f   logging.obj
 0001:00001f33       _logfclose                 00402f33 f   logging.obj
 0001:00001f4e       _logflush                  00402f4e f   logging.obj
 0001:00001f67       _logfopen                  00402f67 f   logging.obj
 0001:00002411       _add_prompt                00403411 f   misc.obj
 0001:00002457       _base64_encode_atom        00403457 f   misc.obj
 0001:000024d9       _bufchain_add              004034d9 f   misc.obj
 0001:00002565       _bufchain_clear            00403565 f   misc.obj
 0001:0000258d       _bufchain_consume          0040358d f   misc.obj
 0001:0000260c       _bufchain_fetch            0040360c f   misc.obj
 0001:00002682       _bufchain_init             00403682 f   misc.obj
 0001:00002691       _bufchain_prefix           00403691 f   misc.obj
 0001:000026af       _bufchain_size             004036af f   misc.obj
 0001:000026b7       _conf_launchable           004036b7 f   misc.obj
 0001:000026e4       _ctrlparse                 004036e4 f   misc.obj
 0001:0000276a       _dupcat                    0040376a f   misc.obj
 0001:000027e7       _dupprintf                 004037e7 f   misc.obj
 0001:000027f8       _dupstr                    004037f8 f   misc.obj
 0001:00002826       _dupvprintf                00403826 f   misc.obj
 0001:00002875       _fgetline                  00403875 f   misc.obj
 0001:000028f4       _free_prompts              004038f4 f   misc.obj
 0001:00002976       _new_prompts               00403976 f   misc.obj
 0001:000029a6       _parse_blocksize           004039a6 f   misc.obj
 0001:00002a13       _prompt_ensure_result_size 00403a13 f   misc.obj
 0001:00002a73       _prompt_set_result         00403a73 f   misc.obj
 0001:00002a9a       _safefree                  00403a9a f   misc.obj
 0001:00002aa6       _safemalloc                00403aa6 f   misc.obj
 0001:00002b17       _saferealloc               00403b17 f   misc.obj
 0001:00002b90       _pinger_free               00403b90 f   pinger.obj
 0001:00002b9f       _pinger_new                00403b9f f   pinger.obj
 0001:00002bd7       _pinger_reconfig           00403bd7 f   pinger.obj
 0001:000031dc       _pfd_addforward            004041dc f   portfwd.obj
 0001:00003291       _pfd_close                 00404291 f   portfwd.obj
 0001:000032c0       _pfd_confirm               004042c0 f   portfwd.obj
 0001:0000331f       _pfd_newconnect            0040431f f   portfwd.obj
 0001:000033d2       _pfd_override_throttle     004043d2 f   portfwd.obj
 0001:00003402       _pfd_send                  00404402 f   portfwd.obj
 0001:0000341f       _pfd_terminate             0040441f f   portfwd.obj
 0001:00003424       _pfd_unthrottle            00404424 f   portfwd.obj
 0001:0000375d       _format_telnet_command     0040475d f   proxy.obj
 0001:00003dfd       _name_lookup               00404dfd f   proxy.obj
 0001:00003e80       _new_connection            00404e80 f   proxy.obj
 0001:00004055       _new_listener              00405055 f   proxy.obj
 0001:00004071       _proxy_activate            00405071 f   proxy.obj
 0001:00004370       _proxy_http_negotiate      00405370 f   proxy.obj
 0001:00004760       _proxy_socks4_negotiate    00405760 f   proxy.obj
 0001:000049b8       _proxy_socks5_negotiate    004059b8 f   proxy.obj
 0001:00004efc       _proxy_telnet_negotiate    00405efc f   proxy.obj
 0001:00005197       _sftp_cmd_quit             00406197 f   psftp.obj
 0001:0000519b       _sftp_cmd_close            0040619b f   psftp.obj
 0001:000051e9       _sftp_cmd_ls               004061e9 f   psftp.obj
 0001:00005523       _sftp_cmd_cd               00406523 f   psftp.obj
 0001:00005647       _sftp_cmd_pwd              00406647 f   psftp.obj
 0001:0000566e       _sftp_cmd_get              0040666e f   psftp.obj
 0001:0000567f       _sftp_cmd_mget             0040667f f   psftp.obj
 0001:00005690       _sftp_cmd_reget            00406690 f   psftp.obj
 0001:000056a1       _sftp_cmd_put              004066a1 f   psftp.obj
 0001:000056b2       _sftp_cmd_mput             004066b2 f   psftp.obj
 0001:000056c3       _sftp_cmd_reput            004066c3 f   psftp.obj
 0001:000056d4       _sftp_cmd_mkdir            004066d4 f   psftp.obj
 0001:000057d8       _sftp_cmd_rmdir            004067d8 f   psftp.obj
 0001:00005831       _sftp_cmd_rm               00406831 f   psftp.obj
 0001:0000588a       _sftp_cmd_mv               0040688a f   psftp.obj
 0001:0000595c       _sftp_cmd_chmod            0040695c f   psftp.obj
 0001:00005c0c       _canonify                  00406c0c f   psftp.obj
 0001:00005e39       _cmdline_error             00406e39 f   psftp.obj
 0001:00005e85       _connection_fatal          00406e85 f   psftp.obj
 0001:00005ed3       _do_sftp                   00406ed3 f   psftp.obj
 0001:00005f83       _do_sftp_cleanup           00406f83 f   psftp.obj
 0001:000060cc       _from_backend              004070cc f   psftp.obj
 0001:00006199       _from_backend_eof          00407199 f   psftp.obj
 0001:000061b5       _from_backend_untrusted    004071b5 f   psftp.obj
 0001:000061cf       _is_wildcard               004071cf f   psftp.obj
 0001:00006203       _ldisc_send                00407203 f   psftp.obj
 0001:00006222       _lookup_command            00407222 f   psftp.obj
 0001:00006273       _modalfatalbox             00407273 f   psftp.obj
 0001:00006273       _fatalbox                  00407273 f   psftp.obj
 0001:0000666c       _psftp_main                0040766c f   psftp.obj
 0001:00006d0e       _sftp_begin_wildcard_matching 00407d0e f   psftp.obj
 0001:00006e2d       _sftp_cmd_unknown          00407e2d f   psftp.obj
 0001:00006e44       _sftp_finish_wildcard_matching 00407e44 f   psftp.obj
 0001:00006ebe       _sftp_general_get          00407ebe f   psftp.obj
 0001:000070b7       _sftp_general_put          004080b7 f   psftp.obj
 0001:00007285       _sftp_get_file             00408285 f   psftp.obj
 0001:00007a17       _sftp_getcmd               00408a17 f   psftp.obj
 0001:00007c1a       _sftp_put_file             00408c1a f   psftp.obj
 0001:00008258       _sftp_recvdata             00409258 f   psftp.obj
 0001:0000830e       _sftp_senddata             0040930e f   psftp.obj
 0001:0000832b       _sftp_wildcard_get_filename 0040932b f   psftp.obj
 0001:000085d3       _wildcard_iterate          004095d3 f   psftp.obj
 0001:000086c6       _backend_from_name         004096c6 f   settings.obj
 0001:000086f9       _do_defaults               004096f9 f   settings.obj
 0001:000086fe       _get_remote_username       004096fe f   settings.obj
 0001:00008b2d       _load_open_settings        00409b2d f   settings.obj
 0001:00009a19       _load_settings             0040aa19 f   settings.obj
 0001:00009a51       _fxp_close_recv            0040aa51 f   sftp.obj
 0001:00009a70       _fxp_close_send            0040aa70 f   sftp.obj
 0001:00009abc       _fxp_dup_name              0040aabc f   sftp.obj
 0001:00009af6       _fxp_error                 0040aaf6 f   sftp.obj
 0001:00009afc       _fxp_error_type            0040aafc f   sftp.obj
 0001:00009b02       _fxp_free_name             0040ab02 f   sftp.obj
 0001:00009b21       _fxp_free_names            0040ab21 f   sftp.obj
 0001:00009b65       _fxp_stat_recv             0040ab65 f   sftp.obj
 0001:00009b65       _fxp_fstat_recv            0040ab65 f   sftp.obj
 0001:00009bb8       _fxp_fstat_send            0040abb8 f   sftp.obj
 0001:00009c6f       _fxp_init                  0040ac6f f   sftp.obj
 0001:00009d12       _fxp_mkdir_send            0040ad12 f   sftp.obj
 0001:00009d4c       _fxp_open_recv             0040ad4c f   sftp.obj
 0001:00009dc5       _fxp_open_send             0040adc5 f   sftp.obj
 0001:00009e2e       _fxp_opendir_recv          0040ae2e f   sftp.obj
 0001:00009ea7       _fxp_opendir_send          0040aea7 f   sftp.obj
 0001:00009ed9       _fxp_read_recv             0040aed9 f   sftp.obj
 0001:00009f69       _fxp_read_send             0040af69 f   sftp.obj
 0001:00009fbe       _fxp_readdir_recv          0040afbe f   sftp.obj
 0001:0000a14c       _fxp_readdir_send          0040b14c f   sftp.obj
 0001:0000a189       _fxp_realpath_recv         0040b189 f   sftp.obj
 0001:0000a221       _fxp_realpath_send         0040b221 f   sftp.obj
 0001:0000a259       _fxp_remove_send           0040b259 f   sftp.obj
 0001:0000a28b       _fxp_rename_send           0040b28b f   sftp.obj
 0001:0000a2c7       _fxp_mkdir_recv            0040b2c7 f   sftp.obj
 0001:0000a2c7       _fxp_setstat_recv          0040b2c7 f   sftp.obj
 0001:0000a2c7       _fxp_rmdir_recv            0040b2c7 f   sftp.obj
 0001:0000a2c7       _fxp_rename_recv           0040b2c7 f   sftp.obj
 0001:0000a2c7       _fxp_remove_recv           0040b2c7 f   sftp.obj
 0001:0000a2f2       _fxp_rmdir_send            0040b2f2 f   sftp.obj
 0001:0000a324       _fxp_setstat_send          0040b324 f   sftp.obj
 0001:0000a36f       _fxp_stat_send             0040b36f f   sftp.obj
 0001:0000a3a1       _fxp_write_recv            0040b3a1 f   sftp.obj
 0001:0000a3cb       _fxp_write_send            0040b3cb f   sftp.obj
 0001:0000a517       _sftp_cleanup_request      0040b517 f   sftp.obj
 0001:0000a52f       _sftp_find_request         0040b52f f   sftp.obj
 0001:0000aa25       _sftp_recv                 0040ba25 f   sftp.obj
 0001:0000aaba       _sftp_register             0040baba f   sftp.obj
 0001:0000aadf       _sftp_send                 0040badf f   sftp.obj
 0001:0000ab33       _xfer_cleanup              0040bb33 f   sftp.obj
 0001:0000ab67       _xfer_done                 0040bb67 f   sftp.obj
 0001:0000ab80       _xfer_download_data        0040bb80 f   sftp.obj
 0001:0000abe9       _xfer_download_gotpkt      0040bbe9 f   sftp.obj
 0001:0000acea       _xfer_download_init        0040bcea f   sftp.obj
 0001:0000ad0f       _xfer_download_queue       0040bd0f f   sftp.obj
 0001:0000ae20       _xfer_set_error            0040be20 f   sftp.obj
 0001:0000ae2c       _xfer_upload_data          0040be2c f   sftp.obj
 0001:0000aeb1       _xfer_upload_gotpkt        0040beb1 f   sftp.obj
 0001:0000af15       _xfer_upload_init          0040bf15 f   sftp.obj
 0001:0000af31       _xfer_upload_ready         0040bf31 f   sftp.obj
 0001:00012a16       _new_sock_channel          00413a16 f   ssh.obj
 0001:00017a9d       _ssh_send_port_open        00418a9d f   ssh.obj
 0001:000185f4       _sshfwd_unclean_close      004195f4 f   ssh.obj
 0001:00018653       _sshfwd_unthrottle         00419653 f   ssh.obj
 0001:000186ae       _sshfwd_write              004196ae f   ssh.obj
 0001:0001870a       _sshfwd_write_eof          0041970a f   ssh.obj
 0001:0001872e       _aes_make_context          0041972e f   sshaes.obj
 0001:0001873d       _aes128_key                0041973d f   sshaes.obj
 0001:00018752       _aes192_key                00419752 f   sshaes.obj
 0001:00018767       _aes256_key                00419767 f   sshaes.obj
 0001:0001877c       _aes_iv                    0041977c f   sshaes.obj
 0001:000187be       _aes_ssh2_encrypt_blk      004197be f   sshaes.obj
 0001:000187e8       _aes_ssh2_decrypt_blk      004197e8 f   sshaes.obj
 0001:000187fd       _aes256_decrypt_pubkey     004197fd f   sshaes.obj
 0001:0001b90f       _bigadd                    0041c90f f   sshbn.obj
 0001:0001bbe1       _bigmod                    0041cbe1 f   sshbn.obj
 0001:0001bc05       _bigmul                    0041cc05 f   sshbn.obj
 0001:0001bc18       _bigmuladd                 0041cc18 f   sshbn.obj
 0001:0001bdc9       _bignum_bitcount           0041cdc9 f   sshbn.obj
 0001:0001be03       _bignum_bitmask            0041ce03 f   sshbn.obj
 0001:0001be47       _bignum_byte               0041ce47 f   sshbn.obj
 0001:0001be85       _bignum_cmp                0041ce85 f   sshbn.obj
 0001:0001bed9       _bignum_from_bytes         0041ced9 f   sshbn.obj
 0001:0001bf60       _bignum_rshift             0041cf60 f   sshbn.obj
 0001:0001c00a       _bignum_set_bit            0041d00a f   sshbn.obj
 0001:0001c054       _bigsub                    0041d054 f   sshbn.obj
 0001:0001c108       _bn_power_2                0041d108 f   sshbn.obj
 0001:0001c132       _copybn                    0041d132 f   sshbn.obj
 0001:0001c16a       _decbn                     0041d16a f   sshbn.obj
 0001:0001c188       _freebn                    0041d188 f   sshbn.obj
 0001:0001c87a       _modinv                    0041d87a f   sshbn.obj
 0001:0001ca21       _modmul                    0041da21 f   sshbn.obj
 0001:0001cd43       _modpow                    0041dd43 f   sshbn.obj
 0001:0001d134       _modpow_simple             0041e134 f   sshbn.obj
 0001:0001d60d       _ssh1_bignum_length        0041e60d f   sshbn.obj
 0001:0001d627       _ssh1_read_bignum          0041e627 f   sshbn.obj
 0001:0001d682       _ssh1_write_bignum         0041e682 f   sshbn.obj
 0001:0001d6c8       _ssh2_bignum_length        0041e6c8 f   sshbn.obj
 0001:0001d6e2       _crc32_compute             0041e6e2 f   sshcrc.obj
 0001:0001d6f5       _crc32_update              0041e6f5 f   sshcrc.obj
 0001:0001d7d5       _crcda_free_context        0041e7d5 f   sshcrcda.obj
 0001:0001d7f2       _crcda_make_context        0041e7f2 f   sshcrcda.obj
 0001:0001d808       _detect_attack             0041e808 f   sshcrcda.obj
 0001:0001dd15       _hmacmd5_free_context      0041ed15 f   sshmd5.obj
 0001:0001dd15       _aes_free_context          0041ed15 f   sshaes.obj
 0001:0001dd6a       _des3_decrypt_pubkey       0041ed6a f   sshdes.obj
 0001:0001ec6a       _des_decrypt_xdmauth       0041fc6a f   sshdes.obj
 0001:0001f895       _dh_cleanup                00420895 f   sshdh.obj
 0001:0001f8d4       _dh_create_e               004208d4 f   sshdh.obj
 0001:0001f9ee       _dh_find_K                 004209ee f   sshdh.obj
 0001:0001fa2b       _dh_setup_gex              00420a2b f   sshdh.obj
 0001:0001fa5c       _dh_setup_group            00420a5c f   sshdh.obj
 0001:00020bd1       _ssh_gssapi_bind_fns       00421bd1 f   sshgssc.obj
 0001:00020e64       _hmacmd5_make_context      00421e64 f   sshmd5.obj
 0001:00020fde       _MD5Final                  00421fde f   sshmd5.obj
 0001:000210ca       _MD5Init                   004220ca f   sshmd5.obj
 0001:000210f5       _MD5Simple                 004220f5 f   sshmd5.obj
 0001:0002113e       _MD5Update                 0042213e f   sshmd5.obj
 0001:00021cc3       _hmacmd5_do_hmac           00422cc3 f   sshmd5.obj
 0001:00021d9b       _hmacmd5_key               00422d9b f   sshmd5.obj
 0001:00021e72       _base64_decode_atom        00422e72 f   sshpubk.obj
 0001:00021f5e       _find_pubkey_alg           00422f5e f   sshpubk.obj
 0001:00021f97       _key_type                  00422f97 f   sshpubk.obj
 0001:0002208f       _key_type_to_str           0042308f f   sshpubk.obj
 0001:000220d1       _loadrsakey                004230d1 f   sshpubk.obj
 0001:000226d6       _rsakey_encrypted          004236d6 f   sshpubk.obj
 0001:00022755       _rsakey_pubblob            00423755 f   sshpubk.obj
 0001:0002286a       _ssh2_load_userkey         0042386a f   sshpubk.obj
 0001:00023059       _ssh2_userkey_encrypted    00424059 f   sshpubk.obj
 0001:000231a1       _ssh2_userkey_loadpub      004241a1 f   sshpubk.obj
 0001:00023465       _random_add_noise          00424465 f   sshrand.obj
 0001:00023529       _random_byte               00424529 f   sshrand.obj
 0001:00023553       _random_get_savedata       00424553 f   sshrand.obj
 0001:00023593       _random_ref                00424593 f   sshrand.obj
 0001:00023712       _random_unref              00424712 f   sshrand.obj
 0001:000243a7       _crt_modpow                004253a7 f   sshrsa.obj
 0001:000244ce       _freersakey                004254ce f   sshrsa.obj
 0001:000245cb       _makekey                   004255cb f   sshrsa.obj
 0001:000246aa       _makeprivate               004256aa f   sshrsa.obj
 0001:000247be       _rsa_fingerprint           004257be f   sshrsa.obj
 0001:00024b54       _rsa_public_blob           00425b54 f   sshrsa.obj
 0001:00024bd9       _rsa_verify                00425bd9 f   sshrsa.obj
 0001:00024ce6       _rsadecrypt                00425ce6 f   sshrsa.obj
 0001:00024ceb       _rsaencrypt                00425ceb f   sshrsa.obj
 0001:00024d97       _rsastr_fmt                00425d97 f   sshrsa.obj
 0001:00024e8f       _rsastr_len                00425e8f f   sshrsa.obj
 0001:00024ecd       _ssh_rsakex_encrypt        00425ecd f   sshrsa.obj
 0001:00025014       _ssh_rsakex_freekey        00426014 f   sshrsa.obj
 0001:00025019       _ssh_rsakex_klen           00426019 f   sshrsa.obj
 0001:00025027       _ssh_rsakex_newkey         00426027 f   sshrsa.obj
 0001:000251ed       _SHA256_Block              004261ed f   sshsh256.obj
 0001:00025636       _SHA256_Bytes              00426636 f   sshsh256.obj
 0001:0002571f       _SHA256_Core_Init          0042671f f   sshsh256.obj
 0001:0002575b       _SHA256_Final              0042675b f   sshsh256.obj
 0001:00025846       _SHA256_Init               00426846 f   sshsh256.obj
 0001:0002692a       _SHA512_Bytes              0042792a f   sshsh512.obj
 0001:00026a78       _SHA512_Final              00427a78 f   sshsh512.obj
 0001:00026ba5       _SHA512_Init               00427ba5 f   sshsh512.obj
 0001:00026ebe       _SHATransform              00427ebe f   sshsha.obj
 0001:0002706e       _SHA_Bytes                 0042806e f   sshsha.obj
 0001:00027157       _SHA_Final                 00428157 f   sshsha.obj
 0001:00027243       _SHA_Init                  00428243 f   sshsha.obj
 0001:00027275       _SHA_Simple                00428275 f   sshsha.obj
 0001:000272be       _hmac_sha1_simple          004282be f   sshsha.obj
 0001:00027491       _zlib_compress_init        00428491 f   sshzlib.obj
 0001:0002752b       _zlib_compress_cleanup     0042852b f   sshzlib.obj
 0001:0002754a       _zlib_decompress_init      0042854a f   sshzlib.obj
 0001:0002761a       _zlib_decompress_cleanup   0042861a f   sshzlib.obj
 0001:00027671       _zlib_compress_block       00428671 f   sshzlib.obj
 0001:0002779e       _zlib_decompress_block     0042879e f   sshzlib.obj
 0001:000288ae       _expire_timer_context      004298ae f   timing.obj
 0001:000288fb       _run_timers                004298fb f   timing.obj
 0001:0002899a       _schedule_timer            0042999a f   timing.obj
 0001:00028a2b       _add234                    00429a2b f   tree234.obj
 0001:00028f4a       _count234                  00429f4a f   tree234.obj
 0001:00028f8d       _del234                    00429f8d f   tree234.obj
 0001:00028fbc       _delpos234                 00429fbc f   tree234.obj
 0001:0002946b       _find234                   0042a46b f   tree234.obj
 0001:00029484       _findrel234                0042a484 f   tree234.obj
 0001:0002949f       _findrelpos234             0042a49f f   tree234.obj
 0001:00029600       _freetree234               0042a600 f   tree234.obj
 0001:00029616       _index234                  0042a616 f   tree234.obj
 0001:00029690       _newtree234                0042a690 f   tree234.obj
 0001:000296a6       _wc_match                  0042a6a6 f   wildcard.obj
 0001:000298ca       _wc_unescape               0042a8ca f   wildcard.obj
 0001:00029918       _askalg                    0042a918 f   wincons.obj
 0001:000299f2       _askappend                 0042a9f2 f   wincons.obj
 0001:00029ad8       _cleanup_exit              0042aad8 f   wincons.obj
 0001:00029b07       _console_get_userpass_input 0042ab07 f   wincons.obj
 0001:00029d74       _console_provide_logctx    0042ad74 f   wincons.obj
 0001:00029d7e       _logevent                  0042ad7e f   wincons.obj
 0001:00029d90       _old_keyfile_warning       0042ad90 f   wincons.obj
 0001:00029da6       _pgp_fingerprints          0042ada6 f   wincons.obj
 0001:00029dbc       _verify_ssh_host_key       0042adbc f   wincons.obj
 0001:00029f29       _platform_default_filename 0042af29 f   windefs.obj
 0001:00029f50       _platform_default_fontspec 0042af50 f   windefs.obj
 0001:00029f82       _platform_default_i        0042af82 f   windefs.obj
 0001:00029f87       _platform_default_s        0042af87 f   windefs.obj
 0001:00029faa       _ssh_gss_cleanup           0042afaa f   wingss.obj
 0001:00029ff4       _ssh_gss_setup             0042aff4 f   wingss.obj
 0001:0002a6bf       _handle_free               0042b6bf f   winhandl.obj
 0001:0002a71a       _handle_get_events         0042b71a f   winhandl.obj
 0001:0002a783       _handle_get_privdata       0042b783 f   winhandl.obj
 0001:0002a78b       _handle_got_event          0042b78b f   winhandl.obj
 0001:0002a879       _handle_input_new          0042b879 f   winhandl.obj
 0001:0002aa72       _handle_output_new         0042ba72 f   winhandl.obj
 0001:0002acc7       _handle_write              0042bcc7 f   winhandl.obj
 0001:0002ad29       _handle_write_eof          0042bd29 f   winhandl.obj
 0001:0002ad63       _filename_copy             0042bd63 f   winmisc.obj
 0001:0002ad70       _filename_free             0042bd70 f   winmisc.obj
 0001:0002ad70       _fontspec_free             0042bd70 f   winmisc.obj
 0001:0002ad86       _filename_from_str         0042bd86 f   winmisc.obj
 0001:0002ada4       _filename_is_null          0042bda4 f   winmisc.obj
 0001:0002adb2       _filename_to_str           0042bdb2 f   winmisc.obj
 0001:0002adb9       _fontspec_copy             0042bdb9 f   winmisc.obj
 0001:0002add1       _fontspec_new              0042bdd1 f   winmisc.obj
 0001:0002ae04       _get_username              0042be04 f   winmisc.obj
 0001:0002aeea       _load_system32_dll         0042beea f   winmisc.obj
 0001:0002af58       _platform_get_x_display    0042bf58 f   winmisc.obj
 0001:0002af6b       _smemclr                   0042bf6b f   winmisc.obj
 0001:0002b131       _sk_addr_error             0042c131 f   winnet.obj
 0001:0002b139       _IN6_IS_ADDR_LOOPBACK      0042c139 f i winnet.obj
 0001:0002b1d0       _first_socket              0042c1d0 f   winnet.obj
 0001:0002b2a1       _net_service_lookup        0042c2a1 f   winnet.obj
 0001:0002b2c3       _next_socket               0042c2c3 f   winnet.obj
 0001:0002b2e8       _platform_get_x11_unix_address 0042c2e8 f   winnet.obj
 0001:0002b317       _select_result             0042c317 f   winnet.obj
 0001:0002b692       _sk_addr_dup               0042c692 f   winnet.obj
 0001:0002b699       _sk_addr_free              0042c699 f   winnet.obj
 0001:0002b6d1       _sk_addrcopy               0042c6d1 f   winnet.obj
 0001:0002b78e       _sk_address_is_local       0042c78e f   winnet.obj
 0001:0002b829       _sk_addrtype               0042c829 f   winnet.obj
 0001:0002b858       _sk_cleanup                0042c858 f   winnet.obj
 0001:0002b8c2       _sk_getaddr                0042c8c2 f   winnet.obj
 0001:0002b98a       _sk_hostname_is_local      0042c98a f   winnet.obj
 0001:0002b9d0       _sk_init                   0042c9d0 f   winnet.obj
 0001:0002beba       _sk_namelookup             0042ceba f   winnet.obj
 0001:0002c135       _sk_new                    0042d135 f   winnet.obj
 0001:0002c1d5       _sk_newlistener            0042d1d5 f   winnet.obj
 0001:0002c437       _sk_nextaddr               0042d437 f   winnet.obj
 0001:0002c463       _sk_nonamelookup           0042d463 f   winnet.obj
 0001:0002c4aa       _sk_register               0042d4aa f   winnet.obj
 0001:0002c53c       _sk_startup                0042d53c f   winnet.obj
 0001:0002c572       _socket_writable           0042d572 f   winnet.obj
 0001:0002c8aa       _try_send                  0042d8aa f   winnet.obj
 0001:0002c9fa       _winsock_error_string      0042d9fa f   winnet.obj
 0001:0002cd8c       _noise_get_heavy           0042dd8c f   winnoise.obj
 0001:0002ce45       _noise_get_light           0042de45 f   winnoise.obj
 0001:0002ce96       _noise_regular             0042de96 f   winnoise.obj
 0001:0002cf91       _noise_ultralight          0042df91 f   winnoise.obj
 0001:0002cfd7       _random_save_seed          0042dfd7 f   winnoise.obj
 0001:0002d00a       _notify_remote_exit        0042e00a f   wincons.obj
 0001:0002d00a       _timer_change_notify       0042e00a f   wincons.obj
 0001:0002d00a       _add_session_to_jumplist   0042e00a f   winnojmp.obj
 0001:0002d00a       _platform_get_x11_auth     0042e00a f   winsftp.obj
 0001:0002d00a       _update_specials_menu      0042e00a f   wincons.obj
 0001:0002d00a       _set_busy_status           0042e00a f   wincons.obj
 0001:0002d00b       _agent_exists              0042e00b f   winpgntc.obj
 0001:0002d01f       _agent_query               0042e01f f   winpgntc.obj
 0001:0002d1cf       _get_user_sid              0042e1cf f   winpgntc.obj
 0001:0002d2c7       _init_advapi               0042e2c7 f   winpgntc.obj
 0001:0002d413       _localproxy_gotdata        0042e413 f   winproxy.obj
 0001:0002d451       _localproxy_sentdata       0042e451 f   winproxy.obj
 0001:0002d46b       _platform_new_connection   0042e46b f   winproxy.obj
 0001:0002d63c       _begin_wildcard_matching   0042e63c f   winsftp.obj
 0001:0002d70c       _close_directory           0042e70c f   winsftp.obj
 0001:0002d731       _close_rfile               0042e731 f   winsftp.obj
 0001:0002d731       _close_wfile               0042e731 f   winsftp.obj
 0001:0002d767       _create_directory          0042e767 f   winsftp.obj
 0001:0002d77a       _dir_file_cat              0042e77a f   winsftp.obj
 0001:0002d792       _do_eventsel_loop          0042e792 f   winsftp.obj
 0001:0002d976       _do_select                 0042e976 f   winsftp.obj
 0001:0002d9e9       _file_type                 0042e9e9 f   winsftp.obj
 0001:0002da05       _finish_wildcard_matching  0042ea05 f   winsftp.obj
 0001:0002da33       _get_file_posn             0042ea33 f   winsftp.obj
 0001:0002da56       _sk_address_is_special_local 0042ea56 f   winnet.obj
 0001:0002da56       _get_ttymode               0042ea56 f   winsftp.obj
 0001:0002da59       _get_userpass_input        0042ea59 f   winsftp.obj
 0001:0002da7a       _main                      0042ea7a f   winsftp.obj
 0001:0002da7f       _open_directory            0042ea7f f   winsftp.obj
 0001:0002daf7       _open_existing_file        0042eaf7 f   winsftp.obj
 0001:0002dbba       _open_existing_wfile       0042ebba f   winsftp.obj
 0001:0002dc08       _open_new_file             0042ec08 f   winsftp.obj
 0001:0002dc3e       _psftp_getcwd              0042ec3e f   winsftp.obj
 0001:0002dc7c       _psftp_lcd                 0042ec7c f   winsftp.obj
 0001:0002dcdc       _read_filename             0042ecdc f   winsftp.obj
 0001:0002dd7e       _read_from_file            0042ed7e f   winsftp.obj
 0001:0002dda8       _seek_file                 0042eda8 f   winsftp.obj
 0001:0002dde5       _ssh_sftp_get_cmdline      0042ede5 f   winsftp.obj
 0001:0002dead       _ssh_sftp_loop_iteration   0042eead f   winsftp.obj
 0001:0002dfb7       _test_wildcard             0042efb7 f   winsftp.obj
 0001:0002e00d       _vet_filename              0042f00d f   winsftp.obj
 0001:0002e059       _wildcard_get_filename     0042f059 f   winsftp.obj
 0001:0002e0e6       _write_to_file             0042f0e6 f   winsftp.obj
 0001:0002e323       _close_settings_r          0042f323 f   winstore.obj
 0001:0002e3df       _open_settings_r           0042f3df f   winstore.obj
 0001:0002e463       _read_random_seed          0042f463 f   winstore.obj
 0001:0002e4e2       _read_setting_filename     0042f4e2 f   winstore.obj
 0001:0002e512       _read_setting_fontspec     0042f512 f   winstore.obj
 0001:0002e5dc       _read_setting_i            0042f5dc f   winstore.obj
 0001:0002e620       _read_setting_s            0042f620 f   winstore.obj
 0001:0002e688       _store_host_key            0042f688 f   winstore.obj
 0001:0002e77c       _verify_host_key           0042f77c f   winstore.obj
 0001:0002e9a5       _write_random_seed         0042f9a5 f   winstore.obj
 0001:0002e9d6       _ltime                     0042f9d6 f   wintime.obj
 0001:0002ea4e       _sftp_cmd_null             0042fa4e f   psftp.obj
 0001:0002eac1       _x11_close                 0042fac1 f   x11fwd.obj
 0001:0002eafd       _x11_free_display          0042fafd f   x11fwd.obj
 0001:0002eba2       _x11_init                  0042fba2 f   x11fwd.obj
 0001:0002ecae       _x11_override_throttle     0042fcae f   x11fwd.obj
 0001:0002ecde       _x11_send                  0042fcde f   x11fwd.obj
 0001:0002f046       _pfd_send_eof              00430046 f   portfwd.obj
 0001:0002f046       _x11_send_eof              00430046 f   x11fwd.obj
 0001:0002f052       _x11_setup_display         00430052 f   x11fwd.obj
 0001:0002f3e5       _x11_unthrottle            004303e5 f   x11fwd.obj
 0001:0002f636       __fclose_nolock            00430636 f   LIBCMT:fclose.obj
 0001:0002f6a2       _fclose                    004306a2 f   LIBCMT:fclose.obj
 0001:0002f719       _fgetc                     00430719 f   LIBCMT:fgetc.obj
 0001:0002f812       __fsopen                   00430812 f   LIBCMT:fopen.obj
 0001:0002f8d6       _fopen                     004308d6 f   LIBCMT:fopen.obj
 0001:0002f8eb       _atoi                      004308eb f   LIBCMT:atox.obj
 0001:0002f8f4       _atol                      004308f4 f   LIBCMT:atox.obj
 0001:0002f910       _strcmp                    00430910 f   LIBCMT:strcmp.obj
 0001:0002f9a0       _strlen                    004309a0 f   LIBCMT:strlen.obj
 0001:0002fa30       _strchr                    00430a30 f   LIBCMT:strchr.obj
 0001:0002fa9e       ___from_strstr_to_strchr   00430a9e     LIBCMT:strchr.obj
 0001:0002fb60       _strncmp                   00430b60 f   LIBCMT:strncmp.obj
 0001:0002fbd8       __wassert                  00430bd8 f   LIBCMT:wassert.obj
 0001:00030280       _memchr                    00431280 f   LIBCMT:memchr.obj
 0001:00030330       _memcpy                    00431330 f   LIBCMT:memcpy.obj
 0001:00030974       @__security_check_cookie@4 00431974 f   LIBCMT:secchk.obj
 0001:00030983       __fpmath                   00431983 f   LIBCMT:fpinit.obj
 0001:0003099a       __cfltcvt_init             0043199a f   LIBCMT:fpinit.obj
 0001:000309fa       ___initstdio               004319fa f   LIBCMT:_file.obj
 0001:00030a6d       ___endstdio                00431a6d f   LIBCMT:_file.obj
 0001:00030a94       ___iob_func                00431a94 f   LIBCMT:_file.obj
 0001:00030a9a       __lock_file                00431a9a f   LIBCMT:_file.obj
 0001:00030ad9       __lock_file2               00431ad9 f   LIBCMT:_file.obj
 0001:00030b09       __unlock_file              00431b09 f   LIBCMT:_file.obj
 0001:00030b43       __unlock_file2             00431b43 f   LIBCMT:_file.obj
 0001:00030b70       __fflush_nolock            00431b70 f   LIBCMT:fflush.obj
 0001:00030bb6       __flush                    00431bb6 f   LIBCMT:fflush.obj
 0001:00030c1a       __flushall                 00431c1a f   LIBCMT:fflush.obj
 0001:00030c23       _fflush                    00431c23 f   LIBCMT:fflush.obj
 0001:00030d5c       _fprintf                   00431d5c f   LIBCMT:fprintf.obj
 0001:00030e6e       __fwrite_nolock            00431e6e f   LIBCMT:fwrite.obj
 0001:00030fc5       _fwrite                    00431fc5 f   LIBCMT:fwrite.obj
 0001:00031043       _sprintf                   00432043 f   LIBCMT:sprintf.obj
 0001:000310c5       ??0_LocaleUpdate@@QAE@PAUlocaleinfo_struct@@@Z 004320c5 f i LIBCMT:_ctype.obj
 0001:0003114d       __isalnum_l                0043214d f i LIBCMT:_ctype.obj
 0001:000311a3       __isdigit_l                004321a3 f i LIBCMT:_ctype.obj
 0001:000311f3       __isprint_l                004321f3 f i LIBCMT:_ctype.obj
 0001:00031249       __isspace_l                00432249 f i LIBCMT:_ctype.obj
 0001:00031299       __isxdigit_l               00432299 f i LIBCMT:_ctype.obj
 0001:000312ef       _isalnum                   004322ef f i LIBCMT:_ctype.obj
 0001:0003131c       _isdigit                   0043231c f i LIBCMT:_ctype.obj
 0001:00031347       _isprint                   00432347 f i LIBCMT:_ctype.obj
 0001:00031374       _isspace                   00432374 f i LIBCMT:_ctype.obj
 0001:0003139f       _isxdigit                  0043239f f i LIBCMT:_ctype.obj
 0001:000313cc       __tolower_l                004323cc f   LIBCMT:tolower.obj
 0001:0003150d       _tolower                   0043250d f   LIBCMT:tolower.obj
 0001:00031539       __Strftime_l               00432539 f   LIBCMT:strftime.obj
 0001:0003165a       _strftime                  0043265a f   LIBCMT:strftime.obj
 0001:00031680       _strcpy                    00432680 f   LIBCMT:strcat.obj
 0001:00031690       _strcat                    00432690 f   LIBCMT:strcat.obj
 0001:00031778       _fgets                     00432778 f   LIBCMT:fgets.obj
 0001:000318b7       __vsnprintf                004328b7 f   LIBCMT:vsnprint.obj
 0001:000318d2       __vsnprintf_l              004328d2 f   LIBCMT:vsnprint.obj
 0001:00031ba0       _strtol                    00432ba0 f   LIBCMT:strtol.obj
 0001:00031bca       _strtoul                   00432bca f   LIBCMT:strtol.obj
 0001:00031bf4       _free                      00432bf4 f   LIBCMT:free.obj
 0001:00031c2c       _malloc                    00432c2c f   LIBCMT:malloc.obj
 0001:00031cbe       _realloc                   00432cbe f   LIBCMT:realloc.obj
 0001:00031d70       _memset                    00432d70 f   LIBCMT:memset.obj
 0001:00031e00       _memmove                   00432e00 f   LIBCMT:memmove.obj
 0001:00032444       _sscanf                    00433444 f   LIBCMT:sscanf.obj
 0001:000324d3       _fputs                     004334d3 f   LIBCMT:fputs.obj
 0001:000325d9       __get_printf_count_output  004335d9 f   LIBCMT:printf.obj
 0001:000325ee       _printf                    004335ee f   LIBCMT:printf.obj
 0001:0003269a       _vfprintf                  0043369a f   LIBCMT:vfprintf.obj
 0001:000326b7       _vfprintf_helper           004336b7 f   LIBCMT:vfprintf.obj
 0001:000327c8       ___copy_path_to_wide_string 004337c8 f   LIBCMT:crt0dat.obj
 0001:00032878       ___crtCorExitProcess       00433878 f   LIBCMT:crt0dat.obj
 0001:000328aa       ___crtExitProcess          004338aa f   LIBCMT:crt0dat.obj
 0001:000328c0       __amsg_exit                004338c0 f   LIBCMT:crt0dat.obj
 0001:000328dc       __c_exit                   004338dc f   LIBCMT:crt0dat.obj
 0001:000328eb       __cexit                    004338eb f   LIBCMT:crt0dat.obj
 0001:000328fa       __cinit                    004338fa f   LIBCMT:crt0dat.obj
 0001:0003298b       __exit                     0043398b f   LIBCMT:crt0dat.obj
 0001:0003299f       __init_pointers            0043399f f   LIBCMT:crt0dat.obj
 0001:000329f3       __initterm_e               004339f3 f   LIBCMT:crt0dat.obj
 0001:00032a15       __lockexit                 00433a15 f   LIBCMT:crt0dat.obj
 0001:00032a1e       __unlockexit               00433a1e f   LIBCMT:crt0dat.obj
 0001:00032b56       _exit                      00433b56 f   LIBCMT:crt0dat.obj
 0001:00032b70       _qsort                     00433b70 f   LIBCMT:qsort.obj
 0001:00032e9c       _system                    00433e9c f   LIBCMT:system.obj
 0001:00032f80       _strcspn                   00433f80 f   LIBCMT:strcspn.obj
 0001:00032fd0       _strrchr                   00433fd0 f   LIBCMT:strrchr.obj
 0001:00033110       _strspn                    00434110 f   LIBCMT:strspn.obj
 0001:00033160       __alloca_probe             00434160     LIBCMT:chkstk.obj
 0001:00033160       __chkstk                   00434160 f   LIBCMT:chkstk.obj
 0001:0003318b       _fputc                     0043418b f   LIBCMT:fputc.obj
 0001:0003328c       _memcmp                    0043428c f   LIBCMT:memcmp.obj
 0001:00034a10       _strncpy                   00435a10 f   LIBCMT:strncpy.obj
 0001:00034b34       _abort                     00435b34 f   LIBCMT:abort.obj
 0001:00034b80       __allmul                   00435b80 f   LIBCMT:llmul.obj
 0001:00034bc0       __allshl                   00435bc0 f   LIBCMT:llshl.obj
 0001:00034be0       __aulldvrm                 00435be0 f   LIBCMT:ulldvrm.obj
 0001:00034c80       __aullrem                  00435c80 f   LIBCMT:ullrem.obj
 0001:00034cf5       __fread_nolock_s           00435cf5 f   LIBCMT:fread.obj
 0001:00034eb8       _fread                     00435eb8 f   LIBCMT:fread.obj
 0001:00034ed3       _fread_s                   00435ed3 f   LIBCMT:fread.obj
 0001:00034f64       __ungetc_nolock            00435f64 f   LIBCMT:ungetc.obj
 0001:00035044       _ungetc                    00436044 f   LIBCMT:ungetc.obj
 0001:000350b0       _abs                       004360b0 f   LIBCMT:abs.obj
 0001:000350bd       __dupenv_s                 004360bd f   LIBCMT:getenv.obj
 0001:00035191       __getenv_helper_nolock     00436191 f   LIBCMT:getenv.obj
 0001:00035215       _getenv                    00436215 f   LIBCMT:getenv.obj
 0001:000352a0       __aulldiv                  004362a0 f   LIBCMT:ulldiv.obj
 0001:00035308       _remove                    00436308 f   LIBCMT:unlink.obj
 0001:00035348       __time64                   00436348 f   LIBCMT:time64.obj
 0001:00035512       _mainCRTStartup            00436512 f   LIBCMT:crt0.obj
 0001:0003551c       __call_reportfault         0043651c f   LIBCMT:invarg.obj
 0001:0003563f       __initp_misc_invarg        0043663f f   LIBCMT:invarg.obj
 0001:0003564c       __invalid_parameter        0043664c f   LIBCMT:invarg.obj
 0001:00035677       __invalid_parameter_noinfo 00436677 f   LIBCMT:invarg.obj
 0001:00035687       __invoke_watson            00436687 f   LIBCMT:invarg.obj
 0001:000356b2       __fileno                   004366b2 f   LIBCMT:fileno.obj
 0001:000356d6       __close                    004366d6 f   LIBCMT:close.obj
 0001:000357a0       __close_nolock             004367a0 f   LIBCMT:close.obj
 0001:0003583a       ___doserrno                0043683a f   LIBCMT:dosmap.obj
 0001:0003584d       __dosmaperr                0043684d f   LIBCMT:dosmap.obj
 0001:0003586e       __errno                    0043686e f   LIBCMT:dosmap.obj
 0001:00035881       __get_errno_from_oserr     00436881 f   LIBCMT:dosmap.obj
 0001:000358c2       __freebuf                  004368c2 f   LIBCMT:_freebuf.obj
 0001:00035900       __SEH_prolog4              00436900 f   LIBCMT:sehprolg4.obj
 0001:00035945       __SEH_epilog4              00436945 f   LIBCMT:sehprolg4.obj
 0001:00035960       __except_handler4          00436960 f   LIBCMT:chandler4.obj
 0001:00035af5       __filbuf                   00436af5 f   LIBCMT:_filbuf.obj
 0001:00035c16       __ioinit                   00436c16 f   LIBCMT:ioinit.obj
 0001:00035ec4       __getstream                00436ec4 f   LIBCMT:stream.obj
 0001:00035fdc       __openfile                 00436fdc f   LIBCMT:_open.obj
 0001:00036260       __local_unwind4            00437260 f   LIBCMT:exsup4.obj
 0001:00036336       __seh_longjmp_unwind4@4    00437336 f   LIBCMT:exsup4.obj
 0001:00036352       @_EH4_CallFilterFunc@8     00437352 f   LIBCMT:exsup4.obj
 0001:00036369       @_EH4_TransferToHandler@8  00437369 f   LIBCMT:exsup4.obj
 0001:00036382       @_EH4_GlobalUnwind2@8      00437382 f   LIBCMT:exsup4.obj
 0001:0003639b       @_EH4_LocalUnwind@16       0043739b f   LIBCMT:exsup4.obj
 0001:000363b2       ___isa_available_init      004373b2 f   LIBCMT:cpu_disp.obj
 0001:000364eb       _memcpy_s                  004374eb f   LIBCMT:memcpy_s.obj
 0001:0003656a       _wcscat_s                  0043756a f   LIBCMT:wcscat_s.obj
 0001:000365d6       _wcscpy_s                  004375d6 f   LIBCMT:wcscpy_s.obj
 0001:00036632       _wcslen                    00437632 f   LIBCMT:wcslen.obj
 0001:0003664b       _wcsncat_s                 0043764b f   LIBCMT:wcsncat_s.obj
 0001:00036719       ___set_app_type            00437719 f   LIBCMT:errmode.obj
 0001:00036726       __set_error_mode           00437726 f   LIBCMT:errmode.obj
 0001:00036766       __itow_s                   00437766 f   LIBCMT:xtows.obj
 0001:00036882       _setvbuf                   00437882 f   LIBCMT:setvbuf.obj
 0001:00036988       _fwprintf                  00437988 f   LIBCMT:fwprintf.obj
 0001:00036a19       __vswprintf_c_l            00437a19 f   LIBCMT:vswprnc.obj
 0001:00036a41       __vswprintf_helper         00437a41 f   LIBCMT:vswprnc.obj
 0001:00036b3a       ___get_sigabrt             00437b3a f   LIBCMT:winsig.obj
 0001:00036b47       __initp_misc_winsig        00437b47 f   LIBCMT:winsig.obj
 0001:00036b63       _raise                     00437b63 f   LIBCMT:winsig.obj
 0001:00036d54       ___crtMessageBoxW          00437d54 f   LIBCMT:crtmboxw.obj
 0001:00036f36       __FF_MSGBANNER             00437f36 f   LIBCMT:crt0msg.obj
 0001:00036f6f       __GET_RTERRMSG             00437f6f f   LIBCMT:crt0msg.obj
 0001:00036f93       __NMSG_WRITE               00437f93 f   LIBCMT:crt0msg.obj
 0001:0003714e       ___raise_securityfailure   0043814e f   LIBCMT:gs_report.obj
 0001:0003718b       ___report_gsfailure        0043818b f   LIBCMT:gs_report.obj
 0001:00037284       __cfltcvt                  00438284 f   LIBCMT:cvt.obj
 0001:000372a5       __cfltcvt_l                004382a5 f   LIBCMT:cvt.obj
 0001:0003732b       __cftoa_l                  0043832b f   LIBCMT:cvt.obj
 0001:00037685       __cftoe                    00438685 f   LIBCMT:cvt.obj
 0001:000377f2       __cftoe_l                  004387f2 f   LIBCMT:cvt.obj
 0001:000379a8       __cftof_l                  004389a8 f   LIBCMT:cvt.obj
 0001:00037a67       __cftog_l                  00438a67 f   LIBCMT:cvt.obj
 0001:00037b64       __cropzeros                00438b64 f   LIBCMT:cvt.obj
 0001:00037b75       __cropzeros_l              00438b75 f   LIBCMT:cvt.obj
 0001:00037bf3       __fassign                  00438bf3 f   LIBCMT:cvt.obj
 0001:00037c0b       __fassign_l                00438c0b f   LIBCMT:cvt.obj
 0001:00037c4b       __forcdecpt                00438c4b f   LIBCMT:cvt.obj
 0001:00037c5c       __forcdecpt_l              00438c5c f   LIBCMT:cvt.obj
 0001:00037cce       __positive                 00438cce f   LIBCMT:cvt.obj
 0001:00037d10       __setdefaultprecision      00438d10 f   LIBCMT:fp8.obj
 0001:00037d37       __initp_misc_cfltcvt_tab   00438d37 f   LIBCMT:cmiscdat.obj
 0001:00037d56       __fcloseall                00438d56 f   LIBCMT:closeall.obj
 0001:00037df3       __lock                     00438df3 f   LIBCMT:mlock.obj
 0001:00037e27       __mtdeletelocks            00438e27 f   LIBCMT:mlock.obj
 0001:00037e7b       __mtinitlocknum            00438e7b f   LIBCMT:mlock.obj
 0001:00037f22       __mtinitlocks              00438f22 f   LIBCMT:mlock.obj
 0001:00037f57       __unlock                   00438f57 f   LIBCMT:mlock.obj
 0001:00037f6c       __calloc_crt               00438f6c f   LIBCMT:crtheap.obj
 0001:00037fb6       __malloc_crt               00438fb6 f   LIBCMT:crtheap.obj
 0001:00037fff       __realloc_crt              00438fff f   LIBCMT:crtheap.obj
 0001:0003804b       __recalloc_crt             0043904b f   LIBCMT:crtheap.obj
 0001:0003809b       __commit                   0043909b f   LIBCMT:commit.obj
 0001:00038181       __write                    00439181 f   LIBCMT:write.obj
 0001:00038263       __write_nolock             00439263 f   LIBCMT:write.obj
 0001:00038a8d       __ftbuf                    00439a8d f   LIBCMT:_sftbuf.obj
 0001:00038abe       __stbuf                    00439abe f   LIBCMT:_sftbuf.obj
 0001:00038b64       __output_l                 00439b64 f   LIBCMT:output.obj
 0001:000397d6       __flsbuf                   0043a7d6 f   LIBCMT:_flsbuf.obj
 0001:00039923       ___addlocaleref            0043a923 f   LIBCMT:localref.obj
 0001:000399b3       ___freetlocinfo            0043a9b3 f   LIBCMT:localref.obj
 0001:00039b0d       ___removelocaleref         0043ab0d f   LIBCMT:localref.obj
 0001:00039ba8       ___updatetlocinfo          0043aba8 f   LIBCMT:localref.obj
 0001:00039c24       __updatetlocinfoEx_nolock  0043ac24 f   LIBCMT:localref.obj
 0001:00039c6f       ___initmbctable            0043ac6f f   LIBCMT:mbctype.obj
 0001:00039f2a       ___updatetmbcinfo          0043af2a f   LIBCMT:mbctype.obj
 0001:00039fcf       __setmbcp                  0043afcf f   LIBCMT:mbctype.obj
 0001:0003a17d       __setmbcp_nolock           0043b17d f   LIBCMT:mbctype.obj
 0001:0003a372       __isctype_l                0043b372 f   LIBCMT:isctype.obj
 0001:0003a421       __freefls@4                0043b421 f   LIBCMT:tidtable.obj
 0001:0003a558       __getptd                   0043b558 f   LIBCMT:tidtable.obj
 0001:0003a570       __getptd_noexit            0043b570 f   LIBCMT:tidtable.obj
 0001:0003a5df       __initptd                  0043b5df f   LIBCMT:tidtable.obj
 0001:0003a692       __mtinit                   0043b692 f   LIBCMT:tidtable.obj
 0001:0003a708       __mtterm                   0043b708 f   LIBCMT:tidtable.obj
 0001:0003a725       __locterm                  0043b725 f   LIBCMT:wsetloca.obj
 0001:0003a777       __isleadbyte_l             0043b777 f i LIBCMT:_wctype.obj
 0001:0003a7ad       _isleadbyte                0043b7ad f i LIBCMT:_wctype.obj
 0001:0003a9a7       ___crtLCMapStringA         0043b9a7 f   LIBCMT:a_map.obj
 0001:0003a9eb       __freea                    0043b9eb f i LIBCMT:a_map.obj
 0001:0003aa09       _strcpy_s                  0043ba09 f   LIBCMT:strcpy_s.obj
 0001:0003b459       __Wcsftime_l               0043c459 f   LIBCMT:wcsftime.obj
 0001:0003b59a       __heap_init                0043c59a f   LIBCMT:heapinit.obj
 0001:0003b5af       __callnewh                 0043c5af f   LIBCMT:handler.obj
 0001:0003b5d5       __initp_heap_handler       0043c5d5 f   LIBCMT:handler.obj
 0001:0003b5e2       __VEC_memset               0043c5e2 f   LIBCMT:p4_memset.obj
 0001:0003b74c       __input_l                  0043c74c f   LIBCMT:input.obj
 0001:0003c868       __RTC_Initialize           0043d868 f   LIBCMT:initsect.obj
 0001:0003c888       __RTC_Terminate            0043d888 f   LIBCMT:initsect.obj
 0001:0003c8a8       ___crtFlsAlloc             0043d8a8 f   LIBCMT:winapisupp.obj
 0001:0003c8c6       ___crtFlsFree              0043d8c6 f   LIBCMT:winapisupp.obj
 0001:0003c8e5       ___crtFlsGetValue          0043d8e5 f   LIBCMT:winapisupp.obj
 0001:0003c904       ___crtFlsSetValue          0043d904 f   LIBCMT:winapisupp.obj
 0001:0003c926       ___crtIsPackagedApp        0043d926 f   LIBCMT:winapisupp.obj
 0001:0003c964       ___crtLoadWinApiPointers   0043d964 f   LIBCMT:winapisupp.obj
 0001:0003cba3       ___crtSetUnhandledExceptionFilter 0043dba3 f   LIBCMT:winapisupp.obj
 0001:0003cbb1       ___crtTerminateProcess     0043dbb1 f   LIBCMT:winapisupp.obj
 0001:0003cbc6       ___crtUnhandledException   0043dbc6 f   LIBCMT:winapisupp.obj
 0001:0003cbe0       __FindPESection            0043dbe0 f   LIBCMT:pesect.obj
 0001:0003cc30       __IsNonwritableInCurrentImage 0043dc30 f   LIBCMT:pesect.obj
 0001:0003ccf0       __ValidateImageBase        0043dcf0 f   LIBCMT:pesect.obj
 0001:0003cd21       ___onexitinit              0043dd21 f   LIBCMT:onexit.obj
 0001:0003cd50       __onexit                   0043dd50 f   LIBCMT:onexit.obj
 0001:0003ce46       _atexit                    0043de46 f   LIBCMT:onexit.obj
 0001:0003ce5b       ?terminate@@YAXXZ          0043de5b f   LIBCMT:hooks.obj
 0001:0003ce8f       __initp_eh_hooks           0043de8f f   LIBCMT:hooks.obj
 0001:0003cea0       __initp_misc_purevirt      0043dea0 f   LIBCMT:inithelp.obj
 0001:0003cead       __initp_misc_rand_s        0043dead f   LIBCMT:rand_s.obj
 0001:0003ceba       __spawnve                  0043deba f   LIBCMT:spawnve.obj
 0001:0003d115       __spawnvpe                 0043e115 f   LIBCMT:spawnvpe.obj
 0001:0003d385       __access_s                 0043e385 f   LIBCMT:access.obj
 0001:0003d3cd       __read                     0043e3cd f   LIBCMT:read.obj
 0001:0003d4d5       __read_nolock              0043e4d5 f   LIBCMT:read.obj
 0001:0003dc64       __getbuf                   0043ec64 f   LIBCMT:_getbuf.obj
 0001:0003dcaa       _strnlen                   0043ecaa f   LIBCMT:strlen_s.obj
 0001:0003dcc5       ___wtomb_environ           0043ecc5 f   LIBCMT:wtombenv.obj
 0001:0003dd52       _calloc                    0043ed52 f   LIBCMT:calloc.obj
 0001:0003dd90       __mbsnbicoll               0043ed90 f   LIBCMT:mbsnbico.obj
 0001:0003dda8       __mbsnbicoll_l             0043eda8 f   LIBCMT:mbsnbico.obj
 0001:0003de5c       __wremove                  0043ee5c f   LIBCMT:wunlink.obj
 0001:0003de8a       ?__CxxUnhandledExceptionFilter@@YGJPAU_EXCEPTION_POINTERS@@@Z 0043ee8a f   LIBCMT:unhandld.obj
 0001:0003decb       ___CxxSetUnhandledExceptionFilter 0043eecb f   LIBCMT:unhandld.obj
 0001:0003ded9       __XcptFilter               0043eed9 f   LIBCMT:winxfltr.obj
 0001:0003e034       __setargv                  0043f034 f   LIBCMT:stdargv.obj
 0001:0003e261       __setenvp                  0043f261 f   LIBCMT:stdenvp.obj
 0001:0003e342       ___security_init_cookie    0043f342 f   LIBCMT:gs_support.obj
 0001:0003e3dc       ___crtGetEnvironmentStringsA 0043f3dc f   LIBCMT:a_env.obj
 0001:0003e467       __crt_debugger_hook        0043f467 f   LIBCMT:dbghook.obj
 0001:0003e46f       ___lock_fhandle            0043f46f f   LIBCMT:osfinfo.obj
 0001:0003e4fb       __alloc_osfhnd             0043f4fb f   LIBCMT:osfinfo.obj
 0001:0003e6a0       __free_osfhnd              0043f6a0 f   LIBCMT:osfinfo.obj
 0001:0003e726       __get_osfhandle            0043f726 f   LIBCMT:osfinfo.obj
 0001:0003e78d       __set_osfhnd               0043f78d f   LIBCMT:osfinfo.obj
 0001:0003e80f       __unlock_fhandle           0043f80f f   LIBCMT:osfinfo.obj
 0001:0003e835       __sopen_helper             0043f835 f   LIBCMT:open.obj
 0001:0003e8fc       __sopen_nolock             0043f8fc f   LIBCMT:open.obj
 0001:0003e948       __sopen_s                  0043f948 f   LIBCMT:open.obj
 0001:0003e966       __mbsnbcmp                 0043f966 f   LIBCMT:mbsnbcmp.obj
 0001:0003e97e       __mbsnbcmp_l               0043f97e f   LIBCMT:mbsnbcmp.obj
 0001:0003ea93       __mbsnbicmp                0043fa93 f   LIBCMT:mbsnbicm.obj
 0001:0003eaab       __mbsnbicmp_l              0043faab f   LIBCMT:mbsnbicm.obj
 0001:0003ec70       __global_unwind2           0043fc70 f   LIBCMT:exsup.obj
 0001:0003ecd5       __local_unwind2            0043fcd5 f   LIBCMT:exsup.obj
 0001:0003ed59       __abnormal_termination     0043fd59 f   LIBCMT:exsup.obj
 0001:0003ed7c       __NLG_Notify1              0043fd7c f   LIBCMT:exsup.obj
 0001:0003ed85       __NLG_Notify               0043fd85 f   LIBCMT:exsup.obj
 0001:0003ed9c       __NLG_Dispatch2            0043fd9c     LIBCMT:exsup.obj
 0001:0003ed9c       __NLG_Dispatch             0043fd9c     LIBCMT:exsup.obj
 0001:0003eda4       __NLG_Call                 0043fda4 f   LIBCMT:exsup.obj
 0001:0003eda6       __NLG_Return2              0043fda6     LIBCMT:exsup.obj
 0001:0003eda7       __woutput_l                0043fda7 f   LIBCMT:woutput.obj
 0001:0003fa9e       _wcsncpy_s                 00440a9e f   LIBCMT:wcsncpy_s.obj
 0001:0003fb5c       __fptostr                  00440b5c f   LIBCMT:_fptostr.obj
 0001:0003fc0c       __atodbl_l                 00440c0c f   LIBCMT:atodbl.obj
 0001:0003fc98       __atoflt_l                 00440c98 f   LIBCMT:atodbl.obj
 0001:0003fd24       ___dtold                   00440d24 f   LIBCMT:cfout.obj
 0001:0003fdea       __fltout2                  00440dea f   LIBCMT:cfout.obj
 0001:0003fe80       __alldvrm                  00440e80 f   LIBCMT:lldvrm.obj
 0001:0003ff60       __aullshr                  00440f60 f   LIBCMT:ullshr.obj
 0001:0003ff7f       __controlfp_s              00440f7f f   LIBCMT:contrlfp.obj
 0001:0003ffdc       __fptrap                   00440fdc f   LIBCMT:crt0fp.obj
 0001:0003ffe5       __recalloc                 00440fe5 f   LIBCMT:recalloc.obj
 0001:0004004e       __calloc_impl              0044104e f   LIBCMT:calloc_impl.obj
 0001:000400c8       __isatty                   004410c8 f   LIBCMT:isatty.obj
 0001:0004011c       __lseeki64                 0044111c f   LIBCMT:lseeki64.obj
 0001:00040218       __lseeki64_nolock          00441218 f   LIBCMT:lseeki64.obj
 0001:00040289       __mbtowc_l                 00441289 f   LIBCMT:mbtowc.obj
 0001:0004037c       _mbtowc                    0044137c f   LIBCMT:mbtowc.obj
 0001:00040394       __putwch_nolock            00441394 f   LIBCMT:putwch.obj
 0001:000403d5       __wctomb_s_l               004413d5 f   LIBCMT:wctomb.obj
 0001:000404f7       _wctomb_s                  004414f7 f   LIBCMT:wctomb.obj
 0001:00040512       ___free_lconv_mon          00441512 f   LIBCMT:initmon.obj
 0001:0004060e       ___free_lconv_num          0044160e f   LIBCMT:initnum.obj
 0001:00040675       ___free_lc_time            00441675 f   LIBCMT:inittime.obj
 0001:00040ae1       ___crtGetStringTypeA       00441ae1 f   LIBCMT:a_str.obj
 0001:00040b1f       ____lc_codepage_func       00441b1f f   LIBCMT:initctyp.obj
 0001:00040b45       _wcsnlen                   00441b45 f   LIBCMT:wcslen_s.obj
 0001:00040b64       _GetTableIndexFromLocaleName 00441b64 f   LIBCMT:winapinls.obj
 0001:00040bb2       ___crtCompareStringEx      00441bb2 f   LIBCMT:winapinls.obj
 0001:00040bfe       ___crtDownlevelLocaleNameToLCID 00441bfe f   LIBCMT:winapinls.obj
 0001:00040c28       ___crtGetDateFormatEx      00441c28 f   LIBCMT:winapinls.obj
 0001:00040c71       ___crtGetTimeFormatEx      00441c71 f   LIBCMT:winapinls.obj
 0001:00040ca6       ___crtLCMapStringEx        00441ca6 f   LIBCMT:winapinls.obj
 0001:00040cf2       ___wcsnicmp_ascii          00441cf2 f   LIBCMT:winapinls.obj
 0001:00040d60       _iswctype                  00441d60 f   LIBCMT:iswctype.obj
 0001:00040dc0       __alloca_probe_16          00441dc0 f   LIBCMT:alloca16.obj
 0001:00040dd6       __alloca_probe_8           00441dd6     LIBCMT:alloca16.obj
 0001:00040dec       __wcsicmp                  00441dec f   LIBCMT:wcsicmp.obj
 0001:00040e7f       __wcsicmp_l                00441e7f f   LIBCMT:wcsicmp.obj
 0001:00040f58       ___tzset                   00441f58 f   LIBCMT:tzset.obj
 0001:000412dc       __mbstowcs_l_helper        004422dc f   LIBCMT:mbstowcs.obj
 0001:0004143b       __mbstowcs_s_l             0044243b f   LIBCMT:mbstowcs.obj
 0001:00041517       ___daylight                00442517 f   LIBCMT:timeset.obj
 0001:0004151d       ___dstbias                 0044251d f   LIBCMT:timeset.obj
 0001:00041523       ___timezone                00442523 f   LIBCMT:timeset.obj
 0001:00041529       ___tzname                  00442529 f   LIBCMT:timeset.obj
 0001:0004152f       __get_daylight             0044252f f   LIBCMT:timeset.obj
 0001:00041559       __get_dstbias              00442559 f   LIBCMT:timeset.obj
 0001:00041583       __get_timezone             00442583 f   LIBCMT:timeset.obj
 0001:000415ad       __msize                    004425ad f   LIBCMT:msize.obj
 0001:000415de       _strncpy_s                 004425de f   LIBCMT:strncpy_s.obj
 0001:00041682       _strcat_s                  00442682 f   LIBCMT:strcat_s.obj
 0001:000416e5       __dospawn                  004426e5 f   LIBCMT:dospawn.obj
 0001:000418fd       __cenvarg                  004428fd f   LIBCMT:cenvarg.obj
 0001:00041cc6       __mbschr                   00442cc6 f   LIBCMT:mbschr.obj
 0001:00041cdb       __mbschr_l                 00442cdb f   LIBCMT:mbschr.obj
 0001:00041d76       __mbsrchr                  00442d76 f   LIBCMT:mbsrchr.obj
 0001:00041d8b       __mbsrchr_l                00442d8b f   LIBCMT:mbsrchr.obj
 0001:00041e1a       __getpath                  00442e1a f   LIBCMT:getpath.obj
 0001:00041ea5       __waccess_s                00442ea5 f   LIBCMT:waccess.obj
 0001:00041f41       ___crtsetenv               00442f41 f   LIBCMT:setenv.obj
 0001:00042242       __strnicoll_l              00443242 f   LIBCMT:strnicol.obj
 0001:00042590       ___crtCompareStringA       00443590 f   LIBCMT:a_cmp.obj
 0001:00042627       __ismbblead                00443627 f   LIBCMT:ismbbyte.obj
 0001:000426ce       __wsopen_nolock            004436ce f   LIBCMT:wopen.obj
 0001:00042e1f       _strnicmp                  00443e1f f   LIBCMT:strnicmp.obj
 0001:00042e1f       __strnicmp                 00443e1f f   LIBCMT:strnicmp.obj
 0001:00042e8a       __strnicmp_l               00443e8a f   LIBCMT:strnicmp.obj
 0001:00042f39       __fputwc_nolock            00443f39 f   LIBCMT:fputwc.obj
 0001:000430be       __ld12tod                  004440be f   LIBCMT:intrncvt.obj
 0001:0004362e       __ld12tof                  0044462e f   LIBCMT:intrncvt.obj
 0001:00043b9e       ___strgtold12_l            00444b9e f   LIBCMT:strgtold.obj
 0001:0004431a       _$I10_OUTPUT               0044531a f   LIBCMT:x10fout.obj
 0001:00044d87       __control87                00445d87 f i LIBCMT:ieee87.obj
 0001:0004511e       ___termconout              0044611e f   LIBCMT:initcon.obj
 0001:00045135       ___initconout              00446135 f   LIBCMT:initcon.obj
 0001:00045154       __towlower_l               00446154 f   LIBCMT:towlower.obj
 0001:00045206       __mbsnicmp                 00446206 f   LIBCMT:mbsnicmp.obj
 0001:0004521e       __mbsnicmp_l               0044621e f   LIBCMT:mbsnicmp.obj
 0001:000453b3       __strdup                   004463b3 f   LIBCMT:strdup.obj
 0001:00045403       __chsize_nolock            00446403 f   LIBCMT:chsize.obj
 0001:000455b7       __get_fmode                004465b7 f   LIBCMT:setmode.obj
 0001:000455e1       __setmode_nolock           004465e1 f   LIBCMT:setmode.obj
 0001:000456b0       ___ascii_strnicmp          004466b0 f   LIBCMT:_strnicm.obj
 0001:00045711       __flswbuf                  00446711 f   LIBCMT:_flswbuf.obj
 0001:00045871       ___mtold12                 00446871 f   LIBCMT:mantold.obj
 0001:00045a53       ___set_fpsr_sse2           00446a53 f   LIBCMT:fpctrl.obj
 0001:00045ac9       ___crtLCMapStringW         00446ac9 f   LIBCMT:w_map.obj
 0001:00045af8       _IsProcessorFeaturePresent@4 00446af8 f   kernel32:KERNEL32.dll
 0001:00045afe       _RtlUnwind@16              00446afe f   kernel32:KERNEL32.dll
 0001:00045b04       ___ascii_stricmp           00446b04 f   LIBCMT:stricmp.obj
 0001:00045b3d       _stricmp                   00446b3d f   LIBCMT:stricmp.obj
 0001:00045b3d       __stricmp                  00446b3d f   LIBCMT:stricmp.obj
 0001:00045b84       __stricmp_l                00446b84 f   LIBCMT:stricmp.obj
 0002:00000000       __imp__RegCloseKey@4       00447000     advapi32:ADVAPI32.dll
 0002:00000004       __imp__RegOpenKeyA@12      00447004     advapi32:ADVAPI32.dll
 0002:00000008       __imp__RegQueryValueExA@24 00447008     advapi32:ADVAPI32.dll
 0002:0000000c       __imp__GetUserNameA@8      0044700c     advapi32:ADVAPI32.dll
 0002:00000010       __imp__CopySid@12          00447010     advapi32:ADVAPI32.dll
 0002:00000014       __imp__GetLengthSid@4      00447014     advapi32:ADVAPI32.dll
 0002:00000018       __imp__RegCreateKeyA@12    00447018     advapi32:ADVAPI32.dll
 0002:0000001c       __imp__RegSetValueExA@24   0044701c     advapi32:ADVAPI32.dll
 0002:00000020       \177ADVAPI32_NULL_THUNK_DATA 00447020     advapi32:ADVAPI32.dll
 0002:00000024       __imp__SetEndOfFile@4      00447024     kernel32:KERNEL32.dll
 0002:00000028       __imp__CreateFileW@28      00447028     kernel32:KERNEL32.dll
 0002:0000002c       __imp__SetEnvironmentVariableA@8 0044702c     kernel32:KERNEL32.dll
 0002:00000030       __imp__GetFileAttributesExW@12 00447030     kernel32:KERNEL32.dll
 0002:00000034       __imp__GetExitCodeProcess@8 00447034     kernel32:KERNEL32.dll
 0002:00000038       __imp__HeapSize@12         00447038     kernel32:KERNEL32.dll
 0002:0000003c       __imp__GetTimeZoneInformation@4 0044703c     kernel32:KERNEL32.dll
 0002:00000040       __imp__LCMapStringW@24     00447040     kernel32:KERNEL32.dll
 0002:00000044       __imp__GetTickCount@0      00447044     kernel32:KERNEL32.dll
 0002:00000048       __imp__GetStdHandle@4      00447048     kernel32:KERNEL32.dll
 0002:0000004c       __imp__ReadFile@20         0044704c     kernel32:KERNEL32.dll
 0002:00000050       __imp__WriteFile@20        00447050     kernel32:KERNEL32.dll
 0002:00000054       __imp__GetConsoleMode@8    00447054     kernel32:KERNEL32.dll
 0002:00000058       __imp__SetConsoleMode@8    00447058     kernel32:KERNEL32.dll
 0002:0000005c       __imp__FreeLibrary@4       0044705c     kernel32:KERNEL32.dll
 0002:00000060       __imp__GetProcAddress@8    00447060     kernel32:KERNEL32.dll
 0002:00000064       __imp__LoadLibraryA@4      00447064     kernel32:KERNEL32.dll
 0002:00000068       __imp__CloseHandle@4       00447068     kernel32:KERNEL32.dll
 0002:0000006c       __imp__GetLastError@0      0044706c     kernel32:KERNEL32.dll
 0002:00000070       __imp__GetOverlappedResult@16 00447070     kernel32:KERNEL32.dll
 0002:00000074       __imp__SetEvent@4          00447074     kernel32:KERNEL32.dll
 0002:00000078       __imp__WaitForSingleObject@8 00447078     kernel32:KERNEL32.dll
 0002:0000007c       __imp__CreateEventA@16     0044707c     kernel32:KERNEL32.dll
 0002:00000080       __imp__CreateThread@24     00447080     kernel32:KERNEL32.dll
 0002:00000084       __imp__GetSystemDirectoryA@8 00447084     kernel32:KERNEL32.dll
 0002:00000088       __imp__FormatMessageA@28   00447088     kernel32:KERNEL32.dll
 0002:0000008c       __imp__FindClose@4         0044708c     kernel32:KERNEL32.dll
 0002:00000090       __imp__FindFirstFileA@8    00447090     kernel32:KERNEL32.dll
 0002:00000094       __imp__FindNextFileA@8     00447094     kernel32:KERNEL32.dll
 0002:00000098       __imp__QueryPerformanceCounter@4 00447098     kernel32:KERNEL32.dll
 0002:0000009c       __imp__GetProcessTimes@20  0044709c     kernel32:KERNEL32.dll
 0002:000000a0       __imp__GetCurrentProcess@0 004470a0     kernel32:KERNEL32.dll
 0002:000000a4       __imp__GetCurrentProcessId@0 004470a4     kernel32:KERNEL32.dll
 0002:000000a8       __imp__GetCurrentThread@0  004470a8     kernel32:KERNEL32.dll
 0002:000000ac       __imp__GetThreadTimes@20   004470ac     kernel32:KERNEL32.dll
 0002:000000b0       __imp__GetSystemTime@4     004470b0     kernel32:KERNEL32.dll
 0002:000000b4       __imp__GetSystemTimeAdjustment@12 004470b4     kernel32:KERNEL32.dll
 0002:000000b8       __imp__GetWindowsDirectoryA@8 004470b8     kernel32:KERNEL32.dll
 0002:000000bc       __imp__GlobalMemoryStatus@4 004470bc     kernel32:KERNEL32.dll
 0002:000000c0       __imp__GetCurrentThreadId@0 004470c0     kernel32:KERNEL32.dll
 0002:000000c4       __imp__OpenProcess@12      004470c4     kernel32:KERNEL32.dll
 0002:000000c8       __imp__MapViewOfFile@20    004470c8     kernel32:KERNEL32.dll
 0002:000000cc       __imp__UnmapViewOfFile@4   004470cc     kernel32:KERNEL32.dll
 0002:000000d0       __imp__LocalAlloc@8        004470d0     kernel32:KERNEL32.dll
 0002:000000d4       __imp__LocalFree@4         004470d4     kernel32:KERNEL32.dll
 0002:000000d8       __imp__CreateFileMappingA@24 004470d8     kernel32:KERNEL32.dll
 0002:000000dc       __imp__SetHandleInformation@12 004470dc     kernel32:KERNEL32.dll
 0002:000000e0       __imp__CreatePipe@16       004470e0     kernel32:KERNEL32.dll
 0002:000000e4       __imp__CreateProcessA@40   004470e4     kernel32:KERNEL32.dll
 0002:000000e8       __imp__SetCurrentDirectoryA@4 004470e8     kernel32:KERNEL32.dll
 0002:000000ec       __imp__GetCurrentDirectoryA@8 004470ec     kernel32:KERNEL32.dll
 0002:000000f0       __imp__CreateDirectoryA@8  004470f0     kernel32:KERNEL32.dll
 0002:000000f4       __imp__CreateFileA@28      004470f4     kernel32:KERNEL32.dll
 0002:000000f8       __imp__GetFileAttributesA@4 004470f8     kernel32:KERNEL32.dll
 0002:000000fc       __imp__GetFileSize@8       004470fc     kernel32:KERNEL32.dll
 0002:00000100       __imp__GetFileTime@16      00447100     kernel32:KERNEL32.dll
 0002:00000104       __imp__SetFilePointer@16   00447104     kernel32:KERNEL32.dll
 0002:00000108       __imp__WaitForMultipleObjects@16 00447108     kernel32:KERNEL32.dll
 0002:0000010c       __imp__GetEnvironmentVariableA@12 0044710c     kernel32:KERNEL32.dll
 0002:00000110       __imp__GetLocalTime@4      00447110     kernel32:KERNEL32.dll
 0002:00000114       __imp__GetFileType@4       00447114     kernel32:KERNEL32.dll
 0002:00000118       __imp__GetModuleFileNameW@12 00447118     kernel32:KERNEL32.dll
 0002:0000011c       __imp__GetModuleHandleExW@12 0044711c     kernel32:KERNEL32.dll
 0002:00000120       __imp__WriteConsoleW@20    00447120     kernel32:KERNEL32.dll
 0002:00000124       __imp__EnterCriticalSection@4 00447124     kernel32:KERNEL32.dll
 0002:00000128       __imp__LeaveCriticalSection@4 00447128     kernel32:KERNEL32.dll
 0002:0000012c       __imp__MultiByteToWideChar@24 0044712c     kernel32:KERNEL32.dll
 0002:00000130       __imp__WideCharToMultiByte@32 00447130     kernel32:KERNEL32.dll
 0002:00000134       __imp__HeapFree@12         00447134     kernel32:KERNEL32.dll
 0002:00000138       __imp__HeapAlloc@12        00447138     kernel32:KERNEL32.dll
 0002:0000013c       __imp__HeapReAlloc@16      0044713c     kernel32:KERNEL32.dll
 0002:00000140       __imp__EncodePointer@4     00447140     kernel32:KERNEL32.dll
 0002:00000144       __imp__DecodePointer@4     00447144     kernel32:KERNEL32.dll
 0002:00000148       __imp__InterlockedDecrement@4 00447148     kernel32:KERNEL32.dll
 0002:0000014c       __imp__ExitProcess@4       0044714c     kernel32:KERNEL32.dll
 0002:00000150       __imp__AreFileApisANSI@0   00447150     kernel32:KERNEL32.dll
 0002:00000154       __imp__IsProcessorFeaturePresent@4 00447154     kernel32:KERNEL32.dll
 0002:00000158       __imp__GetSystemTimeAsFileTime@4 00447158     kernel32:KERNEL32.dll
 0002:0000015c       __imp__GetCommandLineA@0   0044715c     kernel32:KERNEL32.dll
 0002:00000160       __imp__IsDebuggerPresent@0 00447160     kernel32:KERNEL32.dll
 0002:00000164       __imp__InitializeCriticalSectionAndSpinCount@8 00447164     kernel32:KERNEL32.dll
 0002:00000168       __imp__DeleteCriticalSection@4 00447168     kernel32:KERNEL32.dll
 0002:0000016c       __imp__GetStartupInfoW@4   0044716c     kernel32:KERNEL32.dll
 0002:00000170       __imp__RtlUnwind@16        00447170     kernel32:KERNEL32.dll
 0002:00000174       __imp__OutputDebugStringW@4 00447174     kernel32:KERNEL32.dll
 0002:00000178       __imp__LoadLibraryExW@12   00447178     kernel32:KERNEL32.dll
 0002:0000017c       __imp__LoadLibraryW@4      0044717c     kernel32:KERNEL32.dll
 0002:00000180       __imp__Sleep@4             00447180     kernel32:KERNEL32.dll
 0002:00000184       __imp__FlushFileBuffers@4  00447184     kernel32:KERNEL32.dll
 0002:00000188       __imp__GetConsoleCP@0      00447188     kernel32:KERNEL32.dll
 0002:0000018c       __imp__InterlockedIncrement@4 0044718c     kernel32:KERNEL32.dll
 0002:00000190       __imp__IsValidCodePage@4   00447190     kernel32:KERNEL32.dll
 0002:00000194       __imp__GetACP@0            00447194     kernel32:KERNEL32.dll
 0002:00000198       __imp__GetOEMCP@0          00447198     kernel32:KERNEL32.dll
 0002:0000019c       __imp__GetCPInfo@8         0044719c     kernel32:KERNEL32.dll
 0002:000001a0       __imp__SetLastError@4      004471a0     kernel32:KERNEL32.dll
 0002:000001a4       __imp__GetProcessHeap@0    004471a4     kernel32:KERNEL32.dll
 0002:000001a8       __imp__UnhandledExceptionFilter@4 004471a8     kernel32:KERNEL32.dll
 0002:000001ac       __imp__SetUnhandledExceptionFilter@4 004471ac     kernel32:KERNEL32.dll
 0002:000001b0       __imp__TerminateProcess@8  004471b0     kernel32:KERNEL32.dll
 0002:000001b4       __imp__TlsAlloc@0          004471b4     kernel32:KERNEL32.dll
 0002:000001b8       __imp__TlsGetValue@4       004471b8     kernel32:KERNEL32.dll
 0002:000001bc       __imp__TlsSetValue@8       004471bc     kernel32:KERNEL32.dll
 0002:000001c0       __imp__TlsFree@4           004471c0     kernel32:KERNEL32.dll
 0002:000001c4       __imp__GetModuleHandleW@4  004471c4     kernel32:KERNEL32.dll
 0002:000001c8       __imp__ReadConsoleW@20     004471c8     kernel32:KERNEL32.dll
 0002:000001cc       __imp__DeleteFileW@4       004471cc     kernel32:KERNEL32.dll
 0002:000001d0       __imp__GetModuleFileNameA@12 004471d0     kernel32:KERNEL32.dll
 0002:000001d4       __imp__GetEnvironmentStringsW@0 004471d4     kernel32:KERNEL32.dll
 0002:000001d8       __imp__FreeEnvironmentStringsW@4 004471d8     kernel32:KERNEL32.dll
 0002:000001dc       __imp__SetStdHandle@8      004471dc     kernel32:KERNEL32.dll
 0002:000001e0       __imp__SetFilePointerEx@20 004471e0     kernel32:KERNEL32.dll
 0002:000001e4       __imp__GetStringTypeW@16   004471e4     kernel32:KERNEL32.dll
 0002:000001e8       __imp__GetDateFormatW@24   004471e8     kernel32:KERNEL32.dll
 0002:000001ec       __imp__GetTimeFormatW@24   004471ec     kernel32:KERNEL32.dll
 0002:000001f0       __imp__CompareStringW@24   004471f0     kernel32:KERNEL32.dll
 0002:000001f4       \177KERNEL32_NULL_THUNK_DATA 004471f4     kernel32:KERNEL32.dll
 0002:000001f8       __imp__FindWindowA@8       004471f8     user32:USER32.dll
 0002:000001fc       __imp__SendMessageA@16     004471fc     user32:USER32.dll
 0002:00000200       __imp__GetCursorPos@4      00447200     user32:USER32.dll
 0002:00000204       __imp__GetForegroundWindow@0 00447204     user32:USER32.dll
 0002:00000208       __imp__GetCapture@0        00447208     user32:USER32.dll
 0002:0000020c       __imp__GetQueueStatus@4    0044720c     user32:USER32.dll
 0002:00000210       __imp__GetClipboardOwner@0 00447210     user32:USER32.dll
 0002:00000214       \177USER32_NULL_THUNK_DATA 00447214     user32:USER32.dll
 0002:00000218       ___xc_a                    00447218     LIBCMT:crt0init.obj
 0002:0000021c       ___xc_z                    0044721c     LIBCMT:crt0init.obj
 0002:00000220       ___xi_a                    00447220     LIBCMT:crt0init.obj
 0002:00000238       ___xi_z                    00447238     LIBCMT:crt0init.obj
 0002:0000023c       ___xp_a                    0044723c     LIBCMT:crt0init.obj
 0002:0000024c       ___xp_z                    0044724c     LIBCMT:crt0init.obj
 0002:00000250       ___xt_a                    00447250     LIBCMT:crt0init.obj
 0002:00000254       ___xt_z                    00447254     LIBCMT:crt0init.obj
 0002:00000260       _be_default_protocol       00447260     be_ssh.obj
 0002:00000264       ??_C@_0CH@BBHEKEDE@option?5?$CC?$CFs?$CC?5not?5available?5in?5thi@ 00447264     cmdline.obj
 0002:0000028c       ??_C@_05ICAMDKBJ@?9load?$AA@ 0044728c     cmdline.obj
 0002:00000294       ??_C@_04ICJFNLID@?9ssh?$AA@ 00447294     cmdline.obj
 0002:0000029c       ??_C@_07DKMEJCIF@?9telnet?$AA@ 0044729c     cmdline.obj
 0002:000002a4       ??_C@_07PNIEMAJC@?9rlogin?$AA@ 004472a4     cmdline.obj
 0002:000002ac       ??_C@_04OINBMFGG@?9raw?$AA@ 004472ac     cmdline.obj
 0002:000002b4       ??_C@_07DIHGINNE@?9serial?$AA@ 004472b4     cmdline.obj
 0002:000002bc       ??_C@_02EJEOCNCO@?9v?$AA@  004472bc     cmdline.obj
 0002:000002c0       ??_C@_02PJGDNHPF@?9l?$AA@  004472c0     cmdline.obj
 0002:000002c4       ??_C@_08FCOAIJJN@?9loghost?$AA@ 004472c4     cmdline.obj
 0002:000002d0       ??_C@_02GMOHPDFH@?9L?$AA@  004472d0     cmdline.obj
 0002:000002d4       ??_C@_02LIKGMMII@?9R?$AA@  004472d4     cmdline.obj
 0002:000002d8       ??_C@_02KEDOHJFP@?9D?$AA@  004472d8     cmdline.obj
 0002:000002dc       ??_C@_0DA@NDNLCDCP@?9?$CFc?5expects?5at?5least?5two?5colons?5@ 004472dc     cmdline.obj
 0002:0000030c       ??_C@_06JHCNKDE@?$CFc?$CF?4?$CKs?$AA@ 0044730c     cmdline.obj
 0002:00000314       ??_C@_03DFONGJFI@L?$CFs?$AA@ 00447314     cmdline.obj
 0002:00000318       ??_C@_01CKDDGHAB@D?$AA@    00447318     cmdline.obj
 0002:0000031c       ??_C@_03IAHKIJEO@?9nc?$AA@ 0044731c     cmdline.obj
 0002:00000320       ??_C@_0CJ@EADAEIPK@?9nc?5expects?5argument?5of?5form?5?8ho@ 00447320     cmdline.obj
 0002:0000034c       ??_C@_04EBNJJJJI@?$CF?4?$CKs?$AA@ 0044734c     cmdline.obj
 0002:00000354       ??_C@_02OAHIOGLE@?9m?$AA@  00447354     cmdline.obj
 0002:00000358       ??_C@_01KDCPPGHE@r?$AA@    00447358     cmdline.obj
 0002:0000035c       ??_C@_0CB@LNEDGKNN@unable?5to?5open?5command?5file?5?$CC?$CFs?$CC@ 0044735c     cmdline.obj
 0002:0000037d       ??_C@_00CNPNBAHC@?$AA@     0044737d     cmdline.obj
 0002:00000380       ??_C@_02IKJAKOAK@?9P?$AA@  00447380     cmdline.obj
 0002:00000384       ??_C@_03LIGMNAGB@?9pw?$AA@ 00447384     cmdline.obj
 0002:00000388       ??_C@_0DG@HOAILDLM@the?5?9pw?5option?5can?5only?5be?5used?5@ 00447388     cmdline.obj
 0002:000003c0       ??_C@_06CBKBFCJG@?9agent?$AA@ 004473c0     cmdline.obj
 0002:000003c8       ??_C@_07PJJOKNHB@?9pagent?$AA@ 004473c8     cmdline.obj
 0002:000003d0       ??_C@_08CFHKFFAF@?9pageant?$AA@ 004473d0     cmdline.obj
 0002:000003dc       ??_C@_08DPIPCKGL@?9noagent?$AA@ 004473dc     cmdline.obj
 0002:000003e8       ??_C@_09DKIMANKI@?9nopagent?$AA@ 004473e8     cmdline.obj
 0002:000003f4       ??_C@_0L@NKLGCNNF@?9nopageant?$AA@ 004473f4     cmdline.obj
 0002:00000400       ??_C@_02NJEJINBK@?9A?$AA@  00447400     cmdline.obj
 0002:00000404       ??_C@_02EMMNKJLI@?9a?$AA@  00447404     cmdline.obj
 0002:00000408       ??_C@_02ECEJCEAC@?9X?$AA@  00447408     cmdline.obj
 0002:0000040c       ??_C@_02NHMNAAKA@?9x?$AA@  0044740c     cmdline.obj
 0002:00000410       ??_C@_02HLHIEPKM@?9t?$AA@  00447410     cmdline.obj
 0002:00000414       ??_C@_02OOPMGLAO@?9T?$AA@  00447414     cmdline.obj
 0002:00000418       ??_C@_02FONBJBNF@?9N?$AA@  00447418     cmdline.obj
 0002:0000041c       ??_C@_02OLHPOPJI@?9C?$AA@  0044741c     cmdline.obj
 0002:00000420       ??_C@_02PGHGPEOM@?91?$AA@  00447420     cmdline.obj
 0002:00000424       ??_C@_02NNFLKHCP@?92?$AA@  00447424     cmdline.obj
 0002:00000428       ??_C@_02IEBECDLA@?9i?$AA@  00447428     cmdline.obj
 0002:0000042c       ??_C@_02ILABAAKJ@?94?$AA@  0044742c     cmdline.obj
 0002:00000430       ??_C@_05OBEEBKAB@?9ipv4?$AA@ 00447430     cmdline.obj
 0002:00000438       ??_C@_02LJDHGCCL@?96?$AA@  00447438     cmdline.obj
 0002:0000043c       ??_C@_05NDHCHIID@?9ipv6?$AA@ 0044743c     cmdline.obj
 0002:00000444       ??_C@_07LBHAKCPO@?9sercfg?$AA@ 00447444     cmdline.obj
 0002:0000044c       ??_C@_0DN@IIMHHOGI@the?5?9sercfg?5option?5can?5only?5be?5u@ 0044744c     cmdline.obj
 0002:0000048c       ??_C@_0CE@OGBPPBHP@Unrecognised?5suboption?5?$CC?9sercfg?5@ 0044748c     cmdline.obj
 0002:000004b0       ??_C@_03GMOBGHL@1?45?$AA@  004474b0     cmdline.obj
 0002:000004b4       ??_C@_0CE@PKDJFCAP@Unrecognised?5suboption?5?$CC?9sercfg?5@ 004474b4     cmdline.obj
 0002:000004d8       ??_C@_1BE@LPNLDGNE@?$AA?4?$AA?4?$AA?2?$AAc?$AAo?$AAn?$AAf?$AA?4?$AAc?$AA?$AA@ 004474d8     conf.obj
 0002:000004ec       ??_C@_1CE@CCKFHKHB@?$AAo?$AAl?$AAd?$AAe?$AAn?$AAt?$AAr?$AAy?$AA?5?$AA?$DN?$AA?$DN?$AA?5?$AAe?$AAn?$AAt?$AAr?$AAy?$AA?$AA@ 004474ec     conf.obj
 0002:00000510       ??_C@_1EE@EEKAMFKN@?$AAs?$AAu?$AAb?$AAk?$AAe?$AAy?$AAt?$AAy?$AAp?$AAe?$AAs?$AA?$FL?$AAp?$AAr?$AAi?$AAm?$AAa?$AAr?$AAy?$AA?$FN?$AA?5?$AA?$DN?$AA?$DN?$AA?5?$AAT?$AAY?$AAP?$AAE?$AA_?$AAN?$AAO?$AAN@ 00447510     conf.obj
 0002:00000558       ??_C@_1EA@EHPHCNLC@?$AAv?$AAa?$AAl?$AAu?$AAe?$AAt?$AAy?$AAp?$AAe?$AAs?$AA?$FL?$AAp?$AAr?$AAi?$AAm?$AAa?$AAr?$AAy?$AA?$FN?$AA?5?$AA?$DN?$AA?$DN?$AA?5?$AAT?$AAY?$AAP?$AAE?$AA_?$AAI?$AAN?$AAT?$AA?$AA@ 00447558     conf.obj
 0002:00000598       ??_C@_1M@IDDCMKPN@?$AAe?$AAn?$AAt?$AAr?$AAy?$AA?$AA@ 00447598     conf.obj
[...]
 0002:0000be98       _sbox0                     00452e98     sshblowf.obj
 0002:0000c298       _sbox1                     00453298     sshblowf.obj
 0002:0000c698       _sbox2                     00453698     sshblowf.obj
 0002:0000ca98       _sbox3                     00453a98     sshblowf.obj
 0002:0000cf68       _crc32_table               00453f68     sshcrc.obj
 0002:0000d460       _ssh_3des_ssh2             00454460     sshdes.obj
 0002:0000d48c       _ssh_3des_ssh2_ctr         0045448c     sshdes.obj
 0002:0000d4b8       _ssh_des_ssh2              004544b8     sshdes.obj
 0002:0000d4e4       _ssh_des_sshcom_ssh2       004544e4     sshdes.obj
 0002:0000d510       _des3_list                 00454510     sshdes.obj
 0002:0000d518       _des_list                  00454518     sshdes.obj
 0002:0000d520       ?PC1_Cbits@?1??des_key_setup@@9@9 00454520     sshdes.obj
 0002:0000d590       ?PC1_Dbits@?1??des_key_setup@@9@9 00454590     sshdes.obj
 0002:0000d600       ?PC2_0246@?1??des_key_setup@@9@9 00454600     sshdes.obj
 0002:0000d680       ?PC2_1357@?1??des_key_setup@@9@9 00454680     sshdes.obj
 0002:0000d700       ?leftshifts@?1??des_key_setup@@9@9 00454700     sshdes.obj
 0002:0000d740       _SPboxes                   00454740     sshdes.obj
 0002:0000dff0       _P1                        00454ff0     sshdh.obj
 0002:0000e070       _P14                       00455070     sshdh.obj
 0002:0000e170       _G                         00455170     sshdh.obj
 0002:0000e174       _ssh_diffiehellman_group1_sha1 00455174     sshdh.obj
 0002:0000e194       _group1_list               00455194     sshdh.obj
 0002:0000e198       _ssh_diffiehellman_group14_sha1 00455198     sshdh.obj
 0002:0000e1b8       _group14_list              004551b8     sshdh.obj
 0002:0000e1bc       _ssh_diffiehellman_gex_sha256 004551bc     sshdh.obj
 0002:0000e1dc       _ssh_diffiehellman_gex_sha1 004551dc     sshdh.obj
 0002:0000e1fc       _gex_list                  004551fc     sshdh.obj
 0002:0000e2d0       ?hex@?1??dss_fmtkey@@9@9   004552d0     sshdss.obj
 0002:0000e69c       ?hex@?1??rsastr_fmt@@9@9   0045569c     sshrsa.obj
 0002:0000e6f0       _asn1_weird_stuff          004556f0     sshrsa.obj
 0002:0000e700       _ssh_rsa_kex_sha1          00455700     sshrsa.obj
 0002:0000e720       _ssh_rsa_kex_sha256        00455720     sshrsa.obj
 0002:0000e740       _rsa_kex_list              00455740     sshrsa.obj
 0002:0000e8f0       ?k@?1??SHA256_Block@@9@9   004558f0     sshsh256.obj
 0002:0000ea18       ?iv@?1??SHA512_Core_Init@@9@9 00455a18     sshsh512.obj
 0002:0000ea58       ?k@?1??SHA512_Block@@9@9   00455a58     sshsh512.obj
 0002:0000ee28       _mirrorbytes               00455e28     sshzlib.obj
 0002:0000ef28       _lencodes                  00455f28     sshzlib.obj
 0002:0000f084       ?lenlenmap@?1??zlib_decompress_block@@9@9 00456084     sshzlib.obj
 0002:0000f098       _distcodes                 00456098     sshzlib.obj
 0002:0000f3a8       ?absentmsg_batch@?1??verify_ssh_host_key@@9@9 004563a8     wincons.obj
 0002:0000f468       ?absentmsg@?1??verify_ssh_host_key@@9@9 00456468     wincons.obj
 0002:0000f628       ?wrongmsg_batch@?1??verify_ssh_host_key@@9@9 00456628     wincons.obj
 0002:0000f770       ?wrongmsg@?1??verify_ssh_host_key@@9@9 00456770     wincons.obj
 0002:0000fa18       ?abandoned@?1??verify_ssh_host_key@@9@9 00456a18     wincons.obj
 0002:0000fa30       ?msg@?1??askalg@@9@9       00456a30     wincons.obj
 0002:0000fab0       ?msg_batch@?1??askalg@@9@9 00456ab0     wincons.obj
 0002:0000fb24       ?abandoned@?1??askalg@@9@9 00456b24     wincons.obj
 0002:0000fb40       ?msgtemplate@?1??askappend@@9@9 00456b40     wincons.obj
 0002:0000fc80       ?msgtemplate_batch@?1??askappend@@9@9 00456c80     wincons.obj
 0002:0000fcd0       ?message@?1??old_keyfile_warning@@9@9 00456cd0     wincons.obj
 0002:00010738       ?fn_table@?1??sk_register@@9@9 00457738     winnet.obj
 0002:00010760       ?fn_table@?1??sk_new@@9@9  00457760     winnet.obj
 0002:00010788       ?fn_table@?1??sk_newlistener@@9@9 00457788     winnet.obj
 0002:00011308       ?socket_fn_table@?1??platform_new_connection@@9@9 00458308     winproxy.obj
 0002:000113a4       ?eventtypes@?8??do_eventsel_loop@@9@9 004583a4     winsftp.obj
 0002:00011478       _reg_jumplist_key          00458478     winstore.obj
 0002:0001147c       _reg_jumplist_value        0045847c     winstore.obj
 0002:00011480       _puttystr                  00458480     winstore.obj
 0002:00011484       _hex                       00458484     winstore.obj
 0002:000115a4       ?zeroes@?5??x11_send@@9@9  004585a4     x11fwd.obj
 0002:000115b4       _dummy_plug                004585b4     x11fwd.obj
 0002:000115c8       ?fn_table@?1??x11_init@@9@9 004585c8     x11fwd.obj
 0002:00011b24       ?ccsField@?P@??_openfile@@9@9 00458b24     LIBCMT:_open.obj
 0002:00011b28       ?utf8encoding@?P@??_openfile@@9@9 00458b28     LIBCMT:_open.obj
 0002:00011b30       ?utf16encoding@?P@??_openfile@@9@9 00458b30     LIBCMT:_open.obj
 0002:00011b3c       ?unicodeencoding@?P@??_openfile@@9@9 00458b3c     LIBCMT:_open.obj
 0002:00012448       _rterrs                    00459448     LIBCMT:crt0msg.obj
 0002:00012590       _GS_ExceptionPointers      00459590     LIBCMT:gs_report.obj
 0002:0001260c       __mb_locale_names          0045960c     LIBCMT:mbctype.obj
 0002:000129a8       __first_127char            004599a8     LIBCMT:wsetloca.obj
 0002:00015770       __sehtable$_fclose         0045c770     LIBCMT:fclose.obj
 0002:00015790       __sehtable$_fgetc          0045c790     LIBCMT:fgetc.obj
 0002:000157b0       __sehtable$__fsopen        0045c7b0     LIBCMT:fopen.obj
 0002:000157d0       __sehtable$_fflush         0045c7d0     LIBCMT:fflush.obj
 0002:000157f0       __sehtable$_flsall         0045c7f0     LIBCMT:fflush.obj
 0002:00015818       __sehtable$_fprintf        0045c818     LIBCMT:fprintf.obj
 0002:00015838       __sehtable$_fwrite         0045c838     LIBCMT:fwrite.obj
 0002:00015858       __sehtable$_fgets          0045c858     LIBCMT:fgets.obj
 0002:00015878       __sehtable$_fputs          0045c878     LIBCMT:fputs.obj
 0002:00015898       __sehtable$_printf         0045c898     LIBCMT:printf.obj
 0002:000158b8       __sehtable$_vfprintf_helper 0045c8b8     LIBCMT:vfprintf.obj
 0002:000158d8       __sehtable$_doexit         0045c8d8     LIBCMT:crt0dat.obj
 0002:000158f8       __sehtable$_fputc          0045c8f8     LIBCMT:fputc.obj
 0002:00015918       __sehtable$_fread_s        0045c918     LIBCMT:fread.obj
 0002:00015938       __sehtable$_ungetc         0045c938     LIBCMT:ungetc.obj
 0002:00015958       __sehtable$_getenv         0045c958     LIBCMT:getenv.obj
 0002:00015978       __sehtable$__dupenv_s      0045c978     LIBCMT:getenv.obj
 0002:00015998       __sehtable$___tmainCRTStartup 0045c998     LIBCMT:crt0.obj
 0002:000159b8       __sehtable$__close         0045c9b8     LIBCMT:close.obj
 0002:000159d8       __sehtable$__ioinit        0045c9d8     LIBCMT:ioinit.obj
 0002:000159f8       __sehtable$__getstream     0045c9f8     LIBCMT:stream.obj
 0002:00015a18       __sehtable$_setvbuf        0045ca18     LIBCMT:setvbuf.obj
 0002:00015a38       __sehtable$_fwprintf       0045ca38     LIBCMT:fwprintf.obj
 0002:00015a58       __sehtable$_raise          0045ca58     LIBCMT:winsig.obj
 0002:00015a78       __sehtable$__fcloseall     0045ca78     LIBCMT:closeall.obj
 0002:00015a98       __sehtable$__mtinitlocknum 0045ca98     LIBCMT:mlock.obj
 0002:00015ab8       __sehtable$__commit        0045cab8     LIBCMT:commit.obj
 0002:00015ad8       __sehtable$__write         0045cad8     LIBCMT:write.obj
 0002:00015af8       __sehtable$___updatetlocinfo 0045caf8     LIBCMT:localref.obj
 0002:00015b18       __sehtable$___updatetmbcinfo 0045cb18     LIBCMT:mbctype.obj
 0002:00015b38       __sehtable$__setmbcp       0045cb38     LIBCMT:mbctype.obj
 0002:00015b58       __sehtable$__freefls@4     0045cb58     LIBCMT:tidtable.obj
 0002:00015b80       __sehtable$__initptd       0045cb80     LIBCMT:tidtable.obj
 0002:00015ba8       __sehtable$__locterm       0045cba8     LIBCMT:wsetloca.obj
 0002:00015bc8       __sehtable$__IsNonwritableInCurrentImage 0045cbc8     LIBCMT:pesect.obj
 0002:00015be8       __sehtable$__onexit        0045cbe8     LIBCMT:onexit.obj
 0002:00015c08       __sehtable$?terminate@@YAXXZ 0045cc08     LIBCMT:hooks.obj
 0002:00015c28       __sehtable$__read          0045cc28     LIBCMT:read.obj
 0002:00015c48       __sehtable$__alloc_osfhnd  0045cc48     LIBCMT:osfinfo.obj
 0002:00015c70       __sehtable$___lock_fhandle 0045cc70     LIBCMT:osfinfo.obj
 0002:00015c90       __sehtable$__sopen_helper  0045cc90     LIBCMT:open.obj
 0002:00015cb0       __sehtable$__lseeki64      0045ccb0     LIBCMT:lseeki64.obj
 0002:00015cd0       __sehtable$___tzset        0045ccd0     LIBCMT:tzset.obj
 0002:00015cf0       __sehtable$__tzset_nolock  0045ccf0     LIBCMT:tzset.obj
 0002:00015d10       __sehtable$___set_fpsr_sse2 0045cd10     LIBCMT:fpctrl.obj
 0002:00016010       .idata$6                   0045d010     advapi32:ADVAPI32.dll
 0002:00016096       .idata$6                   0045d096     user32:USER32.dll
 0002:0001690a       .idata$6                   0045d90a     kernel32:KERNEL32.dll
 0003:00000008       _subkeytypes               0045e008     conf.obj
 0003:000002c0       _valuetypes                0045e2c0     conf.obj
 0003:00000590       _gss_mech_krb5_desc        0045e590     pgssapi.obj
 0003:00000598       _sftp_lookup               0045e598     psftp.obj
 0003:000007c8       _hostkey_algs              0045e7c8     ssh.obj
 0003:000007d0       _macs                      0045e7d0     ssh.obj
 0003:000007e0       _buggymacs                 0045e7e0     ssh.obj
 0003:000007ec       _compressions              0045e7ec     ssh.obj
 0003:000007f4       ?noprompt@?IA@??do_ssh2_authconn@@9@9 0045e7f4     ssh.obj
 0003:000008c8       _sftp_ssh_socket           0045e8c8     winsftp.obj
 0003:000008cc       _netevent                  0045e8cc     winsftp.obj
 0003:000008d0       __assertstring             0045e8d0     LIBCMT:wassert.obj
 0003:00000920       _dotdotdot                 0045e920     LIBCMT:wassert.obj
 0003:00000924       _newline                   0045e924     LIBCMT:wassert.obj
 0003:00000928       _dblnewline                0045e928     LIBCMT:wassert.obj
 0003:00000bd0       _errtable                  0045ebd0     LIBCMT:dosmap.obj
 0003:00000d38       _ErrnoNoMem                0045ed38     LIBCMT:dosmap.obj
 0003:00000d3c       _DoserrorNoMem             0045ed3c     LIBCMT:dosmap.obj
 0003:00000db0       __locktable                0045edb0     LIBCMT:mlock.obj
 0003:00000edc       ___rgctypeflag             0045eedc     LIBCMT:mbctype.obj
 0003:00000ee0       ___rgcode_page_info        0045eee0     LIBCMT:mbctype.obj
 0003:00001630       __ctype_loc_style          0045f630     LIBCMT:wsetloca.obj
 0003:00001634       ?isPackaged@?1??__crtIsPackagedApp@@9@9 0045f634     LIBCMT:winapisupp.obj
 0003:00001638       _ext_strings               0045f638     LIBCMT:spawnve.obj
 0003:000017d0       _dststart                  0045f7d0     LIBCMT:tzset.obj
 0003:000017dc       _dstend                    0045f7dc     LIBCMT:tzset.obj
 0003:000017f8       _tzstd                     0045f7f8     LIBCMT:timeset.obj
 0003:00001838       _tzdst                     0045f838     LIBCMT:timeset.obj
 0003:00001884       _DoubleFormat              0045f884     LIBCMT:intrncvt.obj
 0003:0000189c       _FloatFormat               0045f89c     LIBCMT:intrncvt.obj
 0003:00001bdc       _over                      0045fbdc     LIBCMT:fpctrl.obj
 0003:00001be8       _under                     0045fbe8     LIBCMT:fpctrl.obj
 0003:00001bf4       ?__DAZ_ENABLED@?1??__set_fpsr_sse2@@9@9 0045fbf4     LIBCMT:fpctrl.obj
 0003:00001c04       _cmdline_password          0045fc04     cmdline.obj
 0003:00001c08       ?tried_once@?1??cmdline_get_passwd_input@@9@9 0045fc08     cmdline.obj
 0003:00001c0c       _saves                     0045fc0c     cmdline.obj
 0003:00001c28       _verbose                   0045fc28     psftp.obj
 0003:00001c2c       _pending                   0045fc2c     psftp.obj
 0003:00001c30       _pendlen                   0045fc30     psftp.obj
 0003:00001c34       _pendsize                  0045fc34     psftp.obj
 0003:00001c38       _back                      0045fc38     psftp.obj
 0003:00001c3c       _backhandle                0045fc3c     psftp.obj
 0003:00001c40       _conf                      0045fc40     psftp.obj
 0003:00001c44       _outptr                    0045fc44     psftp.obj
 0003:00001c48       _outlen                    0045fc48     psftp.obj
 0003:00001c4c       _fxp_error_message         0045fc4c     sftp.obj
 0003:00001c50       _fxp_errtype               0045fc50     sftp.obj
 0003:00001c54       _sftp_requests             0045fc54     sftp.obj
 0003:00001c58       ?ssh_specials@?1??ssh_get_specials@@9@9 0045fc58     ssh.obj
 0003:00001d18       _pool                      0045fd18     sshrand.obj
 0003:00002228       _timers                    00460228     timing.obj
 0003:0000222c       _timer_contexts            0046022c     timing.obj
 0003:00002230       _now                       00460230     timing.obj
 0003:00002238       _console_logctx            00460238     wincons.obj
 0003:00002240       _p_AcquireCredentialsHandleA 00460240     wingss.obj
 0003:00002244       _p_InitializeSecurityContextA 00460244     wingss.obj
 0003:00002248       _p_FreeContextBuffer       00460248     wingss.obj
 0003:0000224c       _p_FreeCredentialsHandle   0046024c     wingss.obj
 0003:00002250       _p_DeleteSecurityContext   00460250     wingss.obj
 0003:00002254       _p_QueryContextAttributesA 00460254     wingss.obj
 0003:00002258       _p_MakeSignature           00460258     wingss.obj
 0003:0000225c       _handles_by_evtomain       0046025c     winhandl.obj
 0003:00002260       ?tried_usernameex@?2??get_username@@9@9 00460260     winmisc.obj
 0003:00002264       ?sysdir@?1??load_system32_dll@@9@9 00460264     winmisc.obj
 0003:00002268       ?p_GetUserNameExA@?1??get_username@@9@9 00460268     winmisc.obj
 0003:00002270       _winsock_module            00460270     winnet.obj
 0003:00002274       _winsock2_module           00460274     winnet.obj
 0003:00002278       _wship6_module             00460278     winnet.obj
 0003:0000227c       _errstrings                0046027c     winnet.obj
 0003:00002280       _sktree                    00460280     winnet.obj
 0003:00002284       _p_WSAStartup              00460284     winnet.obj
 0003:00002288       _p_WSACleanup              00460288     winnet.obj
 0003:0000228c       _p_closesocket             0046028c     winnet.obj
 0003:00002290       _p_ntohl                   00460290     winnet.obj
 0003:00002294       _p_htonl                   00460294     winnet.obj
 0003:00002298       _p_htons                   00460298     winnet.obj
 0003:0000229c       _p_ntohs                   0046029c     winnet.obj
 0003:000022a0       _p_gethostname             004602a0     winnet.obj
 0003:000022a4       _p_gethostbyname           004602a4     winnet.obj
 0003:000022a8       _p_getservbyname           004602a8     winnet.obj
 0003:000022ac       _p_inet_addr               004602ac     winnet.obj
 0003:000022b0       _p_inet_ntoa               004602b0     winnet.obj
 0003:000022b4       _p_connect                 004602b4     winnet.obj
 0003:000022b8       _p_bind                    004602b8     winnet.obj
 0003:000022bc       _p_setsockopt              004602bc     winnet.obj
 0003:000022c0       _p_socket                  004602c0     winnet.obj
 0003:000022c4       _p_listen                  004602c4     winnet.obj
 0003:000022c8       _p_send                    004602c8     winnet.obj
 0003:000022cc       _p_shutdown                004602cc     winnet.obj
 0003:000022d0       _p_ioctlsocket             004602d0     winnet.obj
 0003:000022d4       _p_accept                  004602d4     winnet.obj
 0003:000022d8       _p_recv                    004602d8     winnet.obj
 0003:000022dc       _p_WSAIoctl                004602dc     winnet.obj
 0003:000022e0       _p_getaddrinfo             004602e0     winnet.obj
 0003:000022e4       _p_freeaddrinfo            004602e4     winnet.obj
 0003:000022e8       _p_getnameinfo             004602e8     winnet.obj
 0003:000022ec       _p_gai_strerror            004602ec     winnet.obj
 0003:000022f0       _p_WSAAddressToStringA     004602f0     winnet.obj
 0003:000022f4       _n_local_interfaces        004602f4     winnet.obj
 0003:000022f8       _wsadata                   004602f8     winnet.obj
 0003:00002488       _local_interfaces          00460488     winnet.obj
 0003:0000294c       _advapi                    0046094c     winpgntc.obj
 0003:00002950       _p_OpenProcessToken        00460950     winpgntc.obj
 0003:00002954       _p_GetTokenInformation     00460954     winpgntc.obj
 0003:00002958       _p_InitializeSecurityDescriptor 00460958     winpgntc.obj
 0003:0000295c       _p_SetSecurityDescriptorOwner 0046095c     winpgntc.obj
 0003:00002960       _tried_shgetfolderpath     00460960     winstore.obj
 0003:00002964       _shell32_module            00460964     winstore.obj
 0003:00002968       _p_SHGetFolderPathA        00460968     winstore.obj
 0003:00002974       ___enable_percent_n        00460974     LIBCMT:printf.obj
 0003:00002ac4       _ctrlc_action              00460ac4     LIBCMT:winsig.obj
 0003:00002ac8       _ctrlbreak_action          00460ac8     LIBCMT:winsig.obj
 0003:00002acc       _abort_action              00460acc     LIBCMT:winsig.obj
 0003:00002ad0       _term_action               00460ad0     LIBCMT:winsig.obj
 0003:00002ad4       _ConsoleCtrlHandler_Installed 00460ad4     LIBCMT:winsig.obj
 0003:00002ad8       ?pfnMessageBox@?1??__crtMessageBoxW@@9@9 00460ad8     LIBCMT:crtmboxw.obj
 0003:00002adc       ?pfnGetActiveWindow@?1??__crtMessageBoxW@@9@9 00460adc     LIBCMT:crtmboxw.obj
 0003:00002ae0       ?pfnGetLastActivePopup@?1??__crtMessageBoxW@@9@9 00460ae0     LIBCMT:crtmboxw.obj
 0003:00002ae4       ?pfnGetProcessWindowStation@?1??__crtMessageBoxW@@9@9 00460ae4     LIBCMT:crtmboxw.obj
 0003:00002ae8       ?pfnGetUserObjectInformation@?1??__crtMessageBoxW@@9@9 00460ae8     LIBCMT:crtmboxw.obj
 0003:00002af8       ?outmsg@?8??_NMSG_WRITE@@9@9 00460af8     LIBCMT:crt0msg.obj
 0003:00003120       _GS_ExceptionRecord        00461120     LIBCMT:gs_report.obj
 0003:00003170       _GS_ContextRecord          00461170     LIBCMT:gs_report.obj
 0003:0000343c       _DebuggerWasPresent        0046143c     LIBCMT:gs_report.obj
 0003:00003440       _lclcritsects              00461440     LIBCMT:mlock.obj
 0003:000035b4       _fSystemSet                004615b4     LIBCMT:mbctype.obj
 0003:000035d0       _g_pfnRtlGenRandom         004615d0     LIBCMT:rand_s.obj
 0003:000035d8       ?_pgmname@?1??_setargv@@9@9 004615d8     LIBCMT:stdargv.obj
 0003:000036f0       ___crtCallProc             004616f0     LIBCMT:winapinls.obj
 0003:000036f8       _lastTZ                    004616f8     LIBCMT:tzset.obj
 0003:000036fc       ?first_time@?1??__tzset@@9@9 004616fc     LIBCMT:tzset.obj
 0003:00003700       _tzapiused                 00461700     LIBCMT:tzset.obj
 0003:00003708       _tzinfo                    00461708     LIBCMT:tzset.obj
 0004:000001e0       $R000000                   004631e0     psftp.res
 0004:00000308       $R000128                   00463308     psftp.res
 0004:000005f0       $R000410                   004635f0     psftp.res
 0004:00000c58       $R000A78                   00463c58     psftp.res
 0004:00000d08       $R000B28                   00463d08     psftp.res
 0004:00000e38       $R000C58                   00463e38     psftp.res
 0004:00001168       $R000F88                   00464168     psftp.res
 0004:000011c8       $R000FE8                   004641c8     psftp.res
