 puttygen

 Timestamp is 51cbe75b (Thu Jun 27 09:18:51 2013)

 Preferred load address is 00400000

 Start         Length     Name                   Class
 0001:00000000 00025d2cH .text                   CODE
 0002:00000000 00000248H .idata$5                DATA
 0002:00000248 00000004H .CRT$XCA                DATA
 0002:0000024c 00000004H .CRT$XCZ                DATA
 0002:00000250 00000004H .CRT$XIA                DATA
 0002:00000254 00000010H .CRT$XIC                DATA
 0002:00000264 00000004H .CRT$XIY                DATA
 0002:00000268 00000004H .CRT$XIZ                DATA
 0002:0000026c 00000004H .CRT$XPA                DATA
 0002:00000270 00000008H .CRT$XPX                DATA
 0002:00000278 00000004H .CRT$XPXA               DATA
 0002:0000027c 00000004H .CRT$XPZ                DATA
 0002:00000280 00000004H .CRT$XTA                DATA
 0002:00000284 00000004H .CRT$XTZ                DATA
 0002:00000288 0000c678H .rdata                  DATA
 0002:0000c900 0000000cH .rdata$sxdata           DATA
 0002:0000c90c 00000004H .rtc$IAA                DATA
 0002:0000c910 00000004H .rtc$IZZ                DATA
 0002:0000c914 00000004H .rtc$TAA                DATA
 0002:0000c918 00000004H .rtc$TZZ                DATA
 0002:0000c920 0000051cH .xdata$x                DATA
 0002:0000ce3c 00000064H .idata$2                DATA
 0002:0000cea0 00000014H .idata$3                DATA
 0002:0000ceb4 00000248H .idata$4                DATA
 0002:0000d0fc 00000a2cH .idata$6                DATA
 0002:0000db28 00000000H .edata                  DATA
 0003:00000000 000015e0H .data                   DATA
 0003:000015e0 000024dcH .bss                    DATA
 0004:00000000 000002f8H .rsrc$01                DATA
 0004:00000300 00002820H .rsrc$02                DATA

  Address         Publics by Value              Rva+Base       Lib:Object

 0000:00000000       __except_list              00000000     <absolute>
 0000:00000003       ___safe_se_handler_count   00000003     <absolute>
 0000:00000000       ___ImageBase               00400000     <linker-defined>
 0001:00000199       _export_ssh1               00401199 f   import.obj
 0001:00000199       _schedule_timer            00401199 f   notiming.obj
 0001:00000199       _import_ssh1               00401199 f   import.obj
 0001:0000019c       _export_ssh2               0040119c f   import.obj
 0001:000001d2       _import_encrypted          004011d2 f   import.obj
 0001:00000214       _import_possible           00401214 f   import.obj
 0001:00000228       _import_ssh2               00401228 f   import.obj
 0001:0000025e       _import_target_type        0040125e f   import.obj
 0001:00000a76       _openssh_encrypted         00401a76 f   import.obj
 0001:00000ab9       _openssh_read              00401ab9 f   import.obj
 0001:00000f8d       _openssh_write             00401f8d f   import.obj
 0001:00001870       _sshcom_encrypted          00402870 f   import.obj
 0001:00001983       _sshcom_read               00402983 f   import.obj
 0001:00002112       _sshcom_write              00403112 f   import.obj
 0001:0000282e       _strip_crlf                0040382e f   import.obj
 0001:00002855       _base64_encode_atom        00403855 f   misc.obj
 0001:000028d7       _burnstr                   004038d7 f   misc.obj
 0001:000028f8       _dupcat                    004038f8 f   misc.obj
 0001:00002975       _dupprintf                 00403975 f   misc.obj
 0001:00002986       _dupstr                    00403986 f   misc.obj
 0001:000029b4       _dupvprintf                004039b4 f   misc.obj
 0001:00002a03       _fgetline                  00403a03 f   misc.obj
 0001:00002a82       _safefree                  00403a82 f   misc.obj
 0001:00002a8e       _safemalloc                00403a8e f   misc.obj
 0001:00002aff       _saferealloc               00403aff f   misc.obj
 0001:00002b78       _aes_make_context          00403b78 f   sshaes.obj
 0001:00002b87       _hmacmd5_free_context      00403b87 f   sshmd5.obj
 0001:00002b87       _aes_free_context          00403b87 f   sshaes.obj
 0001:00002b8c       _aes128_key                00403b8c f   sshaes.obj
 0001:00002ba1       _aes192_key                00403ba1 f   sshaes.obj
 0001:00002bb6       _aes256_key                00403bb6 f   sshaes.obj
 0001:00002bcb       _aes_iv                    00403bcb f   sshaes.obj
 0001:00002c0d       _aes_ssh2_encrypt_blk      00403c0d f   sshaes.obj
 0001:00002c37       _aes_ssh2_decrypt_blk      00403c37 f   sshaes.obj
 0001:00002c4c       _aes256_decrypt_pubkey     00403c4c f   sshaes.obj
 0001:00002cb5       _aes256_encrypt_pubkey     00403cb5 f   sshaes.obj
 0001:00004b79       _bigadd                    00405b79 f   sshbn.obj
 0001:00004c52       _bigdiv                    00405c52 f   sshbn.obj
 0001:00004e6f       _bigmod                    00405e6f f   sshbn.obj
 0001:00004e93       _bigmul                    00405e93 f   sshbn.obj
 0001:00004ea6       _bigmuladd                 00405ea6 f   sshbn.obj
 0001:00005057       _bignum_add_long           00406057 f   sshbn.obj
 0001:000050eb       _bignum_bit                004060eb f   sshbn.obj
 0001:00005124       _bignum_bitcount           00406124 f   sshbn.obj
 0001:0000515e       _bignum_byte               0040615e f   sshbn.obj
 0001:0000519c       _bignum_cmp                0040619c f   sshbn.obj
 0001:000051f0       _bignum_decimal            004061f0 f   sshbn.obj
 0001:00005308       _bignum_from_bytes         00406308 f   sshbn.obj
 0001:0000538f       _bignum_from_long          0040638f f   sshbn.obj
 0001:000053b5       _bignum_mod_short          004063b5 f   sshbn.obj
 0001:00005467       _bignum_rshift             00406467 f   sshbn.obj
 0001:00005511       _bignum_set_bit            00406511 f   sshbn.obj
 0001:0000555b       _bigsub                    0040655b f   sshbn.obj
 0001:0000560f       _bn_power_2                0040660f f   sshbn.obj
 0001:00005639       _bn_restore_invariant      00406639 f   sshbn.obj
 0001:00005653       _copybn                    00406653 f   sshbn.obj
 0001:0000568b       _decbn                     0040668b f   sshbn.obj
 0001:000056a9       _freebn                    004066a9 f   sshbn.obj
 0001:00005d9b       _modinv                    00406d9b f   sshbn.obj
 0001:00005f42       _modmul                    00406f42 f   sshbn.obj
 0001:00006264       _modpow                    00407264 f   sshbn.obj
 0001:00006655       _modpow_simple             00407655 f   sshbn.obj
 0001:00006b2e       _ssh1_bignum_length        00407b2e f   sshbn.obj
 0001:00006b48       _ssh1_read_bignum          00407b48 f   sshbn.obj
 0001:00006ba3       _ssh1_write_bignum         00407ba3 f   sshbn.obj
 0001:00006be9       _ssh2_bignum_length        00407be9 f   sshbn.obj
 0001:00006f1c       _des3_decrypt_pubkey       00407f1c f   sshdes.obj
 0001:00007024       _des3_decrypt_pubkey_ossh  00408024 f   sshdes.obj
 0001:000071a0       _des3_encrypt_pubkey       004081a0 f   sshdes.obj
 0001:000072a8       _des3_encrypt_pubkey_ossh  004082a8 f   sshdes.obj
 0001:00009dd2       _dsa_generate              0040add2 f   sshdssg.obj
 0001:00009ff4       _hmacmd5_make_context      0040aff4 f   sshmd5.obj
 0001:0000a16e       _MD5Final                  0040b16e f   sshmd5.obj
 0001:0000a25a       _MD5Init                   0040b25a f   sshmd5.obj
 0001:0000a285       _MD5Update                 0040b285 f   sshmd5.obj
 0001:0000aeaf       _hmacmd5_key               0040beaf f   sshmd5.obj
 0001:0000af86       _invent_firstbits          0040bf86 f   sshprime.obj
 0001:0000afb9       _primegen                  0040bfb9 f   sshprime.obj
 0001:0000b4f9       _base64_decode_atom        0040c4f9 f   sshpubk.obj
 0001:0000b5e5       _base64_encode             0040c5e5 f   sshpubk.obj
 0001:0000b657       _find_pubkey_alg           0040c657 f   sshpubk.obj
 0001:0000b690       _key_type                  0040c690 f   sshpubk.obj
 0001:0000b788       _key_type_to_str           0040c788 f   sshpubk.obj
 0001:0000b7ca       _loadrsakey                0040c7ca f   sshpubk.obj
 0001:0000bdcf       _rsakey_encrypted          0040cdcf f   sshpubk.obj
 0001:0000be4e       _saversakey                0040ce4e f   sshpubk.obj
 0001:0000c09f       _ssh2_load_userkey         0040d09f f   sshpubk.obj
 0001:0000c88e       _ssh2_save_userkey         0040d88e f   sshpubk.obj
 0001:0000cd83       _ssh2_userkey_encrypted    0040dd83 f   sshpubk.obj
 0001:0000cecb       _random_add_heavynoise     0040decb f   sshrand.obj
 0001:0000cfb3       _random_add_noise          0040dfb3 f   sshrand.obj
 0001:0000d077       _random_byte               0040e077 f   sshrand.obj
 0001:0000d0a1       _random_get_savedata       0040e0a1 f   sshrand.obj
 0001:0000d0e1       _random_ref                0040e0e1 f   sshrand.obj
 0001:0000debc       _crt_modpow                0040eebc f   sshrsa.obj
 0001:0000dfe3       _freersakey                0040efe3 f   sshrsa.obj
 0001:0000e0e0       _makekey                   0040f0e0 f   sshrsa.obj
 0001:0000e1bf       _makeprivate               0040f1bf f   sshrsa.obj
 0001:0000e1d8       _rsa_fingerprint           0040f1d8 f   sshrsa.obj
 0001:0000e56e       _rsa_verify                0040f56e f   sshrsa.obj
 0001:0000e67b       _rsastr_fmt                0040f67b f   sshrsa.obj
 0001:0000e773       _rsastr_len                0040f773 f   sshrsa.obj
 0001:0000e82b       _rsa_generate              0040f82b f   sshrsag.obj
 0001:0000eb86       _SHA256_Block              0040fb86 f   sshsh256.obj
 0001:0000efcf       _SHA256_Bytes              0040ffcf f   sshsh256.obj
 0001:0000f0b8       _SHA256_Core_Init          004100b8 f   sshsh256.obj
 0001:0000f0f4       _SHA256_Final              004100f4 f   sshsh256.obj
 0001:0000f1df       _SHA256_Init               004101df f   sshsh256.obj
 0001:000102c3       _SHA512_Bytes              004112c3 f   sshsh512.obj
 0001:00010411       _SHA512_Final              00411411 f   sshsh512.obj
 0001:0001053e       _SHA512_Init               0041153e f   sshsh512.obj
 0001:00010857       _SHATransform              00411857 f   sshsha.obj
 0001:00010a07       _SHA_Bytes                 00411a07 f   sshsha.obj
 0001:00010af0       _SHA_Final                 00411af0 f   sshsha.obj
 0001:00010bdc       _SHA_Init                  00411bdc f   sshsha.obj
 0001:00010c0e       _SHA_Simple                00411c0e f   sshsha.obj
 0001:00010c57       _hmac_sha1_simple          00411c57 f   sshsha.obj
 0001:00010dfe       _beginbox                  00411dfe f   winctrls.obj
 0001:00010e35       _bigeditctrl               00411e35 f   winctrls.obj
 0001:00010ef3       _ctlposinit                00411ef3 f   winctrls.obj
 0001:00010f7d       _doctl                     00411f7d f   winctrls.obj
 0001:00011050       _endbox                    00412050 f   winctrls.obj
 0001:000110bd       _progressbar               004120bd f   winctrls.obj
 0001:00011118       _radioline                 00412118 f   winctrls.obj
 0001:000112df       _static2btn                004122df f   winctrls.obj
 0001:00011401       _staticbtn                 00412401 f   winctrls.obj
 0001:000114be       _staticedit                004124be f   winctrls.obj
 0001:000115ac       _staticpassedit            004125ac f   winctrls.obj
 0001:000115ca       _statictext                004125ca f   winctrls.obj
 0001:00011624       _has_help                  00412624 f   winhelp.obj
 0001:0001163d       _init_help                 0041263d f   winhelp.obj
 0001:000117b3       _launch_help               004127b3 f   winhelp.obj
 0001:000118a8       _quit_help                 004128a8 f   winhelp.obj
 0001:000118e8       _shutdown_help             004128e8 f   winhelp.obj
 0001:000118e9       _filename_free             004128e9 f   winmisc.obj
 0001:000118ff       _filename_from_str         004128ff f   winmisc.obj
 0001:0001191d       _filename_to_str           0041291d f   winmisc.obj
 0001:00011924       _load_system32_dll         00412924 f   winmisc.obj
 0001:00011992       _smemclr                   00412992 f   winmisc.obj
 0001:000119aa       _noise_get_heavy           004129aa f   winnoise.obj
 0001:00011a63       _noise_get_light           00412a63 f   winnoise.obj
 0001:00011ab4       _noise_regular             00412ab4 f   winnoise.obj
 0001:00011baf       _random_save_seed          00412baf f   winnoise.obj
 0001:00012e95       _WinMain@16                00413e95 f   winpgen.obj
 0001:00012f25       _cleanup_exit              00413f25 f   winpgen.obj
 0001:00012fe2       _load_key_file             00413fe2 f   winpgen.obj
 0001:00013355       _modalfatalbox             00414355 f   winpgen.obj
 0001:0001338a       _old_keyfile_warning       0041438a f   winpgen.obj
 0001:00013859       _ui_set_state              00414859 f   winpgen.obj
 0001:00013d83       _read_random_seed          00414d83 f   winstore.obj
 0001:00013e72       _write_random_seed         00414e72 f   winstore.obj
 0001:00013ea3       _ltime                     00414ea3 f   wintime.obj
 0001:00013f1b       _GetDlgItemText_alloc      00414f1b f   winutils.obj
 0001:00013f68       _message_box               00414f68 f   winutils.obj
 0001:0001401d       _pgp_fingerprints          0041501d f   winutils.obj
 0001:00014034       _request_file              00415034 f   winutils.obj
 0001:000140e5       _split_into_argv           004150e5 f   winutils.obj
 0001:00014325       __wassert                  00415325 f   LIBCMT:wassert.obj
 0001:000149d0       _memchr                    004159d0 f   LIBCMT:memchr.obj
 0001:00014a80       _memcpy                    00415a80 f   LIBCMT:memcpy.obj
 0001:000150d0       _strcmp                    004160d0 f   LIBCMT:strcmp.obj
 0001:00015160       _strlen                    00416160 f   LIBCMT:strlen.obj
 0001:000151eb       __fclose_nolock            004161eb f   LIBCMT:fclose.obj
 0001:00015257       _fclose                    00416257 f   LIBCMT:fclose.obj
 0001:000152ce       __fsopen                   004162ce f   LIBCMT:fopen.obj
 0001:00015392       _fopen                     00416392 f   LIBCMT:fopen.obj
 0001:000153a7       _fprintf                   004163a7 f   LIBCMT:fprintf.obj
 0001:000154b9       _fputs                     004164b9 f   LIBCMT:fputs.obj
 0001:000155bf       _sscanf                    004165bf f   LIBCMT:sscanf.obj
 0001:0001564e       ___copy_path_to_wide_string 0041664e f   LIBCMT:crt0dat.obj
 0001:000156fe       ___crtCorExitProcess       004166fe f   LIBCMT:crt0dat.obj
 0001:00015730       ___crtExitProcess          00416730 f   LIBCMT:crt0dat.obj
 0001:00015746       __amsg_exit                00416746 f   LIBCMT:crt0dat.obj
 0001:00015762       __c_exit                   00416762 f   LIBCMT:crt0dat.obj
 0001:00015771       __cexit                    00416771 f   LIBCMT:crt0dat.obj
 0001:00015780       __cinit                    00416780 f   LIBCMT:crt0dat.obj
 0001:00015811       __exit                     00416811 f   LIBCMT:crt0dat.obj
 0001:00015825       __init_pointers            00416825 f   LIBCMT:crt0dat.obj
 0001:00015879       __initterm_e               00416879 f   LIBCMT:crt0dat.obj
 0001:0001589b       __lockexit                 0041689b f   LIBCMT:crt0dat.obj
 0001:000158a4       __unlockexit               004168a4 f   LIBCMT:crt0dat.obj
 0001:000159dc       _exit                      004169dc f   LIBCMT:crt0dat.obj
 0001:000159f0       ??0_LocaleUpdate@@QAE@PAUlocaleinfo_struct@@@Z 004169f0 f i LIBCMT:_ctype.obj
 0001:00015a78       __isdigit_l                00416a78 f i LIBCMT:_ctype.obj
 0001:00015ac8       __isspace_l                00416ac8 f i LIBCMT:_ctype.obj
 0001:00015b18       __isxdigit_l               00416b18 f i LIBCMT:_ctype.obj
 0001:00015b6e       _isdigit                   00416b6e f i LIBCMT:_ctype.obj
 0001:00015b99       _isspace                   00416b99 f i LIBCMT:_ctype.obj
 0001:00015bc4       _isxdigit                  00416bc4 f i LIBCMT:_ctype.obj
 0001:00015bf1       _memcmp                    00416bf1 f   LIBCMT:memcmp.obj
 0001:00017370       _memset                    00418370 f   LIBCMT:memset.obj
 0001:00017400       _strcpy                    00418400 f   LIBCMT:strcat.obj
 0001:00017410       _strcat                    00418410 f   LIBCMT:strcat.obj
 0001:00017500       _strchr                    00418500 f   LIBCMT:strchr.obj
 0001:0001756e       ___from_strstr_to_strchr   0041856e     LIBCMT:strchr.obj
 0001:00017630       _strncmp                   00418630 f   LIBCMT:strncmp.obj
 0001:000176b0       _strncpy                   004186b0 f   LIBCMT:strncpy.obj
 0001:000177d4       @__security_check_cookie@4 004187d4 f   LIBCMT:secchk.obj
 0001:000177e3       _fgets                     004187e3 f   LIBCMT:fgets.obj
 0001:00017922       __vsnprintf                00418922 f   LIBCMT:vsnprint.obj
 0001:0001793d       __vsnprintf_l              0041893d f   LIBCMT:vsnprint.obj
 0001:00017c0b       _strtol                    00418c0b f   LIBCMT:strtol.obj
 0001:00017c35       _free                      00418c35 f   LIBCMT:free.obj
 0001:00017c6d       _malloc                    00418c6d f   LIBCMT:malloc.obj
 0001:00017cff       _realloc                   00418cff f   LIBCMT:realloc.obj
 0001:00017daa       _abort                     00418daa f   LIBCMT:abort.obj
 0001:00017df0       _memmove                   00418df0 f   LIBCMT:memmove.obj
 0001:00018440       __allmul                   00419440 f   LIBCMT:llmul.obj
 0001:00018480       __allshl                   00419480 f   LIBCMT:llshl.obj
 0001:000184a0       __aulldvrm                 004194a0 f   LIBCMT:ulldvrm.obj
 0001:00018540       __aullrem                  00419540 f   LIBCMT:ullrem.obj
 0001:000185b5       _sprintf                   004195b5 f   LIBCMT:sprintf.obj
 0001:00018640       __chkstk                   00419640 f   LIBCMT:chkstk.obj
 0001:00018640       __alloca_probe             00419640     LIBCMT:chkstk.obj
 0001:0001866b       _fgetc                     0041966b f   LIBCMT:fgetc.obj
 0001:00018764       _fputc                     00419764 f   LIBCMT:fputc.obj
 0001:00018865       __fread_nolock_s           00419865 f   LIBCMT:fread.obj
 0001:00018a28       _fread                     00419a28 f   LIBCMT:fread.obj
 0001:00018a43       _fread_s                   00419a43 f   LIBCMT:fread.obj
 0001:00018ad4       __fwrite_nolock            00419ad4 f   LIBCMT:fwrite.obj
 0001:00018c2b       _fwrite                    00419c2b f   LIBCMT:fwrite.obj
 0001:00018ca9       __ungetc_nolock            00419ca9 f   LIBCMT:ungetc.obj
 0001:00018d89       _ungetc                    00419d89 f   LIBCMT:ungetc.obj
 0001:00018df5       _atoi                      00419df5 f   LIBCMT:atox.obj
 0001:00018dfe       _atol                      00419dfe f   LIBCMT:atox.obj
 0001:00018e12       __tolower_l                00419e12 f   LIBCMT:tolower.obj
 0001:00018f60       _strcspn                   00419f60 f   LIBCMT:strcspn.obj
 0001:00018fb0       _strrchr                   00419fb0 f   LIBCMT:strrchr.obj
 0001:000190e7       __getenv_helper_nolock     0041a0e7 f   LIBCMT:getenv.obj
 0001:0001916b       __Strftime_l               0041a16b f   LIBCMT:strftime.obj
 0001:0001928c       _strftime                  0041a28c f   LIBCMT:strftime.obj
 0001:000192a9       _remove                    0041a2a9 f   LIBCMT:unlink.obj
 0001:000192e9       _WinMainCRTStartup         0041a2e9 f   LIBCMT:wincrt0.obj
 0001:0001946a       __call_reportfault         0041a46a f   LIBCMT:invarg.obj
 0001:0001958d       __initp_misc_invarg        0041a58d f   LIBCMT:invarg.obj
 0001:0001959a       __invalid_parameter        0041a59a f   LIBCMT:invarg.obj
 0001:000195c5       __invalid_parameter_noinfo 0041a5c5 f   LIBCMT:invarg.obj
 0001:000195d5       __invoke_watson            0041a5d5 f   LIBCMT:invarg.obj
 0001:00019600       _memcpy_s                  0041a600 f   LIBCMT:memcpy_s.obj
 0001:0001967f       _wcscat_s                  0041a67f f   LIBCMT:wcscat_s.obj
 0001:000196eb       _wcscpy_s                  0041a6eb f   LIBCMT:wcscpy_s.obj
 0001:00019747       _wcslen                    0041a747 f   LIBCMT:wcslen.obj
 0001:00019760       _wcsncat_s                 0041a760 f   LIBCMT:wcsncat_s.obj
 0001:0001982e       ___set_app_type            0041a82e f   LIBCMT:errmode.obj
 0001:0001983b       __set_error_mode           0041a83b f   LIBCMT:errmode.obj
 0001:0001987b       __itow_s                   0041a87b f   LIBCMT:xtows.obj
 0001:00019997       ___initstdio               0041a997 f   LIBCMT:_file.obj
 0001:00019a0a       ___endstdio                0041aa0a f   LIBCMT:_file.obj
 0001:00019a31       ___iob_func                0041aa31 f   LIBCMT:_file.obj
 0001:00019a37       __lock_file                0041aa37 f   LIBCMT:_file.obj
 0001:00019a76       __lock_file2               0041aa76 f   LIBCMT:_file.obj
 0001:00019aa6       __unlock_file              0041aaa6 f   LIBCMT:_file.obj
 0001:00019ae0       __unlock_file2             0041aae0 f   LIBCMT:_file.obj
 0001:00019b0d       __fflush_nolock            0041ab0d f   LIBCMT:fflush.obj
 0001:00019b53       __flush                    0041ab53 f   LIBCMT:fflush.obj
 0001:00019bb7       __flushall                 0041abb7 f   LIBCMT:fflush.obj
 0001:00019bc0       _fflush                    0041abc0 f   LIBCMT:fflush.obj
 0001:00019cf9       _setvbuf                   0041acf9 f   LIBCMT:setvbuf.obj
 0001:00019dff       _fwprintf                  0041adff f   LIBCMT:fwprintf.obj
 0001:00019e90       __vswprintf_c_l            0041ae90 f   LIBCMT:vswprnc.obj
 0001:00019eb8       __vswprintf_helper         0041aeb8 f   LIBCMT:vswprnc.obj
 0001:00019fb1       ___get_sigabrt             0041afb1 f   LIBCMT:winsig.obj
 0001:00019fbe       __initp_misc_winsig        0041afbe f   LIBCMT:winsig.obj
 0001:00019fda       _raise                     0041afda f   LIBCMT:winsig.obj
 0001:0001a1cb       ___crtMessageBoxW          0041b1cb f   LIBCMT:crtmboxw.obj
 0001:0001a3ad       __FF_MSGBANNER             0041b3ad f   LIBCMT:crt0msg.obj
 0001:0001a3e6       __GET_RTERRMSG             0041b3e6 f   LIBCMT:crt0msg.obj
 0001:0001a40a       __NMSG_WRITE               0041b40a f   LIBCMT:crt0msg.obj
 0001:0001a5c5       ___isa_available_init      0041b5c5 f   LIBCMT:cpu_disp.obj
 0001:0001a6fe       __fileno                   0041b6fe f   LIBCMT:fileno.obj
 0001:0001a722       __close                    0041b722 f   LIBCMT:close.obj
 0001:0001a7ec       __close_nolock             0041b7ec f   LIBCMT:close.obj
 0001:0001a886       ___doserrno                0041b886 f   LIBCMT:dosmap.obj
 0001:0001a899       __dosmaperr                0041b899 f   LIBCMT:dosmap.obj
 0001:0001a8ba       __errno                    0041b8ba f   LIBCMT:dosmap.obj
 0001:0001a8cd       __get_errno_from_oserr     0041b8cd f   LIBCMT:dosmap.obj
 0001:0001a90e       __freebuf                  0041b90e f   LIBCMT:_freebuf.obj
 0001:0001a940       __SEH_prolog4              0041b940 f   LIBCMT:sehprolg4.obj
 0001:0001a985       __SEH_epilog4              0041b985 f   LIBCMT:sehprolg4.obj
 0001:0001a9a0       __except_handler4          0041b9a0 f   LIBCMT:chandler4.obj
 0001:0001ab35       __getstream                0041bb35 f   LIBCMT:stream.obj
 0001:0001ac4d       __openfile                 0041bc4d f   LIBCMT:_open.obj
 0001:0001aed0       __local_unwind4            0041bed0 f   LIBCMT:exsup4.obj
 0001:0001afa6       __seh_longjmp_unwind4@4    0041bfa6 f   LIBCMT:exsup4.obj
 0001:0001afc2       @_EH4_CallFilterFunc@8     0041bfc2 f   LIBCMT:exsup4.obj
 0001:0001afd9       @_EH4_TransferToHandler@8  0041bfd9 f   LIBCMT:exsup4.obj
 0001:0001aff2       @_EH4_GlobalUnwind2@8      0041bff2 f   LIBCMT:exsup4.obj
 0001:0001b00b       @_EH4_LocalUnwind@16       0041c00b f   LIBCMT:exsup4.obj
 0001:0001b022       __ftbuf                    0041c022 f   LIBCMT:_sftbuf.obj
 0001:0001b053       __stbuf                    0041c053 f   LIBCMT:_sftbuf.obj
 0001:0001b0f9       __output_l                 0041c0f9 f   LIBCMT:output.obj
 0001:0001bd6b       __ioinit                   0041cd6b f   LIBCMT:ioinit.obj
 0001:0001c0bb       __input_l                  0041d0bb f   LIBCMT:input.obj
 0001:0001d1d7       __RTC_Initialize           0041e1d7 f   LIBCMT:initsect.obj
 0001:0001d1f7       __RTC_Terminate            0041e1f7 f   LIBCMT:initsect.obj
 0001:0001d217       __lock                     0041e217 f   LIBCMT:mlock.obj
 0001:0001d24b       __mtdeletelocks            0041e24b f   LIBCMT:mlock.obj
 0001:0001d29f       __mtinitlocknum            0041e29f f   LIBCMT:mlock.obj
 0001:0001d346       __mtinitlocks              0041e346 f   LIBCMT:mlock.obj
 0001:0001d37b       __unlock                   0041e37b f   LIBCMT:mlock.obj
 0001:0001d390       ___crtFlsAlloc             0041e390 f   LIBCMT:winapisupp.obj
 0001:0001d3ae       ___crtFlsFree              0041e3ae f   LIBCMT:winapisupp.obj
 0001:0001d3cd       ___crtFlsGetValue          0041e3cd f   LIBCMT:winapisupp.obj
 0001:0001d3ec       ___crtFlsSetValue          0041e3ec f   LIBCMT:winapisupp.obj
 0001:0001d40e       ___crtGetShowWindowMode    0041e40e f   LIBCMT:winapisupp.obj
 0001:0001d42f       ___crtIsPackagedApp        0041e42f f   LIBCMT:winapisupp.obj
 0001:0001d46d       ___crtLoadWinApiPointers   0041e46d f   LIBCMT:winapisupp.obj
 0001:0001d6ac       ___crtSetUnhandledExceptionFilter 0041e6ac f   LIBCMT:winapisupp.obj
 0001:0001d6ba       ___crtTerminateProcess     0041e6ba f   LIBCMT:winapisupp.obj
 0001:0001d6cf       ___crtUnhandledException   0041e6cf f   LIBCMT:winapisupp.obj
 0001:0001d6f0       __FindPESection            0041e6f0 f   LIBCMT:pesect.obj
 0001:0001d740       __IsNonwritableInCurrentImage 0041e740 f   LIBCMT:pesect.obj
 0001:0001d800       __ValidateImageBase        0041e800 f   LIBCMT:pesect.obj
 0001:0001d831       ___onexitinit              0041e831 f   LIBCMT:onexit.obj
 0001:0001d860       __onexit                   0041e860 f   LIBCMT:onexit.obj
 0001:0001d956       _atexit                    0041e956 f   LIBCMT:onexit.obj
 0001:0001d96b       __calloc_crt               0041e96b f   LIBCMT:crtheap.obj
 0001:0001d9b5       __malloc_crt               0041e9b5 f   LIBCMT:crtheap.obj
 0001:0001d9fe       __realloc_crt              0041e9fe f   LIBCMT:crtheap.obj
 0001:0001da4a       __recalloc_crt             0041ea4a f   LIBCMT:crtheap.obj
 0001:0001da9a       __initp_misc_cfltcvt_tab   0041ea9a f   LIBCMT:cmiscdat.obj
 0001:0001dab9       ?terminate@@YAXXZ          0041eab9 f   LIBCMT:hooks.obj
 0001:0001daed       __initp_eh_hooks           0041eaed f   LIBCMT:hooks.obj
 0001:0001dafe       __callnewh                 0041eafe f   LIBCMT:handler.obj
 0001:0001db24       __initp_heap_handler       0041eb24 f   LIBCMT:handler.obj
 0001:0001db31       __initp_misc_purevirt      0041eb31 f   LIBCMT:inithelp.obj
 0001:0001db3e       __initp_misc_rand_s        0041eb3e f   LIBCMT:rand_s.obj
 0001:0001db4b       ___initmbctable            0041eb4b f   LIBCMT:mbctype.obj
 0001:0001de06       ___updatetmbcinfo          0041ee06 f   LIBCMT:mbctype.obj
 0001:0001deab       __setmbcp                  0041eeab f   LIBCMT:mbctype.obj
 0001:0001e059       __setmbcp_nolock           0041f059 f   LIBCMT:mbctype.obj
 0001:0001e24e       ___addlocaleref            0041f24e f   LIBCMT:localref.obj
 0001:0001e2de       ___freetlocinfo            0041f2de f   LIBCMT:localref.obj
 0001:0001e438       ___removelocaleref         0041f438 f   LIBCMT:localref.obj
 0001:0001e4d3       ___updatetlocinfo          0041f4d3 f   LIBCMT:localref.obj
 0001:0001e54f       __updatetlocinfoEx_nolock  0041f54f f   LIBCMT:localref.obj
 0001:0001e59a       __isctype_l                0041f59a f   LIBCMT:isctype.obj
 0001:0001e649       __freefls@4                0041f649 f   LIBCMT:tidtable.obj
 0001:0001e780       __getptd                   0041f780 f   LIBCMT:tidtable.obj
 0001:0001e798       __getptd_noexit            0041f798 f   LIBCMT:tidtable.obj
 0001:0001e807       __initptd                  0041f807 f   LIBCMT:tidtable.obj
 0001:0001e8ba       __mtinit                   0041f8ba f   LIBCMT:tidtable.obj
 0001:0001e930       __mtterm                   0041f930 f   LIBCMT:tidtable.obj
 0001:0001e94d       __locterm                  0041f94d f   LIBCMT:wsetloca.obj
 0001:0001e99f       __VEC_memset               0041f99f f   LIBCMT:p4_memset.obj
 0001:0001ea67       ___raise_securityfailure   0041fa67 f   LIBCMT:gs_report.obj
 0001:0001eaa4       ___report_gsfailure        0041faa4 f   LIBCMT:gs_report.obj
 0001:0001eb9d       __filbuf                   0041fb9d f   LIBCMT:_filbuf.obj
 0001:0001ecbe       __flsbuf                   0041fcbe f   LIBCMT:_flsbuf.obj
 0001:0001ee0b       __heap_init                0041fe0b f   LIBCMT:heapinit.obj
 0001:0001ee20       __read                     0041fe20 f   LIBCMT:read.obj
 0001:0001ef28       __read_nolock              0041ff28 f   LIBCMT:read.obj
 0001:0001f6b7       __write                    004206b7 f   LIBCMT:write.obj
 0001:0001f799       __write_nolock             00420799 f   LIBCMT:write.obj
 0001:0001ffc3       __getbuf                   00420fc3 f   LIBCMT:_getbuf.obj
 0001:00020009       __isleadbyte_l             00421009 f i LIBCMT:_wctype.obj
 0001:0002003f       _isleadbyte                0042103f f i LIBCMT:_wctype.obj
 0001:00020239       ___crtLCMapStringA         00421239 f   LIBCMT:a_map.obj
 0001:0002027d       __freea                    0042127d f i LIBCMT:a_map.obj
 0001:0002029b       _strcpy_s                  0042129b f   LIBCMT:strcpy_s.obj
 0001:000202f0       ___wtomb_environ           004212f0 f   LIBCMT:wtombenv.obj
 0001:0002037d       __mbsnbicoll               0042137d f   LIBCMT:mbsnbico.obj
 0001:00020395       __mbsnbicoll_l             00421395 f   LIBCMT:mbsnbico.obj
 0001:00020e44       __Wcsftime_l               00421e44 f   LIBCMT:wcsftime.obj
 0001:00020f85       __wremove                  00421f85 f   LIBCMT:wunlink.obj
 0001:00020fb3       ?__CxxUnhandledExceptionFilter@@YGJPAU_EXCEPTION_POINTERS@@@Z 00421fb3 f   LIBCMT:unhandld.obj
 0001:00020ff4       ___CxxSetUnhandledExceptionFilter 00421ff4 f   LIBCMT:unhandld.obj
 0001:00021002       __XcptFilter               00422002 f   LIBCMT:winxfltr.obj
 0001:0002115d       __setargv                  0042215d f   LIBCMT:stdargv.obj
 0001:0002138a       __setenvp                  0042238a f   LIBCMT:stdenvp.obj
 0001:0002146b       ___security_init_cookie    0042246b f   LIBCMT:gs_support.obj
 0001:00021505       ___crtGetEnvironmentStringsA 00422505 f   LIBCMT:a_env.obj
 0001:00021590       __wincmdln                 00422590 f   LIBCMT:wincmdln.obj
 0001:000215ef       __crt_debugger_hook        004225ef f   LIBCMT:dbghook.obj
 0001:000215f7       __fcloseall                004225f7 f   LIBCMT:closeall.obj
 0001:00021694       __commit                   00422694 f   LIBCMT:commit.obj
 0001:0002177a       __woutput_l                0042277a f   LIBCMT:woutput.obj
 0001:00022471       _wcsncpy_s                 00423471 f   LIBCMT:wcsncpy_s.obj
 0001:0002252f       ___lock_fhandle            0042352f f   LIBCMT:osfinfo.obj
 0001:000225bb       __alloc_osfhnd             004235bb f   LIBCMT:osfinfo.obj
 0001:00022760       __free_osfhnd              00423760 f   LIBCMT:osfinfo.obj
 0001:000227e6       __get_osfhandle            004237e6 f   LIBCMT:osfinfo.obj
 0001:0002284d       __set_osfhnd               0042384d f   LIBCMT:osfinfo.obj
 0001:000228cf       __unlock_fhandle           004238cf f   LIBCMT:osfinfo.obj
 0001:000228f5       __sopen_helper             004238f5 f   LIBCMT:open.obj
 0001:000229bc       __sopen_nolock             004239bc f   LIBCMT:open.obj
 0001:00022a08       __sopen_s                  00423a08 f   LIBCMT:open.obj
 0001:00022a26       __mbsnbcmp                 00423a26 f   LIBCMT:mbsnbcmp.obj
 0001:00022a3e       __mbsnbcmp_l               00423a3e f   LIBCMT:mbsnbcmp.obj
 0001:00022b53       __mbsnbicmp                00423b53 f   LIBCMT:mbsnbicm.obj
 0001:00022b6b       __mbsnbicmp_l              00423b6b f   LIBCMT:mbsnbicm.obj
 0001:00022d30       __global_unwind2           00423d30 f   LIBCMT:exsup.obj
 0001:00022d95       __local_unwind2            00423d95 f   LIBCMT:exsup.obj
 0001:00022e19       __abnormal_termination     00423e19 f   LIBCMT:exsup.obj
 0001:00022e3c       __NLG_Notify1              00423e3c f   LIBCMT:exsup.obj
 0001:00022e45       __NLG_Notify               00423e45 f   LIBCMT:exsup.obj
 0001:00022e5c       __NLG_Dispatch             00423e5c     LIBCMT:exsup.obj
 0001:00022e5c       __NLG_Dispatch2            00423e5c     LIBCMT:exsup.obj
 0001:00022e64       __NLG_Call                 00423e64 f   LIBCMT:exsup.obj
 0001:00022e66       __NLG_Return2              00423e66     LIBCMT:exsup.obj
 0001:00022e67       __isatty                   00423e67 f   LIBCMT:isatty.obj
 0001:00022ebb       __get_printf_count_output  00423ebb f   LIBCMT:printf.obj
 0001:00022ed0       __wctomb_s_l               00423ed0 f   LIBCMT:wctomb.obj
 0001:00022ff2       _wctomb_s                  00423ff2 f   LIBCMT:wctomb.obj
 0001:0002300d       __mbtowc_l                 0042400d f   LIBCMT:mbtowc.obj
 0001:00023100       _mbtowc                    00424100 f   LIBCMT:mbtowc.obj
 0001:00023118       __msize                    00424118 f   LIBCMT:msize.obj
 0001:00023149       __recalloc                 00424149 f   LIBCMT:recalloc.obj
 0001:000231b2       __calloc_impl              004241b2 f   LIBCMT:calloc_impl.obj
 0001:0002322c       __fptrap                   0042422c f   LIBCMT:crt0fp.obj
 0001:00023235       _strncpy_s                 00424235 f   LIBCMT:strncpy_s.obj
 0001:000232d9       _GetTableIndexFromLocaleName 004242d9 f   LIBCMT:winapinls.obj
 0001:00023327       ___crtCompareStringEx      00424327 f   LIBCMT:winapinls.obj
 0001:00023373       ___crtDownlevelLocaleNameToLCID 00424373 f   LIBCMT:winapinls.obj
 0001:0002339d       ___crtGetDateFormatEx      0042439d f   LIBCMT:winapinls.obj
 0001:000233e6       ___crtGetTimeFormatEx      004243e6 f   LIBCMT:winapinls.obj
 0001:0002341b       ___crtLCMapStringEx        0042441b f   LIBCMT:winapinls.obj
 0001:00023467       ___wcsnicmp_ascii          00424467 f   LIBCMT:winapinls.obj
 0001:000235c1       ___crtGetStringTypeA       004245c1 f   LIBCMT:a_str.obj
 0001:000235ff       ___free_lconv_mon          004245ff f   LIBCMT:initmon.obj
 0001:000236fb       ___free_lconv_num          004246fb f   LIBCMT:initnum.obj
 0001:00023762       ___free_lc_time            00424762 f   LIBCMT:inittime.obj
 0001:00023ae2       ____lc_codepage_func       00424ae2 f   LIBCMT:initctyp.obj
 0001:00023b08       _wcsnlen                   00424b08 f   LIBCMT:wcslen_s.obj
 0001:00023b27       __lseeki64                 00424b27 f   LIBCMT:lseeki64.obj
 0001:00023c23       __lseeki64_nolock          00424c23 f   LIBCMT:lseeki64.obj
 0001:00023c94       __putwch_nolock            00424c94 f   LIBCMT:putwch.obj
 0001:00023cd5       _iswctype                  00424cd5 f   LIBCMT:iswctype.obj
 0001:00023d30       __alloca_probe_16          00424d30 f   LIBCMT:alloca16.obj
 0001:00023d46       __alloca_probe_8           00424d46     LIBCMT:alloca16.obj
 0001:00023d5c       ___crtsetenv               00424d5c f   LIBCMT:setenv.obj
 0001:0002405d       __strnicoll_l              0042505d f   LIBCMT:strnicol.obj
 0001:000243ab       ___crtCompareStringA       004253ab f   LIBCMT:a_cmp.obj
 0001:000243ec       __wcsicmp                  004253ec f   LIBCMT:wcsicmp.obj
 0001:0002447f       __wcsicmp_l                0042547f f   LIBCMT:wcsicmp.obj
 0001:00024558       ___tzset                   00425558 f   LIBCMT:tzset.obj
 0001:000248dc       __mbstowcs_l_helper        004258dc f   LIBCMT:mbstowcs.obj
 0001:00024a3b       __mbstowcs_s_l             00425a3b f   LIBCMT:mbstowcs.obj
 0001:00024b17       ___daylight                00425b17 f   LIBCMT:timeset.obj
 0001:00024b1d       ___dstbias                 00425b1d f   LIBCMT:timeset.obj
 0001:00024b23       ___timezone                00425b23 f   LIBCMT:timeset.obj
 0001:00024b29       ___tzname                  00425b29 f   LIBCMT:timeset.obj
 0001:00024b2f       __get_daylight             00425b2f f   LIBCMT:timeset.obj
 0001:00024b59       __get_dstbias              00425b59 f   LIBCMT:timeset.obj
 0001:00024b83       __get_timezone             00425b83 f   LIBCMT:timeset.obj
 0001:00024c03       __ismbblead                00425c03 f   LIBCMT:ismbbyte.obj
 0001:00024c19       __fputwc_nolock            00425c19 f   LIBCMT:fputwc.obj
 0001:00024e2f       __wsopen_nolock            00425e2f f   LIBCMT:wopen.obj
 0001:00025580       __strnicmp                 00426580 f   LIBCMT:strnicmp.obj
 0001:000255eb       __strnicmp_l               004265eb f   LIBCMT:strnicmp.obj
 0001:0002569a       ___termconout              0042669a f   LIBCMT:initcon.obj
 0001:000256b1       ___initconout              004266b1 f   LIBCMT:initcon.obj
 0001:000256d0       __strdup                   004266d0 f   LIBCMT:strdup.obj
 0001:00025720       __mbschr                   00426720 f   LIBCMT:mbschr.obj
 0001:00025735       __mbschr_l                 00426735 f   LIBCMT:mbschr.obj
 0001:000257d0       __towlower_l               004267d0 f   LIBCMT:towlower.obj
 0001:00025882       __flswbuf                  00426882 f   LIBCMT:_flswbuf.obj
 0001:000259e2       __chsize_nolock            004269e2 f   LIBCMT:chsize.obj
 0001:00025b96       __get_fmode                00426b96 f   LIBCMT:setmode.obj
 0001:00025bc0       __setmode_nolock           00426bc0 f   LIBCMT:setmode.obj
 0001:00025c90       ___ascii_strnicmp          00426c90 f   LIBCMT:_strnicm.obj
 0001:00025cf1       ___crtLCMapStringW         00426cf1 f   LIBCMT:w_map.obj
 0001:00025d20       _IsProcessorFeaturePresent@4 00426d20 f   kernel32:KERNEL32.dll
 0001:00025d26       _RtlUnwind@16              00426d26 f   kernel32:KERNEL32.dll
 0002:00000000       __imp__RegCloseKey@4       00427000     advapi32:ADVAPI32.dll
 0002:00000004       __imp__RegOpenKeyA@12      00427004     advapi32:ADVAPI32.dll
 0002:00000008       __imp__RegQueryValueExA@24 00427008     advapi32:ADVAPI32.dll
 0002:0000000c       \177ADVAPI32_NULL_THUNK_DATA 0042700c     advapi32:ADVAPI32.dll
 0002:00000010       __imp__InitCommonControls@0 00427010     comctl32:COMCTL32.dll
 0002:00000014       \177COMCTL32_NULL_THUNK_DATA 00427014     comctl32:COMCTL32.dll
 0002:00000018       __imp__GetOpenFileNameA@4  00427018     comdlg32:COMDLG32.dll
 0002:0000001c       __imp__GetSaveFileNameA@4  0042701c     comdlg32:COMDLG32.dll
 0002:00000020       \177COMDLG32_NULL_THUNK_DATA 00427020     comdlg32:COMDLG32.dll
 0002:00000024       __imp__SetEndOfFile@4      00427024     kernel32:KERNEL32.dll
 0002:00000028       __imp__CreateFileW@28      00427028     kernel32:KERNEL32.dll
 0002:0000002c       __imp__GetTimeZoneInformation@4 0042702c     kernel32:KERNEL32.dll
 0002:00000030       __imp__SetEnvironmentVariableA@8 00427030     kernel32:KERNEL32.dll
 0002:00000034       __imp__SetFilePointerEx@20 00427034     kernel32:KERNEL32.dll
 0002:00000038       __imp__GetStringTypeW@16   00427038     kernel32:KERNEL32.dll
 0002:0000003c       __imp__LCMapStringW@24     0042703c     kernel32:KERNEL32.dll
 0002:00000040       __imp__CompareStringW@24   00427040     kernel32:KERNEL32.dll
 0002:00000044       __imp__GetTimeFormatW@24   00427044     kernel32:KERNEL32.dll
 0002:00000048       __imp__GetDateFormatW@24   00427048     kernel32:KERNEL32.dll
 0002:0000004c       __imp__HeapSize@12         0042704c     kernel32:KERNEL32.dll
 0002:00000050       __imp__SetStdHandle@8      00427050     kernel32:KERNEL32.dll
 0002:00000054       __imp__FlushFileBuffers@4  00427054     kernel32:KERNEL32.dll
 0002:00000058       __imp__FreeEnvironmentStringsW@4 00427058     kernel32:KERNEL32.dll
 0002:0000005c       __imp__GetEnvironmentStringsW@0 0042705c     kernel32:KERNEL32.dll
 0002:00000060       __imp__GetSystemTimeAsFileTime@4 00427060     kernel32:KERNEL32.dll
 0002:00000064       __imp__DeleteFileW@4       00427064     kernel32:KERNEL32.dll
 0002:00000068       __imp__GetConsoleCP@0      00427068     kernel32:KERNEL32.dll
 0002:0000006c       __imp__ReadConsoleW@20     0042706c     kernel32:KERNEL32.dll
 0002:00000070       __imp__GetConsoleMode@8    00427070     kernel32:KERNEL32.dll
 0002:00000074       __imp__GetProcessHeap@0    00427074     kernel32:KERNEL32.dll
 0002:00000078       __imp__GetCurrentThreadId@0 00427078     kernel32:KERNEL32.dll
 0002:0000007c       __imp__GetCPInfo@8         0042707c     kernel32:KERNEL32.dll
 0002:00000080       __imp__GetOEMCP@0          00427080     kernel32:KERNEL32.dll
 0002:00000084       __imp__GetACP@0            00427084     kernel32:KERNEL32.dll
 0002:00000088       __imp__IsValidCodePage@4   00427088     kernel32:KERNEL32.dll
 0002:0000008c       __imp__InterlockedIncrement@4 0042708c     kernel32:KERNEL32.dll
 0002:00000090       __imp__Sleep@4             00427090     kernel32:KERNEL32.dll
 0002:00000094       __imp__GetModuleHandleW@4  00427094     kernel32:KERNEL32.dll
 0002:00000098       __imp__TlsFree@4           00427098     kernel32:KERNEL32.dll
 0002:0000009c       __imp__TlsSetValue@8       0042709c     kernel32:KERNEL32.dll
 0002:000000a0       __imp__TlsGetValue@4       004270a0     kernel32:KERNEL32.dll
 0002:000000a4       __imp__TlsAlloc@0          004270a4     kernel32:KERNEL32.dll
 0002:000000a8       __imp__TerminateProcess@8  004270a8     kernel32:KERNEL32.dll
 0002:000000ac       __imp__SetLastError@4      004270ac     kernel32:KERNEL32.dll
 0002:000000b0       __imp__SetUnhandledExceptionFilter@4 004270b0     kernel32:KERNEL32.dll
 0002:000000b4       __imp__UnhandledExceptionFilter@4 004270b4     kernel32:KERNEL32.dll
 0002:000000b8       __imp__GetStartupInfoW@4   004270b8     kernel32:KERNEL32.dll
 0002:000000bc       __imp__DeleteCriticalSection@4 004270bc     kernel32:KERNEL32.dll
 0002:000000c0       __imp__RtlUnwind@16        004270c0     kernel32:KERNEL32.dll
 0002:000000c4       __imp__InitializeCriticalSectionAndSpinCount@8 004270c4     kernel32:KERNEL32.dll
 0002:000000c8       __imp__LoadLibraryW@4      004270c8     kernel32:KERNEL32.dll
 0002:000000cc       __imp__LoadLibraryExW@12   004270cc     kernel32:KERNEL32.dll
 0002:000000d0       __imp__OutputDebugStringW@4 004270d0     kernel32:KERNEL32.dll
 0002:000000d4       __imp__FreeLibrary@4       004270d4     kernel32:KERNEL32.dll
 0002:000000d8       __imp__GetModuleFileNameA@12 004270d8     kernel32:KERNEL32.dll
 0002:000000dc       __imp__GetProcAddress@8    004270dc     kernel32:KERNEL32.dll
 0002:000000e0       __imp__GetSystemDirectoryA@8 004270e0     kernel32:KERNEL32.dll
 0002:000000e4       __imp__LoadLibraryA@4      004270e4     kernel32:KERNEL32.dll
 0002:000000e8       __imp__FindClose@4         004270e8     kernel32:KERNEL32.dll
 0002:000000ec       __imp__FindFirstFileA@8    004270ec     kernel32:KERNEL32.dll
 0002:000000f0       __imp__FindNextFileA@8     004270f0     kernel32:KERNEL32.dll
 0002:000000f4       __imp__QueryPerformanceCounter@4 004270f4     kernel32:KERNEL32.dll
 0002:000000f8       __imp__GetProcessTimes@20  004270f8     kernel32:KERNEL32.dll
 0002:000000fc       __imp__GetCurrentProcess@0 004270fc     kernel32:KERNEL32.dll
 0002:00000100       __imp__GetCurrentProcessId@0 00427100     kernel32:KERNEL32.dll
 0002:00000104       __imp__GetCurrentThread@0  00427104     kernel32:KERNEL32.dll
 0002:00000108       __imp__GetThreadTimes@20   00427108     kernel32:KERNEL32.dll
 0002:0000010c       __imp__GetSystemTime@4     0042710c     kernel32:KERNEL32.dll
 0002:00000110       __imp__GetSystemTimeAdjustment@12 00427110     kernel32:KERNEL32.dll
 0002:00000114       __imp__GetWindowsDirectoryA@8 00427114     kernel32:KERNEL32.dll
 0002:00000118       __imp__GlobalMemoryStatus@4 00427118     kernel32:KERNEL32.dll
 0002:0000011c       __imp__CreateThread@24     0042711c     kernel32:KERNEL32.dll
 0002:00000120       __imp__GetEnvironmentVariableA@12 00427120     kernel32:KERNEL32.dll
 0002:00000124       __imp__CreateFileA@28      00427124     kernel32:KERNEL32.dll
 0002:00000128       __imp__ReadFile@20         00427128     kernel32:KERNEL32.dll
 0002:0000012c       __imp__WriteFile@20        0042712c     kernel32:KERNEL32.dll
 0002:00000130       __imp__CloseHandle@4       00427130     kernel32:KERNEL32.dll
 0002:00000134       __imp__GetLocalTime@4      00427134     kernel32:KERNEL32.dll
 0002:00000138       __imp__SetCurrentDirectoryA@4 00427138     kernel32:KERNEL32.dll
 0002:0000013c       __imp__GetCurrentDirectoryA@8 0042713c     kernel32:KERNEL32.dll
 0002:00000140       __imp__GetStdHandle@4      00427140     kernel32:KERNEL32.dll
 0002:00000144       __imp__GetFileType@4       00427144     kernel32:KERNEL32.dll
 0002:00000148       __imp__GetModuleFileNameW@12 00427148     kernel32:KERNEL32.dll
 0002:0000014c       __imp__GetModuleHandleExW@12 0042714c     kernel32:KERNEL32.dll
 0002:00000150       __imp__WriteConsoleW@20    00427150     kernel32:KERNEL32.dll
 0002:00000154       __imp__EncodePointer@4     00427154     kernel32:KERNEL32.dll
 0002:00000158       __imp__DecodePointer@4     00427158     kernel32:KERNEL32.dll
 0002:0000015c       __imp__GetLastError@0      0042715c     kernel32:KERNEL32.dll
 0002:00000160       __imp__InterlockedDecrement@4 00427160     kernel32:KERNEL32.dll
 0002:00000164       __imp__ExitProcess@4       00427164     kernel32:KERNEL32.dll
 0002:00000168       __imp__AreFileApisANSI@0   00427168     kernel32:KERNEL32.dll
 0002:0000016c       __imp__MultiByteToWideChar@24 0042716c     kernel32:KERNEL32.dll
 0002:00000170       __imp__HeapFree@12         00427170     kernel32:KERNEL32.dll
 0002:00000174       __imp__HeapAlloc@12        00427174     kernel32:KERNEL32.dll
 0002:00000178       __imp__HeapReAlloc@16      00427178     kernel32:KERNEL32.dll
 0002:0000017c       __imp__IsProcessorFeaturePresent@4 0042717c     kernel32:KERNEL32.dll
 0002:00000180       __imp__WideCharToMultiByte@32 00427180     kernel32:KERNEL32.dll
 0002:00000184       __imp__GetCommandLineA@0   00427184     kernel32:KERNEL32.dll
 0002:00000188       __imp__IsDebuggerPresent@0 00427188     kernel32:KERNEL32.dll
 0002:0000018c       __imp__EnterCriticalSection@4 0042718c     kernel32:KERNEL32.dll
 0002:00000190       __imp__LeaveCriticalSection@4 00427190     kernel32:KERNEL32.dll
 0002:00000194       \177KERNEL32_NULL_THUNK_DATA 00427194     kernel32:KERNEL32.dll
 0002:00000198       __imp__MessageBoxIndirectA@4 00427198     user32:USER32.dll
 0002:0000019c       __imp__LoadIconA@8         0042719c     user32:USER32.dll
 0002:000001a0       __imp__CheckMenuRadioItem@20 004271a0     user32:USER32.dll
 0002:000001a4       __imp__GetDesktopWindow@0  004271a4     user32:USER32.dll
 0002:000001a8       __imp__GetWindowLongA@8    004271a8     user32:USER32.dll
 0002:000001ac       __imp__GetWindowRect@8     004271ac     user32:USER32.dll
 0002:000001b0       __imp__GetWindowTextLengthA@4 004271b0     user32:USER32.dll
 0002:000001b4       __imp__GetWindowTextA@12   004271b4     user32:USER32.dll
 0002:000001b8       __imp__SetForegroundWindow@4 004271b8     user32:USER32.dll
 0002:000001bc       __imp__SetActiveWindow@4   004271bc     user32:USER32.dll
 0002:000001c0       __imp__AppendMenuA@16      004271c0     user32:USER32.dll
 0002:000001c4       __imp__EnableMenuItem@12   004271c4     user32:USER32.dll
 0002:000001c8       __imp__CreateMenu@0        004271c8     user32:USER32.dll
 0002:000001cc       __imp__SetMenu@8           004271cc     user32:USER32.dll
 0002:000001d0       __imp__EnableWindow@8      004271d0     user32:USER32.dll
 0002:000001d4       __imp__GetDlgItemInt@16    004271d4     user32:USER32.dll
 0002:000001d8       __imp__SetDlgItemInt@16    004271d8     user32:USER32.dll
 0002:000001dc       __imp__EndDialog@8         004271dc     user32:USER32.dll
 0002:000001e0       __imp__DialogBoxParamA@20  004271e0     user32:USER32.dll
 0002:000001e4       __imp__MoveWindow@24       004271e4     user32:USER32.dll
 0002:000001e8       __imp__ShowWindow@8        004271e8     user32:USER32.dll
 0002:000001ec       __imp__PostMessageA@16     004271ec     user32:USER32.dll
 0002:000001f0       __imp__GetMessageTime@0    004271f0     user32:USER32.dll
 0002:000001f4       __imp__GetCursorPos@4      004271f4     user32:USER32.dll
 0002:000001f8       __imp__GetForegroundWindow@0 004271f8     user32:USER32.dll
 0002:000001fc       __imp__GetCapture@0        004271fc     user32:USER32.dll
 0002:00000200       __imp__GetQueueStatus@4    00427200     user32:USER32.dll
 0002:00000204       __imp__GetClipboardOwner@0 00427204     user32:USER32.dll
 0002:00000208       __imp__WinHelpA@16         00427208     user32:USER32.dll
 0002:0000020c       __imp__MapDialogRect@8     0042720c     user32:USER32.dll
 0002:00000210       __imp__SetWindowLongA@12   00427210     user32:USER32.dll
 0002:00000214       __imp__MessageBeep@4       00427214     user32:USER32.dll
 0002:00000218       __imp__MessageBoxA@16      00427218     user32:USER32.dll
 0002:0000021c       __imp__GetClientRect@8     0042721c     user32:USER32.dll
 0002:00000220       __imp__SendDlgItemMessageA@20 00427220     user32:USER32.dll
 0002:00000224       __imp__IsDlgButtonChecked@8 00427224     user32:USER32.dll
 0002:00000228       __imp__CheckRadioButton@16 00427228     user32:USER32.dll
 0002:0000022c       __imp__GetDlgItemTextA@16  0042722c     user32:USER32.dll
 0002:00000230       __imp__SetDlgItemTextA@12  00427230     user32:USER32.dll
 0002:00000234       __imp__GetDlgItem@8        00427234     user32:USER32.dll
 0002:00000238       __imp__SetWindowPos@28     00427238     user32:USER32.dll
 0002:0000023c       __imp__CreateWindowExA@48  0042723c     user32:USER32.dll
 0002:00000240       __imp__SendMessageA@16     00427240     user32:USER32.dll
 0002:00000244       \177USER32_NULL_THUNK_DATA 00427244     user32:USER32.dll
 0002:00000248       ___xc_a                    00427248     LIBCMT:crt0init.obj
 0002:0000024c       ___xc_z                    0042724c     LIBCMT:crt0init.obj
 0002:00000250       ___xi_a                    00427250     LIBCMT:crt0init.obj
 0002:00000268       ___xi_z                    00427268     LIBCMT:crt0init.obj
 0002:0000026c       ___xp_a                    0042726c     LIBCMT:crt0init.obj
 0002:0000027c       ___xp_z                    0042727c     LIBCMT:crt0init.obj
 0002:00000280       ___xt_a                    00427280     LIBCMT:crt0init.obj
 0002:00000284       ___xt_z                    00427284     LIBCMT:crt0init.obj
 0002:00000288       ??_C@_00CNPNBAHC@?$AA@     00427288     conf.obj
 0002:0000028c       ??_C@_01KDCPPGHE@r?$AA@    0042728c     import.obj
 0002:00000290       ??_C@_0BI@FLFNCGOJ@unable?5to?5open?5key?5file?$AA@ 00427290     import.obj
 0002:000002a8       ??_C@_0BH@CFIIDOJD@unexpected?5end?5of?5file?$AA@ 004272a8     import.obj
 0002:000002c0       ??_C@_0M@ILJMFDEM@?9?9?9?9?9BEGIN?5?$AA@ 004272c0     import.obj
 0002:000002cc       ??_C@_0BB@KMOJJEAA@PRIVATE?5KEY?9?9?9?9?9?$AA@ 004272cc     import.obj
 0002:000002e0       ??_C@_0CM@NPEIAKFA@file?5does?5not?5begin?5with?5OpenSSH@ 004272e0     import.obj
 0002:0000030c       ??_C@_0CA@PEOGIGIM@?9?9?9?9?9BEGIN?5RSA?5PRIVATE?5KEY?9?9?9?9?9?$AA@ 0042730c     import.obj
 0002:0000032c       ??_C@_0CA@EJDPJBKG@?9?9?9?9?9BEGIN?5DSA?5PRIVATE?5KEY?9?9?9?9?9?$AA@ 0042732c     import.obj
 0002:0000034c       ??_C@_0BG@JACBKHCO@unrecognised?5key?5type?$AA@ 0042734c     import.obj
 0002:00000364       ??_C@_09KLIMLKKH@?9?9?9?9?9END?5?$AA@ 00427364     import.obj
 0002:00000370       ??_C@_0CB@EEPOJGBD@header?5found?5in?5body?5of?5key?5data@ 00427370     import.obj
 0002:00000394       ??_C@_09OEEMHJLK@Proc?9Type?$AA@ 00427394     import.obj
 0002:000003a0       ??_C@_0CJ@LDIKJOJP@Proc?9Type?5is?5not?54?5?$CIonly?54?5is?5su@ 004273a0     import.obj
 0002:000003cc       ??_C@_09NEFHHFED@ENCRYPTED?$AA@ 004273cc     import.obj
 0002:000003d8       ??_C@_08CGOODIEK@DEK?9Info?$AA@ 004273d8     import.obj
 0002:000003e4       ??_C@_0O@NJEIHBP@DES?9EDE3?9CBC?0?$AA@ 004273e4     import.obj
 0002:000003f4       ??_C@_0N@NIBAJFKC@AES?9128?9CBC?0?$AA@ 004273f4     import.obj
 0002:00000404       ??_C@_0BD@ECLJDLBJ@unsupported?5cipher?$AA@ 00427404     import.obj
 0002:00000418       ??_C@_03IJFOLNOP@?$CF2x?$AA@ 00427418     import.obj
 0002:0000041c       ??_C@_0CC@PACFOKNB@expected?5more?5iv?5data?5in?5DEK?9Inf@ 0042741c     import.obj
 0002:00000440       ??_C@_0CH@NNCNICJE@more?5iv?5data?5than?5expected?5in?5DE@ 00427440     import.obj
 0002:00000468       ??_C@_0BI@ONFFGPPJ@invalid?5base64?5encoding?$AA@ 00427468     import.obj
 0002:00000480       ??_C@_0BF@BIBOAEDB@key?5body?5not?5present?$AA@ 00427480     import.obj
 0002:00000498       ??_C@_0DK@CJOBGJNG@encrypted?5key?5blob?5is?5not?5a?5mult@ 00427498     import.obj
 0002:000004d4       ??_C@_1BI@NEAENEOL@?$AA?4?$AA?4?$AA?2?$AAi?$AAm?$AAp?$AAo?$AAr?$AAt?$AA?4?$AAc?$AA?$AA@ 004274d4     import.obj
 0002:000004f0       ??_C@_1EA@JDGGOHMC@?$AAk?$AAe?$AAy?$AA?9?$AA?$DO?$AAe?$AAn?$AAc?$AAr?$AAy?$AAp?$AAt?$AAi?$AAo?$AAn?$AA?5?$AA?$DN?$AA?$DN?$AA?5?$AAO?$AAS?$AAS?$AAH?$AA_?$AAE?$AAN?$AAC?$AA_?$AAA?$AAE?$AAS?$AA?$AA@ 004274f0     import.obj
 0002:00000530       ??_C@_0BH@ILCLGIND@ASN?41?5decoding?5failure?$AA@ 00427530     import.obj
 0002:00000548       ??_C@_07FOJFIGLJ@ssh?9dss?$AA@ 00427548     import.obj
 0002:00000550       ??_C@_07FDBDPOCJ@ssh?9rsa?$AA@ 00427550     import.obj
 0002:00000558       ??_C@_0BI@OCIDPLGO@version?5number?5mismatch?$AA@ 00427558     import.obj
 0002:00000570       ??_C@_1BI@OCMMGGOI@?$AAp?$AAr?$AAi?$AAv?$AAp?$AAt?$AAr?$AA?5?$AA?$DO?$AA?5?$AA0?$AA?$AA@ 00427570     import.obj
 0002:00000588       ??_C@_0CE@JPOKGHFC@unable?5to?5create?5key?5data?5struct@ 00427588     import.obj
 0002:000005ac       ??_C@_0BF@EFHECHEJ@imported?9openssh?9key?$AA@ 004275ac     import.obj
 0002:000005c4       ??_C@_1CM@CKPBGGEK@?$AAe?$AA?4?$AAs?$AAt?$AAa?$AAr?$AAt?$AA?5?$AA?$CG?$AA?$CG?$AA?5?$AAi?$AAq?$AAm?$AAp?$AA?4?$AAs?$AAt?$AAa?$AAr?$AAt?$AA?$AA@ 004275c4     import.obj
 0002:000005f0       ??_C@_0CB@BOBFMBAH@?9?9?9?9?9BEGIN?5RSA?5PRIVATE?5KEY?9?9?9?9?9?6@ 004275f0     import.obj
 0002:00000614       ??_C@_0BP@ODCOGBOH@?9?9?9?9?9END?5RSA?5PRIVATE?5KEY?9?9?9?9?9?6?$AA@ 00427614     import.obj
 0002:00000634       ??_C@_1CG@MHGNCJHE@?$AAy?$AA?4?$AAs?$AAt?$AAa?$AAr?$AAt?$AA?5?$AA?$CG?$AA?$CG?$AA?5?$AAx?$AA?4?$AAs?$AAt?$AAa?$AAr?$AAt?$AA?$AA@ 00427634     import.obj
 0002:0000065c       ??_C@_0CB@MFBDNBMG@?9?9?9?9?9BEGIN?5DSA?5PRIVATE?5KEY?9?9?9?9?9?6@ 0042765c     import.obj
 0002:00000680       ??_C@_0BP@DICIHBCG@?9?9?9?9?9END?5DSA?5PRIVATE?5KEY?9?9?9?9?9?6?$AA@ 00427680     import.obj
 0002:000006a0       ??_C@_13COJANIEC@?$AA0?$AA?$AA@ 004276a0     import.obj
 0002:000006a4       ??_C@_1BG@GMJKMMJ@?$AAp?$AAo?$AAs?$AA?5?$AA?$DN?$AA?$DN?$AA?5?$AAl?$AAe?$AAn?$AA?$AA@ 004276a4     import.obj
 0002:000006bc       ??_C@_02GMLFBBN@wb?$AA@    004276bc     import.obj
 0002:000006c0       ??_C@_0CP@IBCPMBDO@Proc?9Type?3?54?0ENCRYPTED?6DEK?9Info?3@ 004276c0     import.obj
 0002:000006f0       ??_C@_04JFFKLGJF@?$CF02X?$AA@ 004276f0     import.obj
 0002:000006f8       ??_C@_02PHMGELLB@?6?6?$AA@ 004276f8     import.obj
 0002:000006fc       ??_C@_0CL@NAONMFGD@?9?9?9?9?5BEGIN?5SSH2?5ENCRYPTED?5PRIVAT@ 004276fc     import.obj
 0002:00000728       ??_C@_0CM@DPNEFDAN@file?5does?5not?5begin?5with?5ssh?4com@ 00427728     import.obj
 0002:00000754       ??_C@_0CJ@FKKHMGNF@?9?9?9?9?5END?5SSH2?5ENCRYPTED?5PRIVATE?5@ 00427754     import.obj
 0002:00000780       ??_C@_1BG@CPIGDCEJ@?$AA?$CB?$AAl?$AAi?$AAn?$AAe?$AA?$FL?$AAl?$AAe?$AAn?$AA?$FN?$AA?$AA@ 00427780     import.obj
 0002:00000798       ??_C@_07JABLCLAF@Comment?$AA@ 00427798     import.obj
 0002:000007a0       ??_C@_04CGFJFPFD@none?$AA@ 004277a0     import.obj
 0002:000007a8       ??_C@_0BB@BAKDHMLI@if?9modn?$HLsign?$HLrsa?$AA@ 004277a8     import.obj
 0002:000007bc       ??_C@_0BB@HPFMICAI@dl?9modp?$HLsign?$HLdsa?$AA@ 004277bc     import.obj
 0002:000007d0       ??_C@_0CF@FCECDMDC@key?5does?5not?5begin?5with?5magic?5nu@ 004277d0     import.obj
 0002:000007f8       ??_C@_0CM@NEOFPBCC@key?5blob?5does?5not?5contain?5a?5key?5@ 004277f8     import.obj
 0002:00000824       ??_C@_0BH@KKPDMCEI@key?5is?5of?5unknown?5type?$AA@ 00427824     import.obj
 0002:0000083c       ??_C@_0CP@EAFPJHHJ@key?5blob?5does?5not?5contain?5a?5ciph@ 0042783c     import.obj
 0002:0000086c       ??_C@_08BLJCDBFI@3des?9cbc?$AA@ 0042786c     import.obj
 0002:00000878       ??_C@_0CC@DMBMLLIA@key?5encryption?5is?5of?5unknown?5typ@ 00427878     import.obj
 0002:0000089c       ??_C@_0CK@ODGNJBJL@key?5blob?5does?5not?5contain?5actual@ 0042789c     import.obj
 0002:000008c8       ??_C@_0BL@EBDAIAFH@length?5of?5key?5data?5is?5zero?$AA@ 004278c8     import.obj
 0002:000008e4       ??_C@_0DN@BNMNCPAM@encrypted?5part?5of?5key?5is?5not?5a?5m@ 004278e4     import.obj
 0002:00000924       ??_C@_0CB@KFJCGCEG@containing?5string?5was?5ill?9formed@ 00427924     import.obj
 0002:00000948       ??_C@_0CG@EPMPHHKB@key?5data?5did?5not?5contain?5six?5int@ 00427948     import.obj
 0002:00000970       ??_C@_0CI@BGEDAODE@predefined?5DSA?5parameters?5not?5su@ 00427970     import.obj
 0002:00000998       ??_C@_0CH@NIKLEOMO@key?5data?5did?5not?5contain?5five?5in@ 00427998     import.obj
 0002:000009c0       ??_C@_1BI@FBGGPGNJ@?$AAp?$AAr?$AAi?$AAv?$AAl?$AAe?$AAn?$AA?5?$AA?$DO?$AA?5?$AA0?$AA?$AA@ 004279c0     import.obj
 0002:000009d8       ??_C@_0DI@MLAIEDL@if?9modn?$HLsign?$HLrsa?9pkcs1?9sha1?$HN?0enc@ 004279d8     import.obj
 0002:00000a10       ??_C@_0CH@GOJJJFLG@dl?9modp?$HLsign?$HLdsa?9nist?9sha1?$HN?0dh?$HLp@ 00427a10     import.obj
 0002:00000a38       ??_C@_1EE@OIMKJIHJ@?$AA?$CB?$AAp?$AAa?$AAs?$AAs?$AAp?$AAh?$AAr?$AAa?$AAs?$AAe?$AA?5?$AA?$HM?$AA?$HM?$AA?5?$AAc?$AAi?$AAp?$AAh?$AAe?$AAr?$AAl?$AAe?$AAn?$AA?5?$AA?$CF?$AA?5?$AA8?$AA?5?$AA?$DN?$AA?$DN?$AA?5@ 00427a38     import.obj
 0002:00000a7c       ??_C@_1BK@KHFGGBIE@?$AAp?$AAo?$AAs?$AA?5?$AA?$DM?$AA?5?$AAo?$AAu?$AAt?$AAl?$AAe?$AAn?$AA?$AA@ 00427a7c     import.obj
 0002:00000a98       ??_C@_0CM@COIEDFKN@?9?9?9?9?5BEGIN?5SSH2?5ENCRYPTED?5PRIVAT@ 00427a98     import.obj
 0002:00000ac4       ??_C@_0L@PKLHOOPL@Comment?3?5?$CC?$AA@ 00427ac4     import.obj
 0002:00000ad0       ??_C@_06KPACFFHF@?$CF?4?$CKs?2?6?$AA@ 00427ad0     import.obj
 0002:00000ad8       ??_C@_04IIFANNOA@?$CFs?$CC?6?$AA@ 00427ad8     import.obj
 0002:00000ae0       ??_C@_0CK@MAMGJBH@?9?9?9?9?5END?5SSH2?5ENCRYPTED?5PRIVATE?5@ 00427ae0     import.obj
 0002:00000b54       ??_C@_0P@MCKMEEL@Out?5of?5memory?$CB?$AA@ 00427b54     misc.obj
 0002:00000b88       _ssh2_aes                  00427b88     sshaes.obj
 0002:00002f20       ??_C@_0L@DLEDDNDH@aes128?9ctr?$AA@ 00429f20     sshaes.obj
 0002:00002f2c       ??_C@_0O@HCOECJE@AES?9128?5SDCTR?$AA@ 00429f2c     sshaes.obj
 0002:00002f3c       ??_C@_0L@JINPEKKL@aes192?9ctr?$AA@ 00429f3c     sshaes.obj
 0002:00002f48       ??_C@_0O@BELLMAIB@AES?9192?5SDCTR?$AA@ 00429f48     sshaes.obj
 0002:00002f58       ??_C@_0L@EKGBGFCK@aes256?9ctr?$AA@ 00429f58     sshaes.obj
 0002:00002f64       ??_C@_0O@JNPCIGGM@AES?9256?5SDCTR?$AA@ 00429f64     sshaes.obj
 0002:00002f74       ??_C@_0L@HADBMBOF@aes128?9cbc?$AA@ 00429f74     sshaes.obj
 0002:00002f80       ??_C@_0M@NHPGNAPK@AES?9128?5CBC?$AA@ 00429f80     sshaes.obj
 0002:00002f8c       ??_C@_0L@NDKNLGHJ@aes192?9cbc?$AA@ 00429f8c     sshaes.obj
 0002:00002f98       ??_C@_0M@HEGKKHGG@AES?9192?5CBC?$AA@ 00429f98     sshaes.obj
 0002:00002fa4       ??_C@_0L@BBDJJPI@aes256?9cbc?$AA@ 00429fa4     sshaes.obj
 0002:00002fb0       ??_C@_0M@KGNEIIOH@AES?9256?5CBC?$AA@ 00429fb0     sshaes.obj
 0002:00002fbc       ??_C@_0BM@MGEJEKIP@rijndael?9cbc?$EAlysator?4liu?4se?$AA@ 00429fbc     sshaes.obj
 0002:00002fd8       ??_C@_1BI@FNOKOHIF@?$AA?4?$AA?4?$AA?2?$AAs?$AAs?$AAh?$AAa?$AAe?$AAs?$AA?4?$AAc?$AA?$AA@ 00429fd8     sshaes.obj
 0002:00002ff0       ??_C@_1GG@KBLHJPFM@?$AAb?$AAl?$AAo?$AAc?$AAk?$AAl?$AAe?$AAn?$AA?5?$AA?$DN?$AA?$DN?$AA?5?$AA1?$AA6?$AA?5?$AA?$HM?$AA?$HM?$AA?5?$AAb?$AAl?$AAo?$AAc?$AAk?$AAl?$AAe?$AAn?$AA?5?$AA?$DN?$AA?$DN?$AA?5?$AA2?$AA4@ 00429ff0     sshaes.obj
 0002:00003058       ??_C@_1FK@NLFGMJEL@?$AAk?$AAe?$AAy?$AAl?$AAe?$AAn?$AA?5?$AA?$DN?$AA?$DN?$AA?5?$AA1?$AA6?$AA?5?$AA?$HM?$AA?$HM?$AA?5?$AAk?$AAe?$AAy?$AAl?$AAe?$AAn?$AA?5?$AA?$DN?$AA?$DN?$AA?5?$AA2?$AA4?$AA?5?$AA?$HM?$AA?$HM?$AA?5@ 0042a058     sshaes.obj
 0002:000030b4       ??_C@_1CA@HEBGNHHD@?$AA?$CI?$AAl?$AAe?$AAn?$AA?5?$AA?$CG?$AA?5?$AA1?$AA5?$AA?$CJ?$AA?5?$AA?$DN?$AA?$DN?$AA?5?$AA0?$AA?$AA@ 0042a0b4     sshaes.obj
 0002:000030d4       ??_C@_1BG@NFJADPKO@?$AA?4?$AA?4?$AA?2?$AAs?$AAs?$AAh?$AAb?$AAn?$AA?4?$AAc?$AA?$AA@ 0042a0d4     sshbn.obj
 0002:000030ec       ??_C@_1O@ILILCEBJ@?$AAi?$AA?5?$AA?$DO?$AA?$DN?$AA?5?$AA0?$AA?$AA@ 0042a0ec     sshbn.obj
 0002:000030fc       ??_C@_1CC@CNCFMNFF@?$AAm?$AAo?$AAd?$AA?$FL?$AAm?$AAo?$AAd?$AA?$FL?$AA0?$AA?$FN?$AA?$FN?$AA?5?$AA?$CB?$AA?$DN?$AA?5?$AA0?$AA?$AA@ 0042a0fc     sshbn.obj
 0002:00003120       _ssh_3des                  0042a120     sshdes.obj
 0002:0000313c       _ssh_des                   0042a13c     sshdes.obj
 0002:00003158       _ssh2_3des                 0042a158     sshdes.obj
 0002:00003160       _ssh2_des                  0042a160     sshdes.obj
 0002:00003c48       ??_C@_0P@MNELLKGN@triple?9DES?5CBC?$AA@ 0042ac48     sshdes.obj
 0002:00003c58       ??_C@_08FAOAMNIK@3des?9ctr?$AA@ 0042ac58     sshdes.obj
 0002:00003c64       ??_C@_0BB@JEEJMMLC@triple?9DES?5SDCTR?$AA@ 0042ac64     sshdes.obj
 0002:00003c78       ??_C@_07IPAFAGII@des?9cbc?$AA@ 0042ac78     sshdes.obj
 0002:00003c80       ??_C@_0P@HKDDLANN@single?9DES?5CBC?$AA@ 0042ac80     sshdes.obj
 0002:00003c90       ??_C@_0BA@IBKFJPCP@des?9cbc?$EAssh?4com?$AA@ 0042ac90     sshdes.obj
 0002:00003ca0       ??_C@_0BF@OCGINFLB@triple?9DES?5inner?9CBC?$AA@ 0042aca0     sshdes.obj
 0002:00003cb8       ??_C@_1BI@MFEJJAJF@?$AA?4?$AA?4?$AA?2?$AAs?$AAs?$AAh?$AAd?$AAe?$AAs?$AA?4?$AAc?$AA?$AA@ 0042acb8     sshdes.obj
 0002:00003cd0       ??_C@_1BO@CPHGGKB@?$AA?$CI?$AAl?$AAe?$AAn?$AA?5?$AA?$CG?$AA?5?$AA7?$AA?$CJ?$AA?5?$AA?$DN?$AA?$DN?$AA?5?$AA0?$AA?$AA@ 0042acd0     sshdes.obj
 0002:00003cf0       _ssh_dss                   0042acf0     sshdss.obj
 0002:00003d3c       ??_C@_03DIFKLMIL@dss?$AA@  0042ad3c     sshdss.obj
 0002:00003d40       ??_C@_02MDDDDAID@0x?$AA@   0042ad40     sshdss.obj
 0002:00003d44       ??_C@_03PHNCCGAL@?00x?$AA@ 0042ad44     sshdss.obj
 0002:00003d48       ??_C@_0M@CEADPCHG@?$AA?$AA?$AA?$AHssh?9dss?$AA@ 0042ad48     sshdss.obj
 0002:00003d54       ??_C@_0M@IJFAFDNI@ssh?9dss?5?$CFd?5?$AA@ 0042ad54     sshdss.obj
 0002:00003d60       ??_C@_01JLIPDDHJ@?3?$AA@   0042ad60     sshdss.obj
 0002:00003d64       ??_C@_06ELKDNDAA@?$CFs?$CF02x?$AA@ 0042ad64     sshdss.obj
 0002:00003d6c       ??_C@_1BI@OPPJGBDK@?$AA?4?$AA?4?$AA?2?$AAs?$AAs?$AAh?$AAd?$AAs?$AAs?$AA?4?$AAc?$AA?$AA@ 0042ad6c     sshdss.obj
 0002:00003d84       ??_C@_1CI@EFOJPBNN@?$AAp?$AA?5?$AA?$DN?$AA?$DN?$AA?5?$AAb?$AAl?$AAo?$AAb?$AA?5?$AA?$CL?$AA?5?$AAb?$AAl?$AAo?$AAb?$AAl?$AAe?$AAn?$AA?$AA@ 0042ad84     sshdss.obj
 0002:00003dac       ??_C@_0BO@DJMBCJHK@DSA?5deterministic?5k?5generator?$AA@ 0042adac     sshdss.obj
 0002:00003dcc       _ssh_hmac_md5              0042adcc     sshmd5.obj
 0002:00003dfc       ??_C@_08LPACCAD@hmac?9md5?$AA@ 0042adfc     sshmd5.obj
 0002:00003e08       ??_C@_08CABJBHIC@HMAC?9MD5?$AA@ 0042ae08     sshmd5.obj
 0002:00007134       ??_C@_1BM@MNKJADLC@?$AA?4?$AA?4?$AA?2?$AAs?$AAs?$AAh?$AAp?$AAr?$AAi?$AAm?$AAe?$AA?4?$AAc?$AA?$AA@ 0042e134     sshprime.obj
 0002:00007150       ??_C@_1CM@NOBKFDKG@?$AAb?$AAi?$AAg?$AAn?$AAu?$AAm?$AA_?$AAb?$AAi?$AAt?$AA?$CI?$AAp?$AA?0?$AA?5?$AA0?$AA?$CJ?$AA?5?$AA?$DN?$AA?$DN?$AA?5?$AA0?$AA?$AA@ 0042e150     sshprime.obj
 0002:0000717c       ??_C@_0BD@IONICDPN@error?5reading?5file?$AA@ 0042e17c     sshpubk.obj
 0002:00007190       ??_C@_0BC@NPBJDJGK@file?5format?5error?$AA@ 0042e190     sshpubk.obj
 0002:000071a4       ??_C@_0BB@HNDNBCMJ@wrong?5passphrase?$AA@ 0042e1a4     sshpubk.obj
 0002:000071b8       ??_C@_0BC@DEMJHLHP@rsa_verify?5failed?$AA@ 0042e1b8     sshpubk.obj
 0002:000071cc       ??_C@_02JDPG@rb?$AA@       0042e1cc     sshpubk.obj
 0002:000071d0       ??_C@_0BA@ENOJCGDH@can?8t?5open?5file?$AA@ 0042e1d0     sshpubk.obj
 0002:000071e0       ??_C@_0CB@KLPNCBJK@SSH?5PRIVATE?5KEY?5FILE?5FORMAT?51?41?6@ 0042e1e0     sshpubk.obj
 0002:00007204       ??_C@_0BG@BDKEBGIA@not?5an?5SSH?91?5RSA?5file?$AA@ 0042e204     sshpubk.obj
 0002:0000721c       ??_C@_0BG@GFACEDGM@PuTTY?9User?9Key?9File?92?$AA@ 0042e21c     sshpubk.obj
 0002:00007234       ??_C@_0BG@EOCPBAKP@PuTTY?9User?9Key?9File?91?$AA@ 0042e234     sshpubk.obj
 0002:0000724c       ??_C@_0BF@HKENPLNI@PuTTY?9User?9Key?9File?9?$AA@ 0042e24c     sshpubk.obj
 0002:00007264       ??_C@_0BJ@OMNPKCPH@PuTTY?5key?5format?5too?5new?$AA@ 0042e264     sshpubk.obj
 0002:00007280       ??_C@_0BO@KKNFCICD@not?5a?5PuTTY?5SSH?92?5private?5key?$AA@ 0042e280     sshpubk.obj
 0002:000072a0       ??_C@_0L@PHIJEIHK@Encryption?$AA@ 0042e2a0     sshpubk.obj
 0002:000072ac       ??_C@_0N@PLAKAHPB@Public?9Lines?$AA@ 0042e2ac     sshpubk.obj
 0002:000072bc       ??_C@_0O@KIMPDNLC@Private?9Lines?$AA@ 0042e2bc     sshpubk.obj
 0002:000072cc       ??_C@_0M@BGCIEHNL@Private?9MAC?$AA@ 0042e2cc     sshpubk.obj
 0002:000072d8       ??_C@_0N@PAIKAHGK@Private?9Hash?$AA@ 0042e2d8     sshpubk.obj
 0002:000072e8       ??_C@_04DJNNAIOC@?$AA?$AA?$AA?$AA?$AA@ 0042e2e8     sshpubk.obj
 0002:000072f0       ??_C@_04CAMGDJKD@?$AA?$AA?$AA?$AB?$AA@ 0042e2f0     sshpubk.obj
 0002:000072f8       ??_C@_0BP@FBPHIKLM@putty?9private?9key?9file?9mac?9key?$AA@ 0042e2f8     sshpubk.obj
 0002:00007318       ??_C@_04NOJCDH@?$CF02x?$AA@ 0042e318     sshpubk.obj
 0002:00007320       ??_C@_0L@GHCEHEDO@MAC?5failed?$AA@ 0042e320     sshpubk.obj
 0002:0000732c       ??_C@_0BB@IEKCJKNA@createkey?5failed?$AA@ 0042e32c     sshpubk.obj
 0002:00007340       ??_C@_1BK@LMHLBBNJ@?$AA?4?$AA?4?$AA?2?$AAs?$AAs?$AAh?$AAp?$AAu?$AAb?$AAk?$AA?4?$AAc?$AA?$AA@ 0042e340     sshpubk.obj
 0002:00007360       ??_C@_1FA@DJCGKCFO@?$AAp?$AAr?$AAi?$AAv?$AA_?$AAe?$AAn?$AAc?$AAr?$AAy?$AAp?$AAt?$AAe?$AAd?$AA_?$AAl?$AAe?$AAn?$AA?5?$AA?9?$AA?5?$AAp?$AAr?$AAi?$AAv?$AA_?$AAb?$AAl?$AAo?$AAb?$AA_?$AAl@ 0042e360     sshpubk.obj
 0002:000073b0       ??_C@_01NOFIACDB@w?$AA@    0042e3b0     sshpubk.obj
 0002:000073b4       ??_C@_0BL@JBPJEMFD@PuTTY?9User?9Key?9File?92?3?5?$CFs?6?$AA@ 0042e3b4     sshpubk.obj
 0002:000073d0       ??_C@_0BA@HEPLFIJ@Encryption?3?5?$CFs?6?$AA@ 0042e3d0     sshpubk.obj
 0002:000073e0       ??_C@_0N@IBHFALIE@Comment?3?5?$CFs?6?$AA@ 0042e3e0     sshpubk.obj
 0002:000073f0       ??_C@_0BC@FEKBCDEB@Public?9Lines?3?5?$CFd?6?$AA@ 0042e3f0     sshpubk.obj
 0002:00007404       ??_C@_0BD@NCJGEDCB@Private?9Lines?3?5?$CFd?6?$AA@ 0042e404     sshpubk.obj
 0002:00007418       ??_C@_0O@DGAMJKCL@Private?9MAC?3?5?$AA@ 0042e418     sshpubk.obj
 0002:00007428       ??_C@_01EEMJAFIK@?6?$AA@   0042e428     sshpubk.obj
 0002:0000742c       ??_C@_0CB@IHNFHFDO@?9?9?9?9?5BEGIN?5SSH2?5ENCRYPTED?5PRIVAT@ 0042e42c     sshpubk.obj
 0002:00007450       ??_C@_0BE@FNAAPKHP@unable?5to?5open?5file?$AA@ 0042e450     sshpubk.obj
 0002:00007464       ??_C@_0BC@BPEMMLLP@not?5a?5private?5key?$AA@ 0042e464     sshpubk.obj
 0002:00007478       ??_C@_0BC@LONHAMBA@SSH?91?5private?5key?$AA@ 0042e478     sshpubk.obj
 0002:0000748c       ??_C@_0BI@FLELEAHO@PuTTY?5SSH?92?5private?5key?$AA@ 0042e48c     sshpubk.obj
 0002:000074a4       ??_C@_0BK@NKGNFJIN@OpenSSH?5SSH?92?5private?5key?$AA@ 0042e4a4     sshpubk.obj
 0002:000074c0       ??_C@_0BK@HBGHADOM@ssh?4com?5SSH?92?5private?5key?$AA@ 0042e4c0     sshpubk.obj
 0002:000074dc       ??_C@_0P@CILKDAIG@INTERNAL?5ERROR?$AA@ 0042e4dc     sshpubk.obj
 0002:00007500       _ssh_rsa_kex               0042e500     sshrsa.obj
 0002:00007508       _ssh_rsa                   0042e508     sshrsa.obj
 0002:00007598       ??_C@_04GHCAEBFJ@rsa2?$AA@ 0042e598     sshrsa.obj
 0002:000075a0       ??_C@_0N@KOPDGDGF@rsa1024?9sha1?$AA@ 0042e5a0     sshrsa.obj
 0002:000075b0       ??_C@_0P@OJIMEJLA@rsa2048?9sha256?$AA@ 0042e5b0     sshrsa.obj
 0002:000075c0       ??_C@_0BL@OLAJGFFE@RSA?5deterministic?5blinding?$AA@ 0042e5c0     sshrsa.obj
 0002:000075dc       ??_C@_03JDANDILB@?$CFd?5?$AA@ 0042e5dc     sshrsa.obj
 0002:000075e0       ??_C@_1BI@DCECBPHA@?$AA?4?$AA?4?$AA?2?$AAs?$AAs?$AAh?$AAr?$AAs?$AAa?$AA?4?$AAc?$AA?$AA@ 0042e5e0     sshrsa.obj
 0002:000075f8       ??_C@_0M@CJIFIKOG@?$AA?$AA?$AA?$AHssh?9rsa?$AA@ 0042e5f8     sshrsa.obj
 0002:00007604       ??_C@_0M@HNJKMIOE@ssh?9rsa?5?$CFd?5?$AA@ 0042e604     sshrsa.obj
 0002:00007610       ??_C@_1DI@JPHLNLFI@?$AA1?$AA?5?$AA?$DM?$AA?$DN?$AA?5?$AAn?$AAb?$AAy?$AAt?$AAe?$AAs?$AA?5?$AA?9?$AA?5?$AA2?$AA0?$AA?5?$AA?9?$AA?5?$AAA?$AAS?$AAN?$AA1?$AA_?$AAL?$AAE?$AAN?$AA?$AA@ 0042e610     sshrsa.obj
 0002:00007648       _ssh_sha256                0042e648     sshsh256.obj
 0002:0000765c       _ssh_hmac_sha256           0042e65c     sshsh256.obj
 0002:00007790       ??_C@_07DKFLFLPF@SHA?9256?$AA@ 0042e790     sshsh256.obj
 0002:00007798       ??_C@_0O@HOOBDNEB@hmac?9sha2?9256?$AA@ 0042e798     sshsh256.obj
 0002:000077a8       ??_C@_0N@ILKCJLO@HMAC?9SHA?9256?$AA@ 0042e7a8     sshsh256.obj
 0002:00007a78       _ssh_sha1                  0042ea78     sshsha.obj
 0002:00007a8c       _ssh_hmac_sha1             0042ea8c     sshsha.obj
 0002:00007abc       _ssh_hmac_sha1_buggy       0042eabc     sshsha.obj
 0002:00007aec       _ssh_hmac_sha1_96          0042eaec     sshsha.obj
 0002:00007b1c       _ssh_hmac_sha1_96_buggy    0042eb1c     sshsha.obj
 0002:00007b4c       ??_C@_05HJMENKNE@SHA?91?$AA@ 0042eb4c     sshsha.obj
 0002:00007b54       ??_C@_09KBOMLGBN@hmac?9sha1?$AA@ 0042eb54     sshsha.obj
 0002:00007b60       ??_C@_09DDFKKHO@HMAC?9SHA1?$AA@ 0042eb60     sshsha.obj
 0002:00007b6c       ??_C@_0N@PPCDKPGG@hmac?9sha1?996?$AA@ 0042eb6c     sshsha.obj
 0002:00007b7c       ??_C@_0N@KMMKONJA@HMAC?9SHA1?996?$AA@ 0042eb7c     sshsha.obj
 0002:00007b8c       ??_C@_0BJ@MDIAIHM@bug?9compatible?5HMAC?9SHA1?$AA@ 0042eb8c     sshsha.obj
 0002:00007ba8       ??_C@_0BM@ENMOJLCH@bug?9compatible?5HMAC?9SHA1?996?$AA@ 0042eba8     sshsha.obj
 0002:00007bd8       ??_C@_07EKEMFJNL@LISTBOX?$AA@ 0042ebd8     winctrls.obj
 0002:00007be0       ??_C@_06GCFCNKMP@STATIC?$AA@ 0042ebe0     winctrls.obj
 0002:00007be8       ??_C@_06HBIEIEBN@BUTTON?$AA@ 0042ebe8     winctrls.obj
 0002:00007bf0       ??_C@_04BMCEDOKO@EDIT?$AA@ 0042ebf0     winctrls.obj
 0002:00007bf8       ??_C@_0BC@LCPLMKMI@msctls_progress32?$AA@ 0042ebf8     winctrls.obj
 0002:00007c0c       ??_C@_0BF@GGPCANBM@All?5Files?5?$CI?$CK?4?$CK?$CJ?$AA?$CK?$AA?$AA?$AA?$AA@ 0042ec0c     winctrls.obj
 0002:00007c24       ??_C@_09KCIJKGOL@putty?4hlp?$AA@ 0042ec24     winhelp.obj
 0002:00007c30       ??_C@_09BCGADAIA@putty?4cnt?$AA@ 0042ec30     winhelp.obj
 0002:00007c3c       ??_C@_09INONOFCK@putty?4chm?$AA@ 0042ec3c     winhelp.obj
 0002:00007c48       ??_C@_0L@EFKJKBHF@hhctrl?4ocx?$AA@ 0042ec48     winhelp.obj
 0002:00007c54       ??_C@_09EFBFPPGM@HtmlHelpA?$AA@ 0042ec54     winhelp.obj
 0002:00007c60       ??_C@_1CK@IBKCKMGM@?$AA?4?$AA?4?$AA?2?$AAw?$AAi?$AAn?$AAd?$AAo?$AAw?$AAs?$AA?2?$AAw?$AAi?$AAn?$AAh?$AAe?$AAl?$AAp?$AA?4?$AAc?$AA?$AA@ 0042ec60     winhelp.obj
 0002:00007c8c       ??_C@_1DA@CDMBFJDO@?$AAt?$AAo?$AAp?$AAi?$AAc?$AA?$FL?$AAc?$AAo?$AAl?$AAo?$AAn?$AAp?$AAo?$AAs?$AA?$FN?$AA?5?$AA?$CB?$AA?$DN?$AA?5?$AA?8?$AA?2?$AA0?$AA?8?$AA?$AA@ 0042ec8c     winhelp.obj
 0002:00007cbc       ??_C@_0BC@CFNCKOA@?$CFs?3?3?1?$CFs?4html?$DOmain?$AA@ 0042ecbc     winhelp.obj
 0002:00007cd0       ??_C@_0O@PLAIEHKO@JI?$CI?$GA?8?0?$GA?$CF?4?$CKs?8?$CJ?$AA@ 0042ecd0     winhelp.obj
 0002:00007ce0       ??_C@_01KICIPPFI@?2?$AA@   0042ece0     winmisc.obj
 0002:00007ce4       ??_C@_02KHDDNBB@?2?$CK?$AA@ 0042ece4     winnoise.obj
 0002:00007f1c       ??_C@_0BF@FGPOBIOJ@PuTTYgen?5Fatal?5Error?$AA@ 0042ef1c     winpgen.obj
 0002:00007f34       ??_C@_0DL@MJMBOCBO@PuTTY?5Private?5Key?5Files?5?$CI?$CK?4ppk?$CJ?$AA@ 0042ef34     winpgen.obj
 0002:00007f70       ??_C@_04POOLODCH@?4ppk?$AA@ 0042ef70     winpgen.obj
 0002:00007f78       ??_C@_0M@PNFJBEIL@?$CFd?5?$CFs?5?$CFs?5?$CFs?$AA@ 0042ef78     winpgen.obj
 0002:00007f84       ??_C@_0DD@BNIEAAGE@?$CGPublic?5key?5for?5pasting?5into?5aut@ 0042ef84     winpgen.obj
 0002:00007fb8       ??_C@_0DL@KOEMDPML@?$CGPublic?5key?5for?5pasting?5into?5Ope@ 0042efb8     winpgen.obj
 0002:00007ff4       ??_C@_0N@IAHIOLDG@?$CFd?5?$CFs?5?$CFs?5?$CFs?6?$AA@ 0042eff4     winpgen.obj
 0002:00008004       ??_C@_0CB@FELGGKLF@?9?9?9?9?5BEGIN?5SSH2?5PUBLIC?5KEY?5?9?9?9?9?6@ 0042f004     winpgen.obj
 0002:00008028       ??_C@_02MBJIFMOJ@?$CC?6?$AA@ 0042f028     winpgen.obj
 0002:0000802c       ??_C@_0BP@POHHBCIM@?9?9?9?9?5END?5SSH2?5PUBLIC?5KEY?5?9?9?9?9?6?$AA@ 0042f02c     winpgen.obj
 0002:0000804c       ??_C@_0BP@IBKLELMH@Couldn?8t?5load?5private?5key?5?$CI?$CFs?$CJ?$AA@ 0042f04c     winpgen.obj
 0002:0000806c       ??_C@_0P@FBOEJNMO@PuTTYgen?5Error?$AA@ 0042f06c     winpgen.obj
 0002:0000807c       ??_C@_1CK@KNFGBIHK@?$AA?4?$AA?4?$AA?2?$AAw?$AAi?$AAn?$AAd?$AAo?$AAw?$AAs?$AA?2?$AAw?$AAi?$AAn?$AAp?$AAg?$AAe?$AAn?$AA?4?$AAc?$AA?$AA@ 0042f07c     winpgen.obj
 0002:000080a8       ??_C@_1CG@BIBKKIIF@?$AAp?$AAa?$AAs?$AAs?$AAp?$AAh?$AAr?$AAa?$AAs?$AAe?$AA?5?$AA?$CB?$AA?$DN?$AA?5?$AAN?$AAU?$AAL?$AAL?$AA?$AA@ 0042f0a8     winpgen.obj
 0002:000080d0       ??_C@_0JF@JMKLLBAD@Successfully?5imported?5foreign?5ke@ 0042f0d0     winpgen.obj
 0002:00008168       ??_C@_0BA@GOIHLCEM@PuTTYgen?5Notice?$AA@ 0042f168     winpgen.obj
 0002:00008178       ??_C@_0BC@IEPGKHHG@?$CGLoad?5private?5key?$AA@ 0042f178     winpgen.obj
 0002:0000818c       ??_C@_0BB@IFIJGHGM@Save?5p?$CGublic?5key?$AA@ 0042f18c     winpgen.obj
 0002:000081a0       ??_C@_0BC@DHMLIKFG@?$CGSave?5private?5key?$AA@ 0042f1a0     winpgen.obj
 0002:000081b4       ??_C@_05PNPHNLAJ@E?$CGxit?$AA@ 0042f1b4     winpgen.obj
 0002:000081bc       ??_C@_05FHBCAALB@?$CGFile?$AA@ 0042f1bc     winpgen.obj
 0002:000081c4       ??_C@_0BD@KDONEHFN@?$CGGenerate?5key?5pair?$AA@ 0042f1c4     winpgen.obj
 0002:000081d8       ??_C@_0BB@KNLAEANP@SSH?9?$CG1?5key?5?$CIRSA?$CJ?$AA@ 0042f1d8     winpgen.obj
 0002:000081ec       ??_C@_0P@BPDPEEML@SSH?92?5?$CGRSA?5key?$AA@ 0042f1ec     winpgen.obj
 0002:000081fc       ??_C@_0P@KFOLHMGH@SSH?92?5?$CGDSA?5key?$AA@ 0042f1fc     winpgen.obj
 0002:0000820c       ??_C@_04ILKIMGAO@?$CGKey?$AA@ 0042f20c     winpgen.obj
 0002:00008214       ??_C@_0M@HFBBIEEH@?$CGImport?5key?$AA@ 0042f214     winpgen.obj
 0002:00008220       ??_C@_0BE@EBADGJBC@Export?5?$CGOpenSSH?5key?$AA@ 0042f220     winpgen.obj
 0002:00008234       ??_C@_0BE@FPMBPEPP@Export?5?$CGssh?4com?5key?$AA@ 0042f234     winpgen.obj
 0002:00008248       ??_C@_0N@LGCEONFD@Con?$CGversions?$AA@ 0042f248     winpgen.obj
 0002:00008258       ??_C@_06JDCECANP@?$CGAbout?$AA@ 0042f258     winpgen.obj
 0002:00008260       ??_C@_05JFEBOHHM@?$CGHelp?$AA@ 0042f260     winpgen.obj
 0002:00008268       ??_C@_03CCEPDEKL@Key?$AA@  0042f268     winpgen.obj
 0002:0000826c       ??_C@_07GOKFNCON@No?5key?4?$AA@ 0042f26c     winpgen.obj
 0002:00008274       ??_C@_0BC@FKECAKGA@Key?5f?$CGingerprint?3?$AA@ 0042f274     winpgen.obj
 0002:00008288       ??_C@_0O@IAHBDMGD@Key?5?$CGcomment?3?$AA@ 0042f288     winpgen.obj
 0002:00008298       ??_C@_0BB@MMPCKJCM@Key?5p?$CGassphrase?3?$AA@ 0042f298     winpgen.obj
 0002:000082ac       ??_C@_0BF@OKIIOCBE@C?$CGonfirm?5passphrase?3?$AA@ 0042f2ac     winpgen.obj
 0002:000082c4       ??_C@_07OEDLMFDM@Actions?$AA@ 0042f2c4     winpgen.obj
 0002:000082cc       ??_C@_09LEIEPBPJ@?$CGGenerate?$AA@ 0042f2cc     winpgen.obj
 0002:000082d8       ??_C@_0CD@ELPIDMDF@Generate?5a?5public?1private?5key?5pa@ 0042f2d8     winpgen.obj
 0002:000082fc       ??_C@_05CJAKOFNO@?$CGLoad?$AA@ 0042f2fc     winpgen.obj
 0002:00008304       ??_C@_0CC@MHAMFAED@Load?5an?5existing?5private?5key?5fil@ 0042f304     winpgen.obj
 0002:00008328       ??_C@_0BH@JGJHJIGG@Save?5the?5generated?5key?$AA@ 0042f328     winpgen.obj
 0002:00008340       ??_C@_0L@PBGCNDPG@Parameters?$AA@ 0042f340     winpgen.obj
 0002:0000834c       ??_C@_0L@MFABFEML@SSH?92?5?$CGDSA?$AA@ 0042f34c     winpgen.obj
 0002:00008358       ??_C@_0L@LAHDFMII@SSH?92?5?$CGRSA?$AA@ 0042f358     winpgen.obj
 0002:00008364       ??_C@_0N@OLLNEIAC@SSH?9?$CG1?5?$CIRSA?$CJ?$AA@ 0042f364     winpgen.obj
 0002:00008374       ??_C@_0BJ@FAOEKIOJ@Type?5of?5key?5to?5generate?3?$AA@ 0042f374     winpgen.obj
 0002:00008390       ??_C@_0CE@EOCMOEBF@Number?5of?5?$CGbits?5in?5a?5generated?5k@ 0042f390     winpgen.obj
 0002:000083b4       ??_C@_0BF@JLCAGPPE@Key?5generation?5error?$AA@ 0042f3b4     winpgen.obj
 0002:000083cc       ??_C@_0BI@FJKJDNDH@Out?5of?5thread?5resources?$AA@ 0042f3cc     winpgen.obj
 0002:000083e4       ??_C@_0CB@CAJMAHIH@puttygen?4general?3pubkey?9puttygen@ 0042f3e4     winpgen.obj
 0002:00008408       ??_C@_0BB@GBOCBGLM@PuTTYgen?5Warning?$AA@ 0042f408     winpgen.obj
 0002:00008420       ??_C@_0FL@LEKEJOJL@PuTTYgen?5will?5not?5generate?5a?5key@ 0042f420     winpgen.obj
 0002:0000847c       ??_C@_0DA@JGGDIDCC@Cannot?5export?5an?5SSH?9?$CFd?5key?5in?5a@ 0042f47c     winpgen.obj
 0002:000084ac       ??_C@_0CI@EMLOMEHN@The?5two?5passphrases?5given?5do?5not@ 0042f4ac     winpgen.obj
 0002:000084d8       ??_C@_0EL@DGFHFEPC@Are?5you?5sure?5you?5want?5to?5save?5th@ 0042f4d8     winpgen.obj
 0002:00008524       ??_C@_0BF@LAHBGOJI@Save?5private?5key?5as?3?$AA@ 0042f524     winpgen.obj
 0002:0000853c       ??_C@_0BM@PDMOLDDE@Overwrite?5existing?5file?6?$CFs?$DP?$AA@ 0042f53c     winpgen.obj
 0002:00008558       ??_C@_0BI@NIPKLCMF@Unable?5to?5save?5key?5file?$AA@ 0042f558     winpgen.obj
 0002:00008570       ??_C@_0BE@JAALDIBM@Save?5public?5key?5as?3?$AA@ 0042f570     winpgen.obj
 0002:00008584       ??_C@_0BC@JKAAIHPC@Load?5private?5key?3?$AA@ 0042f584     winpgen.obj
 0002:00008598       ??_C@_0P@BAKNKFIM@dsa?9key?9?$CFY?$CFm?$CFd?$AA@ 0042f598     winpgen.obj
 0002:000085a8       ??_C@_0P@HGDFOODB@rsa?9key?9?$CFY?$CFm?$CFd?$AA@ 0042f5a8     winpgen.obj
 0002:000085b8       ??_C@_0CE@HOMDGDGP@puttygen?4generate?3puttygen?9gener@ 0042f5b8     winpgen.obj
 0002:000085dc       ??_C@_0CE@MPACKIBE@puttygen?4pastekey?3puttygen?9paste@ 0042f5dc     winpgen.obj
 0002:00008600       ??_C@_0CK@HGNHOCGF@puttygen?4fingerprint?3puttygen?9fi@ 0042f600     winpgen.obj
 0002:0000862c       ??_C@_0CC@IDOBLBEK@puttygen?4comment?3puttygen?9commen@ 0042f62c     winpgen.obj
 0002:00008650       ??_C@_0CI@OCPJPDNL@puttygen?4passphrase?3puttygen?9pas@ 0042f650     winpgen.obj
 0002:00008678       ??_C@_0BM@JNGCJAMM@puttygen?4load?3puttygen?9load?$AA@ 0042f678     winpgen.obj
 0002:00008694       ??_C@_0CE@KCBHNKEO@puttygen?4savepriv?3puttygen?9savep@ 0042f694     winpgen.obj
 0002:000086b8       ??_C@_0CC@PDIPBKBE@puttygen?4savepub?3puttygen?9savepu@ 0042f6b8     winpgen.obj
 0002:000086dc       ??_C@_0CC@DOJDANOL@puttygen?4keytype?3puttygen?9keytyp@ 0042f6dc     winpgen.obj
 0002:00008700       ??_C@_0CA@PBNHCOKP@puttygen?4bits?3puttygen?9strength?$AA@ 0042f700     winpgen.obj
 0002:00008720       ??_C@_0CK@NNFENNP@puttygen?4conversions?3puttygen?9co@ 0042f720     winpgen.obj
 0002:0000874c       ??_C@_06OEJDLALJ@?9pgpfp?$AA@ 0042f74c     winpgen.obj
 0002:00008770       ??_C@_0CE@BPBAEMAL@Software?2SimonTatham?2PuTTY?2Jumpl@ 0042f770     winstore.obj
 0002:00008794       ??_C@_0BA@LOIOCGKN@Recent?5sessions?$AA@ 0042f794     winstore.obj
 0002:000087a4       ??_C@_0CE@GEIJGKHP@Software?2SimonTatham?2PuTTY?2Sessi@ 0042f7a4     winstore.obj
 0002:000087c8       ??_C@_0BL@PHBGIKKP@Software?2SimonTatham?2PuTTY?$AA@ 0042f7c8     winstore.obj
 0002:000087e4       ??_C@_0N@KBOBEHLA@RandSeedFile?$AA@ 0042f7e4     winstore.obj
[...]
 0001:0001a940       $$000000                   0041b940     LIBCMT:sehprolg4.obj
 0001:0001aed0       $$000000                   0041bed0     LIBCMT:exsup4.obj
 0001:0001af60       __unwind_handler4          0041bf60 f   LIBCMT:exsup4.obj
 0001:0001bc61       $LN272                     0041cc61     LIBCMT:output.obj
 0001:0001bc81       _write_char                0041cc81 f   LIBCMT:output.obj
 0001:0001bcc7       _write_multi_char          0041ccc7 f   LIBCMT:output.obj
 0001:0001bcf3       _write_string              0041ccf3 f   LIBCMT:output.obj
 0001:0001c019       ___check_float_string      0041d019 f   LIBCMT:input.obj
 0001:0001c078       __hextodec                 0041d078 f   LIBCMT:input.obj
 0001:0001c099       __inc                      0041d099 f   LIBCMT:input.obj
 0001:0001d1a9       __whiteout                 0041e1a9 f   LIBCMT:input.obj
 0001:0001d8a0       __onexit_nolock            0041e8a0 f   LIBCMT:onexit.obj
 0001:0001db69       ?CPtoLocaleName@@YAPB_WH@Z 0041eb69 f   LIBCMT:mbctype.obj
 0001:0001dba3       ?getSystemCP@@YAHH@Z       0041eba3 f   LIBCMT:mbctype.obj
 0001:0001dc0f       ?setSBCS@@YAXPAUthreadmbcinfostruct@@@Z 0041ec0f f   LIBCMT:mbctype.obj
 0001:0001dc78       ?setSBUpLow@@YAXPAUthreadmbcinfostruct@@@Z 0041ec78 f   LIBCMT:mbctype.obj
 0001:00020050       ?__crtLCMapStringA_stat@@YAHPAUlocaleinfo_struct@@PB_WKPBDHPADHHH@Z 00421050 f   LIBCMT:a_map.obj
 0001:00020449       ?_W_expandtime@@YAHPAUlocaleinfo_struct@@_WPBUtm@@PAPA_WPAIPAU__lc_time_data@@I@Z 00421449 f   LIBCMT:wcsftime.obj
 0001:00020956       ?_W_store_num@@YAXHHPAPA_WPAII@Z 00421956 f   LIBCMT:wcsftime.obj
 0001:000209c5       ?_W_store_number@@YAXHPAPA_WPAI@Z 004219c5 f   LIBCMT:wcsftime.obj
 0001:00020a1b       ?_W_store_str@@YAXPA_WPAPA_WPAI@Z 00421a1b f   LIBCMT:wcsftime.obj
 0001:00020a49       ?_W_store_winword@@YAHPAUlocaleinfo_struct@@HPBUtm@@PAPA_WPAIPAU__lc_time_data@@@Z 00421a49 f   LIBCMT:wcsftime.obj
 0001:0002120e       _parse_cmdline             0042220e f   LIBCMT:stdargv.obj
 0001:00022376       $LN262                     00423376     LIBCMT:woutput.obj
 0001:00022396       _write_char                00423396 f   LIBCMT:woutput.obj
 0001:000223cc       _write_multi_char          004233cc f   LIBCMT:woutput.obj
 0001:000223f8       _write_string              004233f8 f   LIBCMT:woutput.obj
 0001:00022d30       $$000000                   00423d30     LIBCMT:exsup.obj
 0001:00022d50       __unwind_handler           00423d50 f   LIBCMT:exsup.obj
 0001:000234d5       ?__crtGetStringTypeA_stat@@YAHPAUlocaleinfo_struct@@KPBDHPAGHH@Z 004244d5 f   LIBCMT:a_str.obj
 0001:00023d30       $$000000                   00424d30     LIBCMT:alloca16.obj
 0001:00023fa2       _copy_environ              00424fa2 f   LIBCMT:setenv.obj
 0001:00024002       _findenv                   00425002 f   LIBCMT:setenv.obj
 0001:00024120       ?__crtCompareStringA_stat@@YAHPAUlocaleinfo_struct@@PB_WKPBDH2HH@Z 00425120 f   LIBCMT:a_cmp.obj
 0001:0002438b       ?strncnt@@YAHPBDH@Z        0042538b f   LIBCMT:a_cmp.obj
 0001:000245a8       __tzset_nolock             004255a8 f   LIBCMT:tzset.obj
 0001:00024bad       ?x_ismbbtype_l@@YAHPAUlocaleinfo_struct@@IHH@Z 00425bad f   LIBCMT:ismbbyte.obj
 0001:00024d9e       ___createFile              00425d9e f   LIBCMT:wopen.obj
 0001:00025c90       $$000000                   00426c90     LIBCMT:_strnicm.obj
 0002:00000254       _pinit                     00427254     LIBCMT:_file.obj
 0002:00000258       _pinit                     00427258     LIBCMT:cpu_disp.obj
 0002:0000025c       _pinit                     0042725c     LIBCMT:onexit.obj
 0002:00000260       _pinit                     00427260     LIBCMT:mbctype.obj
 0002:00000264       _pinit                     00427264     LIBCMT:wincrt0.obj
 0002:00000270       _pterm                     00427270     LIBCMT:wsetloca.obj
 0002:00000274       _pterm                     00427274     LIBCMT:initcon.obj
 0002:00000278       _pterm                     00427278     LIBCMT:_file.obj
 0002:00000b10       ?base64_chars@?1??base64_encode_atom@@9@9 00427b10     misc.obj
 0002:00000b68       ?C1@?1??aes_decrypt_nb_6@@9@9 00427b68     sshaes.obj
 0002:00000b6c       ?C2@?1??aes_decrypt_nb_6@@9@9 00427b6c     sshaes.obj
 0002:00000b70       ?C3@?1??aes_decrypt_nb_6@@9@9 00427b70     sshaes.obj
 0002:00000b74       ?Nb@?1??aes_decrypt_nb_6@@9@9 00427b74     sshaes.obj
 0002:00000b78       ?C1@?1??aes_decrypt_nb_8@@9@9 00427b78     sshaes.obj
 0002:00000b7c       ?C2@?1??aes_decrypt_nb_8@@9@9 00427b7c     sshaes.obj
 0002:00000b80       ?C3@?1??aes_decrypt_nb_8@@9@9 00427b80     sshaes.obj
 0002:00000b84       ?Nb@?1??aes_decrypt_nb_8@@9@9 00427b84     sshaes.obj
 0002:00000b90       _ssh_aes128_ctr            00427b90     sshaes.obj
 0002:00000bbc       _ssh_aes192_ctr            00427bbc     sshaes.obj
 0002:00000be8       _ssh_aes256_ctr            00427be8     sshaes.obj
 0002:00000c14       _ssh_aes128                00427c14     sshaes.obj
 0002:00000c40       _ssh_aes192                00427c40     sshaes.obj
 0002:00000c6c       _ssh_aes256                00427c6c     sshaes.obj
 0002:00000c98       _ssh_rijndael_lysator      00427c98     sshaes.obj
 0002:00000cc4       _aes_list                  00427cc4     sshaes.obj
 0002:00000ce0       _Sbox                      00427ce0     sshaes.obj
 0002:00000de0       _Sboxinv                   00427de0     sshaes.obj
 0002:00000ee0       _E0                        00427ee0     sshaes.obj
 0002:000012e0       _E1                        004282e0     sshaes.obj
 0002:000016e0       _E2                        004286e0     sshaes.obj
 0002:00001ae0       _E3                        00428ae0     sshaes.obj
 0002:00001ee0       _D0                        00428ee0     sshaes.obj
 0002:000022e0       _D1                        004292e0     sshaes.obj
 0002:000026e0       _D2                        004296e0     sshaes.obj
 0002:00002ae0       _D3                        00429ae0     sshaes.obj
 0002:00002ee0       ?C1@?1??aes_encrypt_nb_4@@9@9 00429ee0     sshaes.obj
 0002:00002ee4       ?C2@?1??aes_encrypt_nb_4@@9@9 00429ee4     sshaes.obj
 0002:00002ee8       ?C3@?1??aes_encrypt_nb_4@@9@9 00429ee8     sshaes.obj
 0002:00002eec       ?Nb@?1??aes_encrypt_nb_4@@9@9 00429eec     sshaes.obj
 0002:00002ef0       ?C1@?1??aes_encrypt_nb_6@@9@9 00429ef0     sshaes.obj
 0002:00002ef4       ?C2@?1??aes_encrypt_nb_6@@9@9 00429ef4     sshaes.obj
 0002:00002ef8       ?C3@?1??aes_encrypt_nb_6@@9@9 00429ef8     sshaes.obj
 0002:00002efc       ?Nb@?1??aes_encrypt_nb_6@@9@9 00429efc     sshaes.obj
 0002:00002f00       ?C1@?1??aes_encrypt_nb_8@@9@9 00429f00     sshaes.obj
 0002:00002f04       ?C2@?1??aes_encrypt_nb_8@@9@9 00429f04     sshaes.obj
 0002:00002f08       ?C3@?1??aes_encrypt_nb_8@@9@9 00429f08     sshaes.obj
 0002:00002f0c       ?Nb@?1??aes_encrypt_nb_8@@9@9 00429f0c     sshaes.obj
 0002:00002f10       ?C1@?1??aes_decrypt_nb_4@@9@9 00429f10     sshaes.obj
 0002:00002f14       ?C2@?1??aes_decrypt_nb_4@@9@9 00429f14     sshaes.obj
 0002:00002f18       ?C3@?1??aes_decrypt_nb_4@@9@9 00429f18     sshaes.obj
 0002:00002f1c       ?Nb@?1??aes_decrypt_nb_4@@9@9 00429f1c     sshaes.obj
 0002:00003168       _ssh_3des_ssh2             0042a168     sshdes.obj
 0002:00003194       _ssh_3des_ssh2_ctr         0042a194     sshdes.obj
 0002:000031c0       _ssh_des_ssh2              0042a1c0     sshdes.obj
 0002:000031ec       _ssh_des_sshcom_ssh2       0042a1ec     sshdes.obj
 0002:00003218       _des3_list                 0042a218     sshdes.obj
 0002:00003220       _des_list                  0042a220     sshdes.obj
 0002:00003228       ?PC1_Cbits@?1??des_key_setup@@9@9 0042a228     sshdes.obj
 0002:00003298       ?PC1_Dbits@?1??des_key_setup@@9@9 0042a298     sshdes.obj
 0002:00003308       ?PC2_0246@?1??des_key_setup@@9@9 0042a308     sshdes.obj
 0002:00003388       ?PC2_1357@?1??des_key_setup@@9@9 0042a388     sshdes.obj
 0002:00003408       ?leftshifts@?1??des_key_setup@@9@9 0042a408     sshdes.obj
 0002:00003448       _SPboxes                   0042a448     sshdes.obj
 0002:00003d28       ?hex@?1??dss_fmtkey@@9@9   0042ad28     sshdss.obj
 0002:00003e18       _primes                    0042ae18     sshprime.obj
 0002:000074ec       ?hex@?1??rsastr_fmt@@9@9   0042e4ec     sshrsa.obj
 0002:00007540       _asn1_weird_stuff          0042e540     sshrsa.obj
 0002:00007550       _ssh_rsa_kex_sha1          0042e550     sshrsa.obj
 0002:00007570       _ssh_rsa_kex_sha256        0042e570     sshrsa.obj
 0002:00007590       _rsa_kex_list              0042e590     sshrsa.obj
 0002:00007690       ?k@?1??SHA256_Block@@9@9   0042e690     sshsh256.obj
 0002:000077b8       ?iv@?1??SHA512_Core_Init@@9@9 0042e7b8     sshsh512.obj
 0002:000077f8       ?k@?1??SHA512_Block@@9@9   0042e7f8     sshsh512.obj
 0002:00007bc4       ?BIGGAP@?1??ersatztab@@9@9 0042ebc4     winctrls.obj
 0002:00007bc8       ?MEDGAP@?1??ersatztab@@9@9 0042ebc8     winctrls.obj
 0002:00007bcc       ?percents@?1??prefslist@@9@9 0042ebcc     winctrls.obj
 0002:00007ce8       ?mbtitle@?1??old_keyfile_warning@@9@9 0042ece8     winpgen.obj
 0002:00007d00       ?message@?1??old_keyfile_warning@@9@9 0042ed00     winpgen.obj
 0002:00007e68       _nokey_ids                 0042ee68     winpgen.obj
 0002:00007e70       _generating_ids            0042ee70     winpgen.obj
 0002:00007e7c       _gotkey_ids                0042ee7c     winpgen.obj
 0002:00007ea8       ?generating_msg@?1??MainDlgProc@@9@9 0042eea8     winpgen.obj
 0002:00007ed0       ?entropy_msg@?1??MainDlgProc@@9@9 0042eed0     winpgen.obj
 0002:00008754       _reg_jumplist_key          0042f754     winstore.obj
 0002:00008758       _reg_jumplist_value        0042f758     winstore.obj
 0002:0000875c       _puttystr                  0042f75c     winstore.obj
 0002:00008760       _hex                       0042f760     winstore.obj
 0002:00009630       _rterrs                    00430630     LIBCMT:crt0msg.obj
 0002:00009778       ?ccsField@?P@??_openfile@@9@9 00430778     LIBCMT:_open.obj
 0002:0000977c       ?utf8encoding@?P@??_openfile@@9@9 0043077c     LIBCMT:_open.obj
 0002:00009784       ?utf16encoding@?P@??_openfile@@9@9 00430784     LIBCMT:_open.obj
 0002:00009790       ?unicodeencoding@?P@??_openfile@@9@9 00430790     LIBCMT:_open.obj
 0002:00009a90       __mb_locale_names          00430a90     LIBCMT:mbctype.obj
 0002:00009e30       __first_127char            00430e30     LIBCMT:wsetloca.obj
 0002:00009eb0       _GS_ExceptionPointers      00430eb0     LIBCMT:gs_report.obj
 0002:0000c920       __sehtable$_fclose         00433920     LIBCMT:fclose.obj
 0002:0000c940       __sehtable$__fsopen        00433940     LIBCMT:fopen.obj
 0002:0000c960       __sehtable$_fprintf        00433960     LIBCMT:fprintf.obj
 0002:0000c980       __sehtable$_fputs          00433980     LIBCMT:fputs.obj
 0002:0000c9a0       __sehtable$_doexit         004339a0     LIBCMT:crt0dat.obj
 0002:0000c9c0       __sehtable$_fgets          004339c0     LIBCMT:fgets.obj
 0002:0000c9e0       __sehtable$_fgetc          004339e0     LIBCMT:fgetc.obj
 0002:0000ca00       __sehtable$_fputc          00433a00     LIBCMT:fputc.obj
 0002:0000ca20       __sehtable$_fread_s        00433a20     LIBCMT:fread.obj
 0002:0000ca40       __sehtable$_fwrite         00433a40     LIBCMT:fwrite.obj
 0002:0000ca60       __sehtable$_ungetc         00433a60     LIBCMT:ungetc.obj
 0002:0000ca80       __sehtable$___tmainCRTStartup 00433a80     LIBCMT:wincrt0.obj
 0002:0000caa0       __sehtable$_fflush         00433aa0     LIBCMT:fflush.obj
 0002:0000cac0       __sehtable$_flsall         00433ac0     LIBCMT:fflush.obj
 0002:0000cae8       __sehtable$_setvbuf        00433ae8     LIBCMT:setvbuf.obj
 0002:0000cb08       __sehtable$_fwprintf       00433b08     LIBCMT:fwprintf.obj
 0002:0000cb28       __sehtable$_raise          00433b28     LIBCMT:winsig.obj
 0002:0000cb48       __sehtable$__close         00433b48     LIBCMT:close.obj
 0002:0000cb68       __sehtable$__getstream     00433b68     LIBCMT:stream.obj
 0002:0000cb88       __sehtable$__ioinit        00433b88     LIBCMT:ioinit.obj
 0002:0000cba8       __sehtable$__mtinitlocknum 00433ba8     LIBCMT:mlock.obj
 0002:0000cbc8       __sehtable$__IsNonwritableInCurrentImage 00433bc8     LIBCMT:pesect.obj
 0002:0000cbe8       __sehtable$__onexit        00433be8     LIBCMT:onexit.obj
 0002:0000cc08       __sehtable$?terminate@@YAXXZ 00433c08     LIBCMT:hooks.obj
 0002:0000cc28       __sehtable$___updatetmbcinfo 00433c28     LIBCMT:mbctype.obj
 0002:0000cc48       __sehtable$__setmbcp       00433c48     LIBCMT:mbctype.obj
 0002:0000cc68       __sehtable$___updatetlocinfo 00433c68     LIBCMT:localref.obj
 0002:0000cc88       __sehtable$__freefls@4     00433c88     LIBCMT:tidtable.obj
 0002:0000ccb0       __sehtable$__initptd       00433cb0     LIBCMT:tidtable.obj
 0002:0000ccd8       __sehtable$__locterm       00433cd8     LIBCMT:wsetloca.obj
 0002:0000ccf8       __sehtable$__read          00433cf8     LIBCMT:read.obj
 0002:0000cd18       __sehtable$__write         00433d18     LIBCMT:write.obj
 0002:0000cd38       __sehtable$__fcloseall     00433d38     LIBCMT:closeall.obj
 0002:0000cd58       __sehtable$__commit        00433d58     LIBCMT:commit.obj
 0002:0000cd78       __sehtable$__alloc_osfhnd  00433d78     LIBCMT:osfinfo.obj
 0002:0000cda0       __sehtable$___lock_fhandle 00433da0     LIBCMT:osfinfo.obj
 0002:0000cdc0       __sehtable$__sopen_helper  00433dc0     LIBCMT:open.obj
 0002:0000cde0       __sehtable$__lseeki64      00433de0     LIBCMT:lseeki64.obj
 0002:0000ce00       __sehtable$___tzset        00433e00     LIBCMT:tzset.obj
 0002:0000ce20       __sehtable$__tzset_nolock  00433e20     LIBCMT:tzset.obj
 0002:0000d12c       .idata$6                   0043412c     advapi32:ADVAPI32.dll
 0002:0000d13a       .idata$6                   0043413a     comctl32:COMCTL32.dll
 0002:0000d170       .idata$6                   00434170     comdlg32:COMDLG32.dll
 0002:0000d45a       .idata$6                   0043445a     user32:USER32.dll
 0002:0000db1a       .idata$6                   00434b1a     kernel32:KERNEL32.dll
 0003:00000000       _subkeytypes               00435000     conf.obj
 0003:000002b8       _valuetypes                004352b8     conf.obj
 0003:000005d0       __assertstring             004355d0     LIBCMT:wassert.obj
 0003:00000620       _dotdotdot                 00435620     LIBCMT:wassert.obj
 0003:00000624       _newline                   00435624     LIBCMT:wassert.obj
 0003:00000628       _dblnewline                00435628     LIBCMT:wassert.obj
 0003:000008c8       _errtable                  004358c8     LIBCMT:dosmap.obj
 0003:00000a30       _ErrnoNoMem                00435a30     LIBCMT:dosmap.obj
 0003:00000a34       _DoserrorNoMem             00435a34     LIBCMT:dosmap.obj
 0003:00000a88       __locktable                00435a88     LIBCMT:mlock.obj
 0003:00000ba8       ?isPackaged@?1??__crtIsPackagedApp@@9@9 00435ba8     LIBCMT:winapisupp.obj
 0003:00000bdc       ___rgctypeflag             00435bdc     LIBCMT:mbctype.obj
 0003:00000be0       ___rgcode_page_info        00435be0     LIBCMT:mbctype.obj
 0003:00001330       __ctype_loc_style          00436330     LIBCMT:wsetloca.obj
 0003:000014c0       _dststart                  004364c0     LIBCMT:tzset.obj
 0003:000014cc       _dstend                    004364cc     LIBCMT:tzset.obj
 0003:000014e8       _tzstd                     004364e8     LIBCMT:timeset.obj
 0003:00001528       _tzdst                     00436528     LIBCMT:timeset.obj
 0003:000015f8       _pool                      004365f8     sshrand.obj
 0003:00001b08       ?draglistmsg@?1??winctrl_handle_command@@9@9 00436b08     winctrls.obj
 0003:00001b10       ?custom@?BF@??winctrl_handle_command@@9@9 00436b10     winctrls.obj
 0003:00001b50       ?cc@?BF@??winctrl_handle_command@@9@9 00436b50     winctrls.obj
 0003:00001b74       _requested_help            00436b74     winhelp.obj
 0003:00001b78       _help_path                 00436b78     winhelp.obj
 0003:00001b7c       _help_has_contents         00436b7c     winhelp.obj
 0003:00001b80       _p_HtmlHelpA               00436b80     winhelp.obj
 0003:00001b84       _chm_path                  00436b84     winhelp.obj
 0003:00001b88       ?tried_usernameex@?2??get_username@@9@9 00436b88     winmisc.obj
 0003:00001b8c       ?sysdir@?1??load_system32_dll@@9@9 00436b8c     winmisc.obj
 0003:00001b90       ?p_GetUserNameExA@?1??get_username@@9@9 00436b90     winmisc.obj
 0003:00001b94       _cmdline_keyfile           00436b94     winpgen.obj
 0003:00001b98       ?passphrase@?1??PassphraseProc@@9@9 00436b98     winpgen.obj
 0003:00001b9c       _tried_shgetfolderpath     00436b9c     winstore.obj
 0003:00001ba0       _shell32_module            00436ba0     winstore.obj
 0003:00001ba4       _p_SHGetFolderPathA        00436ba4     winstore.obj
 0003:00001bf0       _ctrlc_action              00436bf0     LIBCMT:winsig.obj
 0003:00001bf4       _ctrlbreak_action          00436bf4     LIBCMT:winsig.obj
 0003:00001bf8       _abort_action              00436bf8     LIBCMT:winsig.obj
 0003:00001bfc       _term_action               00436bfc     LIBCMT:winsig.obj
 0003:00001c00       _ConsoleCtrlHandler_Installed 00436c00     LIBCMT:winsig.obj
 0003:00001c04       ?pfnMessageBox@?1??__crtMessageBoxW@@9@9 00436c04     LIBCMT:crtmboxw.obj
 0003:00001c08       ?pfnGetActiveWindow@?1??__crtMessageBoxW@@9@9 00436c08     LIBCMT:crtmboxw.obj
 0003:00001c0c       ?pfnGetLastActivePopup@?1??__crtMessageBoxW@@9@9 00436c0c     LIBCMT:crtmboxw.obj
 0003:00001c10       ?pfnGetProcessWindowStation@?1??__crtMessageBoxW@@9@9 00436c10     LIBCMT:crtmboxw.obj
 0003:00001c14       ?pfnGetUserObjectInformation@?1??__crtMessageBoxW@@9@9 00436c14     LIBCMT:crtmboxw.obj
 0003:00001c20       ?outmsg@?8??_NMSG_WRITE@@9@9 00436c20     LIBCMT:crt0msg.obj
 0003:00002358       _lclcritsects              00437358     LIBCMT:mlock.obj
 0003:000024b8       _g_pfnRtlGenRandom         004374b8     LIBCMT:rand_s.obj
 0003:000024d4       _fSystemSet                004374d4     LIBCMT:mbctype.obj
 0003:000024e0       _GS_ExceptionRecord        004374e0     LIBCMT:gs_report.obj
 0003:00002530       _GS_ContextRecord          00437530     LIBCMT:gs_report.obj
 0003:000027fc       _DebuggerWasPresent        004377fc     LIBCMT:gs_report.obj
 0003:00002808       ?_pgmname@?1??_setargv@@9@9 00437808     LIBCMT:stdargv.obj
 0003:00002914       ___enable_percent_n        00437914     LIBCMT:printf.obj
 0003:00002918       ___crtCallProc             00437918     LIBCMT:winapinls.obj
 0003:00002928       _lastTZ                    00437928     LIBCMT:tzset.obj
 0003:0000292c       ?first_time@?1??__tzset@@9@9 0043792c     LIBCMT:tzset.obj
 0003:00002930       _tzapiused                 00437930     LIBCMT:tzset.obj
 0003:00002938       _tzinfo                    00437938     LIBCMT:tzset.obj
 0004:00000300       $R000000                   00439300     puttygen.res
 0004:00000428       $R000128                   00439428     puttygen.res
 0004:00000710       $R000410                   00439710     puttygen.res
 0004:00000d78       $R000A78                   00439d78     puttygen.res
 0004:00000e28       $R000B28                   00439e28     puttygen.res
 0004:00000f58       $R000C58                   00439f58     puttygen.res
 0004:00001288       $R000F88                   0043a288     puttygen.res
 0004:000012e8       $R000FE8                   0043a2e8     puttygen.res
 0004:00001348       $R001048                   0043a348     puttygen.res
 0004:00001480       $R001180                   0043a480     puttygen.res
 0004:000015f0       $R0012F0                   0043a5f0     puttygen.res
 0004:000022b8       $R001FB8                   0043b2b8     puttygen.res
 0004:00002630       $R002330                   0043b630     puttygen.res
