 puttygen

 Timestamp is 5204c872 (Fri Aug 09 12:46:10 2013)

 Preferred load address is 00400000

 Start         Length     Name                   Class
 0001:00000000 00026b0cH .text                   CODE
 0002:00000000 0000024cH .idata$5                DATA
 0002:0000024c 00000004H .CRT$XCA                DATA
 0002:00000250 00000004H .CRT$XCZ                DATA
 0002:00000254 00000004H .CRT$XIA                DATA
 0002:00000258 00000010H .CRT$XIC                DATA
 0002:00000268 00000004H .CRT$XIY                DATA
 0002:0000026c 00000004H .CRT$XIZ                DATA
 0002:00000270 00000004H .CRT$XPA                DATA
 0002:00000274 00000008H .CRT$XPX                DATA
 0002:0000027c 00000004H .CRT$XPXA               DATA
 0002:00000280 00000004H .CRT$XPZ                DATA
 0002:00000284 00000004H .CRT$XTA                DATA
 0002:00000288 00000004H .CRT$XTZ                DATA
 0002:00000290 0000ca50H .rdata                  DATA
 0002:0000cce0 0000000cH .rdata$sxdata           DATA
 0002:0000ccec 00000004H .rtc$IAA                DATA
 0002:0000ccf0 00000004H .rtc$IZZ                DATA
 0002:0000ccf4 00000004H .rtc$TAA                DATA
 0002:0000ccf8 00000004H .rtc$TZZ                DATA
 0002:0000cd00 0000051cH .xdata$x                DATA
 0002:0000d21c 00000064H .idata$2                DATA
 0002:0000d280 00000014H .idata$3                DATA
 0002:0000d294 0000024cH .idata$4                DATA
 0002:0000d4e0 00000a3eH .idata$6                DATA
 0002:0000df1e 00000000H .edata                  DATA
 0003:00000000 000015e0H .data                   DATA
 0003:000015e0 000024fcH .bss                    DATA
 0004:00000000 000002f8H .rsrc$01                DATA
 0004:00000300 00002820H .rsrc$02                DATA

  Address         Publics by Value              Rva+Base       Lib:Object

 0000:00000000       __except_list              00000000     <absolute>
 0000:00000003       ___safe_se_handler_count   00000003     <absolute>
 0000:00000000       ___ImageBase               00400000     <linker-defined>
 0001:00000199       _import_ssh1               00401199 f   import.obj
 0001:00000199       _schedule_timer            00401199 f   notiming.obj
 0001:00000199       _export_ssh1               00401199 f   import.obj
 0001:0000019c       _export_ssh2               0040119c f   import.obj
 0001:000001d2       _import_encrypted          004011d2 f   import.obj
 0001:00000214       _import_possible           00401214 f   import.obj
 0001:00000228       _import_ssh2               00401228 f   import.obj
 0001:0000025e       _import_target_type        0040125e f   import.obj
 0001:00000a91       _openssh_encrypted         00401a91 f   import.obj
 0001:00000ad4       _openssh_read              00401ad4 f   import.obj
 0001:00000fa8       _openssh_write             00401fa8 f   import.obj
 0001:0000189b       _sshcom_encrypted          0040289b f   import.obj
 0001:000019ea       _sshcom_read               004029ea f   import.obj
 0001:000021d7       _sshcom_write              004031d7 f   import.obj
 0001:000028f3       _strip_crlf                004038f3 f   import.obj
 0001:0000291a       _base64_encode_atom        0040391a f   misc.obj
 0001:0000299c       _burnstr                   0040399c f   misc.obj
 0001:000029bd       _dupcat                    004039bd f   misc.obj
 0001:00002a3a       _dupprintf                 00403a3a f   misc.obj
 0001:00002a4b       _dupstr                    00403a4b f   misc.obj
 0001:00002a79       _dupvprintf                00403a79 f   misc.obj
 0001:00002ac8       _fgetline                  00403ac8 f   misc.obj
 0001:00002b47       _safefree                  00403b47 f   misc.obj
 0001:00002b53       _safemalloc                00403b53 f   misc.obj
 0001:00002bc4       _saferealloc               00403bc4 f   misc.obj
 0001:00002c3d       _toint                     00403c3d f   misc.obj
 0001:00002c57       _aes_make_context          00403c57 f   sshaes.obj
 0001:00002c66       _aes128_key                00403c66 f   sshaes.obj
 0001:00002c7b       _aes192_key                00403c7b f   sshaes.obj
 0001:00002c90       _aes256_key                00403c90 f   sshaes.obj
 0001:00002ca5       _aes_iv                    00403ca5 f   sshaes.obj
 0001:00002ce7       _aes_ssh2_encrypt_blk      00403ce7 f   sshaes.obj
 0001:00002d11       _aes_ssh2_decrypt_blk      00403d11 f   sshaes.obj
 0001:00002d26       _aes256_decrypt_pubkey     00403d26 f   sshaes.obj
 0001:00002d8f       _aes256_encrypt_pubkey     00403d8f f   sshaes.obj
 0001:00004c53       _bigadd                    00405c53 f   sshbn.obj
 0001:00004d2c       _bigdiv                    00405d2c f   sshbn.obj
 0001:00004f63       _bigmod                    00405f63 f   sshbn.obj
 0001:00004f87       _bigmul                    00405f87 f   sshbn.obj
 0001:00004f9a       _bigmuladd                 00405f9a f   sshbn.obj
 0001:0000514d       _bignum_add_long           0040614d f   sshbn.obj
 0001:000051e1       _bignum_bit                004061e1 f   sshbn.obj
 0001:0000521e       _bignum_bitcount           0040621e f   sshbn.obj
 0001:00005258       _bignum_byte               00406258 f   sshbn.obj
 0001:0000529a       _bignum_cmp                0040629a f   sshbn.obj
 0001:0000534c       _bignum_decimal            0040634c f   sshbn.obj
 0001:0000546e       _bignum_from_bytes         0040646e f   sshbn.obj
 0001:00005518       _bignum_from_long          00406518 f   sshbn.obj
 0001:0000553e       _bignum_mod_short          0040653e f   sshbn.obj
 0001:000055f0       _bignum_rshift             004065f0 f   sshbn.obj
 0001:000056bb       _bignum_set_bit            004066bb f   sshbn.obj
 0001:00005709       _bigsub                    00406709 f   sshbn.obj
 0001:000057bd       _bn_power_2                004067bd f   sshbn.obj
 0001:00005805       _bn_restore_invariant      00406805 f   sshbn.obj
 0001:0000581f       _copybn                    0040681f f   sshbn.obj
 0001:00005857       _decbn                     00406857 f   sshbn.obj
 0001:00005875       _freebn                    00406875 f   sshbn.obj
 0001:00005fa6       _modinv                    00406fa6 f   sshbn.obj
 0001:000061c8       _modmul                    004071c8 f   sshbn.obj
 0001:00006518       _modpow                    00407518 f   sshbn.obj
 0001:00006905       _modpow_simple             00407905 f   sshbn.obj
 0001:00006ddb       _ssh1_bignum_length        00407ddb f   sshbn.obj
 0001:00006df5       _ssh1_read_bignum          00407df5 f   sshbn.obj
 0001:00006e50       _ssh1_write_bignum         00407e50 f   sshbn.obj
 0001:00006e96       _ssh2_bignum_length        00407e96 f   sshbn.obj
 0001:000071c9       _des3_decrypt_pubkey       004081c9 f   sshdes.obj
 0001:000072d1       _des3_decrypt_pubkey_ossh  004082d1 f   sshdes.obj
 0001:0000744d       _des3_encrypt_pubkey       0040844d f   sshdes.obj
 0001:00007555       _des3_encrypt_pubkey_ossh  00408555 f   sshdes.obj
 0001:0000a228       _dsa_generate              0040b228 f   sshdssg.obj
 0001:0000a44a       _hmacmd5_make_context      0040b44a f   sshmd5.obj
 0001:0000a5c4       _MD5Final                  0040b5c4 f   sshmd5.obj
 0001:0000a6b0       _MD5Init                   0040b6b0 f   sshmd5.obj
 0001:0000a6db       _MD5Update                 0040b6db f   sshmd5.obj
 0001:0000b305       _hmacmd5_key               0040c305 f   sshmd5.obj
 0001:0000b3dc       _invent_firstbits          0040c3dc f   sshprime.obj
 0001:0000b40f       _primegen                  0040c40f f   sshprime.obj
 0001:0000b94f       _base64_decode_atom        0040c94f f   sshpubk.obj
 0001:0000ba3b       _base64_encode             0040ca3b f   sshpubk.obj
 0001:0000baad       _find_pubkey_alg           0040caad f   sshpubk.obj
 0001:0000bae6       _key_type                  0040cae6 f   sshpubk.obj
 0001:0000bbde       _key_type_to_str           0040cbde f   sshpubk.obj
 0001:0000bc20       _loadrsakey                0040cc20 f   sshpubk.obj
 0001:0000c24b       _rsakey_encrypted          0040d24b f   sshpubk.obj
 0001:0000c2ca       _saversakey                0040d2ca f   sshpubk.obj
 0001:0000c51b       _ssh2_load_userkey         0040d51b f   sshpubk.obj
 0001:0000cd04       _ssh2_save_userkey         0040dd04 f   sshpubk.obj
 0001:0000d1f9       _ssh2_userkey_encrypted    0040e1f9 f   sshpubk.obj
 0001:0000d34e       _random_add_heavynoise     0040e34e f   sshrand.obj
 0001:0000d436       _random_add_noise          0040e436 f   sshrand.obj
 0001:0000d4fa       _random_byte               0040e4fa f   sshrand.obj
 0001:0000d544       _random_get_savedata       0040e544 f   sshrand.obj
 0001:0000d584       _random_ref                0040e584 f   sshrand.obj
 0001:0000e341       _crt_modpow                0040f341 f   sshrsa.obj
 0001:0000e468       _freersakey                0040f468 f   sshrsa.obj
 0001:0000e570       _makekey                   0040f570 f   sshrsa.obj
 0001:0000e64f       _makeprivate               0040f64f f   sshrsa.obj
 0001:0000e668       _rsa_fingerprint           0040f668 f   sshrsa.obj
 0001:0000ea05       _rsa_verify                0040fa05 f   sshrsa.obj
 0001:0000eb2a       _rsastr_fmt                0040fb2a f   sshrsa.obj
 0001:0000ec22       _rsastr_len                0040fc22 f   sshrsa.obj
 0001:0000ecda       _rsa_generate              0040fcda f   sshrsag.obj
 0001:0000f064       _SHA256_Block              00410064 f   sshsh256.obj
 0001:0000f4ad       _SHA256_Bytes              004104ad f   sshsh256.obj
 0001:0000f596       _SHA256_Core_Init          00410596 f   sshsh256.obj
 0001:0000f5d2       _SHA256_Final              004105d2 f   sshsh256.obj
 0001:0000f6bd       _SHA256_Init               004106bd f   sshsh256.obj
 0001:000107a1       _SHA512_Bytes              004117a1 f   sshsh512.obj
 0001:000108ef       _SHA512_Final              004118ef f   sshsh512.obj
 0001:00010a1c       _SHA512_Init               00411a1c f   sshsh512.obj
 0001:00010a99       _hmacmd5_free_context      00411a99 f   sshmd5.obj
 0001:00010a99       _aes_free_context          00411a99 f   sshaes.obj
 0001:00010d3a       _SHATransform              00411d3a f   sshsha.obj
 0001:00010eea       _SHA_Bytes                 00411eea f   sshsha.obj
 0001:00010fd3       _SHA_Final                 00411fd3 f   sshsha.obj
 0001:000110bf       _SHA_Init                  004120bf f   sshsha.obj
 0001:000110f1       _SHA_Simple                004120f1 f   sshsha.obj
 0001:0001113a       _hmac_sha1_simple          0041213a f   sshsha.obj
 0001:000112e1       _add234                    004122e1 f   tree234.obj
 0001:0001182e       _find234                   0041282e f   tree234.obj
 0001:00011847       _findrelpos234             00412847 f   tree234.obj
 0001:00011974       _index234                  00412974 f   tree234.obj
 0001:000119ee       _newtree234                004129ee f   tree234.obj
 0001:00011a04       _beginbox                  00412a04 f   winctrls.obj
 0001:00011a3b       _bigeditctrl               00412a3b f   winctrls.obj
 0001:00011af9       _ctlposinit                00412af9 f   winctrls.obj
 0001:00011b83       _doctl                     00412b83 f   winctrls.obj
 0001:00011c56       _endbox                    00412c56 f   winctrls.obj
 0001:00011cc3       _progressbar               00412cc3 f   winctrls.obj
 0001:00011d1e       _radioline                 00412d1e f   winctrls.obj
 0001:00011ee5       _static2btn                00412ee5 f   winctrls.obj
 0001:00012007       _staticbtn                 00413007 f   winctrls.obj
 0001:000120c4       _staticedit                004130c4 f   winctrls.obj
 0001:000121b2       _staticpassedit            004131b2 f   winctrls.obj
 0001:000121d0       _statictext                004131d0 f   winctrls.obj
 0001:0001222a       _has_help                  0041322a f   winhelp.obj
 0001:00012243       _init_help                 00413243 f   winhelp.obj
 0001:000123b9       _launch_help               004133b9 f   winhelp.obj
 0001:000124ae       _quit_help                 004134ae f   winhelp.obj
 0001:000124ee       _shutdown_help             004134ee f   winhelp.obj
 0001:00012510       _filename_free             00413510 f   winmisc.obj
 0001:00012526       _filename_from_str         00413526 f   winmisc.obj
 0001:00012544       _filename_to_str           00413544 f   winmisc.obj
 0001:0001254b       _load_system32_dll         0041354b f   winmisc.obj
 0001:000125b9       _smemclr                   004135b9 f   winmisc.obj
 0001:000125d1       _win_strerror              004135d1 f   winmisc.obj
 0001:000126b1       _noise_get_heavy           004136b1 f   winnoise.obj
 0001:00012846       _noise_get_light           00413846 f   winnoise.obj
 0001:00012897       _noise_regular             00413897 f   winnoise.obj
 0001:00012992       _random_save_seed          00413992 f   winnoise.obj
 0001:00013c8c       _WinMain@16                00414c8c f   winpgen.obj
 0001:00013d1c       _cleanup_exit              00414d1c f   winpgen.obj
 0001:00013dd9       _load_key_file             00414dd9 f   winpgen.obj
 0001:0001414c       _modalfatalbox             0041514c f   winpgen.obj
 0001:00014181       _nonfatal                  00415181 f   winpgen.obj
 0001:000141b0       _old_keyfile_warning       004151b0 f   winpgen.obj
 0001:00014682       _ui_set_state              00415682 f   winpgen.obj
 0001:00014bac       _read_random_seed          00415bac f   winstore.obj
 0001:00014cc5       _write_random_seed         00415cc5 f   winstore.obj
 0001:00014cf6       _ltime                     00415cf6 f   wintime.obj
 0001:00014d6e       _GetDlgItemText_alloc      00415d6e f   winutils.obj
 0001:00014dbb       _message_box               00415dbb f   winutils.obj
 0001:00014e70       _pgp_fingerprints          00415e70 f   winutils.obj
 0001:00014e87       _request_file              00415e87 f   winutils.obj
 0001:00014f38       _split_into_argv           00415f38 f   winutils.obj
 0001:00015178       __wassert                  00416178 f   LIBCMT:wassert.obj
 0001:00015820       _memchr                    00416820 f   LIBCMT:memchr.obj
 0001:000158d0       _memcpy                    004168d0 f   LIBCMT:memcpy.obj
 0001:00015f20       _strcmp                    00416f20 f   LIBCMT:strcmp.obj
 0001:00015fb0       _strlen                    00416fb0 f   LIBCMT:strlen.obj
 0001:0001603b       __fclose_nolock            0041703b f   LIBCMT:fclose.obj
 0001:000160a7       _fclose                    004170a7 f   LIBCMT:fclose.obj
 0001:0001611e       __fsopen                   0041711e f   LIBCMT:fopen.obj
 0001:000161e2       _fopen                     004171e2 f   LIBCMT:fopen.obj
 0001:000161f7       _fprintf                   004171f7 f   LIBCMT:fprintf.obj
 0001:00016309       _fputs                     00417309 f   LIBCMT:fputs.obj
 0001:0001640f       _sscanf                    0041740f f   LIBCMT:sscanf.obj
 0001:0001649e       ___copy_path_to_wide_string 0041749e f   LIBCMT:crt0dat.obj
 0001:0001654e       ___crtCorExitProcess       0041754e f   LIBCMT:crt0dat.obj
 0001:00016580       ___crtExitProcess          00417580 f   LIBCMT:crt0dat.obj
 0001:00016596       __amsg_exit                00417596 f   LIBCMT:crt0dat.obj
 0001:000165b2       __c_exit                   004175b2 f   LIBCMT:crt0dat.obj
 0001:000165c1       __cexit                    004175c1 f   LIBCMT:crt0dat.obj
 0001:000165d0       __cinit                    004175d0 f   LIBCMT:crt0dat.obj
 0001:00016661       __exit                     00417661 f   LIBCMT:crt0dat.obj
 0001:00016675       __init_pointers            00417675 f   LIBCMT:crt0dat.obj
 0001:000166c9       __initterm_e               004176c9 f   LIBCMT:crt0dat.obj
 0001:000166eb       __lockexit                 004176eb f   LIBCMT:crt0dat.obj
 0001:000166f4       __unlockexit               004176f4 f   LIBCMT:crt0dat.obj
 0001:0001682c       _exit                      0041782c f   LIBCMT:crt0dat.obj
 0001:00016840       ??0_LocaleUpdate@@QAE@PAUlocaleinfo_struct@@@Z 00417840 f i LIBCMT:_ctype.obj
 0001:000168c8       __isdigit_l                004178c8 f i LIBCMT:_ctype.obj
 0001:00016918       __isspace_l                00417918 f i LIBCMT:_ctype.obj
 0001:00016968       __isxdigit_l               00417968 f i LIBCMT:_ctype.obj
 0001:000169be       _isdigit                   004179be f i LIBCMT:_ctype.obj
 0001:000169e9       _isspace                   004179e9 f i LIBCMT:_ctype.obj
 0001:00016a14       _isxdigit                  00417a14 f i LIBCMT:_ctype.obj
 0001:00016a41       _memcmp                    00417a41 f   LIBCMT:memcmp.obj
 0001:000181c0       _memset                    004191c0 f   LIBCMT:memset.obj
 0001:00018250       _strcpy                    00419250 f   LIBCMT:strcat.obj
 0001:00018260       _strcat                    00419260 f   LIBCMT:strcat.obj
 0001:00018350       _strchr                    00419350 f   LIBCMT:strchr.obj
 0001:000183be       ___from_strstr_to_strchr   004193be     LIBCMT:strchr.obj
 0001:00018480       _strncmp                   00419480 f   LIBCMT:strncmp.obj
 0001:00018500       _strncpy                   00419500 f   LIBCMT:strncpy.obj
 0001:00018624       @__security_check_cookie@4 00419624 f   LIBCMT:secchk.obj
 0001:00018633       _fgets                     00419633 f   LIBCMT:fgets.obj
 0001:00018772       __vsnprintf                00419772 f   LIBCMT:vsnprint.obj
 0001:0001878d       __vsnprintf_l              0041978d f   LIBCMT:vsnprint.obj
 0001:00018a5b       _strtol                    00419a5b f   LIBCMT:strtol.obj
 0001:00018a85       _free                      00419a85 f   LIBCMT:free.obj
 0001:00018abd       _malloc                    00419abd f   LIBCMT:malloc.obj
 0001:00018b4f       _realloc                   00419b4f f   LIBCMT:realloc.obj
 0001:00018bfa       _abort                     00419bfa f   LIBCMT:abort.obj
 0001:00018c40       _memmove                   00419c40 f   LIBCMT:memmove.obj
 0001:00019290       __allmul                   0041a290 f   LIBCMT:llmul.obj
 0001:000192d0       __allshl                   0041a2d0 f   LIBCMT:llshl.obj
 0001:000192f0       __aulldvrm                 0041a2f0 f   LIBCMT:ulldvrm.obj
 0001:00019390       __aullrem                  0041a390 f   LIBCMT:ullrem.obj
 0001:00019405       _sprintf                   0041a405 f   LIBCMT:sprintf.obj
 0001:00019490       __alloca_probe             0041a490     LIBCMT:chkstk.obj
 0001:00019490       __chkstk                   0041a490 f   LIBCMT:chkstk.obj
 0001:000194bb       _fgetc                     0041a4bb f   LIBCMT:fgetc.obj
 0001:000195b4       _fputc                     0041a5b4 f   LIBCMT:fputc.obj
 0001:000196b5       __fread_nolock_s           0041a6b5 f   LIBCMT:fread.obj
 0001:00019878       _fread                     0041a878 f   LIBCMT:fread.obj
 0001:00019893       _fread_s                   0041a893 f   LIBCMT:fread.obj
 0001:00019924       __fwrite_nolock            0041a924 f   LIBCMT:fwrite.obj
 0001:00019a7b       _fwrite                    0041aa7b f   LIBCMT:fwrite.obj
 0001:00019af9       __ungetc_nolock            0041aaf9 f   LIBCMT:ungetc.obj
 0001:00019bd9       _ungetc                    0041abd9 f   LIBCMT:ungetc.obj
 0001:00019c45       _atoi                      0041ac45 f   LIBCMT:atox.obj
 0001:00019c4e       _atol                      0041ac4e f   LIBCMT:atox.obj
 0001:00019c62       __tolower_l                0041ac62 f   LIBCMT:tolower.obj
 0001:00019db0       _strcspn                   0041adb0 f   LIBCMT:strcspn.obj
 0001:00019e00       _strrchr                   0041ae00 f   LIBCMT:strrchr.obj
 0001:00019f37       __getenv_helper_nolock     0041af37 f   LIBCMT:getenv.obj
 0001:00019fbb       __Strftime_l               0041afbb f   LIBCMT:strftime.obj
 0001:0001a0dc       _strftime                  0041b0dc f   LIBCMT:strftime.obj
 0001:0001a0f9       _WinMainCRTStartup         0041b0f9 f   LIBCMT:wincrt0.obj
 0001:0001a27a       __call_reportfault         0041b27a f   LIBCMT:invarg.obj
 0001:0001a39d       __initp_misc_invarg        0041b39d f   LIBCMT:invarg.obj
 0001:0001a3aa       __invalid_parameter        0041b3aa f   LIBCMT:invarg.obj
 0001:0001a3d5       __invalid_parameter_noinfo 0041b3d5 f   LIBCMT:invarg.obj
 0001:0001a3e5       __invoke_watson            0041b3e5 f   LIBCMT:invarg.obj
 0001:0001a410       _memcpy_s                  0041b410 f   LIBCMT:memcpy_s.obj
 0001:0001a48f       _wcscat_s                  0041b48f f   LIBCMT:wcscat_s.obj
 0001:0001a4fb       _wcscpy_s                  0041b4fb f   LIBCMT:wcscpy_s.obj
 0001:0001a557       _wcslen                    0041b557 f   LIBCMT:wcslen.obj
 0001:0001a570       _wcsncat_s                 0041b570 f   LIBCMT:wcsncat_s.obj
 0001:0001a63e       ___set_app_type            0041b63e f   LIBCMT:errmode.obj
 0001:0001a64b       __set_error_mode           0041b64b f   LIBCMT:errmode.obj
 0001:0001a68b       __itow_s                   0041b68b f   LIBCMT:xtows.obj
 0001:0001a7a7       ___initstdio               0041b7a7 f   LIBCMT:_file.obj
 0001:0001a81a       ___endstdio                0041b81a f   LIBCMT:_file.obj
 0001:0001a841       ___iob_func                0041b841 f   LIBCMT:_file.obj
 0001:0001a847       __lock_file                0041b847 f   LIBCMT:_file.obj
 0001:0001a886       __lock_file2               0041b886 f   LIBCMT:_file.obj
 0001:0001a8b6       __unlock_file              0041b8b6 f   LIBCMT:_file.obj
 0001:0001a8f0       __unlock_file2             0041b8f0 f   LIBCMT:_file.obj
 0001:0001a91d       __fflush_nolock            0041b91d f   LIBCMT:fflush.obj
 0001:0001a963       __flush                    0041b963 f   LIBCMT:fflush.obj
 0001:0001a9c7       __flushall                 0041b9c7 f   LIBCMT:fflush.obj
 0001:0001a9d0       _fflush                    0041b9d0 f   LIBCMT:fflush.obj
 0001:0001ab09       _setvbuf                   0041bb09 f   LIBCMT:setvbuf.obj
 0001:0001ac0f       _fwprintf                  0041bc0f f   LIBCMT:fwprintf.obj
 0001:0001aca0       __vswprintf_c_l            0041bca0 f   LIBCMT:vswprnc.obj
 0001:0001acc8       __vswprintf_helper         0041bcc8 f   LIBCMT:vswprnc.obj
 0001:0001adc1       ___get_sigabrt             0041bdc1 f   LIBCMT:winsig.obj
 0001:0001adce       __initp_misc_winsig        0041bdce f   LIBCMT:winsig.obj
 0001:0001adea       _raise                     0041bdea f   LIBCMT:winsig.obj
 0001:0001afdb       ___crtMessageBoxW          0041bfdb f   LIBCMT:crtmboxw.obj
 0001:0001b1bd       __FF_MSGBANNER             0041c1bd f   LIBCMT:crt0msg.obj
 0001:0001b1f6       __GET_RTERRMSG             0041c1f6 f   LIBCMT:crt0msg.obj
 0001:0001b21a       __NMSG_WRITE               0041c21a f   LIBCMT:crt0msg.obj
 0001:0001b3d5       ___isa_available_init      0041c3d5 f   LIBCMT:cpu_disp.obj
 0001:0001b50e       __fileno                   0041c50e f   LIBCMT:fileno.obj
 0001:0001b532       __close                    0041c532 f   LIBCMT:close.obj
 0001:0001b5fc       __close_nolock             0041c5fc f   LIBCMT:close.obj
 0001:0001b696       ___doserrno                0041c696 f   LIBCMT:dosmap.obj
 0001:0001b6a9       __dosmaperr                0041c6a9 f   LIBCMT:dosmap.obj
 0001:0001b6ca       __errno                    0041c6ca f   LIBCMT:dosmap.obj
 0001:0001b6dd       __get_errno_from_oserr     0041c6dd f   LIBCMT:dosmap.obj
 0001:0001b71e       __freebuf                  0041c71e f   LIBCMT:_freebuf.obj
 0001:0001b750       __SEH_prolog4              0041c750 f   LIBCMT:sehprolg4.obj
 0001:0001b795       __SEH_epilog4              0041c795 f   LIBCMT:sehprolg4.obj
 0001:0001b7b0       __except_handler4          0041c7b0 f   LIBCMT:chandler4.obj
 0001:0001b945       __getstream                0041c945 f   LIBCMT:stream.obj
 0001:0001ba5d       __openfile                 0041ca5d f   LIBCMT:_open.obj
 0001:0001bce0       __local_unwind4            0041cce0 f   LIBCMT:exsup4.obj
 0001:0001bdb6       __seh_longjmp_unwind4@4    0041cdb6 f   LIBCMT:exsup4.obj
 0001:0001bdd2       @_EH4_CallFilterFunc@8     0041cdd2 f   LIBCMT:exsup4.obj
 0001:0001bde9       @_EH4_TransferToHandler@8  0041cde9 f   LIBCMT:exsup4.obj
 0001:0001be02       @_EH4_GlobalUnwind2@8      0041ce02 f   LIBCMT:exsup4.obj
 0001:0001be1b       @_EH4_LocalUnwind@16       0041ce1b f   LIBCMT:exsup4.obj
 0001:0001be32       __ftbuf                    0041ce32 f   LIBCMT:_sftbuf.obj
 0001:0001be63       __stbuf                    0041ce63 f   LIBCMT:_sftbuf.obj
 0001:0001bf09       __output_l                 0041cf09 f   LIBCMT:output.obj
 0001:0001cb7b       __ioinit                   0041db7b f   LIBCMT:ioinit.obj
 0001:0001cecb       __input_l                  0041decb f   LIBCMT:input.obj
 0001:0001dfe7       __RTC_Initialize           0041efe7 f   LIBCMT:initsect.obj
 0001:0001e007       __RTC_Terminate            0041f007 f   LIBCMT:initsect.obj
 0001:0001e027       __lock                     0041f027 f   LIBCMT:mlock.obj
 0001:0001e05b       __mtdeletelocks            0041f05b f   LIBCMT:mlock.obj
 0001:0001e0af       __mtinitlocknum            0041f0af f   LIBCMT:mlock.obj
 0001:0001e156       __mtinitlocks              0041f156 f   LIBCMT:mlock.obj
 0001:0001e18b       __unlock                   0041f18b f   LIBCMT:mlock.obj
 0001:0001e1a0       ___crtFlsAlloc             0041f1a0 f   LIBCMT:winapisupp.obj
 0001:0001e1be       ___crtFlsFree              0041f1be f   LIBCMT:winapisupp.obj
 0001:0001e1dd       ___crtFlsGetValue          0041f1dd f   LIBCMT:winapisupp.obj
 0001:0001e1fc       ___crtFlsSetValue          0041f1fc f   LIBCMT:winapisupp.obj
 0001:0001e21e       ___crtGetShowWindowMode    0041f21e f   LIBCMT:winapisupp.obj
 0001:0001e23f       ___crtIsPackagedApp        0041f23f f   LIBCMT:winapisupp.obj
 0001:0001e27d       ___crtLoadWinApiPointers   0041f27d f   LIBCMT:winapisupp.obj
 0001:0001e4bc       ___crtSetUnhandledExceptionFilter 0041f4bc f   LIBCMT:winapisupp.obj
 0001:0001e4ca       ___crtTerminateProcess     0041f4ca f   LIBCMT:winapisupp.obj
 0001:0001e4df       ___crtUnhandledException   0041f4df f   LIBCMT:winapisupp.obj
 0001:0001e500       __FindPESection            0041f500 f   LIBCMT:pesect.obj
 0001:0001e550       __IsNonwritableInCurrentImage 0041f550 f   LIBCMT:pesect.obj
 0001:0001e610       __ValidateImageBase        0041f610 f   LIBCMT:pesect.obj
 0001:0001e641       ___onexitinit              0041f641 f   LIBCMT:onexit.obj
 0001:0001e670       __onexit                   0041f670 f   LIBCMT:onexit.obj
 0001:0001e766       _atexit                    0041f766 f   LIBCMT:onexit.obj
 0001:0001e77b       __calloc_crt               0041f77b f   LIBCMT:crtheap.obj
 0001:0001e7c5       __malloc_crt               0041f7c5 f   LIBCMT:crtheap.obj
 0001:0001e80e       __realloc_crt              0041f80e f   LIBCMT:crtheap.obj
 0001:0001e85a       __recalloc_crt             0041f85a f   LIBCMT:crtheap.obj
 0001:0001e8aa       __initp_misc_cfltcvt_tab   0041f8aa f   LIBCMT:cmiscdat.obj
 0001:0001e8c9       ?terminate@@YAXXZ          0041f8c9 f   LIBCMT:hooks.obj
 0001:0001e8fd       __initp_eh_hooks           0041f8fd f   LIBCMT:hooks.obj
 0001:0001e90e       __callnewh                 0041f90e f   LIBCMT:handler.obj
 0001:0001e934       __initp_heap_handler       0041f934 f   LIBCMT:handler.obj
 0001:0001e941       __initp_misc_purevirt      0041f941 f   LIBCMT:inithelp.obj
 0001:0001e94e       __initp_misc_rand_s        0041f94e f   LIBCMT:rand_s.obj
 0001:0001e95b       ___initmbctable            0041f95b f   LIBCMT:mbctype.obj
 0001:0001ec16       ___updatetmbcinfo          0041fc16 f   LIBCMT:mbctype.obj
 0001:0001ecbb       __setmbcp                  0041fcbb f   LIBCMT:mbctype.obj
 0001:0001ee69       __setmbcp_nolock           0041fe69 f   LIBCMT:mbctype.obj
 0001:0001f05e       ___addlocaleref            0042005e f   LIBCMT:localref.obj
 0001:0001f0ee       ___freetlocinfo            004200ee f   LIBCMT:localref.obj
 0001:0001f248       ___removelocaleref         00420248 f   LIBCMT:localref.obj
 0001:0001f2e3       ___updatetlocinfo          004202e3 f   LIBCMT:localref.obj
 0001:0001f35f       __updatetlocinfoEx_nolock  0042035f f   LIBCMT:localref.obj
 0001:0001f3aa       __isctype_l                004203aa f   LIBCMT:isctype.obj
 0001:0001f459       __freefls@4                00420459 f   LIBCMT:tidtable.obj
 0001:0001f590       __getptd                   00420590 f   LIBCMT:tidtable.obj
 0001:0001f5a8       __getptd_noexit            004205a8 f   LIBCMT:tidtable.obj
 0001:0001f617       __initptd                  00420617 f   LIBCMT:tidtable.obj
 0001:0001f6ca       __mtinit                   004206ca f   LIBCMT:tidtable.obj
 0001:0001f740       __mtterm                   00420740 f   LIBCMT:tidtable.obj
 0001:0001f75d       __locterm                  0042075d f   LIBCMT:wsetloca.obj
 0001:0001f7af       __VEC_memset               004207af f   LIBCMT:p4_memset.obj
 0001:0001f877       ___raise_securityfailure   00420877 f   LIBCMT:gs_report.obj
 0001:0001f8b4       ___report_gsfailure        004208b4 f   LIBCMT:gs_report.obj
 0001:0001f9ad       __filbuf                   004209ad f   LIBCMT:_filbuf.obj
 0001:0001face       __flsbuf                   00420ace f   LIBCMT:_flsbuf.obj
 0001:0001fc1b       __heap_init                00420c1b f   LIBCMT:heapinit.obj
 0001:0001fc30       __read                     00420c30 f   LIBCMT:read.obj
 0001:0001fd38       __read_nolock              00420d38 f   LIBCMT:read.obj
 0001:000204c7       __write                    004214c7 f   LIBCMT:write.obj
 0001:000205a9       __write_nolock             004215a9 f   LIBCMT:write.obj
 0001:00020dd3       __getbuf                   00421dd3 f   LIBCMT:_getbuf.obj
 0001:00020e19       __isleadbyte_l             00421e19 f i LIBCMT:_wctype.obj
 0001:00020e4f       _isleadbyte                00421e4f f i LIBCMT:_wctype.obj
 0001:00021049       ___crtLCMapStringA         00422049 f   LIBCMT:a_map.obj
 0001:0002108d       __freea                    0042208d f i LIBCMT:a_map.obj
 0001:000210ab       _strcpy_s                  004220ab f   LIBCMT:strcpy_s.obj
 0001:00021100       ___wtomb_environ           00422100 f   LIBCMT:wtombenv.obj
 0001:0002118d       __mbsnbicoll               0042218d f   LIBCMT:mbsnbico.obj
 0001:000211a5       __mbsnbicoll_l             004221a5 f   LIBCMT:mbsnbico.obj
 0001:00021c54       __Wcsftime_l               00422c54 f   LIBCMT:wcsftime.obj
 0001:00021d95       ?__CxxUnhandledExceptionFilter@@YGJPAU_EXCEPTION_POINTERS@@@Z 00422d95 f   LIBCMT:unhandld.obj
 0001:00021dd6       ___CxxSetUnhandledExceptionFilter 00422dd6 f   LIBCMT:unhandld.obj
 0001:00021de4       __XcptFilter               00422de4 f   LIBCMT:winxfltr.obj
 0001:00021f3f       __setargv                  00422f3f f   LIBCMT:stdargv.obj
 0001:0002216c       __setenvp                  0042316c f   LIBCMT:stdenvp.obj
 0001:0002224d       ___security_init_cookie    0042324d f   LIBCMT:gs_support.obj
 0001:000222e7       ___crtGetEnvironmentStringsA 004232e7 f   LIBCMT:a_env.obj
 0001:00022372       __wincmdln                 00423372 f   LIBCMT:wincmdln.obj
 0001:000223d1       __crt_debugger_hook        004233d1 f   LIBCMT:dbghook.obj
 0001:000223d9       __fcloseall                004233d9 f   LIBCMT:closeall.obj
 0001:00022476       __commit                   00423476 f   LIBCMT:commit.obj
 0001:0002255c       __woutput_l                0042355c f   LIBCMT:woutput.obj
 0001:00023253       _wcsncpy_s                 00424253 f   LIBCMT:wcsncpy_s.obj
 0001:00023311       ___lock_fhandle            00424311 f   LIBCMT:osfinfo.obj
 0001:0002339d       __alloc_osfhnd             0042439d f   LIBCMT:osfinfo.obj
 0001:00023542       __free_osfhnd              00424542 f   LIBCMT:osfinfo.obj
 0001:000235c8       __get_osfhandle            004245c8 f   LIBCMT:osfinfo.obj
 0001:0002362f       __set_osfhnd               0042462f f   LIBCMT:osfinfo.obj
 0001:000236b1       __unlock_fhandle           004246b1 f   LIBCMT:osfinfo.obj
 0001:000236d7       __sopen_helper             004246d7 f   LIBCMT:open.obj
 0001:0002379e       __sopen_nolock             0042479e f   LIBCMT:open.obj
 0001:000237ea       __sopen_s                  004247ea f   LIBCMT:open.obj
 0001:00023808       __mbsnbcmp                 00424808 f   LIBCMT:mbsnbcmp.obj
 0001:00023820       __mbsnbcmp_l               00424820 f   LIBCMT:mbsnbcmp.obj
 0001:00023935       __mbsnbicmp                00424935 f   LIBCMT:mbsnbicm.obj
 0001:0002394d       __mbsnbicmp_l              0042494d f   LIBCMT:mbsnbicm.obj
 0001:00023b10       __global_unwind2           00424b10 f   LIBCMT:exsup.obj
 0001:00023b75       __local_unwind2            00424b75 f   LIBCMT:exsup.obj
 0001:00023bf9       __abnormal_termination     00424bf9 f   LIBCMT:exsup.obj
 0001:00023c1c       __NLG_Notify1              00424c1c f   LIBCMT:exsup.obj
 0001:00023c25       __NLG_Notify               00424c25 f   LIBCMT:exsup.obj
 0001:00023c3c       __NLG_Dispatch2            00424c3c     LIBCMT:exsup.obj
 0001:00023c3c       __NLG_Dispatch             00424c3c     LIBCMT:exsup.obj
 0001:00023c44       __NLG_Call                 00424c44 f   LIBCMT:exsup.obj
 0001:00023c46       __NLG_Return2              00424c46     LIBCMT:exsup.obj
 0001:00023c47       __isatty                   00424c47 f   LIBCMT:isatty.obj
 0001:00023c9b       __get_printf_count_output  00424c9b f   LIBCMT:printf.obj
 0001:00023cb0       __wctomb_s_l               00424cb0 f   LIBCMT:wctomb.obj
 0001:00023dd2       _wctomb_s                  00424dd2 f   LIBCMT:wctomb.obj
 0001:00023ded       __mbtowc_l                 00424ded f   LIBCMT:mbtowc.obj
 0001:00023ee0       _mbtowc                    00424ee0 f   LIBCMT:mbtowc.obj
 0001:00023ef8       __msize                    00424ef8 f   LIBCMT:msize.obj
 0001:00023f29       __recalloc                 00424f29 f   LIBCMT:recalloc.obj
 0001:00023f92       __calloc_impl              00424f92 f   LIBCMT:calloc_impl.obj
 0001:0002400c       __fptrap                   0042500c f   LIBCMT:crt0fp.obj
 0001:00024015       _strncpy_s                 00425015 f   LIBCMT:strncpy_s.obj
 0001:000240b9       _GetTableIndexFromLocaleName 004250b9 f   LIBCMT:winapinls.obj
 0001:00024107       ___crtCompareStringEx      00425107 f   LIBCMT:winapinls.obj
 0001:00024153       ___crtDownlevelLocaleNameToLCID 00425153 f   LIBCMT:winapinls.obj
 0001:0002417d       ___crtGetDateFormatEx      0042517d f   LIBCMT:winapinls.obj
 0001:000241c6       ___crtGetTimeFormatEx      004251c6 f   LIBCMT:winapinls.obj
 0001:000241fb       ___crtLCMapStringEx        004251fb f   LIBCMT:winapinls.obj
 0001:00024247       ___wcsnicmp_ascii          00425247 f   LIBCMT:winapinls.obj
 0001:000243a1       ___crtGetStringTypeA       004253a1 f   LIBCMT:a_str.obj
 0001:000243df       ___free_lconv_mon          004253df f   LIBCMT:initmon.obj
 0001:000244db       ___free_lconv_num          004254db f   LIBCMT:initnum.obj
 0001:00024542       ___free_lc_time            00425542 f   LIBCMT:inittime.obj
 0001:000248c2       ____lc_codepage_func       004258c2 f   LIBCMT:initctyp.obj
 0001:000248e8       _wcsnlen                   004258e8 f   LIBCMT:wcslen_s.obj
 0001:00024907       __lseeki64                 00425907 f   LIBCMT:lseeki64.obj
 0001:00024a03       __lseeki64_nolock          00425a03 f   LIBCMT:lseeki64.obj
 0001:00024a74       __putwch_nolock            00425a74 f   LIBCMT:putwch.obj
 0001:00024ab5       _iswctype                  00425ab5 f   LIBCMT:iswctype.obj
 0001:00024b10       __alloca_probe_16          00425b10 f   LIBCMT:alloca16.obj
 0001:00024b26       __alloca_probe_8           00425b26     LIBCMT:alloca16.obj
 0001:00024b3c       ___crtsetenv               00425b3c f   LIBCMT:setenv.obj
 0001:00024e3d       __strnicoll_l              00425e3d f   LIBCMT:strnicol.obj
 0001:0002518b       ___crtCompareStringA       0042618b f   LIBCMT:a_cmp.obj
 0001:000251cc       __wcsicmp                  004261cc f   LIBCMT:wcsicmp.obj
 0001:0002525f       __wcsicmp_l                0042625f f   LIBCMT:wcsicmp.obj
 0001:00025338       ___tzset                   00426338 f   LIBCMT:tzset.obj
 0001:000256bc       __mbstowcs_l_helper        004266bc f   LIBCMT:mbstowcs.obj
 0001:0002581b       __mbstowcs_s_l             0042681b f   LIBCMT:mbstowcs.obj
 0001:000258f7       ___daylight                004268f7 f   LIBCMT:timeset.obj
 0001:000258fd       ___dstbias                 004268fd f   LIBCMT:timeset.obj
 0001:00025903       ___timezone                00426903 f   LIBCMT:timeset.obj
 0001:00025909       ___tzname                  00426909 f   LIBCMT:timeset.obj
 0001:0002590f       __get_daylight             0042690f f   LIBCMT:timeset.obj
 0001:00025939       __get_dstbias              00426939 f   LIBCMT:timeset.obj
 0001:00025963       __get_timezone             00426963 f   LIBCMT:timeset.obj
 0001:000259e3       __ismbblead                004269e3 f   LIBCMT:ismbbyte.obj
 0001:000259f9       __fputwc_nolock            004269f9 f   LIBCMT:fputwc.obj
 0001:00025c0f       __wsopen_nolock            00426c0f f   LIBCMT:wopen.obj
 0001:00026360       __strnicmp                 00427360 f   LIBCMT:strnicmp.obj
 0001:000263cb       __strnicmp_l               004273cb f   LIBCMT:strnicmp.obj
 0001:0002647a       ___termconout              0042747a f   LIBCMT:initcon.obj
 0001:00026491       ___initconout              00427491 f   LIBCMT:initcon.obj
 0001:000264b0       __strdup                   004274b0 f   LIBCMT:strdup.obj
 0001:00026500       __mbschr                   00427500 f   LIBCMT:mbschr.obj
 0001:00026515       __mbschr_l                 00427515 f   LIBCMT:mbschr.obj
 0001:000265b0       __towlower_l               004275b0 f   LIBCMT:towlower.obj
 0001:00026662       __flswbuf                  00427662 f   LIBCMT:_flswbuf.obj
 0001:000267c2       __chsize_nolock            004277c2 f   LIBCMT:chsize.obj
 0001:00026976       __get_fmode                00427976 f   LIBCMT:setmode.obj
 0001:000269a0       __setmode_nolock           004279a0 f   LIBCMT:setmode.obj
 0001:00026a70       ___ascii_strnicmp          00427a70 f   LIBCMT:_strnicm.obj
 0001:00026ad1       ___crtLCMapStringW         00427ad1 f   LIBCMT:w_map.obj
 0001:00026b00       _IsProcessorFeaturePresent@4 00427b00 f   kernel32:KERNEL32.dll
 0001:00026b06       _RtlUnwind@16              00427b06 f   kernel32:KERNEL32.dll
 0002:00000000       __imp__RegCloseKey@4       00428000     advapi32:ADVAPI32.dll
 0002:00000004       __imp__RegOpenKeyA@12      00428004     advapi32:ADVAPI32.dll
 0002:00000008       __imp__RegQueryValueExA@24 00428008     advapi32:ADVAPI32.dll
 0002:0000000c       \177ADVAPI32_NULL_THUNK_DATA 0042800c     advapi32:ADVAPI32.dll
 0002:00000010       __imp__InitCommonControls@0 00428010     comctl32:COMCTL32.dll
 0002:00000014       \177COMCTL32_NULL_THUNK_DATA 00428014     comctl32:COMCTL32.dll
 0002:00000018       __imp__GetOpenFileNameA@4  00428018     comdlg32:COMDLG32.dll
 0002:0000001c       __imp__GetSaveFileNameA@4  0042801c     comdlg32:COMDLG32.dll
 0002:00000020       \177COMDLG32_NULL_THUNK_DATA 00428020     comdlg32:COMDLG32.dll
 0002:00000024       __imp__SetEndOfFile@4      00428024     kernel32:KERNEL32.dll
 0002:00000028       __imp__CreateFileW@28      00428028     kernel32:KERNEL32.dll
 0002:0000002c       __imp__GetTimeZoneInformation@4 0042802c     kernel32:KERNEL32.dll
 0002:00000030       __imp__SetEnvironmentVariableA@8 00428030     kernel32:KERNEL32.dll
 0002:00000034       __imp__SetFilePointerEx@20 00428034     kernel32:KERNEL32.dll
 0002:00000038       __imp__GetStringTypeW@16   00428038     kernel32:KERNEL32.dll
 0002:0000003c       __imp__LCMapStringW@24     0042803c     kernel32:KERNEL32.dll
 0002:00000040       __imp__CompareStringW@24   00428040     kernel32:KERNEL32.dll
 0002:00000044       __imp__GetTimeFormatW@24   00428044     kernel32:KERNEL32.dll
 0002:00000048       __imp__GetDateFormatW@24   00428048     kernel32:KERNEL32.dll
 0002:0000004c       __imp__HeapSize@12         0042804c     kernel32:KERNEL32.dll
 0002:00000050       __imp__SetStdHandle@8      00428050     kernel32:KERNEL32.dll
 0002:00000054       __imp__FlushFileBuffers@4  00428054     kernel32:KERNEL32.dll
 0002:00000058       __imp__FreeEnvironmentStringsW@4 00428058     kernel32:KERNEL32.dll
 0002:0000005c       __imp__GetEnvironmentStringsW@0 0042805c     kernel32:KERNEL32.dll
 0002:00000060       __imp__GetSystemTimeAsFileTime@4 00428060     kernel32:KERNEL32.dll
 0002:00000064       __imp__GetConsoleCP@0      00428064     kernel32:KERNEL32.dll
 0002:00000068       __imp__ReadConsoleW@20     00428068     kernel32:KERNEL32.dll
 0002:0000006c       __imp__GetConsoleMode@8    0042806c     kernel32:KERNEL32.dll
 0002:00000070       __imp__GetProcessHeap@0    00428070     kernel32:KERNEL32.dll
 0002:00000074       __imp__GetCurrentThreadId@0 00428074     kernel32:KERNEL32.dll
 0002:00000078       __imp__GetCPInfo@8         00428078     kernel32:KERNEL32.dll
 0002:0000007c       __imp__GetOEMCP@0          0042807c     kernel32:KERNEL32.dll
 0002:00000080       __imp__GetACP@0            00428080     kernel32:KERNEL32.dll
 0002:00000084       __imp__IsValidCodePage@4   00428084     kernel32:KERNEL32.dll
 0002:00000088       __imp__InterlockedIncrement@4 00428088     kernel32:KERNEL32.dll
 0002:0000008c       __imp__Sleep@4             0042808c     kernel32:KERNEL32.dll
 0002:00000090       __imp__GetModuleHandleW@4  00428090     kernel32:KERNEL32.dll
 0002:00000094       __imp__TlsFree@4           00428094     kernel32:KERNEL32.dll
 0002:00000098       __imp__TlsSetValue@8       00428098     kernel32:KERNEL32.dll
 0002:0000009c       __imp__TlsGetValue@4       0042809c     kernel32:KERNEL32.dll
 0002:000000a0       __imp__TlsAlloc@0          004280a0     kernel32:KERNEL32.dll
 0002:000000a4       __imp__TerminateProcess@8  004280a4     kernel32:KERNEL32.dll
 0002:000000a8       __imp__SetLastError@4      004280a8     kernel32:KERNEL32.dll
 0002:000000ac       __imp__SetUnhandledExceptionFilter@4 004280ac     kernel32:KERNEL32.dll
 0002:000000b0       __imp__UnhandledExceptionFilter@4 004280b0     kernel32:KERNEL32.dll
 0002:000000b4       __imp__GetStartupInfoW@4   004280b4     kernel32:KERNEL32.dll
 0002:000000b8       __imp__DeleteCriticalSection@4 004280b8     kernel32:KERNEL32.dll
 0002:000000bc       __imp__RtlUnwind@16        004280bc     kernel32:KERNEL32.dll
 0002:000000c0       __imp__InitializeCriticalSectionAndSpinCount@8 004280c0     kernel32:KERNEL32.dll
 0002:000000c4       __imp__LoadLibraryW@4      004280c4     kernel32:KERNEL32.dll
 0002:000000c8       __imp__LoadLibraryExW@12   004280c8     kernel32:KERNEL32.dll
 0002:000000cc       __imp__OutputDebugStringW@4 004280cc     kernel32:KERNEL32.dll
 0002:000000d0       __imp__LeaveCriticalSection@4 004280d0     kernel32:KERNEL32.dll
 0002:000000d4       __imp__FreeLibrary@4       004280d4     kernel32:KERNEL32.dll
 0002:000000d8       __imp__GetModuleFileNameA@12 004280d8     kernel32:KERNEL32.dll
 0002:000000dc       __imp__GetProcAddress@8    004280dc     kernel32:KERNEL32.dll
 0002:000000e0       __imp__GetLastError@0      004280e0     kernel32:KERNEL32.dll
 0002:000000e4       __imp__GetSystemDirectoryA@8 004280e4     kernel32:KERNEL32.dll
 0002:000000e8       __imp__FormatMessageA@28   004280e8     kernel32:KERNEL32.dll
 0002:000000ec       __imp__LoadLibraryA@4      004280ec     kernel32:KERNEL32.dll
 0002:000000f0       __imp__FindClose@4         004280f0     kernel32:KERNEL32.dll
 0002:000000f4       __imp__FindFirstFileA@8    004280f4     kernel32:KERNEL32.dll
 0002:000000f8       __imp__FindNextFileA@8     004280f8     kernel32:KERNEL32.dll
 0002:000000fc       __imp__QueryPerformanceCounter@4 004280fc     kernel32:KERNEL32.dll
 0002:00000100       __imp__GetProcessTimes@20  00428100     kernel32:KERNEL32.dll
 0002:00000104       __imp__GetCurrentProcess@0 00428104     kernel32:KERNEL32.dll
 0002:00000108       __imp__GetCurrentProcessId@0 00428108     kernel32:KERNEL32.dll
 0002:0000010c       __imp__GetCurrentThread@0  0042810c     kernel32:KERNEL32.dll
 0002:00000110       __imp__GetThreadTimes@20   00428110     kernel32:KERNEL32.dll
 0002:00000114       __imp__GetSystemTime@4     00428114     kernel32:KERNEL32.dll
 0002:00000118       __imp__GetSystemTimeAdjustment@12 00428118     kernel32:KERNEL32.dll
 0002:0000011c       __imp__GetWindowsDirectoryA@8 0042811c     kernel32:KERNEL32.dll
 0002:00000120       __imp__GlobalMemoryStatus@4 00428120     kernel32:KERNEL32.dll
 0002:00000124       __imp__CreateThread@24     00428124     kernel32:KERNEL32.dll
 0002:00000128       __imp__GetEnvironmentVariableA@12 00428128     kernel32:KERNEL32.dll
 0002:0000012c       __imp__CreateFileA@28      0042812c     kernel32:KERNEL32.dll
 0002:00000130       __imp__DeleteFileA@4       00428130     kernel32:KERNEL32.dll
 0002:00000134       __imp__ReadFile@20         00428134     kernel32:KERNEL32.dll
 0002:00000138       __imp__WriteFile@20        00428138     kernel32:KERNEL32.dll
 0002:0000013c       __imp__CloseHandle@4       0042813c     kernel32:KERNEL32.dll
 0002:00000140       __imp__GetLocalTime@4      00428140     kernel32:KERNEL32.dll
 0002:00000144       __imp__SetCurrentDirectoryA@4 00428144     kernel32:KERNEL32.dll
 0002:00000148       __imp__GetCurrentDirectoryA@8 00428148     kernel32:KERNEL32.dll
 0002:0000014c       __imp__GetStdHandle@4      0042814c     kernel32:KERNEL32.dll
 0002:00000150       __imp__GetFileType@4       00428150     kernel32:KERNEL32.dll
 0002:00000154       __imp__GetModuleFileNameW@12 00428154     kernel32:KERNEL32.dll
 0002:00000158       __imp__GetModuleHandleExW@12 00428158     kernel32:KERNEL32.dll
 0002:0000015c       __imp__WriteConsoleW@20    0042815c     kernel32:KERNEL32.dll
 0002:00000160       __imp__EncodePointer@4     00428160     kernel32:KERNEL32.dll
 0002:00000164       __imp__DecodePointer@4     00428164     kernel32:KERNEL32.dll
 0002:00000168       __imp__InterlockedDecrement@4 00428168     kernel32:KERNEL32.dll
 0002:0000016c       __imp__ExitProcess@4       0042816c     kernel32:KERNEL32.dll
 0002:00000170       __imp__AreFileApisANSI@0   00428170     kernel32:KERNEL32.dll
 0002:00000174       __imp__MultiByteToWideChar@24 00428174     kernel32:KERNEL32.dll
 0002:00000178       __imp__HeapFree@12         00428178     kernel32:KERNEL32.dll
 0002:0000017c       __imp__HeapAlloc@12        0042817c     kernel32:KERNEL32.dll
 0002:00000180       __imp__HeapReAlloc@16      00428180     kernel32:KERNEL32.dll
 0002:00000184       __imp__IsProcessorFeaturePresent@4 00428184     kernel32:KERNEL32.dll
 0002:00000188       __imp__WideCharToMultiByte@32 00428188     kernel32:KERNEL32.dll
 0002:0000018c       __imp__GetCommandLineA@0   0042818c     kernel32:KERNEL32.dll
 0002:00000190       __imp__IsDebuggerPresent@0 00428190     kernel32:KERNEL32.dll
 0002:00000194       __imp__EnterCriticalSection@4 00428194     kernel32:KERNEL32.dll
 0002:00000198       \177KERNEL32_NULL_THUNK_DATA 00428198     kernel32:KERNEL32.dll
 0002:0000019c       __imp__MessageBoxIndirectA@4 0042819c     user32:USER32.dll
 0002:000001a0       __imp__LoadIconA@8         004281a0     user32:USER32.dll
 0002:000001a4       __imp__CheckMenuRadioItem@20 004281a4     user32:USER32.dll
 0002:000001a8       __imp__GetDesktopWindow@0  004281a8     user32:USER32.dll
 0002:000001ac       __imp__GetWindowLongA@8    004281ac     user32:USER32.dll
 0002:000001b0       __imp__GetWindowRect@8     004281b0     user32:USER32.dll
 0002:000001b4       __imp__GetWindowTextLengthA@4 004281b4     user32:USER32.dll
 0002:000001b8       __imp__GetWindowTextA@12   004281b8     user32:USER32.dll
 0002:000001bc       __imp__SetForegroundWindow@4 004281bc     user32:USER32.dll
 0002:000001c0       __imp__SetActiveWindow@4   004281c0     user32:USER32.dll
 0002:000001c4       __imp__AppendMenuA@16      004281c4     user32:USER32.dll
 0002:000001c8       __imp__EnableMenuItem@12   004281c8     user32:USER32.dll
 0002:000001cc       __imp__CreateMenu@0        004281cc     user32:USER32.dll
 0002:000001d0       __imp__SetMenu@8           004281d0     user32:USER32.dll
 0002:000001d4       __imp__EnableWindow@8      004281d4     user32:USER32.dll
 0002:000001d8       __imp__GetDlgItemInt@16    004281d8     user32:USER32.dll
 0002:000001dc       __imp__SetDlgItemInt@16    004281dc     user32:USER32.dll
 0002:000001e0       __imp__EndDialog@8         004281e0     user32:USER32.dll
 0002:000001e4       __imp__DialogBoxParamA@20  004281e4     user32:USER32.dll
 0002:000001e8       __imp__MoveWindow@24       004281e8     user32:USER32.dll
 0002:000001ec       __imp__ShowWindow@8        004281ec     user32:USER32.dll
 0002:000001f0       __imp__PostMessageA@16     004281f0     user32:USER32.dll
 0002:000001f4       __imp__GetMessageTime@0    004281f4     user32:USER32.dll
 0002:000001f8       __imp__GetCursorPos@4      004281f8     user32:USER32.dll
 0002:000001fc       __imp__GetForegroundWindow@0 004281fc     user32:USER32.dll
 0002:00000200       __imp__GetCapture@0        00428200     user32:USER32.dll
 0002:00000204       __imp__GetQueueStatus@4    00428204     user32:USER32.dll
 0002:00000208       __imp__GetClipboardOwner@0 00428208     user32:USER32.dll
 0002:0000020c       __imp__WinHelpA@16         0042820c     user32:USER32.dll
 0002:00000210       __imp__MapDialogRect@8     00428210     user32:USER32.dll
 0002:00000214       __imp__SetWindowLongA@12   00428214     user32:USER32.dll
 0002:00000218       __imp__MessageBeep@4       00428218     user32:USER32.dll
 0002:0000021c       __imp__MessageBoxA@16      0042821c     user32:USER32.dll
 0002:00000220       __imp__GetClientRect@8     00428220     user32:USER32.dll
 0002:00000224       __imp__SendDlgItemMessageA@20 00428224     user32:USER32.dll
 0002:00000228       __imp__IsDlgButtonChecked@8 00428228     user32:USER32.dll
 0002:0000022c       __imp__CheckRadioButton@16 0042822c     user32:USER32.dll
 0002:00000230       __imp__GetDlgItemTextA@16  00428230     user32:USER32.dll
 0002:00000234       __imp__SetDlgItemTextA@12  00428234     user32:USER32.dll
 0002:00000238       __imp__GetDlgItem@8        00428238     user32:USER32.dll
 0002:0000023c       __imp__SetWindowPos@28     0042823c     user32:USER32.dll
 0002:00000240       __imp__CreateWindowExA@48  00428240     user32:USER32.dll
 0002:00000244       __imp__SendMessageA@16     00428244     user32:USER32.dll
 0002:00000248       \177USER32_NULL_THUNK_DATA 00428248     user32:USER32.dll
 0002:0000024c       ___xc_a                    0042824c     LIBCMT:crt0init.obj
 0002:00000250       ___xc_z                    00428250     LIBCMT:crt0init.obj
 0002:00000254       ___xi_a                    00428254     LIBCMT:crt0init.obj
 0002:0000026c       ___xi_z                    0042826c     LIBCMT:crt0init.obj
 0002:00000270       ___xp_a                    00428270     LIBCMT:crt0init.obj
 0002:00000280       ___xp_z                    00428280     LIBCMT:crt0init.obj
 0002:00000284       ___xt_a                    00428284     LIBCMT:crt0init.obj
 0002:00000288       ___xt_z                    00428288     LIBCMT:crt0init.obj
 0002:00000290       ??_C@_00CNPNBAHC@?$AA@     00428290     conf.obj
 0002:00000294       ??_C@_01KDCPPGHE@r?$AA@    00428294     import.obj
 0002:00000298       ??_C@_0BI@FLFNCGOJ@unable?5to?5open?5key?5file?$AA@ 00428298     import.obj
 0002:000002b0       ??_C@_0BH@CFIIDOJD@unexpected?5end?5of?5file?$AA@ 004282b0     import.obj
 0002:000002c8       ??_C@_0M@ILJMFDEM@?9?9?9?9?9BEGIN?5?$AA@ 004282c8     import.obj
 0002:000002d4       ??_C@_0BB@KMOJJEAA@PRIVATE?5KEY?9?9?9?9?9?$AA@ 004282d4     import.obj
 0002:000002e8       ??_C@_0CM@NPEIAKFA@file?5does?5not?5begin?5with?5OpenSSH@ 004282e8     import.obj
 0002:00000314       ??_C@_0CA@PEOGIGIM@?9?9?9?9?9BEGIN?5RSA?5PRIVATE?5KEY?9?9?9?9?9?$AA@ 00428314     import.obj
 0002:00000334       ??_C@_0CA@EJDPJBKG@?9?9?9?9?9BEGIN?5DSA?5PRIVATE?5KEY?9?9?9?9?9?$AA@ 00428334     import.obj
 0002:00000354       ??_C@_0BG@JACBKHCO@unrecognised?5key?5type?$AA@ 00428354     import.obj
 0002:0000036c       ??_C@_09KLIMLKKH@?9?9?9?9?9END?5?$AA@ 0042836c     import.obj
 0002:00000378       ??_C@_0CB@EEPOJGBD@header?5found?5in?5body?5of?5key?5data@ 00428378     import.obj
 0002:0000039c       ??_C@_09OEEMHJLK@Proc?9Type?$AA@ 0042839c     import.obj
 0002:000003a8       ??_C@_0CJ@LDIKJOJP@Proc?9Type?5is?5not?54?5?$CIonly?54?5is?5su@ 004283a8     import.obj
 0002:000003d4       ??_C@_09NEFHHFED@ENCRYPTED?$AA@ 004283d4     import.obj
 0002:000003e0       ??_C@_08CGOODIEK@DEK?9Info?$AA@ 004283e0     import.obj
 0002:000003ec       ??_C@_0O@NJEIHBP@DES?9EDE3?9CBC?0?$AA@ 004283ec     import.obj
 0002:000003fc       ??_C@_0N@NIBAJFKC@AES?9128?9CBC?0?$AA@ 004283fc     import.obj
 0002:0000040c       ??_C@_0BD@ECLJDLBJ@unsupported?5cipher?$AA@ 0042840c     import.obj
 0002:00000420       ??_C@_03IJFOLNOP@?$CF2x?$AA@ 00428420     import.obj
 0002:00000424       ??_C@_0CC@PACFOKNB@expected?5more?5iv?5data?5in?5DEK?9Inf@ 00428424     import.obj
 0002:00000448       ??_C@_0CH@NNCNICJE@more?5iv?5data?5than?5expected?5in?5DE@ 00428448     import.obj
 0002:00000470       ??_C@_0BI@ONFFGPPJ@invalid?5base64?5encoding?$AA@ 00428470     import.obj
 0002:00000488       ??_C@_0BF@BIBOAEDB@key?5body?5not?5present?$AA@ 00428488     import.obj
 0002:000004a0       ??_C@_0DK@CJOBGJNG@encrypted?5key?5blob?5is?5not?5a?5mult@ 004284a0     import.obj
 0002:000004dc       ??_C@_1BI@NEAENEOL@?$AA?4?$AA?4?$AA?2?$AAi?$AAm?$AAp?$AAo?$AAr?$AAt?$AA?4?$AAc?$AA?$AA@ 004284dc     import.obj
 0002:000004f8       ??_C@_1EA@JDGGOHMC@?$AAk?$AAe?$AAy?$AA?9?$AA?$DO?$AAe?$AAn?$AAc?$AAr?$AAy?$AAp?$AAt?$AAi?$AAo?$AAn?$AA?5?$AA?$DN?$AA?$DN?$AA?5?$AAO?$AAS?$AAS?$AAH?$AA_?$AAE?$AAN?$AAC?$AA_?$AAA?$AAE?$AAS?$AA?$AA@ 004284f8     import.obj
 0002:00000538       ??_C@_0BH@ILCLGIND@ASN?41?5decoding?5failure?$AA@ 00428538     import.obj
 0002:00000550       ??_C@_07FOJFIGLJ@ssh?9dss?$AA@ 00428550     import.obj
 0002:00000558       ??_C@_07FDBDPOCJ@ssh?9rsa?$AA@ 00428558     import.obj
 0002:00000560       ??_C@_0BI@OCIDPLGO@version?5number?5mismatch?$AA@ 00428560     import.obj
 0002:00000578       ??_C@_1BI@OCMMGGOI@?$AAp?$AAr?$AAi?$AAv?$AAp?$AAt?$AAr?$AA?5?$AA?$DO?$AA?5?$AA0?$AA?$AA@ 00428578     import.obj
 0002:00000590       ??_C@_0CE@JPOKGHFC@unable?5to?5create?5key?5data?5struct@ 00428590     import.obj
 0002:000005b4       ??_C@_0BF@EFHECHEJ@imported?9openssh?9key?$AA@ 004285b4     import.obj
 0002:000005cc       ??_C@_1CM@CKPBGGEK@?$AAe?$AA?4?$AAs?$AAt?$AAa?$AAr?$AAt?$AA?5?$AA?$CG?$AA?$CG?$AA?5?$AAi?$AAq?$AAm?$AAp?$AA?4?$AAs?$AAt?$AAa?$AAr?$AAt?$AA?$AA@ 004285cc     import.obj
 0002:000005f8       ??_C@_0CB@BOBFMBAH@?9?9?9?9?9BEGIN?5RSA?5PRIVATE?5KEY?9?9?9?9?9?6@ 004285f8     import.obj
 0002:0000061c       ??_C@_0BP@ODCOGBOH@?9?9?9?9?9END?5RSA?5PRIVATE?5KEY?9?9?9?9?9?6?$AA@ 0042861c     import.obj
 0002:0000063c       ??_C@_1CG@MHGNCJHE@?$AAy?$AA?4?$AAs?$AAt?$AAa?$AAr?$AAt?$AA?5?$AA?$CG?$AA?$CG?$AA?5?$AAx?$AA?4?$AAs?$AAt?$AAa?$AAr?$AAt?$AA?$AA@ 0042863c     import.obj
 0002:00000664       ??_C@_0CB@MFBDNBMG@?9?9?9?9?9BEGIN?5DSA?5PRIVATE?5KEY?9?9?9?9?9?6@ 00428664     import.obj
 0002:00000688       ??_C@_0BP@DICIHBCG@?9?9?9?9?9END?5DSA?5PRIVATE?5KEY?9?9?9?9?9?6?$AA@ 00428688     import.obj
 0002:000006a8       ??_C@_13COJANIEC@?$AA0?$AA?$AA@ 004286a8     import.obj
 0002:000006ac       ??_C@_1BG@GMJKMMJ@?$AAp?$AAo?$AAs?$AA?5?$AA?$DN?$AA?$DN?$AA?5?$AAl?$AAe?$AAn?$AA?$AA@ 004286ac     import.obj
 0002:000006c4       ??_C@_02GMLFBBN@wb?$AA@    004286c4     import.obj
 0002:000006c8       ??_C@_0CP@IBCPMBDO@Proc?9Type?3?54?0ENCRYPTED?6DEK?9Info?3@ 004286c8     import.obj
 0002:000006f8       ??_C@_04JFFKLGJF@?$CF02X?$AA@ 004286f8     import.obj
 0002:00000700       ??_C@_02PHMGELLB@?6?6?$AA@ 00428700     import.obj
 0002:00000704       ??_C@_0CL@NAONMFGD@?9?9?9?9?5BEGIN?5SSH2?5ENCRYPTED?5PRIVAT@ 00428704     import.obj
 0002:00000730       ??_C@_0CM@DPNEFDAN@file?5does?5not?5begin?5with?5ssh?4com@ 00428730     import.obj
 0002:0000075c       ??_C@_0CJ@FKKHMGNF@?9?9?9?9?5END?5SSH2?5ENCRYPTED?5PRIVATE?5@ 0042875c     import.obj
 0002:00000788       ??_C@_1BG@CPIGDCEJ@?$AA?$CB?$AAl?$AAi?$AAn?$AAe?$AA?$FL?$AAl?$AAe?$AAn?$AA?$FN?$AA?$AA@ 00428788     import.obj
 0002:000007a0       ??_C@_07JABLCLAF@Comment?$AA@ 004287a0     import.obj
 0002:000007a8       ??_C@_04CGFJFPFD@none?$AA@ 004287a8     import.obj
 0002:000007b0       ??_C@_0BB@BAKDHMLI@if?9modn?$HLsign?$HLrsa?$AA@ 004287b0     import.obj
 0002:000007c4       ??_C@_0BB@HPFMICAI@dl?9modp?$HLsign?$HLdsa?$AA@ 004287c4     import.obj
 0002:000007d8       ??_C@_0CF@FCECDMDC@key?5does?5not?5begin?5with?5magic?5nu@ 004287d8     import.obj
 0002:00000800       ??_C@_0CM@NEOFPBCC@key?5blob?5does?5not?5contain?5a?5key?5@ 00428800     import.obj
 0002:0000082c       ??_C@_0BH@KKPDMCEI@key?5is?5of?5unknown?5type?$AA@ 0042882c     import.obj
 0002:00000844       ??_C@_0CP@EAFPJHHJ@key?5blob?5does?5not?5contain?5a?5ciph@ 00428844     import.obj
 0002:00000874       ??_C@_08BLJCDBFI@3des?9cbc?$AA@ 00428874     import.obj
 0002:00000880       ??_C@_0CC@DMBMLLIA@key?5encryption?5is?5of?5unknown?5typ@ 00428880     import.obj
 0002:000008a4       ??_C@_0CK@ODGNJBJL@key?5blob?5does?5not?5contain?5actual@ 004288a4     import.obj
 0002:000008d0       ??_C@_0BL@EBDAIAFH@length?5of?5key?5data?5is?5zero?$AA@ 004288d0     import.obj
 0002:000008ec       ??_C@_0DN@BNMNCPAM@encrypted?5part?5of?5key?5is?5not?5a?5m@ 004288ec     import.obj
 0002:0000092c       ??_C@_0CB@KFJCGCEG@containing?5string?5was?5ill?9formed@ 0042892c     import.obj
 0002:00000950       ??_C@_0CG@EPMPHHKB@key?5data?5did?5not?5contain?5six?5int@ 00428950     import.obj
 0002:00000978       ??_C@_1BI@NBEKGJMG@?$AAt?$AAy?$AAp?$AAe?$AA?5?$AA?$DN?$AA?$DN?$AA?5?$AAD?$AAS?$AAA?$AA?$AA@ 00428978     import.obj
 0002:00000990       ??_C@_0CI@BGEDAODE@predefined?5DSA?5parameters?5not?5su@ 00428990     import.obj
 0002:000009b8       ??_C@_0CH@NIKLEOMO@key?5data?5did?5not?5contain?5five?5in@ 004289b8     import.obj
 0002:000009e0       ??_C@_1BI@FBGGPGNJ@?$AAp?$AAr?$AAi?$AAv?$AAl?$AAe?$AAn?$AA?5?$AA?$DO?$AA?5?$AA0?$AA?$AA@ 004289e0     import.obj
 0002:000009f8       ??_C@_0DI@MLAIEDL@if?9modn?$HLsign?$HLrsa?9pkcs1?9sha1?$HN?0enc@ 004289f8     import.obj
 0002:00000a30       ??_C@_0CH@GOJJJFLG@dl?9modp?$HLsign?$HLdsa?9nist?9sha1?$HN?0dh?$HLp@ 00428a30     import.obj
 0002:00000a58       ??_C@_1EE@OIMKJIHJ@?$AA?$CB?$AAp?$AAa?$AAs?$AAs?$AAp?$AAh?$AAr?$AAa?$AAs?$AAe?$AA?5?$AA?$HM?$AA?$HM?$AA?5?$AAc?$AAi?$AAp?$AAh?$AAe?$AAr?$AAl?$AAe?$AAn?$AA?5?$AA?$CF?$AA?5?$AA8?$AA?5?$AA?$DN?$AA?$DN?$AA?5@ 00428a58     import.obj
 0002:00000a9c       ??_C@_1BK@KHFGGBIE@?$AAp?$AAo?$AAs?$AA?5?$AA?$DM?$AA?5?$AAo?$AAu?$AAt?$AAl?$AAe?$AAn?$AA?$AA@ 00428a9c     import.obj
 0002:00000ab8       ??_C@_0CM@COIEDFKN@?9?9?9?9?5BEGIN?5SSH2?5ENCRYPTED?5PRIVAT@ 00428ab8     import.obj
 0002:00000ae4       ??_C@_0L@PKLHOOPL@Comment?3?5?$CC?$AA@ 00428ae4     import.obj
 0002:00000af0       ??_C@_06KPACFFHF@?$CF?4?$CKs?2?6?$AA@ 00428af0     import.obj
 0002:00000af8       ??_C@_04IIFANNOA@?$CFs?$CC?6?$AA@ 00428af8     import.obj
 0002:00000b00       ??_C@_0CK@MAMGJBH@?9?9?9?9?5END?5SSH2?5ENCRYPTED?5PRIVATE?5@ 00428b00     import.obj
 0002:00000b74       ??_C@_0P@MCKMEEL@Out?5of?5memory?$CB?$AA@ 00428b74     misc.obj
 0002:00000ba8       _ssh2_aes                  00428ba8     sshaes.obj
 0002:00002f40       ??_C@_0L@DLEDDNDH@aes128?9ctr?$AA@ 0042af40     sshaes.obj
 0002:00002f4c       ??_C@_0O@HCOECJE@AES?9128?5SDCTR?$AA@ 0042af4c     sshaes.obj
 0002:00002f5c       ??_C@_0L@JINPEKKL@aes192?9ctr?$AA@ 0042af5c     sshaes.obj
 0002:00002f68       ??_C@_0O@BELLMAIB@AES?9192?5SDCTR?$AA@ 0042af68     sshaes.obj
 0002:00002f78       ??_C@_0L@EKGBGFCK@aes256?9ctr?$AA@ 0042af78     sshaes.obj
 0002:00002f84       ??_C@_0O@JNPCIGGM@AES?9256?5SDCTR?$AA@ 0042af84     sshaes.obj
 0002:00002f94       ??_C@_0L@HADBMBOF@aes128?9cbc?$AA@ 0042af94     sshaes.obj
 0002:00002fa0       ??_C@_0M@NHPGNAPK@AES?9128?5CBC?$AA@ 0042afa0     sshaes.obj
 0002:00002fac       ??_C@_0L@NDKNLGHJ@aes192?9cbc?$AA@ 0042afac     sshaes.obj
 0002:00002fb8       ??_C@_0M@HEGKKHGG@AES?9192?5CBC?$AA@ 0042afb8     sshaes.obj
 0002:00002fc4       ??_C@_0L@BBDJJPI@aes256?9cbc?$AA@ 0042afc4     sshaes.obj
 0002:00002fd0       ??_C@_0M@KGNEIIOH@AES?9256?5CBC?$AA@ 0042afd0     sshaes.obj
 0002:00002fdc       ??_C@_0BM@MGEJEKIP@rijndael?9cbc?$EAlysator?4liu?4se?$AA@ 0042afdc     sshaes.obj
 0002:00002ff8       ??_C@_1BI@FNOKOHIF@?$AA?4?$AA?4?$AA?2?$AAs?$AAs?$AAh?$AAa?$AAe?$AAs?$AA?4?$AAc?$AA?$AA@ 0042aff8     sshaes.obj
 0002:00003010       ??_C@_1GG@KBLHJPFM@?$AAb?$AAl?$AAo?$AAc?$AAk?$AAl?$AAe?$AAn?$AA?5?$AA?$DN?$AA?$DN?$AA?5?$AA1?$AA6?$AA?5?$AA?$HM?$AA?$HM?$AA?5?$AAb?$AAl?$AAo?$AAc?$AAk?$AAl?$AAe?$AAn?$AA?5?$AA?$DN?$AA?$DN?$AA?5?$AA2?$AA4@ 0042b010     sshaes.obj
 0002:00003078       ??_C@_1FK@NLFGMJEL@?$AAk?$AAe?$AAy?$AAl?$AAe?$AAn?$AA?5?$AA?$DN?$AA?$DN?$AA?5?$AA1?$AA6?$AA?5?$AA?$HM?$AA?$HM?$AA?5?$AAk?$AAe?$AAy?$AAl?$AAe?$AAn?$AA?5?$AA?$DN?$AA?$DN?$AA?5?$AA2?$AA4?$AA?5?$AA?$HM?$AA?$HM?$AA?5@ 0042b078     sshaes.obj
 0002:000030d4       ??_C@_1CA@HEBGNHHD@?$AA?$CI?$AAl?$AAe?$AAn?$AA?5?$AA?$CG?$AA?5?$AA1?$AA5?$AA?$CJ?$AA?5?$AA?$DN?$AA?$DN?$AA?5?$AA0?$AA?$AA@ 0042b0d4     sshaes.obj
 0002:000030f4       ??_C@_1BG@NFJADPKO@?$AA?4?$AA?4?$AA?2?$AAs?$AAs?$AAh?$AAb?$AAn?$AA?4?$AAc?$AA?$AA@ 0042b0f4     sshbn.obj
 0002:00003110       ??_C@_1GE@GMBBHOCC@?$AAl?$AAe?$AAn?$AAg?$AAt?$AAh?$AA?5?$AA?$DO?$AA?$DN?$AA?5?$AA0?$AA?5?$AA?$CG?$AA?$CG?$AA?5?$AAl?$AAe?$AAn?$AAg?$AAt?$AAh?$AA?5?$AA?$DM?$AA?5?$AAI?$AAN?$AAT?$AA_?$AAM?$AAA?$AAX?$AA?5@ 0042b110     sshbn.obj
 0002:00003174       ??_C@_1O@OOEGIONJ@?$AAn?$AA?5?$AA?$DO?$AA?$DN?$AA?5?$AA0?$AA?$AA@ 0042b174     sshbn.obj
 0002:00003184       ??_C@_1O@ILILCEBJ@?$AAi?$AA?5?$AA?$DO?$AA?$DN?$AA?5?$AA0?$AA?$AA@ 0042b184     sshbn.obj
 0002:00003194       ??_C@_1CE@NDGGLNHD@?$AAw?$AAo?$AAr?$AAd?$AA?5?$AA?$DM?$AA?$DN?$AA?5?$AAn?$AAu?$AAm?$AAb?$AAe?$AAr?$AA?$FL?$AA0?$AA?$FN?$AA?$AA@ 0042b194     sshbn.obj
 0002:000031b8       ??_C@_1DO@LCFDJOFD@?$AAm?$AA0?$AA?5?$AA?$DO?$AA?$DO?$AA?5?$AA?$CI?$AAB?$AAI?$AAG?$AAN?$AAU?$AAM?$AA_?$AAI?$AAN?$AAT?$AA_?$AAB?$AAI?$AAT?$AAS?$AA?9?$AA1?$AA?$CJ?$AA?5?$AA?$DN?$AA?$DN?$AA?5?$AA1?$AA?$AA@ 0042b1b8     sshbn.obj
 0002:000031f8       ??_C@_1CC@CNCFMNFF@?$AAm?$AAo?$AAd?$AA?$FL?$AAm?$AAo?$AAd?$AA?$FL?$AA0?$AA?$FN?$AA?$FN?$AA?5?$AA?$CB?$AA?$DN?$AA?5?$AA0?$AA?$AA@ 0042b1f8     sshbn.obj
 0002:0000321c       ??_C@_17CJNDAKGM@?$AAi?$AAn?$AAv?$AA?$AA@ 0042b21c     sshbn.obj
 0002:00003228       ??_C@_1EE@GKNKIJAG@?$AAn?$AAb?$AAy?$AAt?$AAe?$AAs?$AA?5?$AA?$DO?$AA?$DN?$AA?5?$AA0?$AA?5?$AA?$CG?$AA?$CG?$AA?5?$AAn?$AAb?$AAy?$AAt?$AAe?$AAs?$AA?5?$AA?$DM?$AA?5?$AAI?$AAN?$AAT?$AA_?$AAM?$AAA?$AAX?$AA?1@ 0042b228     sshbn.obj
 0002:0000326c       ??_C@_1DE@FDIDDFAI@?$AAa?$AAm?$AAa?$AAx?$AA?5?$AA?$DN?$AA?$DN?$AA?5?$AA0?$AA?5?$AA?$HM?$AA?$HM?$AA?5?$AAa?$AA?$FL?$AAa?$AAm?$AAa?$AAx?$AA?$FN?$AA?5?$AA?$CB?$AA?$DN?$AA?5?$AA0?$AA?$AA@ 0042b26c     sshbn.obj
 0002:000032a0       ??_C@_1DE@CCPJHBKH@?$AAb?$AAm?$AAa?$AAx?$AA?5?$AA?$DN?$AA?$DN?$AA?5?$AA0?$AA?5?$AA?$HM?$AA?$HM?$AA?5?$AAb?$AA?$FL?$AAb?$AAm?$AAa?$AAx?$AA?$FN?$AA?5?$AA?$CB?$AA?$DN?$AA?5?$AA0?$AA?$AA@ 0042b2a0     sshbn.obj
 0002:000032d4       ??_C@_1BG@DGMIOEHN@?$AAs?$AAh?$AAi?$AAf?$AAt?$AA?5?$AA?$DO?$AA?$DN?$AA?5?$AA0?$AA?$AA@ 0042b2d4     sshbn.obj
 0002:000032ec       ??_C@_1CO@MMOLBAAN@?$AAn?$AAu?$AAm?$AAb?$AAe?$AAr?$AA?$FL?$AAn?$AAu?$AAm?$AAb?$AAe?$AAr?$AA?$FL?$AA0?$AA?$FN?$AA?$FN?$AA?5?$AA?$CB?$AA?$DN?$AA?5?$AA0?$AA?$AA@ 0042b2ec     sshbn.obj
 0002:0000331c       ??_C@_1DC@NAPKADBF@?$AAm?$AAo?$AAd?$AAu?$AAl?$AAu?$AAs?$AA?$FL?$AAm?$AAo?$AAd?$AAu?$AAl?$AAu?$AAs?$AA?$FL?$AA0?$AA?$FN?$AA?$FN?$AA?5?$AA?$CB?$AA?$DN?$AA?5?$AA0?$AA?$AA@ 0042b31c     sshbn.obj
 0002:00003350       _ssh_3des                  0042b350     sshdes.obj
 0002:0000336c       _ssh_des                   0042b36c     sshdes.obj
 0002:00003388       _ssh2_3des                 0042b388     sshdes.obj
 0002:00003390       _ssh2_des                  0042b390     sshdes.obj
 0002:00003e78       ??_C@_0P@MNELLKGN@triple?9DES?5CBC?$AA@ 0042be78     sshdes.obj
 0002:00003e88       ??_C@_08FAOAMNIK@3des?9ctr?$AA@ 0042be88     sshdes.obj
 0002:00003e94       ??_C@_0BB@JEEJMMLC@triple?9DES?5SDCTR?$AA@ 0042be94     sshdes.obj
 0002:00003ea8       ??_C@_07IPAFAGII@des?9cbc?$AA@ 0042bea8     sshdes.obj
 0002:00003eb0       ??_C@_0P@HKDDLANN@single?9DES?5CBC?$AA@ 0042beb0     sshdes.obj
 0002:00003ec0       ??_C@_0BA@IBKFJPCP@des?9cbc?$EAssh?4com?$AA@ 0042bec0     sshdes.obj
 0002:00003ed0       ??_C@_0BF@OCGINFLB@triple?9DES?5inner?9CBC?$AA@ 0042bed0     sshdes.obj
 0002:00003ee8       ??_C@_1BI@MFEJJAJF@?$AA?4?$AA?4?$AA?2?$AAs?$AAs?$AAh?$AAd?$AAe?$AAs?$AA?4?$AAc?$AA?$AA@ 0042bee8     sshdes.obj
 0002:00003f00       ??_C@_1BO@CPHGGKB@?$AA?$CI?$AAl?$AAe?$AAn?$AA?5?$AA?$CG?$AA?5?$AA7?$AA?$CJ?$AA?5?$AA?$DN?$AA?$DN?$AA?5?$AA0?$AA?$AA@ 0042bf00     sshdes.obj
 0002:00003f34       _ssh_dss                   0042bf34     sshdss.obj
 0002:00003f6c       ??_C@_03DIFKLMIL@dss?$AA@  0042bf6c     sshdss.obj
 0002:00003f70       ??_C@_02MDDDDAID@0x?$AA@   0042bf70     sshdss.obj
 0002:00003f74       ??_C@_03PHNCCGAL@?00x?$AA@ 0042bf74     sshdss.obj
 0002:00003f78       ??_C@_0M@CEADPCHG@?$AA?$AA?$AA?$AHssh?9dss?$AA@ 0042bf78     sshdss.obj
 0002:00003f84       ??_C@_0M@IJFAFDNI@ssh?9dss?5?$CFd?5?$AA@ 0042bf84     sshdss.obj
 0002:00003f90       ??_C@_01JLIPDDHJ@?3?$AA@   0042bf90     sshdss.obj
 0002:00003f94       ??_C@_06ELKDNDAA@?$CFs?$CF02x?$AA@ 0042bf94     sshdss.obj
 0002:00003f9c       ??_C@_1BI@OPPJGBDK@?$AA?4?$AA?4?$AA?2?$AAs?$AAs?$AAh?$AAd?$AAs?$AAs?$AA?4?$AAc?$AA?$AA@ 0042bf9c     sshdss.obj
 0002:00003fb4       ??_C@_1CI@EFOJPBNN@?$AAp?$AA?5?$AA?$DN?$AA?$DN?$AA?5?$AAb?$AAl?$AAo?$AAb?$AA?5?$AA?$CL?$AA?5?$AAb?$AAl?$AAo?$AAb?$AAl?$AAe?$AAn?$AA?$AA@ 0042bfb4     sshdss.obj
 0002:00003fdc       ??_C@_0BO@DJMBCJHK@DSA?5deterministic?5k?5generator?$AA@ 0042bfdc     sshdss.obj
 0002:00003ffc       ??_C@_01FJMABOPO@x?$AA@    0042bffc     sshdss.obj
 0002:00004000       _ssh_hmac_md5              0042c000     sshmd5.obj
 0002:00004030       ??_C@_08LPACCAD@hmac?9md5?$AA@ 0042c030     sshmd5.obj
 0002:0000403c       ??_C@_08CABJBHIC@HMAC?9MD5?$AA@ 0042c03c     sshmd5.obj
 0002:00007364       ??_C@_1BM@MNKJADLC@?$AA?4?$AA?4?$AA?2?$AAs?$AAs?$AAh?$AAp?$AAr?$AAi?$AAm?$AAe?$AA?4?$AAc?$AA?$AA@ 0042f364     sshprime.obj
 0002:00007380       ??_C@_1CM@NOBKFDKG@?$AAb?$AAi?$AAg?$AAn?$AAu?$AAm?$AA_?$AAb?$AAi?$AAt?$AA?$CI?$AAp?$AA?0?$AA?5?$AA0?$AA?$CJ?$AA?5?$AA?$DN?$AA?$DN?$AA?5?$AA0?$AA?$AA@ 0042f380     sshprime.obj
 0002:000073ac       ??_C@_0BD@IONICDPN@error?5reading?5file?$AA@ 0042f3ac     sshpubk.obj
 0002:000073c0       ??_C@_0BC@NPBJDJGK@file?5format?5error?$AA@ 0042f3c0     sshpubk.obj
 0002:000073d4       ??_C@_0BB@HNDNBCMJ@wrong?5passphrase?$AA@ 0042f3d4     sshpubk.obj
 0002:000073e8       ??_C@_0BC@DEMJHLHP@rsa_verify?5failed?$AA@ 0042f3e8     sshpubk.obj
 0002:000073fc       ??_C@_02JDPG@rb?$AA@       0042f3fc     sshpubk.obj
 0002:00007400       ??_C@_0BA@ENOJCGDH@can?8t?5open?5file?$AA@ 0042f400     sshpubk.obj
 0002:00007410       ??_C@_0CB@KLPNCBJK@SSH?5PRIVATE?5KEY?5FILE?5FORMAT?51?41?6@ 0042f410     sshpubk.obj
 0002:00007434       ??_C@_0BG@BDKEBGIA@not?5an?5SSH?91?5RSA?5file?$AA@ 0042f434     sshpubk.obj
 0002:0000744c       ??_C@_0BG@GFACEDGM@PuTTY?9User?9Key?9File?92?$AA@ 0042f44c     sshpubk.obj
 0002:00007464       ??_C@_0BG@EOCPBAKP@PuTTY?9User?9Key?9File?91?$AA@ 0042f464     sshpubk.obj
 0002:0000747c       ??_C@_0BF@HKENPLNI@PuTTY?9User?9Key?9File?9?$AA@ 0042f47c     sshpubk.obj
 0002:00007494       ??_C@_0BJ@OMNPKCPH@PuTTY?5key?5format?5too?5new?$AA@ 0042f494     sshpubk.obj
 0002:000074b0       ??_C@_0BO@KKNFCICD@not?5a?5PuTTY?5SSH?92?5private?5key?$AA@ 0042f4b0     sshpubk.obj
 0002:000074d0       ??_C@_0L@PHIJEIHK@Encryption?$AA@ 0042f4d0     sshpubk.obj
 0002:000074dc       ??_C@_0N@PLAKAHPB@Public?9Lines?$AA@ 0042f4dc     sshpubk.obj
 0002:000074ec       ??_C@_0O@KIMPDNLC@Private?9Lines?$AA@ 0042f4ec     sshpubk.obj
 0002:000074fc       ??_C@_0M@BGCIEHNL@Private?9MAC?$AA@ 0042f4fc     sshpubk.obj
 0002:00007508       ??_C@_0N@PAIKAHGK@Private?9Hash?$AA@ 0042f508     sshpubk.obj
 0002:00007518       ??_C@_04DJNNAIOC@?$AA?$AA?$AA?$AA?$AA@ 0042f518     sshpubk.obj
 0002:00007520       ??_C@_04CAMGDJKD@?$AA?$AA?$AA?$AB?$AA@ 0042f520     sshpubk.obj
 0002:00007528       ??_C@_0BP@FBPHIKLM@putty?9private?9key?9file?9mac?9key?$AA@ 0042f528     sshpubk.obj
 0002:00007548       ??_C@_04NOJCDH@?$CF02x?$AA@ 0042f548     sshpubk.obj
 0002:00007550       ??_C@_0L@GHCEHEDO@MAC?5failed?$AA@ 0042f550     sshpubk.obj
 0002:0000755c       ??_C@_0BB@IEKCJKNA@createkey?5failed?$AA@ 0042f55c     sshpubk.obj
 0002:00007570       ??_C@_1BK@LMHLBBNJ@?$AA?4?$AA?4?$AA?2?$AAs?$AAs?$AAh?$AAp?$AAu?$AAb?$AAk?$AA?4?$AAc?$AA?$AA@ 0042f570     sshpubk.obj
 0002:00007590       ??_C@_1FA@DJCGKCFO@?$AAp?$AAr?$AAi?$AAv?$AA_?$AAe?$AAn?$AAc?$AAr?$AAy?$AAp?$AAt?$AAe?$AAd?$AA_?$AAl?$AAe?$AAn?$AA?5?$AA?9?$AA?5?$AAp?$AAr?$AAi?$AAv?$AA_?$AAb?$AAl?$AAo?$AAb?$AA_?$AAl@ 0042f590     sshpubk.obj
 0002:000075e0       ??_C@_01NOFIACDB@w?$AA@    0042f5e0     sshpubk.obj
 0002:000075e4       ??_C@_0BL@JBPJEMFD@PuTTY?9User?9Key?9File?92?3?5?$CFs?6?$AA@ 0042f5e4     sshpubk.obj
 0002:00007600       ??_C@_0BA@HEPLFIJ@Encryption?3?5?$CFs?6?$AA@ 0042f600     sshpubk.obj
 0002:00007610       ??_C@_0N@IBHFALIE@Comment?3?5?$CFs?6?$AA@ 0042f610     sshpubk.obj
 0002:00007620       ??_C@_0BC@FEKBCDEB@Public?9Lines?3?5?$CFd?6?$AA@ 0042f620     sshpubk.obj
 0002:00007634       ??_C@_0BD@NCJGEDCB@Private?9Lines?3?5?$CFd?6?$AA@ 0042f634     sshpubk.obj
 0002:00007648       ??_C@_0O@DGAMJKCL@Private?9MAC?3?5?$AA@ 0042f648     sshpubk.obj
 0002:00007658       ??_C@_01EEMJAFIK@?6?$AA@   0042f658     sshpubk.obj
 0002:0000765c       ??_C@_0CB@IHNFHFDO@?9?9?9?9?5BEGIN?5SSH2?5ENCRYPTED?5PRIVAT@ 0042f65c     sshpubk.obj
 0002:00007680       ??_C@_0BE@FNAAPKHP@unable?5to?5open?5file?$AA@ 0042f680     sshpubk.obj
 0002:00007694       ??_C@_0BC@BPEMMLLP@not?5a?5private?5key?$AA@ 0042f694     sshpubk.obj
 0002:000076a8       ??_C@_0BC@LONHAMBA@SSH?91?5private?5key?$AA@ 0042f6a8     sshpubk.obj
 0002:000076bc       ??_C@_0BI@FLELEAHO@PuTTY?5SSH?92?5private?5key?$AA@ 0042f6bc     sshpubk.obj
 0002:000076d4       ??_C@_0BK@NKGNFJIN@OpenSSH?5SSH?92?5private?5key?$AA@ 0042f6d4     sshpubk.obj
 0002:000076f0       ??_C@_0BK@HBGHADOM@ssh?4com?5SSH?92?5private?5key?$AA@ 0042f6f0     sshpubk.obj
 0002:0000770c       ??_C@_0P@CILKDAIG@INTERNAL?5ERROR?$AA@ 0042f70c     sshpubk.obj
 0002:0000771c       ??_C@_1BK@JBBHPBNF@?$AA?4?$AA?4?$AA?2?$AAs?$AAs?$AAh?$AAr?$AAa?$AAn?$AAd?$AA?4?$AAc?$AA?$AA@ 0042f71c     sshrand.obj
 0002:00007738       ??_C@_1BM@JKPAPBNN@?$AAr?$AAa?$AAn?$AAd?$AAo?$AAm?$AA_?$AAa?$AAc?$AAt?$AAi?$AAv?$AAe?$AA?$AA@ 0042f738     sshrand.obj
 0002:00007768       _ssh_rsa_kex               0042f768     sshrsa.obj
 0002:00007770       _ssh_rsa                   0042f770     sshrsa.obj
 0002:00007800       ??_C@_04GHCAEBFJ@rsa2?$AA@ 0042f800     sshrsa.obj
 0002:00007808       ??_C@_0N@KOPDGDGF@rsa1024?9sha1?$AA@ 0042f808     sshrsa.obj
 0002:00007818       ??_C@_0P@OJIMEJLA@rsa2048?9sha256?$AA@ 0042f818     sshrsa.obj
 0002:00007828       ??_C@_0BL@OLAJGFFE@RSA?5deterministic?5blinding?$AA@ 0042f828     sshrsa.obj
 0002:00007844       ??_C@_03JDANDILB@?$CFd?5?$AA@ 0042f844     sshrsa.obj
 0002:00007848       ??_C@_1BI@DCECBPHA@?$AA?4?$AA?4?$AA?2?$AAs?$AAs?$AAh?$AAr?$AAs?$AAa?$AA?4?$AAc?$AA?$AA@ 0042f848     sshrsa.obj
 0002:00007860       ??_C@_0M@CJIFIKOG@?$AA?$AA?$AA?$AHssh?9rsa?$AA@ 0042f860     sshrsa.obj
 0002:0000786c       ??_C@_0M@HNJKMIOE@ssh?9rsa?5?$CFd?5?$AA@ 0042f86c     sshrsa.obj
 0002:00007878       ??_C@_1DI@JPHLNLFI@?$AA1?$AA?5?$AA?$DM?$AA?$DN?$AA?5?$AAn?$AAb?$AAy?$AAt?$AAe?$AAs?$AA?5?$AA?9?$AA?5?$AA2?$AA0?$AA?5?$AA?9?$AA?5?$AAA?$AAS?$AAN?$AA1?$AA_?$AAL?$AAE?$AAN?$AA?$AA@ 0042f878     sshrsa.obj
 0002:000078b0       ??_C@_1BK@OLANONI@?$AA?4?$AA?4?$AA?2?$AAs?$AAs?$AAh?$AAr?$AAs?$AAa?$AAg?$AA?4?$AAc?$AA?$AA@ 0042f8b0     sshrsag.obj
 0002:000078cc       ??_C@_1CM@PFJGJOLJ@?$AAk?$AAe?$AAy?$AA?9?$AA?$DO?$AAp?$AAr?$AAi?$AAv?$AAa?$AAt?$AAe?$AA_?$AAe?$AAx?$AAp?$AAo?$AAn?$AAe?$AAn?$AAt?$AA?$AA@ 0042f8cc     sshrsag.obj
 0002:000078f8       ??_C@_1BE@PJKLPEFC@?$AAk?$AAe?$AAy?$AA?9?$AA?$DO?$AAi?$AAq?$AAm?$AAp?$AA?$AA@ 0042f8f8     sshrsag.obj
 0002:00007910       _ssh_sha256                0042f910     sshsh256.obj
 0002:00007924       _ssh_hmac_sha256           0042f924     sshsh256.obj
 0002:00007a58       ??_C@_07DKFLFLPF@SHA?9256?$AA@ 0042fa58     sshsh256.obj
 0002:00007a60       ??_C@_0O@HOOBDNEB@hmac?9sha2?9256?$AA@ 0042fa60     sshsh256.obj
 0002:00007a70       ??_C@_0N@ILKCJLO@HMAC?9SHA?9256?$AA@ 0042fa70     sshsh256.obj
 0002:00007d40       _ssh_sha1                  0042fd40     sshsha.obj
 0002:00007d54       _ssh_hmac_sha1             0042fd54     sshsha.obj
 0002:00007d84       _ssh_hmac_sha1_buggy       0042fd84     sshsha.obj
 0002:00007db4       _ssh_hmac_sha1_96          0042fdb4     sshsha.obj
 0002:00007de4       _ssh_hmac_sha1_96_buggy    0042fde4     sshsha.obj
 0002:00007e14       ??_C@_05HJMENKNE@SHA?91?$AA@ 0042fe14     sshsha.obj
 0002:00007e1c       ??_C@_09KBOMLGBN@hmac?9sha1?$AA@ 0042fe1c     sshsha.obj
 0002:00007e28       ??_C@_09DDFKKHO@HMAC?9SHA1?$AA@ 0042fe28     sshsha.obj
 0002:00007e34       ??_C@_0N@PPCDKPGG@hmac?9sha1?996?$AA@ 0042fe34     sshsha.obj
 0002:00007e44       ??_C@_0N@KMMKONJA@HMAC?9SHA1?996?$AA@ 0042fe44     sshsha.obj
 0002:00007e54       ??_C@_0BJ@MDIAIHM@bug?9compatible?5HMAC?9SHA1?$AA@ 0042fe54     sshsha.obj
 0002:00007e70       ??_C@_0BM@ENMOJLCH@bug?9compatible?5HMAC?9SHA1?996?$AA@ 0042fe70     sshsha.obj
 0002:00007e8c       ??_C@_1BK@MHBNEDJA@?$AA?4?$AA?4?$AA?2?$AAt?$AAr?$AAe?$AAe?$AA2?$AA3?$AA4?$AA?4?$AAc?$AA?$AA@ 0042fe8c     tree234.obj
 0002:00007ea8       ??_C@_1FO@OBPIOPIL@?$AAr?$AAe?$AAl?$AAa?$AAt?$AAi?$AAo?$AAn?$AA?5?$AA?$DN?$AA?$DN?$AA?5?$AAR?$AAE?$AAL?$AA2?$AA3?$AA4?$AA_?$AAL?$AAT?$AA?5?$AA?$HM?$AA?$HM?$AA?5?$AAr?$AAe?$AAl?$AAa?$AAt?$AAi?$AAo@ 0042fea8     tree234.obj
 0002:00007f1c       ??_C@_07EKEMFJNL@LISTBOX?$AA@ 0042ff1c     winctrls.obj
 0002:00007f24       ??_C@_06GCFCNKMP@STATIC?$AA@ 0042ff24     winctrls.obj
 0002:00007f2c       ??_C@_06HBIEIEBN@BUTTON?$AA@ 0042ff2c     winctrls.obj
 0002:00007f34       ??_C@_04BMCEDOKO@EDIT?$AA@ 0042ff34     winctrls.obj
 0002:00007f3c       ??_C@_0BC@LCPLMKMI@msctls_progress32?$AA@ 0042ff3c     winctrls.obj
 0002:00007f50       ??_C@_0BF@GGPCANBM@All?5Files?5?$CI?$CK?4?$CK?$CJ?$AA?$CK?$AA?$AA?$AA?$AA@ 0042ff50     winctrls.obj
 0002:00007f68       ??_C@_09KCIJKGOL@putty?4hlp?$AA@ 0042ff68     winhelp.obj
 0002:00007f74       ??_C@_09BCGADAIA@putty?4cnt?$AA@ 0042ff74     winhelp.obj
 0002:00007f80       ??_C@_09INONOFCK@putty?4chm?$AA@ 0042ff80     winhelp.obj
 0002:00007f8c       ??_C@_0L@EFKJKBHF@hhctrl?4ocx?$AA@ 0042ff8c     winhelp.obj
 0002:00007f98       ??_C@_09EFBFPPGM@HtmlHelpA?$AA@ 0042ff98     winhelp.obj
 0002:00007fa4       ??_C@_1CK@IBKCKMGM@?$AA?4?$AA?4?$AA?2?$AAw?$AAi?$AAn?$AAd?$AAo?$AAw?$AAs?$AA?2?$AAw?$AAi?$AAn?$AAh?$AAe?$AAl?$AAp?$AA?4?$AAc?$AA?$AA@ 0042ffa4     winhelp.obj
 0002:00007fd0       ??_C@_1DA@CDMBFJDO@?$AAt?$AAo?$AAp?$AAi?$AAc?$AA?$FL?$AAc?$AAo?$AAl?$AAo?$AAn?$AAp?$AAo?$AAs?$AA?$FN?$AA?5?$AA?$CB?$AA?$DN?$AA?5?$AA?8?$AA?2?$AA0?$AA?8?$AA?$AA@ 0042ffd0     winhelp.obj
 0002:00008000       ??_C@_0BC@CFNCKOA@?$CFs?3?3?1?$CFs?4html?$DOmain?$AA@ 00430000     winhelp.obj
 0002:00008014       ??_C@_0O@PLAIEHKO@JI?$CI?$GA?8?0?$GA?$CF?4?$CKs?8?$CJ?$AA@ 00430014     winhelp.obj
 0002:00008024       ??_C@_01KICIPPFI@?2?$AA@   00430024     winmisc.obj
 0002:00008028       ??_C@_0DG@PKDFIONF@Windows?5error?5code?5?$CFd?5?$CIand?5Forma@ 00430028     winmisc.obj
 0002:00008060       ??_C@_02KHDDNBB@?2?$CK?$AA@ 00430060     winnoise.obj
 0002:00008064       ??_C@_0N@INAGJMNN@advapi32?4dll?$AA@ 00430064     winnoise.obj
 0002:00008074       ??_C@_0BF@ILOJAFDL@CryptAcquireContextA?$AA@ 00430074     winnoise.obj
 0002:0000808c       ??_C@_0P@HGPEDCEI@CryptGenRandom?$AA@ 0043008c     winnoise.obj
 0002:0000809c       ??_C@_0BE@FBIJLPPP@CryptReleaseContext?$AA@ 0043009c     winnoise.obj
 0002:000082e4       ??_C@_0BF@FGPOBIOJ@PuTTYgen?5Fatal?5Error?$AA@ 004302e4     winpgen.obj
 0002:000082fc       ??_C@_0P@FBOEJNMO@PuTTYgen?5Error?$AA@ 004302fc     winpgen.obj
 0002:0000830c       ??_C@_0DL@MJMBOCBO@PuTTY?5Private?5Key?5Files?5?$CI?$CK?4ppk?$CJ?$AA@ 0043030c     winpgen.obj
 0002:00008348       ??_C@_04POOLODCH@?4ppk?$AA@ 00430348     winpgen.obj
 0002:00008350       ??_C@_0M@PNFJBEIL@?$CFd?5?$CFs?5?$CFs?5?$CFs?$AA@ 00430350     winpgen.obj
 0002:0000835c       ??_C@_0DD@BNIEAAGE@?$CGPublic?5key?5for?5pasting?5into?5aut@ 0043035c     winpgen.obj
 0002:00008390       ??_C@_0DL@KOEMDPML@?$CGPublic?5key?5for?5pasting?5into?5Ope@ 00430390     winpgen.obj
 0002:000083cc       ??_C@_0N@IAHIOLDG@?$CFd?5?$CFs?5?$CFs?5?$CFs?6?$AA@ 004303cc     winpgen.obj
 0002:000083dc       ??_C@_0CB@FELGGKLF@?9?9?9?9?5BEGIN?5SSH2?5PUBLIC?5KEY?5?9?9?9?9?6@ 004303dc     winpgen.obj
 0002:00008400       ??_C@_02MBJIFMOJ@?$CC?6?$AA@ 00430400     winpgen.obj
 0002:00008404       ??_C@_0BP@POHHBCIM@?9?9?9?9?5END?5SSH2?5PUBLIC?5KEY?5?9?9?9?9?6?$AA@ 00430404     winpgen.obj
 0002:00008424       ??_C@_0BP@IBKLELMH@Couldn?8t?5load?5private?5key?5?$CI?$CFs?$CJ?$AA@ 00430424     winpgen.obj
 0002:00008444       ??_C@_1CK@KNFGBIHK@?$AA?4?$AA?4?$AA?2?$AAw?$AAi?$AAn?$AAd?$AAo?$AAw?$AAs?$AA?2?$AAw?$AAi?$AAn?$AAp?$AAg?$AAe?$AAn?$AA?4?$AAc?$AA?$AA@ 00430444     winpgen.obj
 0002:00008470       ??_C@_1CG@BIBKKIIF@?$AAp?$AAa?$AAs?$AAs?$AAp?$AAh?$AAr?$AAa?$AAs?$AAe?$AA?5?$AA?$CB?$AA?$DN?$AA?5?$AAN?$AAU?$AAL?$AAL?$AA?$AA@ 00430470     winpgen.obj
 0002:00008498       ??_C@_0JF@JMKLLBAD@Successfully?5imported?5foreign?5ke@ 00430498     winpgen.obj
 0002:00008530       ??_C@_0BA@GOIHLCEM@PuTTYgen?5Notice?$AA@ 00430530     winpgen.obj
 0002:00008540       ??_C@_0BC@IEPGKHHG@?$CGLoad?5private?5key?$AA@ 00430540     winpgen.obj
 0002:00008554       ??_C@_0BB@IFIJGHGM@Save?5p?$CGublic?5key?$AA@ 00430554     winpgen.obj
 0002:00008568       ??_C@_0BC@DHMLIKFG@?$CGSave?5private?5key?$AA@ 00430568     winpgen.obj
 0002:0000857c       ??_C@_05PNPHNLAJ@E?$CGxit?$AA@ 0043057c     winpgen.obj
 0002:00008584       ??_C@_05FHBCAALB@?$CGFile?$AA@ 00430584     winpgen.obj
 0002:0000858c       ??_C@_0BD@KDONEHFN@?$CGGenerate?5key?5pair?$AA@ 0043058c     winpgen.obj
 0002:000085a0       ??_C@_0BB@KNLAEANP@SSH?9?$CG1?5key?5?$CIRSA?$CJ?$AA@ 004305a0     winpgen.obj
 0002:000085b4       ??_C@_0P@BPDPEEML@SSH?92?5?$CGRSA?5key?$AA@ 004305b4     winpgen.obj
 0002:000085c4       ??_C@_0P@KFOLHMGH@SSH?92?5?$CGDSA?5key?$AA@ 004305c4     winpgen.obj
 0002:000085d4       ??_C@_04ILKIMGAO@?$CGKey?$AA@ 004305d4     winpgen.obj
 0002:000085dc       ??_C@_0M@HFBBIEEH@?$CGImport?5key?$AA@ 004305dc     winpgen.obj
 0002:000085e8       ??_C@_0BE@EBADGJBC@Export?5?$CGOpenSSH?5key?$AA@ 004305e8     winpgen.obj
 0002:000085fc       ??_C@_0BE@FPMBPEPP@Export?5?$CGssh?4com?5key?$AA@ 004305fc     winpgen.obj
 0002:00008610       ??_C@_0N@LGCEONFD@Con?$CGversions?$AA@ 00430610     winpgen.obj
 0002:00008620       ??_C@_06JDCECANP@?$CGAbout?$AA@ 00430620     winpgen.obj
 0002:00008628       ??_C@_05JFEBOHHM@?$CGHelp?$AA@ 00430628     winpgen.obj
 0002:00008630       ??_C@_03CCEPDEKL@Key?$AA@  00430630     winpgen.obj
 0002:00008634       ??_C@_07GOKFNCON@No?5key?4?$AA@ 00430634     winpgen.obj
 0002:0000863c       ??_C@_0BC@FKECAKGA@Key?5f?$CGingerprint?3?$AA@ 0043063c     winpgen.obj
 0002:00008650       ??_C@_0O@IAHBDMGD@Key?5?$CGcomment?3?$AA@ 00430650     winpgen.obj
[...]
 0001:0001ca91       _write_char                0041da91 f   LIBCMT:output.obj
 0001:0001cad7       _write_multi_char          0041dad7 f   LIBCMT:output.obj
 0001:0001cb03       _write_string              0041db03 f   LIBCMT:output.obj
 0001:0001ce29       ___check_float_string      0041de29 f   LIBCMT:input.obj
 0001:0001ce88       __hextodec                 0041de88 f   LIBCMT:input.obj
 0001:0001cea9       __inc                      0041dea9 f   LIBCMT:input.obj
 0001:0001dfb9       __whiteout                 0041efb9 f   LIBCMT:input.obj
 0001:0001e6b0       __onexit_nolock            0041f6b0 f   LIBCMT:onexit.obj
 0001:0001e979       ?CPtoLocaleName@@YAPB_WH@Z 0041f979 f   LIBCMT:mbctype.obj
 0001:0001e9b3       ?getSystemCP@@YAHH@Z       0041f9b3 f   LIBCMT:mbctype.obj
 0001:0001ea1f       ?setSBCS@@YAXPAUthreadmbcinfostruct@@@Z 0041fa1f f   LIBCMT:mbctype.obj
 0001:0001ea88       ?setSBUpLow@@YAXPAUthreadmbcinfostruct@@@Z 0041fa88 f   LIBCMT:mbctype.obj
 0001:00020e60       ?__crtLCMapStringA_stat@@YAHPAUlocaleinfo_struct@@PB_WKPBDHPADHHH@Z 00421e60 f   LIBCMT:a_map.obj
 0001:00021259       ?_W_expandtime@@YAHPAUlocaleinfo_struct@@_WPBUtm@@PAPA_WPAIPAU__lc_time_data@@I@Z 00422259 f   LIBCMT:wcsftime.obj
 0001:00021766       ?_W_store_num@@YAXHHPAPA_WPAII@Z 00422766 f   LIBCMT:wcsftime.obj
 0001:000217d5       ?_W_store_number@@YAXHPAPA_WPAI@Z 004227d5 f   LIBCMT:wcsftime.obj
 0001:0002182b       ?_W_store_str@@YAXPA_WPAPA_WPAI@Z 0042282b f   LIBCMT:wcsftime.obj
 0001:00021859       ?_W_store_winword@@YAHPAUlocaleinfo_struct@@HPBUtm@@PAPA_WPAIPAU__lc_time_data@@@Z 00422859 f   LIBCMT:wcsftime.obj
 0001:00021ff0       _parse_cmdline             00422ff0 f   LIBCMT:stdargv.obj
 0001:00023158       $LN262                     00424158     LIBCMT:woutput.obj
 0001:00023178       _write_char                00424178 f   LIBCMT:woutput.obj
 0001:000231ae       _write_multi_char          004241ae f   LIBCMT:woutput.obj
 0001:000231da       _write_string              004241da f   LIBCMT:woutput.obj
 0001:00023b10       $$000000                   00424b10     LIBCMT:exsup.obj
 0001:00023b30       __unwind_handler           00424b30 f   LIBCMT:exsup.obj
 0001:000242b5       ?__crtGetStringTypeA_stat@@YAHPAUlocaleinfo_struct@@KPBDHPAGHH@Z 004252b5 f   LIBCMT:a_str.obj
 0001:00024b10       $$000000                   00425b10     LIBCMT:alloca16.obj
 0001:00024d82       _copy_environ              00425d82 f   LIBCMT:setenv.obj
 0001:00024de2       _findenv                   00425de2 f   LIBCMT:setenv.obj
 0001:00024f00       ?__crtCompareStringA_stat@@YAHPAUlocaleinfo_struct@@PB_WKPBDH2HH@Z 00425f00 f   LIBCMT:a_cmp.obj
 0001:0002516b       ?strncnt@@YAHPBDH@Z        0042616b f   LIBCMT:a_cmp.obj
 0001:00025388       __tzset_nolock             00426388 f   LIBCMT:tzset.obj
 0001:0002598d       ?x_ismbbtype_l@@YAHPAUlocaleinfo_struct@@IHH@Z 0042698d f   LIBCMT:ismbbyte.obj
 0001:00025b7e       ___createFile              00426b7e f   LIBCMT:wopen.obj
 0001:00026a70       $$000000                   00427a70     LIBCMT:_strnicm.obj
 0002:00000258       _pinit                     00428258     LIBCMT:_file.obj
 0002:0000025c       _pinit                     0042825c     LIBCMT:cpu_disp.obj
 0002:00000260       _pinit                     00428260     LIBCMT:onexit.obj
 0002:00000264       _pinit                     00428264     LIBCMT:mbctype.obj
 0002:00000268       _pinit                     00428268     LIBCMT:wincrt0.obj
 0002:00000274       _pterm                     00428274     LIBCMT:wsetloca.obj
 0002:00000278       _pterm                     00428278     LIBCMT:initcon.obj
 0002:0000027c       _pterm                     0042827c     LIBCMT:_file.obj
 0002:00000b30       ?base64_chars@?1??base64_encode_atom@@9@9 00428b30     misc.obj
 0002:00000b88       ?C1@?1??aes_decrypt_nb_6@@9@9 00428b88     sshaes.obj
 0002:00000b8c       ?C2@?1??aes_decrypt_nb_6@@9@9 00428b8c     sshaes.obj
 0002:00000b90       ?C3@?1??aes_decrypt_nb_6@@9@9 00428b90     sshaes.obj
 0002:00000b94       ?Nb@?1??aes_decrypt_nb_6@@9@9 00428b94     sshaes.obj
 0002:00000b98       ?C1@?1??aes_decrypt_nb_8@@9@9 00428b98     sshaes.obj
 0002:00000b9c       ?C2@?1??aes_decrypt_nb_8@@9@9 00428b9c     sshaes.obj
 0002:00000ba0       ?C3@?1??aes_decrypt_nb_8@@9@9 00428ba0     sshaes.obj
 0002:00000ba4       ?Nb@?1??aes_decrypt_nb_8@@9@9 00428ba4     sshaes.obj
 0002:00000bb0       _ssh_aes128_ctr            00428bb0     sshaes.obj
 0002:00000bdc       _ssh_aes192_ctr            00428bdc     sshaes.obj
 0002:00000c08       _ssh_aes256_ctr            00428c08     sshaes.obj
 0002:00000c34       _ssh_aes128                00428c34     sshaes.obj
 0002:00000c60       _ssh_aes192                00428c60     sshaes.obj
 0002:00000c8c       _ssh_aes256                00428c8c     sshaes.obj
 0002:00000cb8       _ssh_rijndael_lysator      00428cb8     sshaes.obj
 0002:00000ce4       _aes_list                  00428ce4     sshaes.obj
 0002:00000d00       _Sbox                      00428d00     sshaes.obj
 0002:00000e00       _Sboxinv                   00428e00     sshaes.obj
 0002:00000f00       _E0                        00428f00     sshaes.obj
 0002:00001300       _E1                        00429300     sshaes.obj
 0002:00001700       _E2                        00429700     sshaes.obj
 0002:00001b00       _E3                        00429b00     sshaes.obj
 0002:00001f00       _D0                        00429f00     sshaes.obj
 0002:00002300       _D1                        0042a300     sshaes.obj
 0002:00002700       _D2                        0042a700     sshaes.obj
 0002:00002b00       _D3                        0042ab00     sshaes.obj
 0002:00002f00       ?C1@?1??aes_encrypt_nb_4@@9@9 0042af00     sshaes.obj
 0002:00002f04       ?C2@?1??aes_encrypt_nb_4@@9@9 0042af04     sshaes.obj
 0002:00002f08       ?C3@?1??aes_encrypt_nb_4@@9@9 0042af08     sshaes.obj
 0002:00002f0c       ?Nb@?1??aes_encrypt_nb_4@@9@9 0042af0c     sshaes.obj
 0002:00002f10       ?C1@?1??aes_encrypt_nb_6@@9@9 0042af10     sshaes.obj
 0002:00002f14       ?C2@?1??aes_encrypt_nb_6@@9@9 0042af14     sshaes.obj
 0002:00002f18       ?C3@?1??aes_encrypt_nb_6@@9@9 0042af18     sshaes.obj
 0002:00002f1c       ?Nb@?1??aes_encrypt_nb_6@@9@9 0042af1c     sshaes.obj
 0002:00002f20       ?C1@?1??aes_encrypt_nb_8@@9@9 0042af20     sshaes.obj
 0002:00002f24       ?C2@?1??aes_encrypt_nb_8@@9@9 0042af24     sshaes.obj
 0002:00002f28       ?C3@?1??aes_encrypt_nb_8@@9@9 0042af28     sshaes.obj
 0002:00002f2c       ?Nb@?1??aes_encrypt_nb_8@@9@9 0042af2c     sshaes.obj
 0002:00002f30       ?C1@?1??aes_decrypt_nb_4@@9@9 0042af30     sshaes.obj
 0002:00002f34       ?C2@?1??aes_decrypt_nb_4@@9@9 0042af34     sshaes.obj
 0002:00002f38       ?C3@?1??aes_decrypt_nb_4@@9@9 0042af38     sshaes.obj
 0002:00002f3c       ?Nb@?1??aes_decrypt_nb_4@@9@9 0042af3c     sshaes.obj
 0002:00003398       _ssh_3des_ssh2             0042b398     sshdes.obj
 0002:000033c4       _ssh_3des_ssh2_ctr         0042b3c4     sshdes.obj
 0002:000033f0       _ssh_des_ssh2              0042b3f0     sshdes.obj
 0002:0000341c       _ssh_des_sshcom_ssh2       0042b41c     sshdes.obj
 0002:00003448       _des3_list                 0042b448     sshdes.obj
 0002:00003450       _des_list                  0042b450     sshdes.obj
 0002:00003458       ?PC1_Cbits@?1??des_key_setup@@9@9 0042b458     sshdes.obj
 0002:000034c8       ?PC1_Dbits@?1??des_key_setup@@9@9 0042b4c8     sshdes.obj
 0002:00003538       ?PC2_0246@?1??des_key_setup@@9@9 0042b538     sshdes.obj
 0002:000035b8       ?PC2_1357@?1??des_key_setup@@9@9 0042b5b8     sshdes.obj
 0002:00003638       ?leftshifts@?1??des_key_setup@@9@9 0042b638     sshdes.obj
 0002:00003678       _SPboxes                   0042b678     sshdes.obj
 0002:00003f20       ?hex@?1??dss_fmtkey@@9@9   0042bf20     sshdss.obj
 0002:00004048       _primes                    0042c048     sshprime.obj
 0002:00007754       ?hex@?1??rsastr_fmt@@9@9   0042f754     sshrsa.obj
 0002:000077a8       _asn1_weird_stuff          0042f7a8     sshrsa.obj
 0002:000077b8       _ssh_rsa_kex_sha1          0042f7b8     sshrsa.obj
 0002:000077d8       _ssh_rsa_kex_sha256        0042f7d8     sshrsa.obj
 0002:000077f8       _rsa_kex_list              0042f7f8     sshrsa.obj
 0002:00007958       ?k@?1??SHA256_Block@@9@9   0042f958     sshsh256.obj
 0002:00007a80       ?iv@?1??SHA512_Core_Init@@9@9 0042fa80     sshsh512.obj
 0002:00007ac0       ?k@?1??SHA512_Block@@9@9   0042fac0     sshsh512.obj
 0002:00007f08       ?BIGGAP@?1??ersatztab@@9@9 0042ff08     winctrls.obj
 0002:00007f0c       ?MEDGAP@?1??ersatztab@@9@9 0042ff0c     winctrls.obj
 0002:00007f10       ?percents@?1??prefslist@@9@9 0042ff10     winctrls.obj
 0002:000080b0       ?mbtitle@?1??old_keyfile_warning@@9@9 004300b0     winpgen.obj
 0002:000080c8       ?message@?1??old_keyfile_warning@@9@9 004300c8     winpgen.obj
 0002:00008230       _nokey_ids                 00430230     winpgen.obj
 0002:00008238       _generating_ids            00430238     winpgen.obj
 0002:00008244       _gotkey_ids                00430244     winpgen.obj
 0002:00008270       ?generating_msg@?1??MainDlgProc@@9@9 00430270     winpgen.obj
 0002:00008298       ?entropy_msg@?1??MainDlgProc@@9@9 00430298     winpgen.obj
 0002:00008b1c       _reg_jumplist_key          00430b1c     winstore.obj
 0002:00008b20       _reg_jumplist_value        00430b20     winstore.obj
 0002:00008b24       _puttystr                  00430b24     winstore.obj
 0002:00008b28       _hex                       00430b28     winstore.obj
 0002:00009a10       _rterrs                    00431a10     LIBCMT:crt0msg.obj
 0002:00009b58       ?ccsField@?P@??_openfile@@9@9 00431b58     LIBCMT:_open.obj
 0002:00009b5c       ?utf8encoding@?P@??_openfile@@9@9 00431b5c     LIBCMT:_open.obj
 0002:00009b64       ?utf16encoding@?P@??_openfile@@9@9 00431b64     LIBCMT:_open.obj
 0002:00009b70       ?unicodeencoding@?P@??_openfile@@9@9 00431b70     LIBCMT:_open.obj
 0002:00009e70       __mb_locale_names          00431e70     LIBCMT:mbctype.obj
 0002:0000a210       __first_127char            00432210     LIBCMT:wsetloca.obj
 0002:0000a290       _GS_ExceptionPointers      00432290     LIBCMT:gs_report.obj
 0002:0000cd00       __sehtable$_fclose         00434d00     LIBCMT:fclose.obj
 0002:0000cd20       __sehtable$__fsopen        00434d20     LIBCMT:fopen.obj
 0002:0000cd40       __sehtable$_fprintf        00434d40     LIBCMT:fprintf.obj
 0002:0000cd60       __sehtable$_fputs          00434d60     LIBCMT:fputs.obj
 0002:0000cd80       __sehtable$_doexit         00434d80     LIBCMT:crt0dat.obj
 0002:0000cda0       __sehtable$_fgets          00434da0     LIBCMT:fgets.obj
 0002:0000cdc0       __sehtable$_fgetc          00434dc0     LIBCMT:fgetc.obj
 0002:0000cde0       __sehtable$_fputc          00434de0     LIBCMT:fputc.obj
 0002:0000ce00       __sehtable$_fread_s        00434e00     LIBCMT:fread.obj
 0002:0000ce20       __sehtable$_fwrite         00434e20     LIBCMT:fwrite.obj
 0002:0000ce40       __sehtable$_ungetc         00434e40     LIBCMT:ungetc.obj
 0002:0000ce60       __sehtable$___tmainCRTStartup 00434e60     LIBCMT:wincrt0.obj
 0002:0000ce80       __sehtable$_fflush         00434e80     LIBCMT:fflush.obj
 0002:0000cea0       __sehtable$_flsall         00434ea0     LIBCMT:fflush.obj
 0002:0000cec8       __sehtable$_setvbuf        00434ec8     LIBCMT:setvbuf.obj
 0002:0000cee8       __sehtable$_fwprintf       00434ee8     LIBCMT:fwprintf.obj
 0002:0000cf08       __sehtable$_raise          00434f08     LIBCMT:winsig.obj
 0002:0000cf28       __sehtable$__close         00434f28     LIBCMT:close.obj
 0002:0000cf48       __sehtable$__getstream     00434f48     LIBCMT:stream.obj
 0002:0000cf68       __sehtable$__ioinit        00434f68     LIBCMT:ioinit.obj
 0002:0000cf88       __sehtable$__mtinitlocknum 00434f88     LIBCMT:mlock.obj
 0002:0000cfa8       __sehtable$__IsNonwritableInCurrentImage 00434fa8     LIBCMT:pesect.obj
 0002:0000cfc8       __sehtable$__onexit        00434fc8     LIBCMT:onexit.obj
 0002:0000cfe8       __sehtable$?terminate@@YAXXZ 00434fe8     LIBCMT:hooks.obj
 0002:0000d008       __sehtable$___updatetmbcinfo 00435008     LIBCMT:mbctype.obj
 0002:0000d028       __sehtable$__setmbcp       00435028     LIBCMT:mbctype.obj
 0002:0000d048       __sehtable$___updatetlocinfo 00435048     LIBCMT:localref.obj
 0002:0000d068       __sehtable$__freefls@4     00435068     LIBCMT:tidtable.obj
 0002:0000d090       __sehtable$__initptd       00435090     LIBCMT:tidtable.obj
 0002:0000d0b8       __sehtable$__locterm       004350b8     LIBCMT:wsetloca.obj
 0002:0000d0d8       __sehtable$__read          004350d8     LIBCMT:read.obj
 0002:0000d0f8       __sehtable$__write         004350f8     LIBCMT:write.obj
 0002:0000d118       __sehtable$__fcloseall     00435118     LIBCMT:closeall.obj
 0002:0000d138       __sehtable$__commit        00435138     LIBCMT:commit.obj
 0002:0000d158       __sehtable$__alloc_osfhnd  00435158     LIBCMT:osfinfo.obj
 0002:0000d180       __sehtable$___lock_fhandle 00435180     LIBCMT:osfinfo.obj
 0002:0000d1a0       __sehtable$__sopen_helper  004351a0     LIBCMT:open.obj
 0002:0000d1c0       __sehtable$__lseeki64      004351c0     LIBCMT:lseeki64.obj
 0002:0000d1e0       __sehtable$___tzset        004351e0     LIBCMT:tzset.obj
 0002:0000d200       __sehtable$__tzset_nolock  00435200     LIBCMT:tzset.obj
 0002:0000d510       .idata$6                   00435510     advapi32:ADVAPI32.dll
 0002:0000d51e       .idata$6                   0043551e     comctl32:COMCTL32.dll
 0002:0000d554       .idata$6                   00435554     comdlg32:COMDLG32.dll
 0002:0000d83e       .idata$6                   0043583e     user32:USER32.dll
 0002:0000df10       .idata$6                   00435f10     kernel32:KERNEL32.dll
 0003:00000000       _subkeytypes               00436000     conf.obj
 0003:000002b8       _valuetypes                004362b8     conf.obj
 0003:000005d0       __assertstring             004365d0     LIBCMT:wassert.obj
 0003:00000620       _dotdotdot                 00436620     LIBCMT:wassert.obj
 0003:00000624       _newline                   00436624     LIBCMT:wassert.obj
 0003:00000628       _dblnewline                00436628     LIBCMT:wassert.obj
 0003:000008c8       _errtable                  004368c8     LIBCMT:dosmap.obj
 0003:00000a30       _ErrnoNoMem                00436a30     LIBCMT:dosmap.obj
 0003:00000a34       _DoserrorNoMem             00436a34     LIBCMT:dosmap.obj
 0003:00000a88       __locktable                00436a88     LIBCMT:mlock.obj
 0003:00000ba8       ?isPackaged@?1??__crtIsPackagedApp@@9@9 00436ba8     LIBCMT:winapisupp.obj
 0003:00000bdc       ___rgctypeflag             00436bdc     LIBCMT:mbctype.obj
 0003:00000be0       ___rgcode_page_info        00436be0     LIBCMT:mbctype.obj
 0003:00001330       __ctype_loc_style          00437330     LIBCMT:wsetloca.obj
 0003:000014c0       _dststart                  004374c0     LIBCMT:tzset.obj
 0003:000014cc       _dstend                    004374cc     LIBCMT:tzset.obj
 0003:000014e8       _tzstd                     004374e8     LIBCMT:timeset.obj
 0003:00001528       _tzdst                     00437528     LIBCMT:timeset.obj
 0003:000015f8       _pool                      004375f8     sshrand.obj
 0003:00001b08       ?draglistmsg@?1??winctrl_handle_command@@9@9 00437b08     winctrls.obj
 0003:00001b10       ?custom@?BF@??winctrl_handle_command@@9@9 00437b10     winctrls.obj
 0003:00001b50       ?cc@?BF@??winctrl_handle_command@@9@9 00437b50     winctrls.obj
 0003:00001b74       _requested_help            00437b74     winhelp.obj
 0003:00001b78       _help_path                 00437b78     winhelp.obj
 0003:00001b7c       _help_has_contents         00437b7c     winhelp.obj
 0003:00001b80       _p_HtmlHelpA               00437b80     winhelp.obj
 0003:00001b84       _chm_path                  00437b84     winhelp.obj
 0003:00001b88       ?tried_usernameex@?2??get_username@@9@9 00437b88     winmisc.obj
 0003:00001b8c       ?sysdir@?1??load_system32_dll@@9@9 00437b8c     winmisc.obj
 0003:00001b90       _errstrings                00437b90     winmisc.obj
 0003:00001b94       ?p_GetUserNameExA@?1??get_username@@9@9 00437b94     winmisc.obj
 0003:00001b98       _wincrypt_module           00437b98     winnoise.obj
 0003:00001b9c       _p_CryptAcquireContextA    00437b9c     winnoise.obj
 0003:00001ba0       _p_CryptGenRandom          00437ba0     winnoise.obj
 0003:00001ba4       _p_CryptReleaseContext     00437ba4     winnoise.obj
 0003:00001ba8       ?passphrase@?1??PassphraseProc@@9@9 00437ba8     winpgen.obj
 0003:00001bac       _cmdline_keyfile           00437bac     winpgen.obj
 0003:00001bb0       _tried_shgetfolderpath     00437bb0     winstore.obj
 0003:00001bb4       _shell32_module            00437bb4     winstore.obj
 0003:00001bb8       _p_SHGetFolderPathA        00437bb8     winstore.obj
 0003:00001c04       _ctrlc_action              00437c04     LIBCMT:winsig.obj
 0003:00001c08       _ctrlbreak_action          00437c08     LIBCMT:winsig.obj
 0003:00001c0c       _abort_action              00437c0c     LIBCMT:winsig.obj
 0003:00001c10       _term_action               00437c10     LIBCMT:winsig.obj
 0003:00001c14       _ConsoleCtrlHandler_Installed 00437c14     LIBCMT:winsig.obj
 0003:00001c18       ?pfnMessageBox@?1??__crtMessageBoxW@@9@9 00437c18     LIBCMT:crtmboxw.obj
 0003:00001c1c       ?pfnGetActiveWindow@?1??__crtMessageBoxW@@9@9 00437c1c     LIBCMT:crtmboxw.obj
 0003:00001c20       ?pfnGetLastActivePopup@?1??__crtMessageBoxW@@9@9 00437c20     LIBCMT:crtmboxw.obj
 0003:00001c24       ?pfnGetProcessWindowStation@?1??__crtMessageBoxW@@9@9 00437c24     LIBCMT:crtmboxw.obj
 0003:00001c28       ?pfnGetUserObjectInformation@?1??__crtMessageBoxW@@9@9 00437c28     LIBCMT:crtmboxw.obj
 0003:00001c38       ?outmsg@?8??_NMSG_WRITE@@9@9 00437c38     LIBCMT:crt0msg.obj
 0003:00002370       _lclcritsects              00438370     LIBCMT:mlock.obj
 0003:000024d0       _g_pfnRtlGenRandom         004384d0     LIBCMT:rand_s.obj
 0003:000024ec       _fSystemSet                004384ec     LIBCMT:mbctype.obj
 0003:000024f8       _GS_ExceptionRecord        004384f8     LIBCMT:gs_report.obj
 0003:00002548       _GS_ContextRecord          00438548     LIBCMT:gs_report.obj
 0003:00002814       _DebuggerWasPresent        00438814     LIBCMT:gs_report.obj
 0003:00002820       ?_pgmname@?1??_setargv@@9@9 00438820     LIBCMT:stdargv.obj
 0003:0000292c       ___enable_percent_n        0043892c     LIBCMT:printf.obj
 0003:00002930       ___crtCallProc             00438930     LIBCMT:winapinls.obj
 0003:00002940       _lastTZ                    00438940     LIBCMT:tzset.obj
 0003:00002944       ?first_time@?1??__tzset@@9@9 00438944     LIBCMT:tzset.obj
 0003:00002948       _tzapiused                 00438948     LIBCMT:tzset.obj
 0003:00002950       _tzinfo                    00438950     LIBCMT:tzset.obj
 0004:00000300       $R000000                   0043a300     puttygen.res
 0004:00000428       $R000128                   0043a428     puttygen.res
 0004:00000710       $R000410                   0043a710     puttygen.res
 0004:00000d78       $R000A78                   0043ad78     puttygen.res
 0004:00000e28       $R000B28                   0043ae28     puttygen.res
 0004:00000f58       $R000C58                   0043af58     puttygen.res
 0004:00001288       $R000F88                   0043b288     puttygen.res
 0004:000012e8       $R000FE8                   0043b2e8     puttygen.res
 0004:00001348       $R001048                   0043b348     puttygen.res
 0004:00001480       $R001180                   0043b480     puttygen.res
 0004:000015f0       $R0012F0                   0043b5f0     puttygen.res
 0004:000022b8       $R001FB8                   0043c2b8     puttygen.res
 0004:00002630       $R002330                   0043c630     puttygen.res
