 putty

 Timestamp is 5204c871 (Fri Aug 09 12:46:09 2013)

 Preferred load address is 00400000

 Start         Length     Name                   Class
 0001:00000000 00063495H .text                   CODE
 0002:00000000 00000514H .idata$5                DATA
 0002:00000514 00000004H .CRT$XCA                DATA
 0002:00000518 00000004H .CRT$XCZ                DATA
 0002:0000051c 00000004H .CRT$XIA                DATA
 0002:00000520 00000010H .CRT$XIC                DATA
 0002:00000530 00000004H .CRT$XIY                DATA
 0002:00000534 00000004H .CRT$XIZ                DATA
 0002:00000538 00000004H .CRT$XPA                DATA
 0002:0000053c 00000008H .CRT$XPX                DATA
 0002:00000544 00000004H .CRT$XPXA               DATA
 0002:00000548 00000004H .CRT$XPZ                DATA
 0002:0000054c 00000004H .CRT$XTA                DATA
 0002:00000550 00000004H .CRT$XTZ                DATA
 0002:00000558 0001daf0H .rdata                  DATA
 0002:0001e050 0000000cH .rdata$sxdata           DATA
 0002:0001e05c 00000004H .rtc$IAA                DATA
 0002:0001e060 00000004H .rtc$IZZ                DATA
 0002:0001e064 00000004H .rtc$TAA                DATA
 0002:0001e068 00000004H .rtc$TZZ                DATA
 0002:0001e070 0000053cH .xdata$x                DATA
 0002:0001e5ac 000000dcH .idata$2                DATA
 0002:0001e688 00000014H .idata$3                DATA
 0002:0001e69c 00000514H .idata$4                DATA
 0002:0001ebb0 00001590H .idata$6                DATA
 0002:00020140 00000000H .edata                  DATA
 0003:00000000 00001b2cH .data                   DATA
 0003:00001b40 00004ce0H .bss                    DATA
 0004:00000000 00000448H .rsrc$01                DATA
 0004:00000450 000037c0H .rsrc$02                DATA

  Address         Publics by Value              Rva+Base       Lib:Object

 0000:00000000       __except_list              00000000     <absolute>
 0000:00000003       ___safe_se_handler_count   00000003     <absolute>
 0000:00000000       ___ImageBase               00400000     <linker-defined>
 0001:00000022       _cmdline_get_passwd_input  00401022 f   cmdline.obj
 0001:0000009a       _cmdline_process_param     0040109a f   cmdline.obj
 0001:00000d8c       _cmdline_run_saved         00401d8c f   cmdline.obj
 0001:00000e9a       _conf_copy                 00401e9a f   conf.obj
 0001:00000eb2       _conf_copy_into            00401eb2 f   conf.obj
 0001:00000f6c       _conf_del_str_str          00401f6c f   conf.obj
 0001:00000fec       _conf_deserialise          00401fec f   conf.obj
 0001:00001183       _conf_free                 00402183 f   conf.obj
 0001:000011a0       _conf_get_filename         004021a0 f   conf.obj
 0001:0000121f       _conf_get_fontspec         0040221f f   conf.obj
 0001:0000129e       _conf_get_int              0040229e f   conf.obj
 0001:0000131d       _conf_get_int_int          0040231d f   conf.obj
 0001:000013a2       _conf_get_str              004023a2 f   conf.obj
 0001:00001421       _conf_get_str_nthstrkey    00402421 f   conf.obj
 0001:000014b8       _conf_get_str_str          004024b8 f   conf.obj
 0001:000014ee       _conf_get_str_str_opt      004024ee f   conf.obj
 0001:00001561       _conf_get_str_strs         00402561 f   conf.obj
 0001:0000164e       _conf_new                  0040264e f   conf.obj
 0001:0000166d       _conf_serialise            0040266d f   conf.obj
 0001:00001784       _conf_serialised_size      00402784 f   conf.obj
 0001:0000180e       _conf_set_filename         0040280e f   conf.obj
 0001:00001880       _conf_set_fontspec         00402880 f   conf.obj
 0001:000018f2       _conf_set_int              004028f2 f   conf.obj
 0001:0000195e       _conf_set_int_int          0040295e f   conf.obj
 0001:000019d1       _conf_set_str              004029d1 f   conf.obj
 0001:00001a43       _conf_set_str_str          00402a43 f   conf.obj
 0001:00002082       _conf_checkbox_handler     00403082 f   config.obj
 0001:000020f9       _conf_editbox_handler      004030f9 f   config.obj
 0001:00002248       _conf_filesel_handler      00403248 f   config.obj
 0001:00002299       _conf_fontsel_handler      00403299 f   config.obj
 0001:000022ea       _conf_radiobutton_handler  004032ea f   config.obj
 0001:00002514       _config_protocolbuttons_handler 00403514 f   config.obj
 0001:00003367       _setup_config_box          00404367 f   config.obj
 0001:00006484       _proxy_socks5_handlechap   00407484 f   cproxy.obj
 0001:000066af       _proxy_socks5_offerencryptedauth 004076af f   cproxy.obj
 0001:000066c0       _proxy_socks5_selectchap   004076c0 f   cproxy.obj
 0001:000067ab       _P                         004077ab f   dialog.obj
 0001:000067ab       _I                         004077ab f   dialog.obj
 0001:000067b0       _ctrl_alloc                004077b0 f   dialog.obj
 0001:000067c6       _ctrl_alloc_with_free      004077c6 f   dialog.obj
 0001:00006828       _ctrl_checkbox             00407828 f   dialog.obj
 0001:00006865       _ctrl_columns              00407865 f   dialog.obj
 0001:000068e1       _ctrl_combobox             004078e1 f   dialog.obj
 0001:00006935       _ctrl_draglist             00407935 f   dialog.obj
 0001:00006993       _ctrl_droplist             00407993 f   dialog.obj
 0001:000069e8       _ctrl_editbox              004079e8 f   dialog.obj
 0001:00006a39       _ctrl_filesel              00407a39 f   dialog.obj
 0001:00006a8e       _ctrl_find_path            00407a8e f   dialog.obj
 0001:00006b1f       _ctrl_fontsel              00407b1f f   dialog.obj
 0001:00006b5c       _ctrl_free                 00407b5c f   dialog.obj
 0001:00006bcf       _ctrl_free_box             00407bcf f   dialog.obj
 0001:00006c2c       _ctrl_free_set             00407c2c f   dialog.obj
 0001:00006c78       _ctrl_getset               00407c78 f   dialog.obj
 0001:00006d6b       _ctrl_listbox              00407d6b f   dialog.obj
 0001:00006e38       _ctrl_new_box              00407e38 f   dialog.obj
 0001:00006e5a       _ctrl_path_compare         00407e5a f   dialog.obj
 0001:00006e9b       _ctrl_path_elements        00407e9b f   dialog.obj
 0001:00006eb3       _ctrl_pushbutton           00407eb3 f   dialog.obj
 0001:00006ef8       _ctrl_radiobuttons         00407ef8 f   dialog.obj
 0001:00006fd0       _ctrl_settitle             00407fd0 f   dialog.obj
 0001:00007068       _ctrl_tabdelay             00408068 f   dialog.obj
 0001:00007083       _ctrl_text                 00408083 f   dialog.obj
 0001:000070e6       _ldisc_configure           004080e6 f   ldisc.obj
 0001:0000712d       _ldisc_create              0040812d f   ldisc.obj
 0001:0000718e       _ldisc_free                0040818e f   ldisc.obj
 0001:000071c9       _ldisc_send                004081c9 f   ldisc.obj
 0001:0000795f       _lpage_send                0040895f f   ldiscucs.obj
 0001:000079bc       _luni_send                 004089bc f   ldiscucs.obj
 0001:00007b54       _log_eventlog              00408b54 f   logging.obj
 0001:00007bb8       _log_init                  00408bb8 f   logging.obj
 0001:00007bfd       _log_packet                00408bfd f   logging.obj
 0001:00007f3e       _log_reconfig              00408f3e f   logging.obj
 0001:00007fc6       _logfclose                 00408fc6 f   logging.obj
 0001:00007fe1       _logflush                  00408fe1 f   logging.obj
 0001:00007ffa       _logfopen                  00408ffa f   logging.obj
 0001:000082ac       _logtraffic                004092ac f   logging.obj
 0001:000084c6       _doMirror                  004094c6 f   minibidi.obj
 0001:00009726       _do_bidi                   0040a726 f   minibidi.obj
 0001:00009d5d       _do_shape                  0040ad5d f   minibidi.obj
 0001:00009fb7       _findIndexOfRun            0040afb7 f   minibidi.obj
 0001:00009fdd       _flipThisRun               0040afdd f   minibidi.obj
 0001:0000a070       _getPreviousLevel          0040b070 f   minibidi.obj
 0001:0000a097       _getType                   0040b097 f   minibidi.obj
 0001:0000a0e1       _is_rtl                    0040b0e1 f   minibidi.obj
 0001:0000a0f8       _setOverrideBits           0040b0f8 f   minibidi.obj
 0001:0000a11f       _add_prompt                0040b11f f   misc.obj
 0001:0000a165       _base64_encode_atom        0040b165 f   misc.obj
 0001:0000a1e7       _bufchain_add              0040b1e7 f   misc.obj
 0001:0000a273       _bufchain_clear            0040b273 f   misc.obj
 0001:0000a29b       _bufchain_consume          0040b29b f   misc.obj
 0001:0000a31a       _bufchain_fetch            0040b31a f   misc.obj
 0001:0000a390       _bufchain_init             0040b390 f   misc.obj
 0001:0000a39f       _bufchain_prefix           0040b39f f   misc.obj
 0001:0000a3bd       _bufchain_size             0040b3bd f   misc.obj
 0001:0000a3c5       _conf_dest                 0040b3c5 f   misc.obj
 0001:0000a3e9       _conf_launchable           0040b3e9 f   misc.obj
 0001:0000a416       _ctrlparse                 0040b416 f   misc.obj
 0001:0000a49c       _dupcat                    0040b49c f   misc.obj
 0001:0000a519       _dupprintf                 0040b519 f   misc.obj
 0001:0000a52a       _dupstr                    0040b52a f   misc.obj
 0001:0000a558       _dupvprintf                0040b558 f   misc.obj
 0001:0000a5a7       _free_prompts              0040b5a7 f   misc.obj
 0001:0000a629       _new_prompts               0040b629 f   misc.obj
 0001:0000a659       _parse_blocksize           0040b659 f   misc.obj
 0001:0000a6c6       _prompt_ensure_result_size 0040b6c6 f   misc.obj
 0001:0000a726       _prompt_set_result         0040b726 f   misc.obj
 0001:0000a74d       _safefree                  0040b74d f   misc.obj
 0001:0000a759       _safemalloc                0040b759 f   misc.obj
 0001:0000a7ca       _saferealloc               0040b7ca f   misc.obj
 0001:0000a843       _toint                     0040b843 f   misc.obj
 0001:0000a85d       _pinger_free               0040b85d f   pinger.obj
 0001:0000a86c       _pinger_new                0040b86c f   pinger.obj
 0001:0000a8a4       _pinger_reconfig           0040b8a4 f   pinger.obj
 0001:0000aecb       _pfd_addforward            0040becb f   portfwd.obj
 0001:0000af6e       _pfd_close                 0040bf6e f   portfwd.obj
 0001:0000af8e       _pfd_confirm               0040bf8e f   portfwd.obj
 0001:0000afe1       _pfd_newconnect            0040bfe1 f   portfwd.obj
 0001:0000b099       _pfd_override_throttle     0040c099 f   portfwd.obj
 0001:0000b0c9       _pfd_send                  0040c0c9 f   portfwd.obj
 0001:0000b0e6       _pfd_send_eof              0040c0e6 f   portfwd.obj
 0001:0000b0e6       _x11_send_eof              0040c0e6 f   x11fwd.obj
 0001:0000b0f2       _pfd_terminate             0040c0f2 f   portfwd.obj
 0001:0000b0f7       _pfd_unthrottle            0040c0f7 f   portfwd.obj
 0001:0000b430       _format_telnet_command     0040c430 f   proxy.obj
 0001:0000bad0       _name_lookup               0040cad0 f   proxy.obj
 0001:0000bb53       _new_connection            0040cb53 f   proxy.obj
 0001:0000bd36       _new_listener              0040cd36 f   proxy.obj
 0001:0000bd52       _proxy_activate            0040cd52 f   proxy.obj
 0001:0000c051       _proxy_http_negotiate      0040d051 f   proxy.obj
 0001:0000c441       _proxy_socks4_negotiate    0040d441 f   proxy.obj
 0001:0000c699       _proxy_socks5_negotiate    0040d699 f   proxy.obj
 0001:0000cbdd       _proxy_telnet_negotiate    0040dbdd f   proxy.obj
 0001:0000d4c7       _ser_setup_config_box      0040e4c7 f   sercfg.obj
 0001:0000d906       _backend_from_name         0040e906 f   settings.obj
 0001:0000d939       _backend_from_proto        0040e939 f   settings.obj
 0001:0000d95f       _do_defaults               0040e95f f   settings.obj
 0001:0000d964       _get_remote_username       0040e964 f   settings.obj
 0001:0000d994       _get_sesslist              0040e994 f   settings.obj
 0001:0000df07       _load_open_settings        0040ef07 f   settings.obj
 0001:0000edf2       _load_settings             0040fdf2 f   settings.obj
 0001:0000ee2a       _save_open_settings        0040fe2a f   settings.obj
 0001:0000fdf2       _save_settings             00410df2 f   settings.obj
 0001:000100f7       _EnableSizeTip             004110f7 f   sizetip.obj
 0001:000102fd       _UpdateSizeTip             004112fd f   sizetip.obj
 0001:000104f5       _sk_address_is_special_local 004114f5 f   winnet.obj
 0001:00018153       _new_sock_channel          00419153 f   ssh.obj
 0001:0001d2af       _ssh_send_port_open        0041e2af f   ssh.obj
 0001:0001de06       _sshfwd_unclean_close      0041ee06 f   ssh.obj
 0001:0001de65       _sshfwd_unthrottle         0041ee65 f   ssh.obj
 0001:0001dec0       _sshfwd_write              0041eec0 f   ssh.obj
 0001:0001df1c       _sshfwd_write_eof          0041ef1c f   ssh.obj
 0001:0001df40       _aes_make_context          0041ef40 f   sshaes.obj
 0001:0001df4f       _aes128_key                0041ef4f f   sshaes.obj
 0001:0001df64       _aes192_key                0041ef64 f   sshaes.obj
 0001:0001df79       _aes256_key                0041ef79 f   sshaes.obj
 0001:0001df8e       _aes_iv                    0041ef8e f   sshaes.obj
 0001:0001dfd0       _aes_ssh2_encrypt_blk      0041efd0 f   sshaes.obj
 0001:0001dffa       _aes_ssh2_decrypt_blk      0041effa f   sshaes.obj
 0001:0001e00f       _aes256_decrypt_pubkey     0041f00f f   sshaes.obj
 0001:00021121       _bigadd                    00422121 f   sshbn.obj
 0001:0002140d       _bigmod                    0042240d f   sshbn.obj
 0001:00021431       _bigmul                    00422431 f   sshbn.obj
 0001:00021444       _bigmuladd                 00422444 f   sshbn.obj
 0001:000215f7       _bignum_bitcount           004225f7 f   sshbn.obj
 0001:00021631       _bignum_bitmask            00422631 f   sshbn.obj
 0001:00021675       _bignum_byte               00422675 f   sshbn.obj
 0001:000216b7       _bignum_cmp                004226b7 f   sshbn.obj
 0001:00021769       _bignum_from_bytes         00422769 f   sshbn.obj
 0001:00021813       _bignum_rshift             00422813 f   sshbn.obj
 0001:000218de       _bignum_set_bit            004228de f   sshbn.obj
 0001:0002192c       _bigsub                    0042292c f   sshbn.obj
 0001:000219e0       _bn_power_2                004229e0 f   sshbn.obj
 0001:00021a28       _copybn                    00422a28 f   sshbn.obj
 0001:00021a60       _decbn                     00422a60 f   sshbn.obj
 0001:00021a7e       _freebn                    00422a7e f   sshbn.obj
 0001:000221af       _modinv                    004231af f   sshbn.obj
 0001:000223d1       _modmul                    004233d1 f   sshbn.obj
 0001:00022721       _modpow                    00423721 f   sshbn.obj
 0001:00022b0e       _modpow_simple             00423b0e f   sshbn.obj
 0001:00022fe4       _ssh1_bignum_length        00423fe4 f   sshbn.obj
 0001:00022ffe       _ssh1_read_bignum          00423ffe f   sshbn.obj
 0001:00023059       _ssh1_write_bignum         00424059 f   sshbn.obj
 0001:0002309f       _ssh2_bignum_length        0042409f f   sshbn.obj
 0001:000230b9       _crc32_compute             004240b9 f   sshcrc.obj
 0001:000230cc       _crc32_update              004240cc f   sshcrc.obj
 0001:000231ac       _crcda_free_context        004241ac f   sshcrcda.obj
 0001:000231c9       _crcda_make_context        004241c9 f   sshcrcda.obj
 0001:000231df       _detect_attack             004241df f   sshcrcda.obj
 0001:0002373c       _des3_decrypt_pubkey       0042473c f   sshdes.obj
 0001:0002463c       _des_decrypt_xdmauth       0042563c f   sshdes.obj
 0001:00025267       _dh_cleanup                00426267 f   sshdh.obj
 0001:000252a6       _dh_create_e               004262a6 f   sshdh.obj
 0001:000253c0       _dh_find_K                 004263c0 f   sshdh.obj
 0001:000253fd       _dh_setup_gex              004263fd f   sshdh.obj
 0001:0002542e       _dh_setup_group            0042642e f   sshdh.obj
 0001:0002674c       _ssh_gssapi_bind_fns       0042774c f   sshgssc.obj
 0001:000269df       _hmacmd5_make_context      004279df f   sshmd5.obj
 0001:00026b59       _MD5Final                  00427b59 f   sshmd5.obj
 0001:00026c45       _MD5Init                   00427c45 f   sshmd5.obj
 0001:00026c70       _MD5Simple                 00427c70 f   sshmd5.obj
 0001:00026cb9       _MD5Update                 00427cb9 f   sshmd5.obj
 0001:0002783e       _hmacmd5_do_hmac           0042883e f   sshmd5.obj
 0001:00027916       _hmacmd5_key               00428916 f   sshmd5.obj
 0001:000279ed       _base64_decode_atom        004289ed f   sshpubk.obj
 0001:00027ad9       _find_pubkey_alg           00428ad9 f   sshpubk.obj
 0001:00027b12       _key_type                  00428b12 f   sshpubk.obj
 0001:00027c0a       _key_type_to_str           00428c0a f   sshpubk.obj
 0001:00027c4c       _loadrsakey                00428c4c f   sshpubk.obj
 0001:00028277       _rsakey_encrypted          00429277 f   sshpubk.obj
 0001:000282f6       _rsakey_pubblob            004292f6 f   sshpubk.obj
 0001:000283ff       _ssh2_load_userkey         004293ff f   sshpubk.obj
 0001:00028be8       _ssh2_userkey_encrypted    00429be8 f   sshpubk.obj
 0001:00028d3d       _ssh2_userkey_loadpub      00429d3d f   sshpubk.obj
 0001:00029001       _random_add_noise          0042a001 f   sshrand.obj
 0001:000290c5       _random_byte               0042a0c5 f   sshrand.obj
 0001:0002910f       _random_get_savedata       0042a10f f   sshrand.obj
 0001:0002914f       _random_ref                0042a14f f   sshrand.obj
 0001:000292ca       _random_unref              0042a2ca f   sshrand.obj
 0001:00029f52       _crt_modpow                0042af52 f   sshrsa.obj
 0001:0002a079       _freersakey                0042b079 f   sshrsa.obj
 0001:0002a181       _makekey                   0042b181 f   sshrsa.obj
 0001:0002a260       _makeprivate               0042b260 f   sshrsa.obj
 0001:0002a374       _rsa_fingerprint           0042b374 f   sshrsa.obj
 0001:0002a711       _rsa_public_blob           0042b711 f   sshrsa.obj
 0001:0002a796       _rsa_verify                0042b796 f   sshrsa.obj
 0001:0002a8bb       _rsadecrypt                0042b8bb f   sshrsa.obj
 0001:0002a8c0       _rsaencrypt                0042b8c0 f   sshrsa.obj
 0001:0002a96c       _rsastr_fmt                0042b96c f   sshrsa.obj
 0001:0002aa64       _rsastr_len                0042ba64 f   sshrsa.obj
 0001:0002aaa2       _ssh_rsakex_encrypt        0042baa2 f   sshrsa.obj
 0001:0002abe9       _ssh_rsakex_freekey        0042bbe9 f   sshrsa.obj
 0001:0002abee       _ssh_rsakex_klen           0042bbee f   sshrsa.obj
 0001:0002abfc       _ssh_rsakex_newkey         0042bbfc f   sshrsa.obj
 0001:0002adc2       _SHA256_Block              0042bdc2 f   sshsh256.obj
 0001:0002b20b       _SHA256_Bytes              0042c20b f   sshsh256.obj
 0001:0002b2f4       _SHA256_Core_Init          0042c2f4 f   sshsh256.obj
 0001:0002b330       _SHA256_Final              0042c330 f   sshsh256.obj
 0001:0002b41b       _SHA256_Init               0042c41b f   sshsh256.obj
 0001:0002c4ff       _SHA512_Bytes              0042d4ff f   sshsh512.obj
 0001:0002c64d       _SHA512_Final              0042d64d f   sshsh512.obj
 0001:0002c77a       _SHA512_Init               0042d77a f   sshsh512.obj
 0001:0002c7f7       _aes_free_context          0042d7f7 f   sshaes.obj
 0001:0002c7f7       _hmacmd5_free_context      0042d7f7 f   sshmd5.obj
 0001:0002ca98       _SHATransform              0042da98 f   sshsha.obj
 0001:0002cc48       _SHA_Bytes                 0042dc48 f   sshsha.obj
 0001:0002cd31       _SHA_Final                 0042dd31 f   sshsha.obj
 0001:0002ce1d       _SHA_Init                  0042de1d f   sshsha.obj
 0001:0002ce4f       _SHA_Simple                0042de4f f   sshsha.obj
 0001:0002ce98       _hmac_sha1_simple          0042de98 f   sshsha.obj
 0001:0002d06b       _zlib_compress_init        0042e06b f   sshzlib.obj
 0001:0002d105       _zlib_compress_cleanup     0042e105 f   sshzlib.obj
 0001:0002d124       _zlib_decompress_init      0042e124 f   sshzlib.obj
 0001:0002d1f4       _zlib_decompress_cleanup   0042e1f4 f   sshzlib.obj
 0001:0002d24b       _zlib_compress_block       0042e24b f   sshzlib.obj
 0001:0002d378       _zlib_decompress_block     0042e378 f   sshzlib.obj
 0001:00030dbd       _format_arrow_key          00431dbd f   terminal.obj
 0001:00032c58       _term_clrsb                00433c58 f   terminal.obj
 0001:00032c99       _term_copy_stuff_from_conf 00433c99 f   terminal.obj
 0001:00032fee       _term_copyall              00433fee f   terminal.obj
 0001:00033024       _term_data                 00434024 f   terminal.obj
 0001:00033087       _term_data_untrusted       00434087 f   terminal.obj
 0001:000330ca       _term_deselect             004340ca f   terminal.obj
 0001:000330ef       _term_do_paste             004340ef f   terminal.obj
 0001:00033304       _term_get_ttymode          00434304 f   terminal.obj
 0001:0003333d       _term_get_userpass_input   0043433d f   terminal.obj
 0001:000335ff       _term_init                 004345ff f   terminal.obj
 0001:000337a5       _term_invalidate           004347a5 f   terminal.obj
 0001:000337f5       _term_ldisc                004347f5 f   terminal.obj
 0001:0003381c       _term_mouse                0043481c f   terminal.obj
 0001:00033e3d       _term_nopaste              00434e3d f   terminal.obj
 0001:00036a77       _term_paint                00437a77 f   terminal.obj
 0001:00036b7c       _term_paste                00437b7c f   terminal.obj
 0001:00036d69       _term_provide_logctx       00437d69 f   terminal.obj
 0001:00036d78       _term_provide_resize_fn    00437d78 f   terminal.obj
 0001:00036db3       _term_pwron                00437db3 f   terminal.obj
 0001:00036df1       _term_reconfig             00437df1 f   terminal.obj
 0001:00037211       _term_scroll               00438211 f   terminal.obj
 0001:0003725c       _term_scroll_to_selection  0043825c f   terminal.obj
 0001:000372c7       _term_seen_key_event       004382c7 f   terminal.obj
 0001:00037303       _term_set_focus            00438303 f   terminal.obj
 0001:00037319       _term_size                 00438319 f   terminal.obj
 0001:000378d5       _term_update               004388d5 f   terminal.obj
 0001:00037f2b       _expire_timer_context      00438f2b f   timing.obj
 0001:00037f78       _run_timers                00438f78 f   timing.obj
 0001:00038017       _schedule_timer            00439017 f   timing.obj
 0001:000380a8       _add234                    004390a8 f   tree234.obj
 0001:000385c7       _addpos234                 004395c7 f   tree234.obj
 0001:000385ed       _count234                  004395ed f   tree234.obj
 0001:00038630       _del234                    00439630 f   tree234.obj
 0001:0003865f       _delpos234                 0043965f f   tree234.obj
 0001:00038b0e       _find234                   00439b0e f   tree234.obj
 0001:00038b27       _findrel234                00439b27 f   tree234.obj
 0001:00038b42       _findrelpos234             00439b42 f   tree234.obj
 0001:00038ca3       _freetree234               00439ca3 f   tree234.obj
 0001:00038cb9       _index234                  00439cb9 f   tree234.obj
 0001:00038d33       _newtree234                00439d33 f   tree234.obj
 0001:00038d92       _mk_wcwidth                00439d92 f   wcwidth.obj
 0001:00038ea1       _mk_wcwidth_cjk            00439ea1 f   wcwidth.obj
 0001:00038ec4       _wc_match                  00439ec4 f   wildcard.obj
 0001:0003915e       _win_setup_config_box      0043a15e f   wincfg.obj
 0001:00039b37       _beginbox                  0043ab37 f   winctrls.obj
 0001:00039b6e       _button                    0043ab6e f   winctrls.obj
 0001:00039bea       _checkbox                  0043abea f   winctrls.obj
 0001:00039c40       _combobox                  0043ac40 f   winctrls.obj
 0001:00039cd9       _ctlposinit                0043acd9 f   winctrls.obj
 0001:00039d63       _dlg_auto_set_fixed_pitch_flag 0043ad63 f   winctrls.obj
 0001:00039e2e       _dlg_beep                  0043ae2e f   winctrls.obj
 0001:00039e37       _dlg_checkbox_get          0043ae37 f   winctrls.obj
 0001:00039e81       _dlg_checkbox_set          0043ae81 f   winctrls.obj
 0001:00039ecf       _dlg_coloursel_results     0043aecf f   winctrls.obj
 0001:00039f0a       _dlg_coloursel_start       0043af0a f   winctrls.obj
 0001:00039f37       _dlg_editbox_get           0043af37 f   winctrls.obj
 0001:00039f7e       _dlg_editbox_set           0043af7e f   winctrls.obj
 0001:00039fc8       _dlg_end                   0043afc8 f   winctrls.obj
 0001:00039fe1       _dlg_error_msg             0043afe1 f   winctrls.obj
 0001:00039ff7       _dlg_filesel_get           0043aff7 f   winctrls.obj
 0001:0003a051       _dlg_filesel_set           0043b051 f   winctrls.obj
 0001:0003a0ce       _dlg_fontsel_get           0043b0ce f   winctrls.obj
 0001:0003a10d       _dlg_fontsel_set           0043b10d f   winctrls.obj
 0001:0003a1d5       _dlg_get_fixed_pitch_flag  0043b1d5 f   winctrls.obj
 0001:0003a1e0       _dlg_label_change          0043b1e0 f   winctrls.obj
 0001:0003a277       _dlg_last_focused          0043b277 f   winctrls.obj
 0001:0003a288       _dlg_listbox_add           0043b288 f   winctrls.obj
 0001:0003a2f7       _dlg_listbox_addwithid     0043b2f7 f   winctrls.obj
 0001:0003a390       _dlg_listbox_clear         0043b390 f   winctrls.obj
 0001:0003a3fd       _dlg_listbox_getid         0043b3fd f   winctrls.obj
 0001:0003a45b       _dlg_listbox_index         0043b45b f   winctrls.obj
 0001:0003a506       _dlg_listbox_issel         0043b506 f   winctrls.obj
 0001:0003a563       _dlg_listbox_select        0043b563 f   winctrls.obj
 0001:0003a5c7       _dlg_radiobutton_get       0043b5c7 f   winctrls.obj
 0001:0003a642       _dlg_radiobutton_set       0043b642 f   winctrls.obj
 0001:0003a69a       _dlg_refresh               0043b69a f   winctrls.obj
 0001:0003a708       _dlg_set_fixed_pitch_flag  0043b708 f   winctrls.obj
 0001:0003a717       _dlg_set_focus             0043b717 f   winctrls.obj
 0001:0003a787       _dlg_update_done           0043b787 f   winctrls.obj
 0001:0003a7cc       _dlg_update_start          0043b7cc f   winctrls.obj
 0001:0003a7fd       _doctl                     0043b7fd f   winctrls.obj
 0001:0003a8d0       _dp_add_tree               0043b8d0 f   winctrls.obj
 0001:0003a902       _dp_cleanup                0043b902 f   winctrls.obj
 0001:0003a97f       _dp_init                   0043b97f f   winctrls.obj
 0001:0003a9d0       _editboxfw                 0043b9d0 f   winctrls.obj
 0001:0003aa74       _editbutton                0043ba74 f   winctrls.obj
 0001:0003ab86       _endbox                    0043bb86 f   winctrls.obj
 0001:0003abf3       _handle_prefslist          0043bbf3 f   winctrls.obj
 0001:0003ae24       _listbox                   0043be24 f   winctrls.obj
 0001:0003aeee       _paneltitle                0043beee f   winctrls.obj
 0001:0003af5c       _pl_itemfrompt             0043bf5c f   winctrls.obj
 0001:0003b0d4       _prefslist                 0043c0d4 f   winctrls.obj
 0001:0003b4bb       _staticbtn                 0043c4bb f   winctrls.obj
 0001:0003b578       _staticcombo               0043c578 f   winctrls.obj
 0001:0003b643       _staticddl                 0043c643 f   winctrls.obj
 0001:0003b70e       _staticddlbig              0043c70e f   winctrls.obj
 0001:0003b7b4       _staticedit                0043c7b4 f   winctrls.obj
 0001:0003b8a2       _staticpassedit            0043c8a2 f   winctrls.obj
 0001:0003b8c0       _statictext                0043c8c0 f   winctrls.obj
 0001:0003b91a       _staticwrap                0043c91a f   winctrls.obj
 0001:0003bad5       _winctrl_add               0043cad5 f   winctrls.obj
 0001:0003bb30       _winctrl_add_shortcuts     0043cb30 f   winctrls.obj
 0001:0003bb81       _winctrl_cleanup           0043cb81 f   winctrls.obj
 0001:0003bc2d       _winctrl_context_help      0043cc2d f   winctrls.obj
 0001:0003bc7d       _winctrl_findbyctrl        0043cc7d f   winctrls.obj
 0001:0003bc95       _winctrl_findbyid          0043cc95 f   winctrls.obj
 0001:0003bcaf       _winctrl_findbyindex       0043ccaf f   winctrls.obj
 0001:0003bcc2       _winctrl_handle_command    0043ccc2 f   winctrls.obj
 0001:0003c601       _winctrl_init              0043d601 f   winctrls.obj
 0001:0003c624       _winctrl_layout            0043d624 f   winctrls.obj
 0001:0003cfd8       _winctrl_rem_shortcuts     0043dfd8 f   winctrls.obj
 0001:0003d029       _winctrl_remove            0043e029 f   winctrls.obj
 0001:0003d099       _platform_default_filename 0043e099 f   windefs.obj
 0001:0003d0c0       _platform_default_fontspec 0043e0c0 f   windefs.obj
 0001:0003d0f2       _platform_default_i        0043e0f2 f   windefs.obj
 0001:0003d0f7       _platform_default_s        0043e0f7 f   windefs.obj
 0001:0003db60       _askalg                    0043eb60 f   windlg.obj
 0001:0003dbbc       _askappend                 0043ebbc f   windlg.obj
 0001:0003dcc4       _defuse_showwindow         0043ecc4 f   windlg.obj
 0001:0003dcf7       _do_config                 0043ecf7 f   windlg.obj
 0001:0003ddd8       _do_reconfig               0043edd8 f   windlg.obj
 0001:0003defb       _force_normal              0043eefb f   windlg.obj
 0001:0003df61       _logevent                  0043ef61 f   windlg.obj
 0001:0003e08d       _modal_about_box           0043f08d f   windlg.obj
 0001:0003e0c9       _old_keyfile_warning       0043f0c9 f   windlg.obj
 0001:0003e114       _show_help                 0043f114 f   windlg.obj
 0001:0003e122       _showabout                 0043f122 f   windlg.obj
 0001:0003e13c       _showeventlog              0043f13c f   windlg.obj
 0001:0003e210       _verify_ssh_host_key       0043f210 f   windlg.obj
 0001:0003e332       _InitMultipleMonitorStubs  0043f332 f   window.obj
 0001:0003e41c       _IsPlatformNT              0043f41c f   window.obj
 0001:0003f4d0       _WinMain@16                004404d0 f   window.obj
 0001:0004217a       _char_width                0044317a f   window.obj
 0001:000422bf       _cleanup_exit              004432bf f   window.obj
 0001:000425c6       _cmdline_error             004435c6 f   window.obj
 0001:0004275e       _connection_fatal          0044375e f   window.obj
 0001:00042811       _do_beep                   00443811 f   window.obj
 0001:00042942       _do_cursor                 00443942 f   window.obj
 0001:00042b7f       _do_select                 00443b7f f   window.obj
 0001:00042bd4       _do_text                   00443bd4 f   window.obj
 0001:00042dca       _do_text_internal          00443dca f   window.obj
 0001:00043a12       _fatalbox                  00444a12 f   window.obj
 0001:00043bce       _free_ctx                  00444bce f   window.obj
 0001:00043bf4       _from_backend              00444bf4 f   window.obj
 0001:00043c0f       _from_backend_untrusted    00444c0f f   window.obj
 0001:00043d56       _get_clip                  00444d56 f   window.obj
 0001:00043d71       _get_ctx                   00444d71 f   window.obj
 0001:00043e83       _get_ttymode               00444e83 f   window.obj
 0001:00043e95       _get_userpass_input        00444e95 f   window.obj
 0001:00043ec7       _get_window_pixels         00444ec7 f   window.obj
 0001:00043f0d       _get_window_pos            00444f0d f   window.obj
 0001:00043f4d       _get_window_title          00444f4d f   window.obj
 0001:00044597       _is_iconic                 00445597 f   window.obj
 0001:000445a4       _ldisc_update              004455a4 f   window.obj
 0001:000445a4       _shutdown_help             004455a4 f   winhelp.obj
 0001:000445a4       _frontend_keypress         004455a4 f   window.obj
 0001:0004467a       _modalfatalbox             0044567a f   window.obj
 0001:000446d5       _move_window               004456d5 f   window.obj
 0001:00044718       _nonfatal                  00445718 f   window.obj
 0001:00044775       _notify_remote_exit        00445775 f   window.obj
 0001:000447eb       _palette_reset             004457eb f   window.obj
 0001:0004489b       _palette_set               0044589b f   window.obj
 0001:00044a83       _refresh_window            00445a83 f   window.obj
 0001:00044a94       _request_paste             00445a94 f   window.obj
 0001:00044ab1       _request_resize            00445ab1 f   window.obj
 0001:000451e5       _set_busy_status           004461e5 f   window.obj
 0001:000451f3       _set_icon                  004461f3 f   window.obj
 0001:00045256       _set_iconic                00446256 f   window.obj
 0001:000452ca       _set_raw_mouse_mode        004462ca f   window.obj
 0001:000452f3       _set_sbar                  004462f3 f   window.obj
 0001:0004536c       _set_title                 0044636c f   window.obj
 0001:000453cf       _set_zoomed                004463cf f   window.obj
 0001:00045400       _set_zorder                00446400 f   window.obj
 0001:00045679       _sys_cursor                00446679 f   window.obj
 0001:000457ca       _timer_change_notify       004467ca f   window.obj
 0001:0004597d       _update_specials_menu      0044697d f   window.obj
 0001:00045ae0       _write_aclip               00446ae0 f   window.obj
 0001:00045b89       _write_clip                00446b89 f   window.obj
 0001:0004636e       _xGetMonitorInfo@8         0044736e f   window.obj
 0001:0004641f       _xMonitorFromPoint@12      0044741f f   window.obj
 0001:00046475       _xMonitorFromRect@8        00447475 f   window.obj
 0001:000464c1       _xMonitorFromWindow@8      004474c1 f   window.obj
 0001:0004653d       _ssh_gss_cleanup           0044753d f   wingss.obj
 0001:00046587       _ssh_gss_setup             00447587 f   wingss.obj
 0001:00046c37       _handle_free               00447c37 f   winhandl.obj
 0001:00046c92       _handle_get_events         00447c92 f   winhandl.obj
 0001:00046cfb       _handle_get_privdata       00447cfb f   winhandl.obj
 0001:00046d03       _handle_got_event          00447d03 f   winhandl.obj
 0001:00046df1       _handle_input_new          00447df1 f   winhandl.obj
 0001:00046fea       _handle_output_new         00447fea f   winhandl.obj
 0001:0004723f       _handle_unthrottle         0044823f f   winhandl.obj
 0001:00047271       _handle_write              00448271 f   winhandl.obj
 0001:000472d3       _handle_write_eof          004482d3 f   winhandl.obj
 0001:0004730d       _has_help                  0044830d f   winhelp.obj
 0001:00047326       _init_help                 00448326 f   winhelp.obj
 0001:0004749c       _launch_help               0044849c f   winhelp.obj
 0001:00047591       _quit_help                 00448591 f   winhelp.obj
 0001:000475d1       _add_session_to_jumplist   004485d1 f   winjump.obj
 0001:000475fe       _clear_jumplist            004485fe f   winjump.obj
 0001:0004786e       _remove_session_from_jumplist 0044886e f   winjump.obj
 0001:00047c1e       _filename_copy             00448c1e f   winmisc.obj
 0001:00047c2b       _filename_deserialise      00448c2b f   winmisc.obj
 0001:00047c5a       _filename_equal            00448c5a f   winmisc.obj
 0001:00047c73       _fontspec_free             00448c73 f   winmisc.obj
 0001:00047c73       _filename_free             00448c73 f   winmisc.obj
 0001:00047c89       _filename_from_str         00448c89 f   winmisc.obj
 0001:00047ca7       _filename_is_null          00448ca7 f   winmisc.obj
 0001:00047cb5       _filename_serialise        00448cb5 f   winmisc.obj
 0001:00047cdf       _filename_to_str           00448cdf f   winmisc.obj
 0001:00047ce6       _fontspec_copy             00448ce6 f   winmisc.obj
 0001:00047cfe       _fontspec_deserialise      00448cfe f   winmisc.obj
 0001:00047d9f       _fontspec_new              00448d9f f   winmisc.obj
 0001:00047dd2       _fontspec_serialise        00448dd2 f   winmisc.obj
 0001:00047e59       _get_username              00448e59 f   winmisc.obj
 0001:00047f3f       _init_winver               00448f3f f   winmisc.obj
 0001:00047f67       _load_system32_dll         00448f67 f   winmisc.obj
 0001:00047fd5       _platform_get_x_display    00448fd5 f   winmisc.obj
 0001:00047fe8       _smemclr                   00448fe8 f   winmisc.obj
 0001:00048000       _win_strerror              00449000 f   winmisc.obj
 0001:0004828e       _sk_addr_error             0044928e f   winnet.obj
 0001:00048296       _IN6_IS_ADDR_LOOPBACK      00449296 f i winnet.obj
 0001:00048328       _get_hostname              00449328 f   winnet.obj
 0001:00048416       _net_pending_errors        00449416 f   winnet.obj
 0001:0004845a       _net_service_lookup        0044945a f   winnet.obj
 0001:0004847c       _platform_get_x11_unix_address 0044947c f   winnet.obj
 0001:000484ab       _select_result             004494ab f   winnet.obj
 0001:00048826       _sk_addr_dup               00449826 f   winnet.obj
 0001:0004882d       _sk_addr_free              0044982d f   winnet.obj
 0001:00048865       _sk_addrcopy               00449865 f   winnet.obj
 0001:00048922       _sk_address_is_local       00449922 f   winnet.obj
 0001:000489bd       _sk_addrtype               004499bd f   winnet.obj
 0001:000489ec       _sk_cleanup                004499ec f   winnet.obj
 0001:00048a56       _sk_getaddr                00449a56 f   winnet.obj
 0001:00048b1e       _sk_hostname_is_local      00449b1e f   winnet.obj
 0001:00048b64       _sk_init                   00449b64 f   winnet.obj
 0001:0004904e       _sk_namelookup             0044a04e f   winnet.obj
 0001:000492c9       _sk_new                    0044a2c9 f   winnet.obj
 0001:00049369       _sk_newlistener            0044a369 f   winnet.obj
 0001:000495cb       _sk_nextaddr               0044a5cb f   winnet.obj
 0001:000495f7       _sk_nonamelookup           0044a5f7 f   winnet.obj
 0001:0004963e       _sk_register               0044a63e f   winnet.obj
 0001:000496d0       _sk_startup                0044a6d0 f   winnet.obj
 0001:00049706       _socket_reselect_all       0044a706 f   winnet.obj
 0001:00049a39       _try_send                  0044aa39 f   winnet.obj
 0001:00049b89       _winsock_error_string      0044ab89 f   winnet.obj
 0001:00049f1b       _noise_get_heavy           0044af1b f   winnoise.obj
 0001:0004a0b0       _noise_get_light           0044b0b0 f   winnoise.obj
 0001:0004a101       _noise_regular             0044b101 f   winnoise.obj
 0001:0004a1fc       _noise_ultralight          0044b1fc f   winnoise.obj
 0001:0004a242       _random_save_seed          0044b242 f   winnoise.obj
 0001:0004a275       _agent_exists              0044b275 f   winpgntc.obj
 0001:0004a289       _agent_query               0044b289 f   winpgntc.obj
 0001:0004a43f       _get_user_sid              0044b43f f   winpgntc.obj
 0001:0004a537       _init_advapi               0044b537 f   winpgntc.obj
 0001:0004a69a       _printer_finish_enum       0044b69a f   winprint.obj
 0001:0004a6c0       _printer_finish_job        0044b6c0 f   winprint.obj
 0001:0004a6e7       _printer_get_name          0044b6e7 f   winprint.obj
 0001:0004a718       _printer_job_data          0044b718 f   winprint.obj
 0001:0004a735       _printer_start_enum        0044b735 f   winprint.obj
 0001:0004a7c0       _printer_start_job         0044b7c0 f   winprint.obj
 0001:0004a8c3       _localproxy_gotdata        0044b8c3 f   winproxy.obj
 0001:0004a901       _localproxy_sentdata       0044b901 f   winproxy.obj
 0001:0004a91b       _platform_new_connection   0044b91b f   winproxy.obj
 0001:0004b23d       _add_to_jumplist_registry  0044c23d f   winstore.obj
 0001:0004b250       _cleanup_all               0044c250 f   winstore.obj
 0001:0004b32a       _close_settings_w          0044c32a f   winstore.obj
 0001:0004b32a       _close_settings_r          0044c32a f   winstore.obj
 0001:0004b335       _del_settings              0044c335 f   winstore.obj
 0001:0004b39b       _enum_settings_finish      0044c39b f   winstore.obj
 0001:0004b3b1       _enum_settings_next        0044c3b1 f   winstore.obj
 0001:0004b406       _enum_settings_start       0044c406 f   winstore.obj
 0001:0004b440       _get_jumplist_registry_entries 0044c440 f   winstore.obj
 0001:0004b520       _open_settings_r           0044c520 f   winstore.obj
 0001:0004b5a4       _open_settings_w           0044c5a4 f   winstore.obj
 0001:0004b65a       _read_random_seed          0044c65a f   winstore.obj
 0001:0004b6d9       _read_setting_filename     0044c6d9 f   winstore.obj
 0001:0004b709       _read_setting_fontspec     0044c709 f   winstore.obj
 0001:0004b7e5       _read_setting_i            0044c7e5 f   winstore.obj
 0001:0004b829       _read_setting_s            0044c829 f   winstore.obj
 0001:0004b91b       _remove_from_jumplist_registry 0044c91b f   winstore.obj
 0001:0004b92c       _store_host_key            0044c92c f   winstore.obj
 0001:0004bca9       _verify_host_key           0044cca9 f   winstore.obj
 0001:0004bef3       _write_random_seed         0044cef3 f   winstore.obj
 0001:0004bf24       _write_setting_filename    0044cf24 f   winstore.obj
 0001:0004bf3b       _write_setting_fontspec    0044cf3b f   winstore.obj
 0001:0004bfc9       _write_setting_i           0044cfc9 f   winstore.obj
 0001:0004bfea       _write_setting_s           0044cfea f   winstore.obj
 0001:0004c013       _ltime                     0044d013 f   wintime.obj
 0001:0004c08b       _check_compose             0044d08b f   winucs.obj
 0001:0004c09e       _check_compose_internal    0044d09e f   winucs.obj
 0001:0004c13d       _cp_enumerate              0044d13d f   winucs.obj
 0001:0004c157       _cp_name                   0044d157 f   winucs.obj
 0001:0004c207       _decode_codepage           0044d207 f   winucs.obj
 0001:0004c444       _get_unitab                0044d444 f   winucs.obj
 0001:0004c537       _init_ucs                  0044d537 f   winucs.obj
 0001:0004c9fa       _is_dbcs_leadbyte          0044d9fa f   winucs.obj
 0001:0004ca5e       _mb_to_wc                  0044da5e f   winucs.obj
 0001:0004ca7b       _wc_to_mb                  0044da7b f   winucs.obj
 0001:0004cb8f       _xlat_uskbd2cyrllic        0044db8f f   winucs.obj
 0001:0004cb9f       _GetDlgItemText_alloc      0044db9f f   winutils.obj
 0001:0004cbec       _message_box               0044dbec f   winutils.obj
 0001:0004cca1       _pgp_fingerprints          0044dca1 f   winutils.obj
 0001:0004ccb8       _request_file              0044dcb8 f   winutils.obj
 0001:0004cd69       _split_into_argv           0044dd69 f   winutils.obj
 0001:0004cfa9       _platform_get_x11_auth     0044dfa9 f   winx11.obj
 0001:0004cfcd       _from_backend_eof          0044dfcd f   window.obj
 0001:0004d040       _x11_close                 0044e040 f   x11fwd.obj
 0001:0004d07c       _x11_free_display          0044e07c f   x11fwd.obj
 0001:0004d121       _x11_get_auth_from_authfile 0044e121 f   x11fwd.obj
 0001:0004d3da       _x11_init                  0044e3da f   x11fwd.obj
 0001:0004d4e6       _x11_override_throttle     0044e4e6 f   x11fwd.obj
 0001:0004d516       _x11_send                  0044e516 f   x11fwd.obj
 0001:0004d87e       _x11_setup_display         0044e87e f   x11fwd.obj
 0001:0004dc17       _x11_unthrottle            0044ec17 f   x11fwd.obj
 0001:0004de68       _ImmGetContext@4           0044ee68 f   imm32:IMM32.dll
 0001:0004de6e       _ImmReleaseContext@8       0044ee6e f   imm32:IMM32.dll
 0001:0004de74       _ImmGetCompositionStringW@16 0044ee74 f   imm32:IMM32.dll
 0001:0004de7a       _ImmSetCompositionFontA@8  0044ee7a f   imm32:IMM32.dll
 0001:0004de80       _ImmSetCompositionWindow@8 0044ee80 f   imm32:IMM32.dll
 0001:0004de86       _EnumPrintersA@28          0044ee86 f   winspool:WINSPOOL.DRV
 0001:0004de8c       _OpenPrinterA@12           0044ee8c f   winspool:WINSPOOL.DRV
 0001:0004de92       _StartDocPrinterA@12       0044ee92 f   winspool:WINSPOOL.DRV
 0001:0004de98       _StartPagePrinter@4        0044ee98 f   winspool:WINSPOOL.DRV
 0001:0004de9e       _WritePrinter@16           0044ee9e f   winspool:WINSPOOL.DRV
 0001:0004dea4       _EndPagePrinter@4          0044eea4 f   winspool:WINSPOOL.DRV
 0001:0004deaa       _EndDocPrinter@4           0044eeaa f   winspool:WINSPOOL.DRV
 0001:0004deb0       _ClosePrinter@4            0044eeb0 f   winspool:WINSPOOL.DRV
 0001:0004deb6       __fclose_nolock            0044eeb6 f   LIBCMT:fclose.obj
 0001:0004df22       _fclose                    0044ef22 f   LIBCMT:fclose.obj
 0001:0004df99       _fgetc                     0044ef99 f   LIBCMT:fgetc.obj
 0001:0004e092       __fsopen                   0044f092 f   LIBCMT:fopen.obj
 0001:0004e156       _fopen                     0044f156 f   LIBCMT:fopen.obj
 0001:0004e16b       _atoi                      0044f16b f   LIBCMT:atox.obj
 0001:0004e174       _atol                      0044f174 f   LIBCMT:atox.obj
 0001:0004e190       _strcmp                    0044f190 f   LIBCMT:strcmp.obj
 0001:0004e220       _strlen                    0044f220 f   LIBCMT:strlen.obj
 0001:0004e2b0       _strchr                    0044f2b0 f   LIBCMT:strchr.obj
 0001:0004e31e       ___from_strstr_to_strchr   0044f31e     LIBCMT:strchr.obj
 0001:0004e3e0       _strncmp                   0044f3e0 f   LIBCMT:strncmp.obj
 0001:0004e458       __wassert                  0044f458 f   LIBCMT:wassert.obj
 0001:0004eb00       _memchr                    0044fb00 f   LIBCMT:memchr.obj
 0001:0004ebb0       _memcpy                    0044fbb0 f   LIBCMT:memcpy.obj
 0001:0004f1f4       ??0_LocaleUpdate@@QAE@PAUlocaleinfo_struct@@@Z 004501f4 f i LIBCMT:atof.obj
 0001:0004f27c       __atof_l                   0045027c f   LIBCMT:atof.obj
 0001:0004f318       _atof                      00450318 f   LIBCMT:atof.obj
 0001:0004f330       _memset                    00450330 f   LIBCMT:memset.obj
 0001:0004f3c0       _sprintf                   004503c0 f   LIBCMT:sprintf.obj
 0001:0004f442       @__security_check_cookie@4 00450442 f   LIBCMT:secchk.obj
 0001:0004f451       __fpmath                   00450451 f   LIBCMT:fpinit.obj
 0001:0004f468       __cfltcvt_init             00450468 f   LIBCMT:fpinit.obj
 0001:0004f4d0       _memmove                   004504d0 f   LIBCMT:memmove.obj
 0001:0004fb14       __isalnum_l                00450b14 f i LIBCMT:_ctype.obj
 0001:0004fb6a       __isdigit_l                00450b6a f i LIBCMT:_ctype.obj
 0001:0004fbba       __isprint_l                00450bba f i LIBCMT:_ctype.obj
 0001:0004fc10       __isspace_l                00450c10 f i LIBCMT:_ctype.obj
 0001:0004fc60       __isxdigit_l               00450c60 f i LIBCMT:_ctype.obj
 0001:0004fcb6       _isalnum                   00450cb6 f i LIBCMT:_ctype.obj
 0001:0004fce3       _isdigit                   00450ce3 f i LIBCMT:_ctype.obj
 0001:0004fd0e       _isprint                   00450d0e f i LIBCMT:_ctype.obj
 0001:0004fd3b       _isspace                   00450d3b f i LIBCMT:_ctype.obj
 0001:0004fd66       _isxdigit                  00450d66 f i LIBCMT:_ctype.obj
 0001:0004fd93       ___initstdio               00450d93 f   LIBCMT:_file.obj
 0001:0004fe06       ___endstdio                00450e06 f   LIBCMT:_file.obj
 0001:0004fe2d       ___iob_func                00450e2d f   LIBCMT:_file.obj
 0001:0004fe33       __lock_file                00450e33 f   LIBCMT:_file.obj
 0001:0004fe72       __lock_file2               00450e72 f   LIBCMT:_file.obj
 0001:0004fea2       __unlock_file              00450ea2 f   LIBCMT:_file.obj
 0001:0004fedc       __unlock_file2             00450edc f   LIBCMT:_file.obj
 0001:0004ff09       __fflush_nolock            00450f09 f   LIBCMT:fflush.obj
 0001:0004ff4f       __flush                    00450f4f f   LIBCMT:fflush.obj
 0001:0004ffb3       __flushall                 00450fb3 f   LIBCMT:fflush.obj
 0001:0004ffbc       _fflush                    00450fbc f   LIBCMT:fflush.obj
 0001:000500f5       _fprintf                   004510f5 f   LIBCMT:fprintf.obj
 0001:00050207       __fwrite_nolock            00451207 f   LIBCMT:fwrite.obj
 0001:0005035e       _fwrite                    0045135e f   LIBCMT:fwrite.obj
 0001:000503dc       __tolower_l                004513dc f   LIBCMT:tolower.obj
 0001:0005051d       _tolower                   0045151d f   LIBCMT:tolower.obj
 0001:00050549       __Strftime_l               00451549 f   LIBCMT:strftime.obj
 0001:0005066a       _strftime                  0045166a f   LIBCMT:strftime.obj
 0001:00050690       _strcpy                    00451690 f   LIBCMT:strcat.obj
 0001:000506a0       _strcat                    004516a0 f   LIBCMT:strcat.obj
 0001:00050788       _fgets                     00451788 f   LIBCMT:fgets.obj
 0001:000508c7       __vsnprintf                004518c7 f   LIBCMT:vsnprint.obj
 0001:000508e2       __vsnprintf_l              004518e2 f   LIBCMT:vsnprint.obj
 0001:00050bb0       _strtol                    00451bb0 f   LIBCMT:strtol.obj
 0001:00050bda       _strtoul                   00451bda f   LIBCMT:strtol.obj
 0001:00050c04       _free                      00451c04 f   LIBCMT:free.obj
 0001:00050c3c       _malloc                    00451c3c f   LIBCMT:malloc.obj
 0001:00050cce       _realloc                   00451cce f   LIBCMT:realloc.obj
 0001:00050d79       _sscanf                    00451d79 f   LIBCMT:sscanf.obj
 0001:00050e10       _strrchr                   00451e10 f   LIBCMT:strrchr.obj
 0001:00050f50       _strspn                    00451f50 f   LIBCMT:strspn.obj
 0001:00050fa0       _qsort                     00451fa0 f   LIBCMT:qsort.obj
 0001:000512cc       _fputc                     004522cc f   LIBCMT:fputc.obj
 0001:000513cd       _memcmp                    004523cd f   LIBCMT:memcmp.obj
 0001:00052b50       _strcspn                   00453b50 f   LIBCMT:strcspn.obj
 0001:00052ba0       _strncpy                   00453ba0 f   LIBCMT:strncpy.obj
 0001:00052cc4       _abort                     00453cc4 f   LIBCMT:abort.obj
 0001:00052d10       __allmul                   00453d10 f   LIBCMT:llmul.obj
 0001:00052d50       __allshl                   00453d50 f   LIBCMT:llshl.obj
 0001:00052d70       __aulldvrm                 00453d70 f   LIBCMT:ulldvrm.obj
 0001:00052e10       __aullrem                  00453e10 f   LIBCMT:ullrem.obj
 0001:00052e85       __fread_nolock_s           00453e85 f   LIBCMT:fread.obj
 0001:00053048       _fread                     00454048 f   LIBCMT:fread.obj
 0001:00053063       _fread_s                   00454063 f   LIBCMT:fread.obj
 0001:000530f4       __ungetc_nolock            004540f4 f   LIBCMT:ungetc.obj
 0001:000531d4       _ungetc                    004541d4 f   LIBCMT:ungetc.obj
 0001:00053240       __alloca_probe             00454240     LIBCMT:chkstk.obj
 0001:00053240       __chkstk                   00454240 f   LIBCMT:chkstk.obj
 0001:0005326b       ___raise_securityfailure   0045426b f   LIBCMT:gs_report.obj
 0001:000532a8       ___report_gsfailure        004542a8 f   LIBCMT:gs_report.obj
 0001:000533a1       ___report_rangecheckfailure 004543a1 f   LIBCMT:gs_report.obj
 0001:000533ad       ___report_securityfailure  004543ad f   LIBCMT:gs_report.obj
 0001:0005347b       _abs                       0045447b f   LIBCMT:abs.obj
 0001:00053488       ___copy_path_to_wide_string 00454488 f   LIBCMT:crt0dat.obj
 0001:00053538       ___crtCorExitProcess       00454538 f   LIBCMT:crt0dat.obj
 0001:0005356a       ___crtExitProcess          0045456a f   LIBCMT:crt0dat.obj
 0001:00053580       __amsg_exit                00454580 f   LIBCMT:crt0dat.obj
 0001:0005359c       __c_exit                   0045459c f   LIBCMT:crt0dat.obj
 0001:000535ab       __cexit                    004545ab f   LIBCMT:crt0dat.obj
 0001:000535ba       __cinit                    004545ba f   LIBCMT:crt0dat.obj
 0001:0005364b       __exit                     0045464b f   LIBCMT:crt0dat.obj
 0001:0005365f       __init_pointers            0045465f f   LIBCMT:crt0dat.obj
 0001:000536b3       __initterm_e               004546b3 f   LIBCMT:crt0dat.obj
 0001:000536d5       __lockexit                 004546d5 f   LIBCMT:crt0dat.obj
 0001:000536de       __unlockexit               004546de f   LIBCMT:crt0dat.obj
 0001:00053816       _exit                      00454816 f   LIBCMT:crt0dat.obj
 0001:0005382a       _strncpy_s                 0045482a f   LIBCMT:strncpy_s.obj
 0001:000538ce       __getenv_helper_nolock     004548ce f   LIBCMT:getenv.obj
 0001:00053952       _getenv                    00454952 f   LIBCMT:getenv.obj
 0001:000539ce       __toupper_l                004549ce f   LIBCMT:toupper.obj
 0001:00053b10       _toupper                   00454b10 f   LIBCMT:toupper.obj
 0001:00053b3c       __time64                   00454b3c f   LIBCMT:time64.obj
 0001:00053b8b       _WinMainCRTStartup         00454b8b f   LIBCMT:wincrt0.obj
 0001:00053d0c       __call_reportfault         00454d0c f   LIBCMT:invarg.obj
 0001:00053e2f       __initp_misc_invarg        00454e2f f   LIBCMT:invarg.obj
 0001:00053e3c       __invalid_parameter        00454e3c f   LIBCMT:invarg.obj
 0001:00053e67       __invalid_parameter_noinfo 00454e67 f   LIBCMT:invarg.obj
 0001:00053e77       __invoke_watson            00454e77 f   LIBCMT:invarg.obj
 0001:00053ea2       __fileno                   00454ea2 f   LIBCMT:fileno.obj
 0001:00053ec6       __close                    00454ec6 f   LIBCMT:close.obj
 0001:00053f90       __close_nolock             00454f90 f   LIBCMT:close.obj
 0001:0005402a       ___doserrno                0045502a f   LIBCMT:dosmap.obj
 0001:0005403d       __dosmaperr                0045503d f   LIBCMT:dosmap.obj
 0001:0005405e       __errno                    0045505e f   LIBCMT:dosmap.obj
 0001:00054071       __get_errno_from_oserr     00455071 f   LIBCMT:dosmap.obj
 0001:000540b2       __freebuf                  004550b2 f   LIBCMT:_freebuf.obj
 0001:000540f0       __SEH_prolog4              004550f0 f   LIBCMT:sehprolg4.obj
 0001:00054135       __SEH_epilog4              00455135 f   LIBCMT:sehprolg4.obj
 0001:00054150       __except_handler4          00455150 f   LIBCMT:chandler4.obj
 0001:000542e5       __filbuf                   004552e5 f   LIBCMT:_filbuf.obj
 0001:00054406       __ioinit                   00455406 f   LIBCMT:ioinit.obj
 0001:000546b4       __getstream                004556b4 f   LIBCMT:stream.obj
 0001:000547cc       __openfile                 004557cc f   LIBCMT:_open.obj
 0001:00054a50       __local_unwind4            00455a50 f   LIBCMT:exsup4.obj
 0001:00054b26       __seh_longjmp_unwind4@4    00455b26 f   LIBCMT:exsup4.obj
 0001:00054b42       @_EH4_CallFilterFunc@8     00455b42 f   LIBCMT:exsup4.obj
 0001:00054b59       @_EH4_TransferToHandler@8  00455b59 f   LIBCMT:exsup4.obj
 0001:00054b72       @_EH4_GlobalUnwind2@8      00455b72 f   LIBCMT:exsup4.obj
 0001:00054b8b       @_EH4_LocalUnwind@16       00455b8b f   LIBCMT:exsup4.obj
 0001:00054ba2       ___isa_available_init      00455ba2 f   LIBCMT:cpu_disp.obj
 0001:00054cdb       _memcpy_s                  00455cdb f   LIBCMT:memcpy_s.obj
 0001:00054d5a       _wcscat_s                  00455d5a f   LIBCMT:wcscat_s.obj
 0001:00054dc6       _wcscpy_s                  00455dc6 f   LIBCMT:wcscpy_s.obj
 0001:00054e22       _wcslen                    00455e22 f   LIBCMT:wcslen.obj
 0001:00054e3b       _wcsncat_s                 00455e3b f   LIBCMT:wcsncat_s.obj
 0001:00054f09       ___set_app_type            00455f09 f   LIBCMT:errmode.obj
 0001:00054f16       __set_error_mode           00455f16 f   LIBCMT:errmode.obj
 0001:00054f56       __itow_s                   00455f56 f   LIBCMT:xtows.obj
 0001:00055072       _setvbuf                   00456072 f   LIBCMT:setvbuf.obj
 0001:00055178       _fwprintf                  00456178 f   LIBCMT:fwprintf.obj
 0001:00055209       __vswprintf_c_l            00456209 f   LIBCMT:vswprnc.obj
 0001:00055231       __vswprintf_helper         00456231 f   LIBCMT:vswprnc.obj
 0001:0005532a       ___get_sigabrt             0045632a f   LIBCMT:winsig.obj
 0001:00055337       __initp_misc_winsig        00456337 f   LIBCMT:winsig.obj
 0001:00055353       _raise                     00456353 f   LIBCMT:winsig.obj
 0001:00055544       ___crtMessageBoxW          00456544 f   LIBCMT:crtmboxw.obj
 0001:00055726       __FF_MSGBANNER             00456726 f   LIBCMT:crt0msg.obj
 0001:0005575f       __GET_RTERRMSG             0045675f f   LIBCMT:crt0msg.obj
 0001:00055783       __NMSG_WRITE               00456783 f   LIBCMT:crt0msg.obj
 0001:0005593e       __fltin2                   0045693e f   LIBCMT:cfin.obj
 0001:000559e3       ___strgtold12_l            004569e3 f   LIBCMT:strgtold.obj
 0001:0005615f       ___addlocaleref            0045715f f   LIBCMT:localref.obj
 0001:000561ef       ___freetlocinfo            004571ef f   LIBCMT:localref.obj
 0001:00056349       ___removelocaleref         00457349 f   LIBCMT:localref.obj
 0001:000563e4       ___updatetlocinfo          004573e4 f   LIBCMT:localref.obj
 0001:00056460       __updatetlocinfoEx_nolock  00457460 f   LIBCMT:localref.obj
 0001:000564ab       ___initmbctable            004574ab f   LIBCMT:mbctype.obj
 0001:00056766       ___updatetmbcinfo          00457766 f   LIBCMT:mbctype.obj
 0001:0005680b       __setmbcp                  0045780b f   LIBCMT:mbctype.obj
 0001:000569b9       __setmbcp_nolock           004579b9 f   LIBCMT:mbctype.obj
 0001:00056bae       __isctype_l                00457bae f   LIBCMT:isctype.obj
 0001:00056c5d       __freefls@4                00457c5d f   LIBCMT:tidtable.obj
 0001:00056d94       __getptd                   00457d94 f   LIBCMT:tidtable.obj
 0001:00056dac       __getptd_noexit            00457dac f   LIBCMT:tidtable.obj
 0001:00056e1b       __initptd                  00457e1b f   LIBCMT:tidtable.obj
 0001:00056ece       __mtinit                   00457ece f   LIBCMT:tidtable.obj
 0001:00056f44       __mtterm                   00457f44 f   LIBCMT:tidtable.obj
 0001:00056f61       __VEC_memset               00457f61 f   LIBCMT:p4_memset.obj
 0001:00057029       __flsbuf                   00458029 f   LIBCMT:_flsbuf.obj
 0001:00057176       __output_l                 00458176 f   LIBCMT:output.obj
 0001:00057de8       __cfltcvt                  00458de8 f   LIBCMT:cvt.obj
 0001:00057e09       __cfltcvt_l                00458e09 f   LIBCMT:cvt.obj
 0001:00057e8f       __cftoa_l                  00458e8f f   LIBCMT:cvt.obj
 0001:000581e9       __cftoe                    004591e9 f   LIBCMT:cvt.obj
 0001:00058356       __cftoe_l                  00459356 f   LIBCMT:cvt.obj
 0001:0005850c       __cftof_l                  0045950c f   LIBCMT:cvt.obj
 0001:000585cb       __cftog_l                  004595cb f   LIBCMT:cvt.obj
 0001:000586c8       __cropzeros                004596c8 f   LIBCMT:cvt.obj
 0001:000586d9       __cropzeros_l              004596d9 f   LIBCMT:cvt.obj
 0001:00058757       __fassign                  00459757 f   LIBCMT:cvt.obj
 0001:0005876f       __fassign_l                0045976f f   LIBCMT:cvt.obj
 0001:000587af       __forcdecpt                004597af f   LIBCMT:cvt.obj
 0001:000587c0       __forcdecpt_l              004597c0 f   LIBCMT:cvt.obj
 0001:00058832       __positive                 00459832 f   LIBCMT:cvt.obj
 0001:00058874       __setdefaultprecision      00459874 f   LIBCMT:fp8.obj
 0001:0005889b       __initp_misc_cfltcvt_tab   0045989b f   LIBCMT:cmiscdat.obj
 0001:000588ba       __locterm                  004598ba f   LIBCMT:wsetloca.obj
 0001:0005890c       __fcloseall                0045990c f   LIBCMT:closeall.obj
 0001:000589a9       __lock                     004599a9 f   LIBCMT:mlock.obj
 0001:000589dd       __mtdeletelocks            004599dd f   LIBCMT:mlock.obj
 0001:00058a31       __mtinitlocknum            00459a31 f   LIBCMT:mlock.obj
 0001:00058ad8       __mtinitlocks              00459ad8 f   LIBCMT:mlock.obj
 0001:00058b0d       __unlock                   00459b0d f   LIBCMT:mlock.obj
 0001:00058b22       __calloc_crt               00459b22 f   LIBCMT:crtheap.obj
 0001:00058b6c       __malloc_crt               00459b6c f   LIBCMT:crtheap.obj
 0001:00058bb5       __realloc_crt              00459bb5 f   LIBCMT:crtheap.obj
 0001:00058c01       __recalloc_crt             00459c01 f   LIBCMT:crtheap.obj
 0001:00058c51       __commit                   00459c51 f   LIBCMT:commit.obj
 0001:00058d37       __write                    00459d37 f   LIBCMT:write.obj
 0001:00058e19       __write_nolock             00459e19 f   LIBCMT:write.obj
 0001:00059643       __ftbuf                    0045a643 f   LIBCMT:_sftbuf.obj
 0001:00059674       __stbuf                    0045a674 f   LIBCMT:_sftbuf.obj
 0001:0005971a       __isleadbyte_l             0045a71a f i LIBCMT:_wctype.obj
 0001:00059750       _isleadbyte                0045a750 f i LIBCMT:_wctype.obj
 0001:0005994a       ___crtLCMapStringA         0045a94a f   LIBCMT:a_map.obj
 0001:0005998e       __freea                    0045a98e f i LIBCMT:a_map.obj
 0001:000599ac       _strcpy_s                  0045a9ac f   LIBCMT:strcpy_s.obj
 0001:0005a3fc       __Wcsftime_l               0045b3fc f   LIBCMT:wcsftime.obj
 0001:0005a53d       __heap_init                0045b53d f   LIBCMT:heapinit.obj
 0001:0005a552       __callnewh                 0045b552 f   LIBCMT:handler.obj
 0001:0005a578       __initp_heap_handler       0045b578 f   LIBCMT:handler.obj
 0001:0005a627       __input_l                  0045b627 f   LIBCMT:input.obj
 0001:0005b743       __read                     0045c743 f   LIBCMT:read.obj
 0001:0005b84b       __read_nolock              0045c84b f   LIBCMT:read.obj
 0001:0005bfda       __getbuf                   0045cfda f   LIBCMT:_getbuf.obj
 0001:0005c020       __crt_debugger_hook        0045d020 f   LIBCMT:dbghook.obj
 0001:0005c028       ___crtFlsAlloc             0045d028 f   LIBCMT:winapisupp.obj
 0001:0005c046       ___crtFlsFree              0045d046 f   LIBCMT:winapisupp.obj
 0001:0005c065       ___crtFlsGetValue          0045d065 f   LIBCMT:winapisupp.obj
 0001:0005c084       ___crtFlsSetValue          0045d084 f   LIBCMT:winapisupp.obj
 0001:0005c0a6       ___crtGetShowWindowMode    0045d0a6 f   LIBCMT:winapisupp.obj
 0001:0005c0c7       ___crtIsPackagedApp        0045d0c7 f   LIBCMT:winapisupp.obj
 0001:0005c105       ___crtLoadWinApiPointers   0045d105 f   LIBCMT:winapisupp.obj
 0001:0005c344       ___crtSetUnhandledExceptionFilter 0045d344 f   LIBCMT:winapisupp.obj
 0001:0005c352       ___crtTerminateProcess     0045d352 f   LIBCMT:winapisupp.obj
 0001:0005c367       ___crtUnhandledException   0045d367 f   LIBCMT:winapisupp.obj
 0001:0005c37d       __RTC_Initialize           0045d37d f   LIBCMT:initsect.obj
 0001:0005c39d       __RTC_Terminate            0045d39d f   LIBCMT:initsect.obj
 0001:0005c3c0       __FindPESection            0045d3c0 f   LIBCMT:pesect.obj
 0001:0005c410       __IsNonwritableInCurrentImage 0045d410 f   LIBCMT:pesect.obj
 0001:0005c4d0       __ValidateImageBase        0045d4d0 f   LIBCMT:pesect.obj
 0001:0005c501       ___onexitinit              0045d501 f   LIBCMT:onexit.obj
 0001:0005c530       __onexit                   0045d530 f   LIBCMT:onexit.obj
 0001:0005c626       _atexit                    0045d626 f   LIBCMT:onexit.obj
 0001:0005c63b       ?terminate@@YAXXZ          0045d63b f   LIBCMT:hooks.obj
 0001:0005c66f       __initp_eh_hooks           0045d66f f   LIBCMT:hooks.obj
 0001:0005c680       __initp_misc_purevirt      0045d680 f   LIBCMT:inithelp.obj
 0001:0005c68d       __initp_misc_rand_s        0045d68d f   LIBCMT:rand_s.obj
 0001:0005c69a       _strnlen                   0045d69a f   LIBCMT:strlen_s.obj
 0001:0005c6b5       ___wtomb_environ           0045d6b5 f   LIBCMT:wtombenv.obj
 0001:0005c742       __mbsnbicoll               0045d742 f   LIBCMT:mbsnbico.obj
 0001:0005c75a       __mbsnbicoll_l             0045d75a f   LIBCMT:mbsnbico.obj
 0001:0005c810       __aulldiv                  0045d810 f   LIBCMT:ulldiv.obj
 0001:0005c878       ?__CxxUnhandledExceptionFilter@@YGJPAU_EXCEPTION_POINTERS@@@Z 0045d878 f   LIBCMT:unhandld.obj
 0001:0005c8b9       ___CxxSetUnhandledExceptionFilter 0045d8b9 f   LIBCMT:unhandld.obj
 0001:0005c8c7       __XcptFilter               0045d8c7 f   LIBCMT:winxfltr.obj
 0001:0005ca22       __setargv                  0045da22 f   LIBCMT:stdargv.obj
 0001:0005cc4f       __setenvp                  0045dc4f f   LIBCMT:stdenvp.obj
 0001:0005cd30       ___security_init_cookie    0045dd30 f   LIBCMT:gs_support.obj
 0001:0005cdca       ___crtGetEnvironmentStringsA 0045ddca f   LIBCMT:a_env.obj
 0001:0005ce55       __wincmdln                 0045de55 f   LIBCMT:wincmdln.obj
 0001:0005ceb4       ___lock_fhandle            0045deb4 f   LIBCMT:osfinfo.obj
 0001:0005cf40       __alloc_osfhnd             0045df40 f   LIBCMT:osfinfo.obj
 0001:0005d0e5       __free_osfhnd              0045e0e5 f   LIBCMT:osfinfo.obj
 0001:0005d16b       __get_osfhandle            0045e16b f   LIBCMT:osfinfo.obj
 0001:0005d1d2       __set_osfhnd               0045e1d2 f   LIBCMT:osfinfo.obj
 0001:0005d254       __unlock_fhandle           0045e254 f   LIBCMT:osfinfo.obj
 0001:0005d27a       __sopen_helper             0045e27a f   LIBCMT:open.obj
 0001:0005d341       __sopen_nolock             0045e341 f   LIBCMT:open.obj
 0001:0005d38d       __sopen_s                  0045e38d f   LIBCMT:open.obj
 0001:0005d3ab       __mbsnbcmp                 0045e3ab f   LIBCMT:mbsnbcmp.obj
 0001:0005d3c3       __mbsnbcmp_l               0045e3c3 f   LIBCMT:mbsnbcmp.obj
 0001:0005d4d8       __mbsnbicmp                0045e4d8 f   LIBCMT:mbsnbicm.obj
 0001:0005d4f0       __mbsnbicmp_l              0045e4f0 f   LIBCMT:mbsnbicm.obj
 0001:0005d6b0       __global_unwind2           0045e6b0 f   LIBCMT:exsup.obj
 0001:0005d715       __local_unwind2            0045e715 f   LIBCMT:exsup.obj
 0001:0005d799       __abnormal_termination     0045e799 f   LIBCMT:exsup.obj
 0001:0005d7bc       __NLG_Notify1              0045e7bc f   LIBCMT:exsup.obj
 0001:0005d7c5       __NLG_Notify               0045e7c5 f   LIBCMT:exsup.obj
 0001:0005d7dc       __NLG_Dispatch             0045e7dc     LIBCMT:exsup.obj
 0001:0005d7dc       __NLG_Dispatch2            0045e7dc     LIBCMT:exsup.obj
 0001:0005d7e4       __NLG_Call                 0045e7e4 f   LIBCMT:exsup.obj
 0001:0005d7e6       __NLG_Return2              0045e7e6     LIBCMT:exsup.obj
 0001:0005d7e7       __woutput_l                0045e7e7 f   LIBCMT:woutput.obj
 0001:0005e4de       _wcsncpy_s                 0045f4de f   LIBCMT:wcsncpy_s.obj
 0001:0005e59c       __ld12tod                  0045f59c f   LIBCMT:intrncvt.obj
 0001:0005eb0c       __ld12tof                  0045fb0c f   LIBCMT:intrncvt.obj
 0001:0005f07c       ___mtold12                 0046007c f   LIBCMT:mantold.obj
 0001:0005f25e       ___free_lconv_mon          0046025e f   LIBCMT:initmon.obj
 0001:0005f35a       ___free_lconv_num          0046035a f   LIBCMT:initnum.obj
 0001:0005f3c1       ___free_lc_time            004603c1 f   LIBCMT:inittime.obj
 0001:0005f82d       ___crtGetStringTypeA       0046082d f   LIBCMT:a_str.obj
 0001:0005f86b       __isatty                   0046086b f   LIBCMT:isatty.obj
 0001:0005f8bf       __lseeki64                 004608bf f   LIBCMT:lseeki64.obj
 0001:0005f9bb       __lseeki64_nolock          004609bb f   LIBCMT:lseeki64.obj
 0001:0005fa2c       __get_printf_count_output  00460a2c f   LIBCMT:printf.obj
 0001:0005fa41       __wctomb_s_l               00460a41 f   LIBCMT:wctomb.obj
 0001:0005fb63       _wctomb_s                  00460b63 f   LIBCMT:wctomb.obj
 0001:0005fb7e       __fptostr                  00460b7e f   LIBCMT:_fptostr.obj
 0001:0005fc2e       __atodbl_l                 00460c2e f   LIBCMT:atodbl.obj
 0001:0005fcba       __atoflt_l                 00460cba f   LIBCMT:atodbl.obj
 0001:0005fd46       ___dtold                   00460d46 f   LIBCMT:cfout.obj
 0001:0005fe0c       __fltout2                  00460e0c f   LIBCMT:cfout.obj
 0001:0005fea0       __alldvrm                  00460ea0 f   LIBCMT:lldvrm.obj
 0001:0005ff80       __aullshr                  00460f80 f   LIBCMT:ullshr.obj
 0001:0005ff9f       __controlfp_s              00460f9f f   LIBCMT:contrlfp.obj
 0001:0005fffc       __fptrap                   00460ffc f   LIBCMT:crt0fp.obj
 0001:00060005       ____lc_codepage_func       00461005 f   LIBCMT:initctyp.obj
 0001:0006002b       _wcsnlen                   0046102b f   LIBCMT:wcslen_s.obj
 0001:0006004a       _GetTableIndexFromLocaleName 0046104a f   LIBCMT:winapinls.obj
 0001:00060098       ___crtCompareStringEx      00461098 f   LIBCMT:winapinls.obj
 0001:000600e4       ___crtDownlevelLocaleNameToLCID 004610e4 f   LIBCMT:winapinls.obj
 0001:0006010e       ___crtGetDateFormatEx      0046110e f   LIBCMT:winapinls.obj
 0001:00060157       ___crtGetTimeFormatEx      00461157 f   LIBCMT:winapinls.obj
 0001:0006018c       ___crtLCMapStringEx        0046118c f   LIBCMT:winapinls.obj
 0001:000601d8       ___wcsnicmp_ascii          004611d8 f   LIBCMT:winapinls.obj
 0001:00060246       __recalloc                 00461246 f   LIBCMT:recalloc.obj
 0001:000602af       __calloc_impl              004612af f   LIBCMT:calloc_impl.obj
 0001:00060329       __mbtowc_l                 00461329 f   LIBCMT:mbtowc.obj
 0001:0006041c       _mbtowc                    0046141c f   LIBCMT:mbtowc.obj
 0001:00060434       __putwch_nolock            00461434 f   LIBCMT:putwch.obj
 0001:00060475       _iswctype                  00461475 f   LIBCMT:iswctype.obj
 0001:000604d0       __alloca_probe_16          004614d0 f   LIBCMT:alloca16.obj
 0001:000604e6       __alloca_probe_8           004614e6     LIBCMT:alloca16.obj
 0001:000604fc       __wcsicmp                  004614fc f   LIBCMT:wcsicmp.obj
 0001:0006058f       __wcsicmp_l                0046158f f   LIBCMT:wcsicmp.obj
 0001:00060668       ___tzset                   00461668 f   LIBCMT:tzset.obj
 0001:000609ec       __mbstowcs_l_helper        004619ec f   LIBCMT:mbstowcs.obj
 0001:00060b4b       __mbstowcs_s_l             00461b4b f   LIBCMT:mbstowcs.obj
 0001:00060c27       ___daylight                00461c27 f   LIBCMT:timeset.obj
 0001:00060c2d       ___dstbias                 00461c2d f   LIBCMT:timeset.obj
 0001:00060c33       ___timezone                00461c33 f   LIBCMT:timeset.obj
 0001:00060c39       ___tzname                  00461c39 f   LIBCMT:timeset.obj
 0001:00060c3f       __get_daylight             00461c3f f   LIBCMT:timeset.obj
 0001:00060c69       __get_dstbias              00461c69 f   LIBCMT:timeset.obj
 0001:00060c93       __get_timezone             00461c93 f   LIBCMT:timeset.obj
 0001:00060cbd       __msize                    00461cbd f   LIBCMT:msize.obj
 0001:00060cee       ___crtsetenv               00461cee f   LIBCMT:setenv.obj
 0001:00060fef       __strnicoll_l              00461fef f   LIBCMT:strnicol.obj
 0001:0006133d       ___crtCompareStringA       0046233d f   LIBCMT:a_cmp.obj
 0001:000613d4       __ismbblead                004623d4 f   LIBCMT:ismbbyte.obj
 0001:0006147b       __wsopen_nolock            0046247b f   LIBCMT:wopen.obj
 0001:00061bcc       _strnicmp                  00462bcc f   LIBCMT:strnicmp.obj
 0001:00061bcc       __strnicmp                 00462bcc f   LIBCMT:strnicmp.obj
 0001:00061c37       __strnicmp_l               00462c37 f   LIBCMT:strnicmp.obj
 0001:00061ce6       __fputwc_nolock            00462ce6 f   LIBCMT:fputwc.obj
 0001:00061e6b       _$I10_OUTPUT               00462e6b f   LIBCMT:x10fout.obj
 0001:000628d8       __control87                004638d8 f i LIBCMT:ieee87.obj
 0001:00062c6f       ___termconout              00463c6f f   LIBCMT:initcon.obj
 0001:00062c86       ___initconout              00463c86 f   LIBCMT:initcon.obj
 0001:00062ca5       __towlower_l               00463ca5 f   LIBCMT:towlower.obj
 0001:00062d57       __strdup                   00463d57 f   LIBCMT:strdup.obj
 0001:00062da7       __mbschr                   00463da7 f   LIBCMT:mbschr.obj
 0001:00062dbc       __mbschr_l                 00463dbc f   LIBCMT:mbschr.obj
 0001:00062e57       __chsize_nolock            00463e57 f   LIBCMT:chsize.obj
 0001:0006300b       __get_fmode                0046400b f   LIBCMT:setmode.obj
 0001:00063035       __setmode_nolock           00464035 f   LIBCMT:setmode.obj
 0001:00063110       ___ascii_strnicmp          00464110 f   LIBCMT:_strnicm.obj
 0001:00063171       __flswbuf                  00464171 f   LIBCMT:_flswbuf.obj
 0001:000632d1       ___set_fpsr_sse2           004642d1 f   LIBCMT:fpctrl.obj
 0001:00063347       ___crtLCMapStringW         00464347 f   LIBCMT:w_map.obj
 0001:00063376       _IsProcessorFeaturePresent@4 00464376 f   kernel32:KERNEL32.dll
 0001:0006337c       _RtlUnwind@16              0046437c f   kernel32:KERNEL32.dll
 0001:00063382       ___ascii_stricmp           00464382 f   LIBCMT:stricmp.obj
 0001:000633bb       __stricmp                  004643bb f   LIBCMT:stricmp.obj
 0001:000633bb       _stricmp                   004643bb f   LIBCMT:stricmp.obj
 0001:00063402       __stricmp_l                00464402 f   LIBCMT:stricmp.obj
 0002:00000000       __imp__RegCloseKey@4       00465000     advapi32:ADVAPI32.dll
 0002:00000004       __imp__RegOpenKeyA@12      00465004     advapi32:ADVAPI32.dll
 0002:00000008       __imp__RegQueryValueExA@24 00465008     advapi32:ADVAPI32.dll
 0002:0000000c       __imp__GetUserNameA@8      0046500c     advapi32:ADVAPI32.dll
 0002:00000010       __imp__CopySid@12          00465010     advapi32:ADVAPI32.dll
 0002:00000014       __imp__GetLengthSid@4      00465014     advapi32:ADVAPI32.dll
 0002:00000018       __imp__RegCreateKeyA@12    00465018     advapi32:ADVAPI32.dll
 0002:0000001c       __imp__RegCreateKeyExA@36  0046501c     advapi32:ADVAPI32.dll
 0002:00000020       __imp__RegDeleteKeyA@8     00465020     advapi32:ADVAPI32.dll
 0002:00000024       __imp__RegDeleteValueA@8   00465024     advapi32:ADVAPI32.dll
 0002:00000028       __imp__RegEnumKeyA@16      00465028     advapi32:ADVAPI32.dll
 0002:0000002c       __imp__RegSetValueExA@24   0046502c     advapi32:ADVAPI32.dll
 0002:00000030       \177ADVAPI32_NULL_THUNK_DATA 00465030     advapi32:ADVAPI32.dll
 0002:00000034       __imp__DrawInsert@12       00465034     comctl32:COMCTL32.dll
 0002:00000038       __imp__LBItemFromPt@16     00465038     comctl32:COMCTL32.dll
 0002:0000003c       __imp__InitCommonControls@0 0046503c     comctl32:COMCTL32.dll
 0002:00000040       __imp__MakeDragList@4      00465040     comctl32:COMCTL32.dll
 0002:00000044       \177COMCTL32_NULL_THUNK_DATA 00465044     comctl32:COMCTL32.dll
 0002:00000048       __imp__ChooseColorA@4      00465048     comdlg32:COMDLG32.dll
 0002:0000004c       __imp__ChooseFontA@4       0046504c     comdlg32:COMDLG32.dll
 0002:00000050       __imp__GetOpenFileNameA@4  00465050     comdlg32:COMDLG32.dll
 0002:00000054       __imp__GetSaveFileNameA@4  00465054     comdlg32:COMDLG32.dll
 0002:00000058       \177COMDLG32_NULL_THUNK_DATA 00465058     comdlg32:COMDLG32.dll
 0002:0000005c       __imp__CreateCompatibleDC@4 0046505c     gdi32:GDI32.dll
 0002:00000060       __imp__CreateFontIndirectA@4 00465060     gdi32:GDI32.dll
 0002:00000064       __imp__CreateSolidBrush@4  00465064     gdi32:GDI32.dll
 0002:00000068       __imp__DeleteDC@4          00465068     gdi32:GDI32.dll
 0002:0000006c       __imp__DeleteObject@4      0046506c     gdi32:GDI32.dll
 0002:00000070       __imp__GetStockObject@4    00465070     gdi32:GDI32.dll
 0002:00000074       __imp__GetTextExtentPoint32A@16 00465074     gdi32:GDI32.dll
 0002:00000078       __imp__Rectangle@20        00465078     gdi32:GDI32.dll
 0002:0000007c       __imp__SelectObject@8      0046507c     gdi32:GDI32.dll
 0002:00000080       __imp__SetBkColor@8        00465080     gdi32:GDI32.dll
 0002:00000084       __imp__SetTextColor@8      00465084     gdi32:GDI32.dll
 0002:00000088       __imp__TextOutA@20         00465088     gdi32:GDI32.dll
 0002:0000008c       __imp__CreateFontA@56      0046508c     gdi32:GDI32.dll
 0002:00000090       __imp__GetDeviceCaps@8     00465090     gdi32:GDI32.dll
 0002:00000094       __imp__GetTextExtentExPointA@28 00465094     gdi32:GDI32.dll
 0002:00000098       __imp__SetMapMode@8        00465098     gdi32:GDI32.dll
 0002:0000009c       __imp__GetTextMetricsA@8   0046509c     gdi32:GDI32.dll
 0002:000000a0       __imp__CreateBitmap@20     004650a0     gdi32:GDI32.dll
 0002:000000a4       __imp__CreateCompatibleBitmap@12 004650a4     gdi32:GDI32.dll
 0002:000000a8       __imp__CreatePalette@4     004650a8     gdi32:GDI32.dll
 0002:000000ac       __imp__CreatePen@12        004650ac     gdi32:GDI32.dll
 0002:000000b0       __imp__ExcludeClipRect@20  004650b0     gdi32:GDI32.dll
 0002:000000b4       __imp__GetBkMode@4         004650b4     gdi32:GDI32.dll
 0002:000000b8       __imp__GetCharWidthA@16    004650b8     gdi32:GDI32.dll
 0002:000000bc       __imp__GetCharWidthW@16    004650bc     gdi32:GDI32.dll
 0002:000000c0       __imp__GetCharWidth32A@16  004650c0     gdi32:GDI32.dll
 0002:000000c4       __imp__GetCharWidth32W@16  004650c4     gdi32:GDI32.dll
 0002:000000c8       __imp__GetCharABCWidthsFloatA@16 004650c8     gdi32:GDI32.dll
 0002:000000cc       __imp__GetPixel@12         004650cc     gdi32:GDI32.dll
 0002:000000d0       __imp__TranslateCharsetInfo@12 004650d0     gdi32:GDI32.dll
 0002:000000d4       __imp__GetCharacterPlacementW@24 004650d4     gdi32:GDI32.dll
 0002:000000d8       __imp__IntersectClipRect@20 004650d8     gdi32:GDI32.dll
 0002:000000dc       __imp__LineTo@12           004650dc     gdi32:GDI32.dll
 0002:000000e0       __imp__RealizePalette@4    004650e0     gdi32:GDI32.dll
 0002:000000e4       __imp__SelectPalette@12    004650e4     gdi32:GDI32.dll
 0002:000000e8       __imp__SetBkMode@8         004650e8     gdi32:GDI32.dll
 0002:000000ec       __imp__SetPaletteEntries@16 004650ec     gdi32:GDI32.dll
 0002:000000f0       __imp__SetPixel@16         004650f0     gdi32:GDI32.dll
 0002:000000f4       __imp__SetTextAlign@8      004650f4     gdi32:GDI32.dll
 0002:000000f8       __imp__UpdateColors@4      004650f8     gdi32:GDI32.dll
 0002:000000fc       __imp__GetObjectA@12       004650fc     gdi32:GDI32.dll
 0002:00000100       __imp__MoveToEx@16         00465100     gdi32:GDI32.dll
 0002:00000104       __imp__ExtTextOutA@32      00465104     gdi32:GDI32.dll
 0002:00000108       __imp__ExtTextOutW@32      00465108     gdi32:GDI32.dll
 0002:0000010c       __imp__Polyline@12         0046510c     gdi32:GDI32.dll
 0002:00000110       __imp__UnrealizeObject@4   00465110     gdi32:GDI32.dll
 0002:00000114       \177GDI32_NULL_THUNK_DATA  00465114     gdi32:GDI32.dll
 0002:00000118       __imp__ImmReleaseContext@8 00465118     imm32:IMM32.dll
 0002:0000011c       __imp__ImmGetCompositionStringW@16 0046511c     imm32:IMM32.dll
 0002:00000120       __imp__ImmSetCompositionFontA@8 00465120     imm32:IMM32.dll
 0002:00000124       __imp__ImmSetCompositionWindow@8 00465124     imm32:IMM32.dll
 0002:00000128       __imp__ImmGetContext@4     00465128     imm32:IMM32.dll
 0002:0000012c       \177IMM32_NULL_THUNK_DATA  0046512c     imm32:IMM32.dll
 0002:00000130       __imp__SetEndOfFile@4      00465130     kernel32:KERNEL32.dll
 0002:00000134       __imp__CreateFileW@28      00465134     kernel32:KERNEL32.dll
 0002:00000138       __imp__SetEnvironmentVariableA@8 00465138     kernel32:KERNEL32.dll
 0002:0000013c       __imp__HeapSize@12         0046513c     kernel32:KERNEL32.dll
 0002:00000140       __imp__GetTimeZoneInformation@4 00465140     kernel32:KERNEL32.dll
 0002:00000144       __imp__LCMapStringW@24     00465144     kernel32:KERNEL32.dll
 0002:00000148       __imp__CompareStringW@24   00465148     kernel32:KERNEL32.dll
[...]
 0002:0001f09e       .idata$6                   0048409e     ole32:ole32.dll
 0002:0001f0b8       .idata$6                   004840b8     shell32:SHELL32.dll
 0002:0001f7d6       .idata$6                   004847d6     user32:USER32.dll
 0002:0001f7f0       .idata$6                   004847f0     winmm:WINMM.dll
 0002:0001f884       .idata$6                   00484884     winspool:WINSPOOL.DRV
 0002:00020132       .idata$6                   00485132     kernel32:KERNEL32.dll
 0003:00000018       _subkeytypes               00486018     conf.obj
 0003:000002d0       _valuetypes                004862d0     conf.obj
 0003:000005a0       _gss_mech_krb5_desc        004865a0     pgssapi.obj
 0003:00000648       _hostkey_algs              00486648     ssh.obj
 0003:00000650       _macs                      00486650     ssh.obj
 0003:00000660       _buggymacs                 00486660     ssh.obj
 0003:0000066c       _compressions              0048666c     ssh.obj
 0003:00000674       ?noprompt@?IG@??do_ssh2_authconn@@9@9 00486674     ssh.obj
 0003:00000798       ?tabs@?4??LogProc@@9@9     00486798     windlg.obj
 0003:000007a8       ?sel_nl@?8??LogProc@@9@9   004867a8     windlg.obj
 0003:000007ac       ?first_time@?3??request_resize@@9@9 004867ac     window.obj
 0003:000007b0       ?cursor_visible@?1??show_mouseptr@@9@9 004867b0     window.obj
 0003:000007b4       _caret_x                   004867b4     window.obj
 0003:000007b8       _caret_y                   004867b8     window.obj
 0003:000007bc       _wm_mousewheel             004867bc     window.obj
 0003:00000810       __assertstring             00486810     LIBCMT:wassert.obj
 0003:00000860       _dotdotdot                 00486860     LIBCMT:wassert.obj
 0003:00000864       _newline                   00486864     LIBCMT:wassert.obj
 0003:00000868       _dblnewline                00486868     LIBCMT:wassert.obj
 0003:00000b10       _errtable                  00486b10     LIBCMT:dosmap.obj
 0003:00000c78       _ErrnoNoMem                00486c78     LIBCMT:dosmap.obj
 0003:00000c7c       _DoserrorNoMem             00486c7c     LIBCMT:dosmap.obj
 0003:00000ccc       ___rgctypeflag             00486ccc     LIBCMT:mbctype.obj
 0003:00000cd0       ___rgcode_page_info        00486cd0     LIBCMT:mbctype.obj
 0003:00001450       __ctype_loc_style          00487450     LIBCMT:wsetloca.obj
 0003:00001458       __locktable                00487458     LIBCMT:mlock.obj
 0003:00001678       ?isPackaged@?1??__crtIsPackagedApp@@9@9 00487678     LIBCMT:winapisupp.obj
 0003:00001690       _DoubleFormat              00487690     LIBCMT:intrncvt.obj
 0003:000016a8       _FloatFormat               004876a8     LIBCMT:intrncvt.obj
 0003:000019f0       _dststart                  004879f0     LIBCMT:tzset.obj
 0003:000019fc       _dstend                    004879fc     LIBCMT:tzset.obj
 0003:00001a18       _tzstd                     00487a18     LIBCMT:timeset.obj
 0003:00001a58       _tzdst                     00487a58     LIBCMT:timeset.obj
 0003:00001b10       _over                      00487b10     LIBCMT:fpctrl.obj
 0003:00001b1c       _under                     00487b1c     LIBCMT:fpctrl.obj
 0003:00001b28       ?__DAZ_ENABLED@?1??__set_fpsr_sse2@@9@9 00487b28     LIBCMT:fpctrl.obj
 0003:00001b44       _cmdline_password          00487b44     cmdline.obj
 0003:00001b48       ?tried_once@?1??cmdline_get_passwd_input@@9@9 00487b48     cmdline.obj
 0003:00001b4c       _saves                     00487b4c     cmdline.obj
 0003:00001b64       _tip_class                 00487b64     sizetip.obj
 0003:00001b68       _tip_wnd                   00487b68     sizetip.obj
 0003:00001b6c       _tip_enabled               00487b6c     sizetip.obj
 0003:00001b70       _tip_font                  00487b70     sizetip.obj
 0003:00001b74       _tip_bg                    00487b74     sizetip.obj
 0003:00001b78       _tip_text                  00487b78     sizetip.obj
 0003:00001b80       ?ssh_specials@?1??ssh_get_specials@@9@9 00487b80     ssh.obj
 0003:00001c40       _pool                      00487c40     sshrand.obj
 0003:00002150       _timers                    00488150     timing.obj
 0003:00002154       _timer_contexts            00488154     timing.obj
 0003:00002158       _now                       00488158     timing.obj
 0003:00002160       ?draglistmsg@?1??winctrl_handle_command@@9@9 00488160     winctrls.obj
 0003:00002168       ?custom@?BF@??winctrl_handle_command@@9@9 00488168     winctrls.obj
 0003:000021a8       ?cc@?BF@??winctrl_handle_command@@9@9 004881a8     winctrls.obj
 0003:000021d0       _events                    004881d0     windlg.obj
 0003:000021d4       _nevents                   004881d4     windlg.obj
 0003:000021d8       _negsize                   004881d8     windlg.obj
 0003:000021dc       ?recurse@?1??force_normal@@9@9 004881dc     windlg.obj
 0003:000021e0       _ctrlbox                   004881e0     windlg.obj
 0003:000021e4       _ctrls_base                004881e4     windlg.obj
 0003:000021ec       _ctrls_panel               004881ec     windlg.obj
 0003:000021f8       _dp                        004881f8     windlg.obj
 0003:000022d0       ?forced_visible@?1??update_mouse_pointer@@9@9 004882d0     window.obj
 0003:000022d4       ?lpDx@?1??do_text_internal@@9@9 004882d4     window.obj
 0003:000022d8       ?reentering@?1??enact_pending_netevent@@9@9 004882d8     window.obj
 0003:000022dc       ?lpDx_len@?1??do_text_internal@@9@9 004882dc     window.obj
 0003:000022e0       _flashing                  004882e0     window.obj
 0003:000022e4       ?lastbeep@?2??do_beep@@9@9 004882e4     window.obj
 0003:000022e8       ?lastbeep@?5??do_beep@@9@9 004882e8     window.obj
 0003:000022ec       ?uni_buf@?BO@??do_text_internal@@9@9 004882ec     window.obj
 0003:000022f0       ?uni_len@?BO@??do_text_internal@@9@9 004882f0     window.obj
 0003:000022f4       ?directbuf@?CE@??do_text_internal@@9@9 004882f4     window.obj
 0003:000022f8       ?directlen@?CE@??do_text_internal@@9@9 004882f8     window.obj
 0003:000022fc       ?wbuf@?CH@??do_text_internal@@9@9 004882fc     window.obj
 0003:00002300       ?wlen@?CH@??do_text_internal@@9@9 00488300     window.obj
 0003:00002304       ?alt_sum@?1??TranslateKey@@9@9 00488304     window.obj
 0003:00002308       ?compose_char@?1??TranslateKey@@9@9 00488308     window.obj
 0003:0000230c       ?compose_keycode@?1??TranslateKey@@9@9 0048830c     window.obj
 0003:00002310       ?ignore_clip@?1??WndProc@@9@9 00488310     window.obj
 0003:00002314       ?need_backend_resize@?1??WndProc@@9@9 00488314     window.obj
 0003:00002318       ?fullscr_on_max@?1??WndProc@@9@9 00488318     window.obj
 0003:0000231c       ?processed_resize@?1??WndProc@@9@9 0048831c     window.obj
 0003:00002320       ?last_mousemove@?1??WndProc@@9@9 00488320     window.obj
 0003:00002324       _was_zoomed                00488324     window.obj
 0003:00002328       _pending_netevent          00488328     window.obj
 0003:0000232c       _pend_netevent_wParam      0048832c     window.obj
 0003:00002330       _pend_netevent_lParam      00488330     window.obj
 0003:0000233c       _reconfiguring             0048833c     window.obj
 0003:00002340       _specials                  00488340     window.obj
 0003:00002348       _specials_menu             00488348     window.obj
 0003:0000234c       _n_specials                0048834c     window.obj
 0003:00002368       _send_raw_mouse            00488368     window.obj
 0003:0000236c       _wheel_accumulator         0048836c     window.obj
 0003:00002370       _busy_status               00488370     window.obj
 0003:00002374       _compose_state             00488374     window.obj
 0003:00002378       ?wp@?CJ@??WndProc@@9@9     00488378     window.obj
 0003:0000237c       ?lp@?CJ@??WndProc@@9@9     0048837c     window.obj
 0003:00002380       ?wp@?CM@??WndProc@@9@9     00488380     window.obj
 0003:00002384       ?lp@?CM@??WndProc@@9@9     00488384     window.obj
 0003:00002388       _extra_width               00488388     window.obj
 0003:0000238c       _extra_height              0048838c     window.obj
 0003:00002390       _font_width                00488390     window.obj
 0003:00002394       _font_height               00488394     window.obj
 0003:00002398       _font_dualwidth            00488398     window.obj
 0003:0000239c       _font_varpitch             0048839c     window.obj
 0003:000023a0       _offset_width              004883a0     window.obj
 0003:000023a4       _offset_height             004883a4     window.obj
 0003:000023a8       _prev_rows                 004883a8     window.obj
 0003:000023ac       _prev_cols                 004883ac     window.obj
 0003:000023b0       _kbd_codepage              004883b0     window.obj
 0003:000023b4       _ldisc                     004883b4     window.obj
 0003:000023b8       _back                      004883b8     window.obj
 0003:000023bc       _backhandle                004883bc     window.obj
 0003:000023c0       _ucsdata                   004883c0     window.obj
 0003:00002ed0       _must_close_session        00488ed0     window.obj
 0003:00002ed4       _session_closed            00488ed4     window.obj
 0003:00002ed8       _clipboard_contents        00488ed8     window.obj
 0003:00002edc       _clipboard_length          00488edc     window.obj
 0003:00002ee0       _timing_next_time          00488ee0     window.obj
 0003:00002ee4       _popup_menus               00488ee4     window.obj
 0003:00002eec       _savedsess_menu            00488eec     window.obj
 0003:00002ef0       _sesslist                  00488ef0     window.obj
 0003:00002efc       _lfont                     00488efc     window.obj
 0003:00002f38       _fonts                     00488f38     window.obj
 0003:00003038       _fontflag                  00489038     window.obj
 0003:00003138       _bold_font_mode            00489138     window.obj
 0003:0000313c       _bold_colours              0048913c     window.obj
 0003:00003140       _und_mode                  00489140     window.obj
 0003:00003144       _descent                   00489144     window.obj
 0003:00003148       _colours                   00489148     window.obj
 0003:00003560       _pal                       00489560     window.obj
 0003:00003564       _logpal                    00489564     window.obj
 0003:00003568       _defpal                    00489568     window.obj
 0003:0000387c       _caretbm                   0048987c     window.obj
 0003:00003880       _dbltime                   00489880     window.obj
 0003:00003884       _lasttime                  00489884     window.obj
 0003:00003888       _lastact                   00489888     window.obj
 0003:0000388c       _lastbtn                   0048988c     window.obj
 0003:00003890       _window_name               00489890     window.obj
 0003:00003894       _icon_name                 00489894     window.obj
 0003:00003898       ?ss@?3??request_resize@@9@9 00489898     window.obj
 0003:000038a8       ?ss@?N@??reset_window@@9@9 004898a8     window.obj
 0003:000038b8       _resizing                  004898b8     window.obj
 0003:000038bc       ?keys_unicode@?1??TranslateKey@@9@9 004898bc     window.obj
 0003:000038c4       ?keys@?EC@??TranslateKey@@9@9 004898c4     window.obj
 0003:000038cc       ?keysb@?EC@??TranslateKey@@9@9 004898cc     window.obj
 0003:000038d0       _p_FlashWindowEx           004898d0     window.obj
 0003:000038d4       _next_flash                004898d4     window.obj
 0003:000038dc       _p_AcquireCredentialsHandleA 004898dc     wingss.obj
 0003:000038e0       _p_InitializeSecurityContextA 004898e0     wingss.obj
 0003:000038e4       _p_FreeContextBuffer       004898e4     wingss.obj
 0003:000038e8       _p_FreeCredentialsHandle   004898e8     wingss.obj
 0003:000038ec       _p_DeleteSecurityContext   004898ec     wingss.obj
 0003:000038f0       _p_QueryContextAttributesA 004898f0     wingss.obj
 0003:000038f4       _p_MakeSignature           004898f4     wingss.obj
 0003:000038f8       _handles_by_evtomain       004898f8     winhandl.obj
 0003:000038fc       _requested_help            004898fc     winhelp.obj
 0003:00003900       _help_path                 00489900     winhelp.obj
 0003:00003904       _help_has_contents         00489904     winhelp.obj
 0003:00003908       _p_HtmlHelpA               00489908     winhelp.obj
 0003:0000390c       _chm_path                  0048990c     winhelp.obj
 0003:00003910       _putty_path                00489910     winjump.obj
 0003:00004110       ?tried_usernameex@?2??get_username@@9@9 0048a110     winmisc.obj
 0003:00004114       ?sysdir@?1??load_system32_dll@@9@9 0048a114     winmisc.obj
 0003:00004118       _errstrings                0048a118     winmisc.obj
 0003:0000411c       ?p_GetUserNameExA@?1??get_username@@9@9 0048a11c     winmisc.obj
 0003:00004120       _winsock_module            0048a120     winnet.obj
 0003:00004124       _winsock2_module           0048a124     winnet.obj
 0003:00004128       _wship6_module             0048a128     winnet.obj
 0003:0000412c       _errstrings                0048a12c     winnet.obj
 0003:00004130       _sktree                    0048a130     winnet.obj
 0003:00004134       _p_WSAStartup              0048a134     winnet.obj
 0003:00004138       _p_WSACleanup              0048a138     winnet.obj
 0003:0000413c       _p_closesocket             0048a13c     winnet.obj
 0003:00004140       _p_ntohl                   0048a140     winnet.obj
 0003:00004144       _p_htonl                   0048a144     winnet.obj
 0003:00004148       _p_htons                   0048a148     winnet.obj
 0003:0000414c       _p_ntohs                   0048a14c     winnet.obj
 0003:00004150       _p_gethostname             0048a150     winnet.obj
 0003:00004154       _p_gethostbyname           0048a154     winnet.obj
 0003:00004158       _p_getservbyname           0048a158     winnet.obj
 0003:0000415c       _p_inet_addr               0048a15c     winnet.obj
 0003:00004160       _p_inet_ntoa               0048a160     winnet.obj
 0003:00004164       _p_connect                 0048a164     winnet.obj
 0003:00004168       _p_bind                    0048a168     winnet.obj
 0003:0000416c       _p_setsockopt              0048a16c     winnet.obj
 0003:00004170       _p_socket                  0048a170     winnet.obj
 0003:00004174       _p_listen                  0048a174     winnet.obj
 0003:00004178       _p_send                    0048a178     winnet.obj
 0003:0000417c       _p_shutdown                0048a17c     winnet.obj
 0003:00004180       _p_ioctlsocket             0048a180     winnet.obj
 0003:00004184       _p_accept                  0048a184     winnet.obj
 0003:00004188       _p_recv                    0048a188     winnet.obj
 0003:0000418c       _p_WSAIoctl                0048a18c     winnet.obj
 0003:00004190       _p_getaddrinfo             0048a190     winnet.obj
 0003:00004194       _p_freeaddrinfo            0048a194     winnet.obj
 0003:00004198       _p_getnameinfo             0048a198     winnet.obj
 0003:0000419c       _p_gai_strerror            0048a19c     winnet.obj
 0003:000041a0       _p_WSAAddressToStringA     0048a1a0     winnet.obj
 0003:000041a4       _n_local_interfaces        0048a1a4     winnet.obj
 0003:000041a8       _wsadata                   0048a1a8     winnet.obj
 0003:00004338       _local_interfaces          0048a338     winnet.obj
 0003:000047f8       _wincrypt_module           0048a7f8     winnoise.obj
 0003:000047fc       _p_CryptAcquireContextA    0048a7fc     winnoise.obj
 0003:00004800       _p_CryptGenRandom          0048a800     winnoise.obj
 0003:00004804       _p_CryptReleaseContext     0048a804     winnoise.obj
 0003:0000480c       _advapi                    0048a80c     winpgntc.obj
 0003:00004810       _p_OpenProcessToken        0048a810     winpgntc.obj
 0003:00004814       _p_GetTokenInformation     0048a814     winpgntc.obj
 0003:00004818       _p_InitializeSecurityDescriptor 0048a818     winpgntc.obj
 0003:0000481c       _p_SetSecurityDescriptorOwner 0048a81c     winpgntc.obj
 0003:00004820       _tried_shgetfolderpath     0048a820     winstore.obj
 0003:00004824       _shell32_module            0048a824     winstore.obj
 0003:00004828       _p_SHGetFolderPathA        0048a828     winstore.obj
 0003:0000482c       ?c@?1??check_compose_internal@@9@9 0048a82c     winucs.obj
 0003:00004830       ?buf@?1??cp_name@@9@9      0048a830     winucs.obj
 0003:00004858       _GS_ExceptionRecord        0048a858     LIBCMT:gs_report.obj
 0003:000048a8       _GS_ContextRecord          0048a8a8     LIBCMT:gs_report.obj
 0003:00004b74       _DebuggerWasPresent        0048ab74     LIBCMT:gs_report.obj
 0003:00004cc4       _ctrlc_action              0048acc4     LIBCMT:winsig.obj
 0003:00004cc8       _ctrlbreak_action          0048acc8     LIBCMT:winsig.obj
 0003:00004ccc       _abort_action              0048accc     LIBCMT:winsig.obj
 0003:00004cd0       _term_action               0048acd0     LIBCMT:winsig.obj
 0003:00004cd4       _ConsoleCtrlHandler_Installed 0048acd4     LIBCMT:winsig.obj
 0003:00004cd8       ?pfnMessageBox@?1??__crtMessageBoxW@@9@9 0048acd8     LIBCMT:crtmboxw.obj
 0003:00004cdc       ?pfnGetActiveWindow@?1??__crtMessageBoxW@@9@9 0048acdc     LIBCMT:crtmboxw.obj
 0003:00004ce0       ?pfnGetLastActivePopup@?1??__crtMessageBoxW@@9@9 0048ace0     LIBCMT:crtmboxw.obj
 0003:00004ce4       ?pfnGetProcessWindowStation@?1??__crtMessageBoxW@@9@9 0048ace4     LIBCMT:crtmboxw.obj
 0003:00004ce8       ?pfnGetUserObjectInformation@?1??__crtMessageBoxW@@9@9 0048ace8     LIBCMT:crtmboxw.obj
 0003:00004cf8       ?outmsg@?8??_NMSG_WRITE@@9@9 0048acf8     LIBCMT:crt0msg.obj
 0003:00005338       _fSystemSet                0048b338     LIBCMT:mbctype.obj
 0003:00005340       _lclcritsects              0048b340     LIBCMT:mlock.obj
 0003:000054b0       _g_pfnRtlGenRandom         0048b4b0     LIBCMT:rand_s.obj
 0003:000054b8       ?_pgmname@?1??_setargv@@9@9 0048b4b8     LIBCMT:stdargv.obj
 0003:000055cc       ___enable_percent_n        0048b5cc     LIBCMT:printf.obj
 0003:000055d4       ___crtCallProc             0048b5d4     LIBCMT:winapinls.obj
 0003:000055d8       _lastTZ                    0048b5d8     LIBCMT:tzset.obj
 0003:000055dc       ?first_time@?1??__tzset@@9@9 0048b5dc     LIBCMT:tzset.obj
 0003:000055e0       _tzapiused                 0048b5e0     LIBCMT:tzset.obj
 0003:000055e8       _tzinfo                    0048b5e8     LIBCMT:tzset.obj
 0004:00000450       $R000000                   0048d450     putty.res
 0004:00000578       $R000128                   0048d578     putty.res
 0004:00000860       $R000410                   0048d860     putty.res
 0004:00000ec8       $R000A78                   0048dec8     putty.res
 0004:00000f78       $R000B28                   0048df78     putty.res
 0004:000010a8       $R000C58                   0048e0a8     putty.res
 0004:000013d8       $R000F88                   0048e3d8     putty.res
 0004:00001438       $R000FE8                   0048e438     putty.res
 0004:00001560       $R001110                   0048e560     putty.res
 0004:00001848       $R0013F8                   0048e848     putty.res
 0004:00001eb0       $R001A60                   0048eeb0     putty.res
 0004:00001f60       $R001B10                   0048ef60     putty.res
 0004:00002090       $R001C40                   0048f090     putty.res
 0004:000023c0       $R001F70                   0048f3c0     putty.res
 0004:00002420       $R001FD0                   0048f420     putty.res
 0004:000025b8       $R002168                   0048f5b8     putty.res
 0004:00002630       $R0021E0                   0048f630     putty.res
 0004:000026f0       $R0022A0                   0048f6f0     putty.res
 0004:000033b8       $R002F68                   004903b8     putty.res
 0004:00003718       $R0032C8                   00490718     putty.res
